******************************************************************************
                  TI ARM Linker PC v5.2.5                      
******************************************************************************
>> Linked Thu Apr 07 11:33:23 2016

OUTPUT FILE NAME:   <i2c test.out>
ENTRY POINT SYMBOL: "_c_int00"  address: 0000096d


MEMORY CONFIGURATION

         name            origin    length      used     unused   attr    fill
----------------------  --------  ---------  --------  --------  ----  --------
  FLASH                 00000000   00040000  00000d34  0003f2cc  R  X
  SRAM                  20000000   00008000  00001034  00006fcc  RW X


SEGMENT ALLOCATION MAP

run origin  load origin   length   init length attrs members
----------  ----------- ---------- ----------- ----- -------
00000000    00000000    00000d38   00000d38    r-x
  00000000    00000000    0000026c   0000026c    r-- .intvecs
  0000026c    0000026c    00000994   00000994    r-x .text
  00000c00    00000c00    000000fc   000000fc    r-- .const
  00000d00    00000d00    00000038   00000038    r-- .cinit
20000000    20000000    00001034   00000000    rw-
  20000000    20000000    00001000   00000000    rw- .stack
  20001000    20001000    00000020   00000000    rw- .bss
  20001020    20001020    00000014   00000000    rw- .data


SECTION ALLOCATION MAP

 output                                  attributes/
section   page    origin      length       input sections
--------  ----  ----------  ----------   ----------------
.intvecs   0    00000000    0000026c     
                  00000000    0000026c     tm4c123gh6pm_startup_ccs.obj (.intvecs)

.text      0    0000026c    00000994     
                  0000026c    00000194     i2c0.obj (.text)
                  00000400    00000132     driverlib.lib : gpio.obj (.text:GPIOPadConfigSet)
                  00000532    00000002     --HOLE-- [fill = 0]
                  00000534    00000110                   : sysctl.obj (.text:SysCtlClockGet)
                  00000644    000000e8     pressure.obj (.text)
                  0000072c    0000009c     rtsv7M4_T_le_v4SPD16_eabi.lib : memcpy_t2.obj (.text)
                  000007c8    0000007a                                   : memset_t2.obj (.text)
                  00000842    00000002     --HOLE-- [fill = 0]
                  00000844    0000006c                                   : autoinit.obj (.text)
                  000008b0    0000006a                                   : copy_decompress_rle.obj (.text)
                  0000091a    00000002     --HOLE-- [fill = 0]
                  0000091c    00000050     driverlib.lib : sysctl.obj (.text:SysCtlPeripheralReset)
                  0000096c    00000050     rtsv7M4_T_le_v4SPD16_eabi.lib : boot.obj (.text)
                  000009bc    0000004c     driverlib.lib : i2c.obj (.text:I2CMasterInitExpClk)
                  00000a08    0000004c     rtsv7M4_T_le_v4SPD16_eabi.lib : cpy_tbl.obj (.text)
                  00000a54    00000048     driverlib.lib : gpio.obj (.text:GPIOPinConfigure)
                  00000a9c    00000044     rtsv7M4_T_le_v4SPD16_eabi.lib : exit.obj (.text)
                  00000ae0    00000034     driverlib.lib : sysctl.obj (.text:SysCtlPeripheralEnable)
                  00000b14    0000002a                   : gpio.obj (.text:GPIODirModeSet)
                  00000b3e    00000002     --HOLE-- [fill = 0]
                  00000b40    00000018     rtsv7M4_T_le_v4SPD16_eabi.lib : args_main.obj (.text)
                  00000b58    00000014     main.obj (.text)
                  00000b6c    00000014     rtsv7M4_T_le_v4SPD16_eabi.lib : _lock.obj (.text)
                  00000b80    00000012     driverlib.lib : gpio.obj (.text:GPIOPinTypeI2C)
                  00000b92    00000012                   : gpio.obj (.text:GPIOPinTypeI2CSCL)
                  00000ba4    0000000e     rtsv7M4_T_le_v4SPD16_eabi.lib : copy_decompress_none.obj (.text:decompress:none)
                  00000bb2    0000000c                                   : copy_zero_init.obj (.text:decompress:ZI)
                  00000bbe    0000000c     tm4c123gh6pm_startup_ccs.obj (.text)
                  00000bca    0000000a     driverlib.lib : i2c.obj (.text:I2CMasterEnable)
                  00000bd4    00000008                   : i2c.obj (.text:I2CMasterBusy)
                  00000bdc    00000008                   : i2c.obj (.text:I2CMasterSlaveAddrSet)
                  00000be4    00000006                   : sysctl.obj (.text:SysCtlDelay)
                  00000bea    00000006     rtsv7M4_T_le_v4SPD16_eabi.lib : copy_decompress_rle.obj (.text:decompress:rle24)
                  00000bf0    00000004     driverlib.lib : i2c.obj (.text:I2CMasterControl)
                  00000bf4    00000004                   : i2c.obj (.text:I2CMasterDataGet)
                  00000bf8    00000004                   : i2c.obj (.text:I2CMasterDataPut)
                  00000bfc    00000004     rtsv7M4_T_le_v4SPD16_eabi.lib : pre_init.obj (.text)

.const     0    00000c00    000000fc     
                  00000c00    00000090     driverlib.lib : gpio.obj (.const:g_pui32GPIOBaseAddrs)
                  00000c90    0000006c                   : sysctl.obj (.const:g_pui32Xtals)

.cinit     0    00000d00    00000038     
                  00000d00    0000000f     (.cinit..data.load) [load image, compression = rle]
                  00000d0f    00000001     --HOLE-- [fill = 0]
                  00000d10    0000000c     (__TI_handler_table)
                  00000d1c    00000004     --HOLE-- [fill = 0]
                  00000d20    00000008     (.cinit..bss.load) [load image, compression = zero_init]
                  00000d28    00000010     (__TI_cinit_table)

.init_array 
*          0    00000000    00000000     UNINITIALIZED

.stack     0    20000000    00001000     UNINITIALIZED
                  20000000    00001000     --HOLE--

.bss       0    20001000    00000020     UNINITIALIZED
                  20001000    00000020     (.common:p)

.TI.noinit 
*          0    20001000    00000000     UNINITIALIZED

.data      0    20001020    00000014     UNINITIALIZED
                  20001020    00000008     rtsv7M4_T_le_v4SPD16_eabi.lib : _lock.obj (.data)
                  20001028    00000008                                   : exit.obj (.data)
                  20001030    00000004                                   : stkdepth_vars.obj (.data)

.TI.persistent 
*          0    20001020    00000000     UNINITIALIZED


LINKER GENERATED COPY TABLES

__TI_cinit_table @ 00000d28 records: 2, size/record: 8, table size: 16
	.data: load addr=00000d00, load size=0000000f bytes, run addr=20001020, run size=00000014 bytes, compression=rle
	.bss: load addr=00000d20, load size=00000008 bytes, run addr=20001000, run size=00000020 bytes, compression=zero_init


LINKER GENERATED HANDLER TABLE

__TI_handler_table @ 00000d10 records: 3, size/record: 4, table size: 12
	index: 0, handler: __TI_decompress_rle24
	index: 1, handler: __TI_decompress_none
	index: 2, handler: __TI_zero_init


GLOBAL SYMBOLS: SORTED ALPHABETICALLY BY Name 

address   name                    
-------   ----                    
00000a9d  C$$EXIT                 
00000b15  GPIODirModeSet          
00000401  GPIOPadConfigSet        
00000a55  GPIOPinConfigure        
00000b81  GPIOPinTypeI2C          
00000b93  GPIOPinTypeI2CSCL       
00000bd5  I2CMasterBusy           
00000bf1  I2CMasterControl        
00000bf5  I2CMasterDataGet        
00000bf9  I2CMasterDataPut        
00000bcb  I2CMasterEnable         
000009bd  I2CMasterInitExpClk     
00000bdd  I2CMasterSlaveAddrSet   
00000391  I2CReceive              
000002ad  I2CSend                 
0000026d  InitI2C0                
00000bbf  ResetISR                
UNDEFED   SHT$$INIT_ARRAY$$Base   
UNDEFED   SHT$$INIT_ARRAY$$Limit  
00000535  SysCtlClockGet          
00000be5  SysCtlDelay             
00000ae1  SysCtlPeripheralEnable  
0000091d  SysCtlPeripheralReset   
20001000  __STACK_END             
00001000  __STACK_SIZE            
20000200  __STACK_TOP             
00000d28  __TI_CINIT_Base         
00000d38  __TI_CINIT_Limit        
00000d10  __TI_Handler_Table_Base 
00000d1c  __TI_Handler_Table_Limit
00000845  __TI_auto_init          
20001028  __TI_cleanup_ptr        
00000ba5  __TI_decompress_none    
00000beb  __TI_decompress_rle24   
2000102c  __TI_dtors_ptr          
00000000  __TI_static_base__      
00000bb3  __TI_zero_init          
000007c9  __aeabi_memclr          
000007c9  __aeabi_memclr4         
000007c9  __aeabi_memclr8         
0000072d  __aeabi_memcpy          
0000072d  __aeabi_memcpy4         
0000072d  __aeabi_memcpy8         
000007cb  __aeabi_memset          
000007cb  __aeabi_memset4         
000007cb  __aeabi_memset8         
ffffffff  __binit__               
ffffffff  __c_args__              
20000000  __stack                 
00000b41  _args_main              
0000096d  _c_int00                
20001020  _lock                   
00000b7b  _nop                    
00000b73  _register_lock          
00000b6d  _register_unlock        
00000bfd  _system_pre_init        
20001024  _unlock                 
00000aa1  abort                   
ffffffff  binit                   
00000a09  copy_in                 
00000aa9  exit                    
00000000  g_pfnVectors            
00000b59  main                    
20001030  main_func_sp            
0000072d  memcpy                  
000007d1  memset                  
20001000  p                       
00000645  pressure_init           


GLOBAL SYMBOLS: SORTED BY Symbol Address 

address   name                    
-------   ----                    
00000000  __TI_static_base__      
00000000  g_pfnVectors            
0000026d  InitI2C0                
000002ad  I2CSend                 
00000391  I2CReceive              
00000401  GPIOPadConfigSet        
00000535  SysCtlClockGet          
00000645  pressure_init           
0000072d  __aeabi_memcpy          
0000072d  __aeabi_memcpy4         
0000072d  __aeabi_memcpy8         
0000072d  memcpy                  
000007c9  __aeabi_memclr          
000007c9  __aeabi_memclr4         
000007c9  __aeabi_memclr8         
000007cb  __aeabi_memset          
000007cb  __aeabi_memset4         
000007cb  __aeabi_memset8         
000007d1  memset                  
00000845  __TI_auto_init          
0000091d  SysCtlPeripheralReset   
0000096d  _c_int00                
000009bd  I2CMasterInitExpClk     
00000a09  copy_in                 
00000a55  GPIOPinConfigure        
00000a9d  C$$EXIT                 
00000aa1  abort                   
00000aa9  exit                    
00000ae1  SysCtlPeripheralEnable  
00000b15  GPIODirModeSet          
00000b41  _args_main              
00000b59  main                    
00000b6d  _register_unlock        
00000b73  _register_lock          
00000b7b  _nop                    
00000b81  GPIOPinTypeI2C          
00000b93  GPIOPinTypeI2CSCL       
00000ba5  __TI_decompress_none    
00000bb3  __TI_zero_init          
00000bbf  ResetISR                
00000bcb  I2CMasterEnable         
00000bd5  I2CMasterBusy           
00000bdd  I2CMasterSlaveAddrSet   
00000be5  SysCtlDelay             
00000beb  __TI_decompress_rle24   
00000bf1  I2CMasterControl        
00000bf5  I2CMasterDataGet        
00000bf9  I2CMasterDataPut        
00000bfd  _system_pre_init        
00000d10  __TI_Handler_Table_Base 
00000d1c  __TI_Handler_Table_Limit
00000d28  __TI_CINIT_Base         
00000d38  __TI_CINIT_Limit        
00001000  __STACK_SIZE            
20000000  __stack                 
20000200  __STACK_TOP             
20001000  __STACK_END             
20001000  p                       
20001020  _lock                   
20001024  _unlock                 
20001028  __TI_cleanup_ptr        
2000102c  __TI_dtors_ptr          
20001030  main_func_sp            
ffffffff  __binit__               
ffffffff  __c_args__              
ffffffff  binit                   
UNDEFED   SHT$$INIT_ARRAY$$Base   
UNDEFED   SHT$$INIT_ARRAY$$Limit  

[68 symbols]
