******************************************************************************
                  TI ARM Linker PC v5.2.5                      
******************************************************************************
>> Linked Thu Apr 14 11:28:08 2016

OUTPUT FILE NAME:   <i2c test.out>
ENTRY POINT SYMBOL: "_c_int00"  address: 00001be1


MEMORY CONFIGURATION

         name            origin    length      used     unused   attr    fill
----------------------  --------  ---------  --------  --------  ----  --------
  FLASH                 00000000   00040000  0000206e  0003df92  R  X
  SRAM                  20000000   00008000  000011e8  00006e18  RW X


SEGMENT ALLOCATION MAP

run origin  load origin   length   init length attrs members
----------  ----------- ---------- ----------- ----- -------
00000000    00000000    00002070   00002070    r-x
  00000000    00000000    0000026c   0000026c    r-- .intvecs
  0000026c    0000026c    00001cca   00001cca    r-x .text
  00001f38    00001f38    000000b0   000000b0    r-- .const
  00001fe8    00001fe8    00000088   00000088    r-- .cinit
20000000    20000000    000011e8   00000000    rw-
  20000000    20000000    00001000   00000000    rw- .stack
  20001000    20001000    000001b8   00000000    rw- .data
  200011b8    200011b8    00000030   00000000    rw- .bss


SECTION ALLOCATION MAP

 output                                  attributes/
section   page    origin      length       input sections
--------  ----  ----------  ----------   ----------------
.intvecs   0    00000000    0000026c     
                  00000000    0000026c     tm4c123gh6pm_startup_ccs.obj (.intvecs)

.text      0    0000026c    00001cca     
                  0000026c    00000498     rtsv7M4_T_le_v4SPD16_eabi.lib : pow.obj (.text)
                  00000704    000003e4     pressure.obj (.text)
                  00000ae8    000002ec     rtsv7M4_T_le_v4SPD16_eabi.lib : xlog.obj (.text)
                  00000dd4    000001fc                                   : xexp.obj (.text)
                  00000fd0    000001b6                                   : fd_add_t2.obj (.text)
                  00001186    00000002     --HOLE-- [fill = 0]
                  00001188    0000015c     i2c.obj (.text)
                  000012e4    00000136     rtsv7M4_T_le_v4SPD16_eabi.lib : fd_div_t2.obj (.text)
                  0000141a    00000002     --HOLE-- [fill = 0]
                  0000141c    00000110                                   : xdscale.obj (.text)
                  0000152c    000000fc                                   : fd_mul_t2.obj (.text)
                  00001628    000000f0     main.obj (.text)
                  00001718    000000c0     rtsv7M4_T_le_v4SPD16_eabi.lib : xdint.obj (.text)
                  000017d8    000000be                                   : xdnorm.obj (.text)
                  00001896    0000009c                                   : memcpy_t2.obj (.text)
                  00001932    00000086                                   : fd_cmp_t2.obj (.text:__aeabi_cdcmple)
                  000019b8    0000007a                                   : memset_t2.obj (.text)
                  00001a32    00000070                                   : fd_toll_t2.obj (.text)
                  00001aa2    00000002     --HOLE-- [fill = 0]
                  00001aa4    0000006c                                   : autoinit.obj (.text)
                  00001b10    0000006a                                   : copy_decompress_rle.obj (.text)
                  00001b7a    00000066                                   : xdunscal.obj (.text)
                  00001be0    00000050                                   : boot.obj (.text)
                  00001c30    0000004c                                   : cpy_tbl.obj (.text)
                  00001c7c    00000048                                   : fd_toi_t2.obj (.text)
                  00001cc4    00000044                                   : exit.obj (.text)
                  00001d08    00000040                                   : ll_tofd_t2.obj (.text)
                  00001d48    00000040                                   : signal.obj (.text)
                  00001d88    00000038                                   : fs_tod_t2.obj (.text)
                  00001dc0    00000034                                   : feraiseexcept.obj (.text)
                  00001df4    00000030                                   : xferaise.obj (.text)
                  00001e24    0000002e                                   : i_tofd_t2.obj (.text)
                  00001e52    0000002e                                   : raise.obj (.text)
                  00001e80    00000020                                   : u_tofd_t2.obj (.text)
                  00001ea0    0000001a                                   : log.obj (.text)
                  00001eba    00000002     --HOLE-- [fill = 0]
                  00001ebc    00000018                                   : args_main.obj (.text)
                  00001ed4    00000018                                   : ll_mul_t2.obj (.text)
                  00001eec    00000014                                   : _lock.obj (.text)
                  00001f00    0000000e                                   : copy_decompress_none.obj (.text:decompress:none)
                  00001f0e    0000000c                                   : copy_zero_init.obj (.text:decompress:ZI)
                  00001f1a    0000000c     tm4c123gh6pm_startup_ccs.obj (.text)
                  00001f26    00000006     driverlib.lib : sysctl.obj (.text:SysCtlDelay)
                  00001f2c    00000006     rtsv7M4_T_le_v4SPD16_eabi.lib : copy_decompress_rle.obj (.text:decompress:rle24)
                  00001f32    00000004                                   : pre_init.obj (.text)

.const     0    00001f38    000000b0     
                  00001f38    00000048     rtsv7M4_T_le_v4SPD16_eabi.lib : xexp.obj (.const)
                  00001f80    00000038                                   : xlog.obj (.const:p)
                  00001fb8    00000030                                   : xdint.obj (.const)

.cinit     0    00001fe8    00000088     
                  00001fe8    00000063     (.cinit..data.load) [load image, compression = rle]
                  0000204b    00000001     --HOLE-- [fill = 0]
                  0000204c    0000000c     (__TI_handler_table)
                  00002058    00000008     (.cinit..bss.load) [load image, compression = zero_init]
                  00002060    00000010     (__TI_cinit_table)

.init_array 
*          0    00000000    00000000     UNINITIALIZED

.stack     0    20000000    00001000     UNINITIALIZED
                  20000000    00001000     --HOLE--

.data      0    20001000    000001b8     UNINITIALIZED
                  20001000    000000b0     rtsv7M4_T_le_v4SPD16_eabi.lib : signal.obj (.data:sigtable)
                  200010b0    00000080                                   : xvalues.obj (.data)
                  20001130    00000068                                   : xfvalues.obj (.data)
                  20001198    00000008                                   : _lock.obj (.data)
                  200011a0    00000008                                   : exit.obj (.data)
                  200011a8    00000008                                   : feraiseexcept.obj (.data)
                  200011b0    00000004                                   : errno.obj (.data)
                  200011b4    00000004                                   : stkdepth_vars.obj (.data)

.bss       0    200011b8    00000030     UNINITIALIZED
                  200011b8    00000030     main.obj (.bss:p)

.TI.persistent 
*          0    20001000    00000000     UNINITIALIZED

.TI.noinit 
*          0    200011b8    00000000     UNINITIALIZED


LINKER GENERATED COPY TABLES

__TI_cinit_table @ 00002060 records: 2, size/record: 8, table size: 16
	.data: load addr=00001fe8, load size=00000063 bytes, run addr=20001000, run size=000001b8 bytes, compression=rle
	.bss: load addr=00002058, load size=00000008 bytes, run addr=200011b8, run size=00000030 bytes, compression=zero_init


LINKER GENERATED HANDLER TABLE

__TI_handler_table @ 0000204c records: 3, size/record: 4, table size: 12
	index: 0, handler: __TI_decompress_rle24
	index: 1, handler: __TI_decompress_none
	index: 2, handler: __TI_zero_init


GLOBAL SYMBOLS: SORTED ALPHABETICALLY BY Name 

address   name                    
-------   ----                    
00001cc5  C$$EXIT                 
00001f1b  ResetISR                
UNDEFED   SHT$$INIT_ARRAY$$Base   
UNDEFED   SHT$$INIT_ARRAY$$Limit  
00001f27  SysCtlDelay             
200010b0  _Denorm                 
00001719  _Dint                   
000017d9  _Dnorm                  
0000141d  _Dscale                 
00001b7b  _Dunscale               
200010c0  _Eps                    
200011b0  _Errno                  
00000dd5  _Exp                    
20001130  _FDenorm                
20001140  _FEps                   
20001150  _FInf                   
20001160  _FNan                   
20001180  _FRteps                 
20001170  _FSnan                  
20001190  _FXbig                  
20001194  _FZero                  
200011a8  _Fenv                   
00001df5  _Feraise                
200010d0  _Hugeval                
200010e0  _Inf                    
00000ae9  _Log                    
200010f0  _Nan                    
20001110  _Rteps                  
20001100  _Snan                   
200011ac  _Tls_setup__Fenv        
20001120  _Xbig                   
20001128  _Zero                   
20001000  __STACK_END             
00001000  __STACK_SIZE            
20000200  __STACK_TOP             
00002060  __TI_CINIT_Base         
00002070  __TI_CINIT_Limit        
0000204c  __TI_Handler_Table_Base 
00002058  __TI_Handler_Table_Limit
00001aa5  __TI_auto_init          
200011a0  __TI_cleanup_ptr        
00001f01  __TI_decompress_none    
00001f2d  __TI_decompress_rle24   
200011a4  __TI_dtors_ptr          
00000000  __TI_static_base__      
00001f0f  __TI_zero_init          
00001933  __aeabi_cdcmpeq         
00001933  __aeabi_cdcmple         
00001c7d  __aeabi_d2iz            
00001a33  __aeabi_d2lz            
00000fdb  __aeabi_dadd            
000012e5  __aeabi_ddiv            
0000152d  __aeabi_dmul            
00000fd1  __aeabi_dsub            
00001d89  __aeabi_f2d             
00001e25  __aeabi_i2d             
00001d09  __aeabi_l2d             
00001ed5  __aeabi_lmul            
000019b9  __aeabi_memclr          
000019b9  __aeabi_memclr4         
000019b9  __aeabi_memclr8         
00001897  __aeabi_memcpy          
00001897  __aeabi_memcpy4         
00001897  __aeabi_memcpy8         
000019bb  __aeabi_memset          
000019bb  __aeabi_memset4         
000019bb  __aeabi_memset8         
00001e81  __aeabi_ui2d            
ffffffff  __binit__               
ffffffff  __c_args__              
20000000  __stack                 
00001ebd  _args_main              
00001be1  _c_int00                
20001198  _lock                   
00001efb  _nop                    
00001ef3  _register_lock          
00001eed  _register_unlock        
00001f33  _system_pre_init        
2000119c  _unlock                 
00001cc9  abort                   
ffffffff  binit                   
00000895  calculatePress          
00001c31  copy_in                 
00001629  crc4                    
00001cd1  exit                    
00001dc1  feraiseexcept           
00000000  g_pfnVectors            
000011b1  initialize_i2c          
00001ea1  log                     
000016dd  main                    
200011b4  main_func_sp            
00001897  memcpy                  
000019c1  memset                  
200011b8  p                       
0000026d  pow                     
00000705  pressure_init           
00000807  pressure_read           
00001e53  raise                   
0000122b  read_byte               
00001189  set_rw                  
00001203  set_slave_address       
00001d49  signal                  
0000126b  write_byte              


GLOBAL SYMBOLS: SORTED BY Symbol Address 

address   name                    
-------   ----                    
00000000  __TI_static_base__      
00000000  g_pfnVectors            
0000026d  pow                     
00000705  pressure_init           
00000807  pressure_read           
00000895  calculatePress          
00000ae9  _Log                    
00000dd5  _Exp                    
00000fd1  __aeabi_dsub            
00000fdb  __aeabi_dadd            
00001000  __STACK_SIZE            
00001189  set_rw                  
000011b1  initialize_i2c          
00001203  set_slave_address       
0000122b  read_byte               
0000126b  write_byte              
000012e5  __aeabi_ddiv            
0000141d  _Dscale                 
0000152d  __aeabi_dmul            
00001629  crc4                    
000016dd  main                    
00001719  _Dint                   
000017d9  _Dnorm                  
00001897  __aeabi_memcpy          
00001897  __aeabi_memcpy4         
00001897  __aeabi_memcpy8         
00001897  memcpy                  
00001933  __aeabi_cdcmpeq         
00001933  __aeabi_cdcmple         
000019b9  __aeabi_memclr          
000019b9  __aeabi_memclr4         
000019b9  __aeabi_memclr8         
000019bb  __aeabi_memset          
000019bb  __aeabi_memset4         
000019bb  __aeabi_memset8         
000019c1  memset                  
00001a33  __aeabi_d2lz            
00001aa5  __TI_auto_init          
00001b7b  _Dunscale               
00001be1  _c_int00                
00001c31  copy_in                 
00001c7d  __aeabi_d2iz            
00001cc5  C$$EXIT                 
00001cc9  abort                   
00001cd1  exit                    
00001d09  __aeabi_l2d             
00001d49  signal                  
00001d89  __aeabi_f2d             
00001dc1  feraiseexcept           
00001df5  _Feraise                
00001e25  __aeabi_i2d             
00001e53  raise                   
00001e81  __aeabi_ui2d            
00001ea1  log                     
00001ebd  _args_main              
00001ed5  __aeabi_lmul            
00001eed  _register_unlock        
00001ef3  _register_lock          
00001efb  _nop                    
00001f01  __TI_decompress_none    
00001f0f  __TI_zero_init          
00001f1b  ResetISR                
00001f27  SysCtlDelay             
00001f2d  __TI_decompress_rle24   
00001f33  _system_pre_init        
0000204c  __TI_Handler_Table_Base 
00002058  __TI_Handler_Table_Limit
00002060  __TI_CINIT_Base         
00002070  __TI_CINIT_Limit        
20000000  __stack                 
20000200  __STACK_TOP             
20001000  __STACK_END             
200010b0  _Denorm                 
200010c0  _Eps                    
200010d0  _Hugeval                
200010e0  _Inf                    
200010f0  _Nan                    
20001100  _Snan                   
20001110  _Rteps                  
20001120  _Xbig                   
20001128  _Zero                   
20001130  _FDenorm                
20001140  _FEps                   
20001150  _FInf                   
20001160  _FNan                   
20001170  _FSnan                  
20001180  _FRteps                 
20001190  _FXbig                  
20001194  _FZero                  
20001198  _lock                   
2000119c  _unlock                 
200011a0  __TI_cleanup_ptr        
200011a4  __TI_dtors_ptr          
200011a8  _Fenv                   
200011ac  _Tls_setup__Fenv        
200011b0  _Errno                  
200011b4  main_func_sp            
200011b8  p                       
ffffffff  __binit__               
ffffffff  __c_args__              
ffffffff  binit                   
UNDEFED   SHT$$INIT_ARRAY$$Base   
UNDEFED   SHT$$INIT_ARRAY$$Limit  

[103 symbols]
