******************************************************************************
                  TI ARM Linker PC v5.2.5                      
******************************************************************************
>> Linked Sat Feb 20 17:58:00 2016

OUTPUT FILE NAME:   <UARTPacketTest.out>
ENTRY POINT SYMBOL: "_c_int00"  address: 0000369d


MEMORY CONFIGURATION

         name            origin    length      used     unused   attr    fill
----------------------  --------  ---------  --------  --------  ----  --------
  FLASH                 00000000   00040000  00003f8e  0003c072  R  X
  SRAM                  20000000   00008000  00002c80  00005380  RW X


SEGMENT ALLOCATION MAP

run origin  load origin   length   init length attrs members
----------  ----------- ---------- ----------- ----- -------
00000000    00000000    00003f90   00003f90    r-x
  00000000    00000000    0000026c   0000026c    r-- .intvecs
  0000026c    0000026c    000039e2   000039e2    r-x .text
  00003c50    00003c50    00000270   00000270    r-- .const
  00003ec0    00003ec0    000000d0   000000d0    r-- .cinit
20000000    20000000    00002c84   00000000    rw-
  20000000    20000000    00001fa0   00000000    rw- .sysmem
  20001fa0    20001fa0    000007dc   00000000    rw- .stack
  20002780    20002780    0000033c   00000000    rw- .data
  20002abc    20002abc    000001c8   00000000    rw- .bss


SECTION ALLOCATION MAP

 output                                  attributes/
section   page    origin      length       input sections
--------  ----  ----------  ----------   ----------------
.intvecs   0    00000000    0000026c     
                  00000000    0000026c     tm4c123gh6pm_startup_ccs.obj (.intvecs)

.text      0    0000026c    000039e2     
                  0000026c    000010ba     rtsv7M4_T_le_v4SPD16_eabi.lib : _printfi.obj (.text)
                  00001326    00000002     --HOLE-- [fill = 0]
                  00001328    000003dc                                   : memory.obj (.text)
                  00001704    0000030c                                   : lowlev.obj (.text)
                  00001a10    000002d4                                   : trgdrv.obj (.text)
                  00001ce4    000002ac     main.obj (.text)
                  00001f90    000001f4     rtsv7M4_T_le_v4SPD16_eabi.lib : ull_div_t2.obj (.text)
                  00002184    000001c4                                   : fopen.obj (.text)
                  00002348    000001b6                                   : fd_add_t2.obj (.text)
                  000024fe    00000136                                   : fd_div_t2.obj (.text)
                  00002634    00000134                                   : fputs.obj (.text)
                  00002768    00000132     driverlib.lib : gpio.obj (.text:GPIOPadConfigSet)
                  0000289a    00000002     --HOLE-- [fill = 0]
                  0000289c    00000110                   : sysctl.obj (.text:SysCtlClockGet)
                  000029ac    00000110     rtsv7M4_T_le_v4SPD16_eabi.lib : xdscale.obj (.text)
                  00002abc    000000fc                                   : fd_mul_t2.obj (.text)
                  00002bb8    000000f4     driverlib.lib : sysctl.obj (.text:SysCtlClockSet)
                  00002cac    000000dc     rtsv7M4_T_le_v4SPD16_eabi.lib : setvbuf.obj (.text)
                  00002d88    000000c8                                   : fflush.obj (.text)
                  00002e50    000000be                                   : xdnorm.obj (.text)
                  00002f0e    000000ac                                   : _io_perm.obj (.text)
                  00002fba    0000009c                                   : memcpy_t2.obj (.text)
                  00003056    00000002     --HOLE-- [fill = 0]
                  00003058    00000098                                   : fclose.obj (.text)
                  000030f0    00000098                                   : fputc.obj (.text)
                  00003188    00000086                                   : fd_cmp_t2.obj (.text:__aeabi_cdcmple)
                  0000320e    00000086                                   : fd_cmp_t2.obj (.text:__aeabi_cdrcmple)
                  00003294    0000007a                                   : memset_t2.obj (.text)
                  0000330e    00000002     --HOLE-- [fill = 0]
                  00003310    00000070                                   : printf.obj (.text)
                  00003380    0000006c                                   : autoinit.obj (.text)
                  000033ec    0000006a                                   : copy_decompress_rle.obj (.text)
                  00003456    00000002     --HOLE-- [fill = 0]
                  00003458    00000068     driverlib.lib : interrupt.obj (.text:IntEnable)
                  000034c0    00000068     rtsv7M4_T_le_v4SPD16_eabi.lib : trgmsg.obj (.text)
                  00003528    00000066                                   : xdunscal.obj (.text)
                  0000358e    00000002     --HOLE-- [fill = 0]
                  00003590    00000064                                   : fseek.obj (.text)
                  000035f4    00000056                                   : ltoa.obj (.text)
                  0000364a    00000052                                   : ldexp.obj (.text)
                  0000369c    00000050                                   : boot.obj (.text)
                  000036ec    0000004c                                   : atoi.obj (.text)
                  00003738    0000004c                                   : cpy_tbl.obj (.text)
                  00003784    00000048     driverlib.lib : gpio.obj (.text:GPIOPinConfigure)
                  000037cc    00000048     rtsv7M4_T_le_v4SPD16_eabi.lib : fd_toi_t2.obj (.text)
                  00003814    00000046     driverlib.lib : uart.obj (.text:UARTConfigSetExpClk)
                  0000385a    00000002     --HOLE-- [fill = 0]
                  0000385c    00000044     rtsv7M4_T_le_v4SPD16_eabi.lib : exit.obj (.text)
                  000038a0    00000040                                   : signal.obj (.text)
                  000038e0    00000034     driverlib.lib : sysctl.obj (.text:SysCtlPeripheralEnable)
                  00003914    00000034     rtsv7M4_T_le_v4SPD16_eabi.lib : feraiseexcept.obj (.text)
                  00003948    00000030                                   : strncpy.obj (.text)
                  00003978    00000030                                   : xdclass.obj (.text)
                  000039a8    00000030                                   : xferaise.obj (.text)
                  000039d8    0000002e                                   : i_tofd_t2.obj (.text)
                  00003a06    0000002e                                   : raise.obj (.text)
                  00003a34    0000002a     driverlib.lib : gpio.obj (.text:GPIODirModeSet)
                  00003a5e    0000002a     rtsv7M4_T_le_v4SPD16_eabi.lib : frexp.obj (.text)
                  00003a88    00000020     driverlib.lib : uart.obj (.text:UARTDisable)
                  00003aa8    00000020     rtsv7M4_T_le_v4SPD16_eabi.lib : memchr.obj (.text)
                  00003ac8    0000001c                                   : memccpy.obj (.text)
                  00003ae4    00000018     driverlib.lib : gpio.obj (.text:GPIOPinTypeGPIOOutput)
                  00003afc    00000018     rtsv7M4_T_le_v4SPD16_eabi.lib : args_main.obj (.text)
                  00003b14    00000018                                   : strcmp.obj (.text)
                  00003b2c    00000016                                   : strchr.obj (.text)
                  00003b42    00000014     driverlib.lib : uart.obj (.text:UARTEnable)
                  00003b56    00000002     --HOLE-- [fill = 0]
                  00003b58    00000014     rtsv7M4_T_le_v4SPD16_eabi.lib : _lock.obj (.text)
                  00003b6c    00000014                                   : strcpy.obj (.text)
                  00003b80    00000014                                   : strlen.obj (.text)
                  00003b94    00000012     driverlib.lib : gpio.obj (.text:GPIOPinTypeUART)
                  00003ba6    00000010                   : interrupt.obj (.text:IntMasterEnable)
                  00003bb6    0000000e                   : uart.obj (.text:UARTCharPutNonBlocking)
                  00003bc4    0000000e                   : uart.obj (.text:UARTCharsAvail)
                  00003bd2    0000000e     rtsv7M4_T_le_v4SPD16_eabi.lib : copy_decompress_none.obj (.text:decompress:none)
                  00003be0    0000000c     driverlib.lib : cpu.obj (.text:CPUcpsie)
                  00003bec    0000000c     rtsv7M4_T_le_v4SPD16_eabi.lib : copy_zero_init.obj (.text:decompress:ZI)
                  00003bf8    0000000c     tm4c123gh6pm_startup_ccs.obj (.text)
                  00003c04    0000000a     driverlib.lib : uart.obj (.text:UARTCharGet)
                  00003c0e    0000000a                   : uart.obj (.text:UARTCharPut)
                  00003c18    0000000a                   : uart.obj (.text:UARTFIFOEnable)
                  00003c22    0000000a                   : uart.obj (.text:UARTIntStatus)
                  00003c2c    00000008                   : uart.obj (.text:UARTIntEnable)
                  00003c34    00000006                   : gpio.obj (.text:GPIOPinWrite)
                  00003c3a    00000006                   : sysctl.obj (.text:SysCtlDelay)
                  00003c40    00000006     rtsv7M4_T_le_v4SPD16_eabi.lib : copy_decompress_rle.obj (.text:decompress:rle24)
                  00003c46    00000004     driverlib.lib : uart.obj (.text:UARTIntClear)
                  00003c4a    00000004     rtsv7M4_T_le_v4SPD16_eabi.lib : pre_init.obj (.text)

.const     0    00003c50    00000270     
                  00003c50    00000101     rtsv7M4_T_le_v4SPD16_eabi.lib : ctype.obj (.const:.string:_ctypes_)
                  00003d51    00000003     --HOLE-- [fill = 0]
                  00003d54    00000090     driverlib.lib : gpio.obj (.const:g_pui32GPIOBaseAddrs)
                  00003de4    00000070                   : interrupt.obj (.const)
                  00003e54    0000006c                   : sysctl.obj (.const:g_pui32Xtals)

.cinit     0    00003ec0    000000d0     
                  00003ec0    000000aa     (.cinit..data.load) [load image, compression = rle]
                  00003f6a    00000002     --HOLE-- [fill = 0]
                  00003f6c    0000000c     (__TI_handler_table)
                  00003f78    00000008     (.cinit..bss.load) [load image, compression = zero_init]
                  00003f80    00000010     (__TI_cinit_table)

.init_array 
*          0    00000000    00000000     UNINITIALIZED

.sysmem    0    20000000    00001fa0     UNINITIALIZED
                  20000000    00000008     rtsv7M4_T_le_v4SPD16_eabi.lib : memory.obj (.sysmem)
                  20000008    00001f98     --HOLE--

.stack     0    20001fa0    000007dc     UNINITIALIZED
                  20001fa0    000007dc     --HOLE--

.data      0    20002780    0000033c     UNINITIALIZED
                  20002780    000000f0     rtsv7M4_T_le_v4SPD16_eabi.lib : defs.obj (.data:_ftable)
                  20002870    000000d0                                   : lowlev.obj (.data)
                  20002940    000000b0                                   : signal.obj (.data:sigtable)
                  200029f0    00000080                                   : xvalues.obj (.data)
                  20002a70    00000010                                   : defs.obj (.data)
                  20002a80    0000000c     main.obj (.data)
                  20002a8c    0000000c     rtsv7M4_T_le_v4SPD16_eabi.lib : memory.obj (.data)
                  20002a98    00000008                                   : _lock.obj (.data)
                  20002aa0    00000008                                   : exit.obj (.data)
                  20002aa8    00000008                                   : feraiseexcept.obj (.data)
                  20002ab0    00000004                                   : errno.obj (.data)
                  20002ab4    00000004                                   : fopen.obj (.data)
                  20002ab8    00000004                                   : stkdepth_vars.obj (.data)

.TI.persistent 
*          0    20002780    00000000     UNINITIALIZED

.bss       0    20002abc    000001c8     UNINITIALIZED
                  20002abc    00000120     rtsv7M4_T_le_v4SPD16_eabi.lib : trgmsg.obj (.bss:__CIOBUF_)
                  20002bdc    000000a0                                   : defs.obj (.bss:__TI_tmpnams)
                  20002c7c    00000008     (.common:parmbuf)

.TI.noinit 
*          0    20002abc    00000000     UNINITIALIZED


LINKER GENERATED COPY TABLES

__TI_cinit_table @ 00003f80 records: 2, size/record: 8, table size: 16
	.data: load addr=00003ec0, load size=000000aa bytes, run addr=20002780, run size=0000033c bytes, compression=rle
	.bss: load addr=00003f78, load size=00000008 bytes, run addr=20002abc, run size=000001c8 bytes, compression=zero_init


LINKER GENERATED HANDLER TABLE

__TI_handler_table @ 00003f6c records: 3, size/record: 4, table size: 12
	index: 0, handler: __TI_decompress_rle24
	index: 1, handler: __TI_decompress_none
	index: 2, handler: __TI_zero_init


GLOBAL SYMBOLS: SORTED ALPHABETICALLY BY Name 

address   name                    
-------   ----                    
0000385d  C$$EXIT                 
000034ef  C$$IO$$                 
00003be1  CPUcpsie                
00001ce5  EnableTiming            
00003a35  GPIODirModeSet          
00002769  GPIOPadConfigSet        
00003785  GPIOPinConfigure        
00003ae5  GPIOPinTypeGPIOOutput   
00003b95  GPIOPinTypeUART         
00003c35  GPIOPinWrite            
00001c9d  HOSTclock               
00001c65  HOSTclose               
00001c27  HOSTgetenv              
00001bcb  HOSTlseek               
00001b79  HOSTopen                
00001b2d  HOSTread                
00001acf  HOSTrename              
00001a95  HOSTtime                
00001a5d  HOSTunlink              
00001a11  HOSTwrite               
00001de7  Init                    
00003459  IntEnable               
00003ba7  IntMasterEnable         
00001e9f  PutString               
00003bf9  ResetISR                
UNDEFED   SHT$$INIT_ARRAY$$Base   
UNDEFED   SHT$$INIT_ARRAY$$Limit  
00001eed  SetBitCount             
0000289d  SysCtlClockGet          
00002bb9  SysCtlClockSet          
00003c3b  SysCtlDelay             
000038e1  SysCtlPeripheralEnable  
00001d0d  UART0IntHandler         
00001d49  UART7IntHandler         
00003c05  UARTCharGet             
00003c0f  UARTCharPut             
00003bb7  UARTCharPutNonBlocking  
00003bc5  UARTCharsAvail          
00003815  UARTConfigSetExpClk     
00003a89  UARTDisable             
00003b43  UARTEnable              
00003c19  UARTFIFOEnable          
00003c47  UARTIntClear            
00003c2d  UARTIntEnable           
00003c23  UARTIntStatus           
00003979  _Dclass                 
200029f0  _Denorm                 
00002e51  _Dnorm                  
000029ad  _Dscale                 
00003529  _Dunscale               
20002a00  _Eps                    
20002ab0  _Errno                  
20002aa8  _Fenv                   
000039a9  _Feraise                
20002a10  _Hugeval                
20002a20  _Inf                    
20002a30  _Nan                    
20002a50  _Rteps                  
20002a40  _Snan                   
20002aac  _Tls_setup__Fenv        
20002a60  _Xbig                   
20002a68  _Zero                   
20002abc  __CIOBUF_               
2000277c  __STACK_END             
000007dc  __STACK_SIZE            
200021a0  __STACK_TOP             
00001fa0  __SYSMEM_SIZE           
00003f80  __TI_CINIT_Base         
00003f90  __TI_CINIT_Limit        
00003f6c  __TI_Handler_Table_Base 
00003f78  __TI_Handler_Table_Limit
00003381  __TI_auto_init          
0000224d  __TI_cleanup            
20002aa0  __TI_cleanup_ptr        
00003059  __TI_closefile          
00003bd3  __TI_decompress_none    
00003c41  __TI_decompress_rle24   
00002d89  __TI_doflush            
20002aa4  __TI_dtors_ptr          
20002a70  __TI_ft_end             
00001021  __TI_printfi            
00002f71  __TI_rd_ok              
000034f3  __TI_readmsg            
00000000  __TI_static_base__      
20002bdc  __TI_tmpnams            
000034c1  __TI_writemsg           
00002f0f  __TI_wrt_ok             
00003bed  __TI_zero_init          
00003189  __aeabi_cdcmpeq         
00003189  __aeabi_cdcmple         
0000320f  __aeabi_cdrcmple        
000037cd  __aeabi_d2iz            
00002353  __aeabi_dadd            
000024ff  __aeabi_ddiv            
00002abd  __aeabi_dmul            
00002349  __aeabi_dsub            
000039d9  __aeabi_i2d             
00003295  __aeabi_memclr          
00003295  __aeabi_memclr4         
00003295  __aeabi_memclr8         
00002fbb  __aeabi_memcpy          
00002fbb  __aeabi_memcpy4         
00002fbb  __aeabi_memcpy8         
00003297  __aeabi_memset          
00003297  __aeabi_memset4         
00003297  __aeabi_memset8         
20002a7c  __aeabi_stderr          
20002a74  __aeabi_stdin           
20002a78  __aeabi_stdout          
00001f91  __aeabi_uldivmod        
ffffffff  __binit__               
ffffffff  __c_args__              
20001fa0  __stack                 
00003afd  _args_main              
0000369d  _c_int00                
00003c50  _ctypes_                
20002780  _ftable                 
20002a98  _lock                   
00003b67  _nop                    
00003b5f  _register_lock          
00003b59  _register_unlock        
20000000  _sys_memory             
00003c4b  _system_pre_init        
20002a9c  _unlock                 
00003861  abort                   
00001965  add_device              
000036ed  atoi                    
ffffffff  binit                   
000016d1  calloc                  
00001915  close                   
00003739  copy_in                 
00003869  exit                    
000030bf  fclose                  
00003915  feraiseexcept           
00002dd5  fflush                  
000022a3  fopen                   
000030f1  fputc                   
00002635  fputs                   
0000141f  free                    
00002279  freopen                 
00003a5f  frexp                   
00003591  fseek                   
00000000  g_pfnVectors            
0000364b  ldexp                   
000018f1  lseek                   
000035f5  ltoa                    
00001d9d  main                    
20002ab8  main_func_sp            
000013b7  malloc                  
000015ed  memalign                
00003ac9  memccpy                 
00003aa9  memchr                  
00002fbb  memcpy                  
0000329d  memset                  
00001329  minit                   
00001843  open                    
00003319  printf                  
000030f1  putc                    
00003175  putchar                 
00002741  puts                    
00003a07  raise                   
0000181f  read                    
000014e1  realloc                 
00001795  remove                  
000017f7  remove_device           
000017b9  rename                  
00002cad  setvbuf                 
000038a1  signal                  
00003b2d  strchr                  
00003b15  strcmp                  
00003b6d  strcpy                  
00003b81  strlen                  
00003949  strncpy                 
00001795  unlink                  
00001705  write                   


GLOBAL SYMBOLS: SORTED BY Symbol Address 

address   name                    
-------   ----                    
00000000  __TI_static_base__      
00000000  g_pfnVectors            
000007dc  __STACK_SIZE            
00001021  __TI_printfi            
00001329  minit                   
000013b7  malloc                  
0000141f  free                    
000014e1  realloc                 
000015ed  memalign                
000016d1  calloc                  
00001705  write                   
00001795  remove                  
00001795  unlink                  
000017b9  rename                  
000017f7  remove_device           
0000181f  read                    
00001843  open                    
000018f1  lseek                   
00001915  close                   
00001965  add_device              
00001a11  HOSTwrite               
00001a5d  HOSTunlink              
00001a95  HOSTtime                
00001acf  HOSTrename              
00001b2d  HOSTread                
00001b79  HOSTopen                
00001bcb  HOSTlseek               
00001c27  HOSTgetenv              
00001c65  HOSTclose               
00001c9d  HOSTclock               
00001ce5  EnableTiming            
00001d0d  UART0IntHandler         
00001d49  UART7IntHandler         
00001d9d  main                    
00001de7  Init                    
00001e9f  PutString               
00001eed  SetBitCount             
00001f91  __aeabi_uldivmod        
00001fa0  __SYSMEM_SIZE           
0000224d  __TI_cleanup            
00002279  freopen                 
000022a3  fopen                   
00002349  __aeabi_dsub            
00002353  __aeabi_dadd            
000024ff  __aeabi_ddiv            
00002635  fputs                   
00002741  puts                    
00002769  GPIOPadConfigSet        
0000289d  SysCtlClockGet          
000029ad  _Dscale                 
00002abd  __aeabi_dmul            
00002bb9  SysCtlClockSet          
00002cad  setvbuf                 
00002d89  __TI_doflush            
00002dd5  fflush                  
00002e51  _Dnorm                  
00002f0f  __TI_wrt_ok             
00002f71  __TI_rd_ok              
00002fbb  __aeabi_memcpy          
00002fbb  __aeabi_memcpy4         
00002fbb  __aeabi_memcpy8         
00002fbb  memcpy                  
00003059  __TI_closefile          
000030bf  fclose                  
000030f1  fputc                   
000030f1  putc                    
00003175  putchar                 
00003189  __aeabi_cdcmpeq         
00003189  __aeabi_cdcmple         
0000320f  __aeabi_cdrcmple        
00003295  __aeabi_memclr          
00003295  __aeabi_memclr4         
00003295  __aeabi_memclr8         
00003297  __aeabi_memset          
00003297  __aeabi_memset4         
00003297  __aeabi_memset8         
0000329d  memset                  
00003319  printf                  
00003381  __TI_auto_init          
00003459  IntEnable               
000034c1  __TI_writemsg           
000034ef  C$$IO$$                 
000034f3  __TI_readmsg            
00003529  _Dunscale               
00003591  fseek                   
000035f5  ltoa                    
0000364b  ldexp                   
0000369d  _c_int00                
000036ed  atoi                    
00003739  copy_in                 
00003785  GPIOPinConfigure        
000037cd  __aeabi_d2iz            
00003815  UARTConfigSetExpClk     
0000385d  C$$EXIT                 
00003861  abort                   
00003869  exit                    
000038a1  signal                  
000038e1  SysCtlPeripheralEnable  
00003915  feraiseexcept           
00003949  strncpy                 
00003979  _Dclass                 
000039a9  _Feraise                
000039d9  __aeabi_i2d             
00003a07  raise                   
00003a35  GPIODirModeSet          
00003a5f  frexp                   
00003a89  UARTDisable             
00003aa9  memchr                  
00003ac9  memccpy                 
00003ae5  GPIOPinTypeGPIOOutput   
00003afd  _args_main              
00003b15  strcmp                  
00003b2d  strchr                  
00003b43  UARTEnable              
00003b59  _register_unlock        
00003b5f  _register_lock          
00003b67  _nop                    
00003b6d  strcpy                  
00003b81  strlen                  
00003b95  GPIOPinTypeUART         
00003ba7  IntMasterEnable         
00003bb7  UARTCharPutNonBlocking  
00003bc5  UARTCharsAvail          
00003bd3  __TI_decompress_none    
00003be1  CPUcpsie                
00003bed  __TI_zero_init          
00003bf9  ResetISR                
00003c05  UARTCharGet             
00003c0f  UARTCharPut             
00003c19  UARTFIFOEnable          
00003c23  UARTIntStatus           
00003c2d  UARTIntEnable           
00003c35  GPIOPinWrite            
00003c3b  SysCtlDelay             
00003c41  __TI_decompress_rle24   
00003c47  UARTIntClear            
00003c4b  _system_pre_init        
00003c50  _ctypes_                
00003f6c  __TI_Handler_Table_Base 
00003f78  __TI_Handler_Table_Limit
00003f80  __TI_CINIT_Base         
00003f90  __TI_CINIT_Limit        
20000000  _sys_memory             
20001fa0  __stack                 
200021a0  __STACK_TOP             
2000277c  __STACK_END             
20002780  _ftable                 
200029f0  _Denorm                 
20002a00  _Eps                    
20002a10  _Hugeval                
20002a20  _Inf                    
20002a30  _Nan                    
20002a40  _Snan                   
20002a50  _Rteps                  
20002a60  _Xbig                   
20002a68  _Zero                   
20002a70  __TI_ft_end             
20002a74  __aeabi_stdin           
20002a78  __aeabi_stdout          
20002a7c  __aeabi_stderr          
20002a98  _lock                   
20002a9c  _unlock                 
20002aa0  __TI_cleanup_ptr        
20002aa4  __TI_dtors_ptr          
20002aa8  _Fenv                   
20002aac  _Tls_setup__Fenv        
20002ab0  _Errno                  
20002ab8  main_func_sp            
20002abc  __CIOBUF_               
20002bdc  __TI_tmpnams            
ffffffff  __binit__               
ffffffff  __c_args__              
ffffffff  binit                   
UNDEFED   SHT$$INIT_ARRAY$$Base   
UNDEFED   SHT$$INIT_ARRAY$$Limit  

[175 symbols]
