******************************************************************************
                  TI ARM Linker PC v5.2.5                      
******************************************************************************
>> Linked Wed Feb 17 17:44:47 2016

OUTPUT FILE NAME:   <UARTPacketTest.out>
ENTRY POINT SYMBOL: "_c_int00"  address: 00003691


MEMORY CONFIGURATION

         name            origin    length      used     unused   attr    fill
----------------------  --------  ---------  --------  --------  ----  --------
  FLASH                 00000000   00040000  00003f82  0003c07e  R  X
  SRAM                  20000000   00008000  00002c7c  00005384  RW X


SEGMENT ALLOCATION MAP

run origin  load origin   length   init length attrs members
----------  ----------- ---------- ----------- ----- -------
00000000    00000000    00003f88   00003f88    r-x
  00000000    00000000    0000026c   0000026c    r-- .intvecs
  0000026c    0000026c    000039d6   000039d6    r-x .text
  00003c44    00003c44    00000270   00000270    r-- .const
  00003eb8    00003eb8    000000d0   000000d0    r-- .cinit
20000000    20000000    00002c80   00000000    rw-
  20000000    20000000    00001fa0   00000000    rw- .sysmem
  20001fa0    20001fa0    000007dc   00000000    rw- .stack
  20002780    20002780    00000338   00000000    rw- .data
  20002ab8    20002ab8    000001c8   00000000    rw- .bss


SECTION ALLOCATION MAP

 output                                  attributes/
section   page    origin      length       input sections
--------  ----  ----------  ----------   ----------------
.intvecs   0    00000000    0000026c     
                  00000000    0000026c     tm4c123gh6pm_startup_ccs.obj (.intvecs)

.text      0    0000026c    000039d6     
                  0000026c    000010ba     rtsv7M4_T_le_v4SPD16_eabi.lib : _printfi.obj (.text)
                  00001326    00000002     --HOLE-- [fill = 0]
                  00001328    000003dc                                   : memory.obj (.text)
                  00001704    0000030c                                   : lowlev.obj (.text)
                  00001a10    000002d4                                   : trgdrv.obj (.text)
                  00001ce4    000002a0     main.obj (.text)
                  00001f84    000001f4     rtsv7M4_T_le_v4SPD16_eabi.lib : ull_div_t2.obj (.text)
                  00002178    000001c4                                   : fopen.obj (.text)
                  0000233c    000001b6                                   : fd_add_t2.obj (.text)
                  000024f2    00000136                                   : fd_div_t2.obj (.text)
                  00002628    00000134                                   : fputs.obj (.text)
                  0000275c    00000132     driverlib.lib : gpio.obj (.text:GPIOPadConfigSet)
                  0000288e    00000002     --HOLE-- [fill = 0]
                  00002890    00000110                   : sysctl.obj (.text:SysCtlClockGet)
                  000029a0    00000110     rtsv7M4_T_le_v4SPD16_eabi.lib : xdscale.obj (.text)
                  00002ab0    000000fc                                   : fd_mul_t2.obj (.text)
                  00002bac    000000f4     driverlib.lib : sysctl.obj (.text:SysCtlClockSet)
                  00002ca0    000000dc     rtsv7M4_T_le_v4SPD16_eabi.lib : setvbuf.obj (.text)
                  00002d7c    000000c8                                   : fflush.obj (.text)
                  00002e44    000000be                                   : xdnorm.obj (.text)
                  00002f02    000000ac                                   : _io_perm.obj (.text)
                  00002fae    0000009c                                   : memcpy_t2.obj (.text)
                  0000304a    00000002     --HOLE-- [fill = 0]
                  0000304c    00000098                                   : fclose.obj (.text)
                  000030e4    00000098                                   : fputc.obj (.text)
                  0000317c    00000086                                   : fd_cmp_t2.obj (.text:__aeabi_cdcmple)
                  00003202    00000086                                   : fd_cmp_t2.obj (.text:__aeabi_cdrcmple)
                  00003288    0000007a                                   : memset_t2.obj (.text)
                  00003302    00000002     --HOLE-- [fill = 0]
                  00003304    00000070                                   : printf.obj (.text)
                  00003374    0000006c                                   : autoinit.obj (.text)
                  000033e0    0000006a                                   : copy_decompress_rle.obj (.text)
                  0000344a    00000002     --HOLE-- [fill = 0]
                  0000344c    00000068     driverlib.lib : interrupt.obj (.text:IntEnable)
                  000034b4    00000068     rtsv7M4_T_le_v4SPD16_eabi.lib : trgmsg.obj (.text)
                  0000351c    00000066                                   : xdunscal.obj (.text)
                  00003582    00000002     --HOLE-- [fill = 0]
                  00003584    00000064                                   : fseek.obj (.text)
                  000035e8    00000056                                   : ltoa.obj (.text)
                  0000363e    00000052                                   : ldexp.obj (.text)
                  00003690    00000050                                   : boot.obj (.text)
                  000036e0    0000004c                                   : atoi.obj (.text)
                  0000372c    0000004c                                   : cpy_tbl.obj (.text)
                  00003778    00000048     driverlib.lib : gpio.obj (.text:GPIOPinConfigure)
                  000037c0    00000048     rtsv7M4_T_le_v4SPD16_eabi.lib : fd_toi_t2.obj (.text)
                  00003808    00000046     driverlib.lib : uart.obj (.text:UARTConfigSetExpClk)
                  0000384e    00000002     --HOLE-- [fill = 0]
                  00003850    00000044     rtsv7M4_T_le_v4SPD16_eabi.lib : exit.obj (.text)
                  00003894    00000040                                   : signal.obj (.text)
                  000038d4    00000034     driverlib.lib : sysctl.obj (.text:SysCtlPeripheralEnable)
                  00003908    00000034     rtsv7M4_T_le_v4SPD16_eabi.lib : feraiseexcept.obj (.text)
                  0000393c    00000030                                   : strncpy.obj (.text)
                  0000396c    00000030                                   : xdclass.obj (.text)
                  0000399c    00000030                                   : xferaise.obj (.text)
                  000039cc    0000002e                                   : i_tofd_t2.obj (.text)
                  000039fa    0000002e                                   : raise.obj (.text)
                  00003a28    0000002a     driverlib.lib : gpio.obj (.text:GPIODirModeSet)
                  00003a52    0000002a     rtsv7M4_T_le_v4SPD16_eabi.lib : frexp.obj (.text)
                  00003a7c    00000020     driverlib.lib : uart.obj (.text:UARTDisable)
                  00003a9c    00000020     rtsv7M4_T_le_v4SPD16_eabi.lib : memchr.obj (.text)
                  00003abc    0000001c                                   : memccpy.obj (.text)
                  00003ad8    00000018     driverlib.lib : gpio.obj (.text:GPIOPinTypeGPIOOutput)
                  00003af0    00000018     rtsv7M4_T_le_v4SPD16_eabi.lib : args_main.obj (.text)
                  00003b08    00000018                                   : strcmp.obj (.text)
                  00003b20    00000016                                   : strchr.obj (.text)
                  00003b36    00000014     driverlib.lib : uart.obj (.text:UARTEnable)
                  00003b4a    00000002     --HOLE-- [fill = 0]
                  00003b4c    00000014     rtsv7M4_T_le_v4SPD16_eabi.lib : _lock.obj (.text)
                  00003b60    00000014                                   : strcpy.obj (.text)
                  00003b74    00000014                                   : strlen.obj (.text)
                  00003b88    00000012     driverlib.lib : gpio.obj (.text:GPIOPinTypeUART)
                  00003b9a    00000010                   : interrupt.obj (.text:IntMasterEnable)
                  00003baa    0000000e                   : uart.obj (.text:UARTCharPutNonBlocking)
                  00003bb8    0000000e                   : uart.obj (.text:UARTCharsAvail)
                  00003bc6    0000000e     rtsv7M4_T_le_v4SPD16_eabi.lib : copy_decompress_none.obj (.text:decompress:none)
                  00003bd4    0000000c     driverlib.lib : cpu.obj (.text:CPUcpsie)
                  00003be0    0000000c     rtsv7M4_T_le_v4SPD16_eabi.lib : copy_zero_init.obj (.text:decompress:ZI)
                  00003bec    0000000c     tm4c123gh6pm_startup_ccs.obj (.text)
                  00003bf8    0000000a     driverlib.lib : uart.obj (.text:UARTCharGet)
                  00003c02    0000000a                   : uart.obj (.text:UARTCharPut)
                  00003c0c    0000000a                   : uart.obj (.text:UARTFIFOEnable)
                  00003c16    0000000a                   : uart.obj (.text:UARTIntStatus)
                  00003c20    00000008                   : uart.obj (.text:UARTIntEnable)
                  00003c28    00000006                   : gpio.obj (.text:GPIOPinWrite)
                  00003c2e    00000006                   : sysctl.obj (.text:SysCtlDelay)
                  00003c34    00000006     rtsv7M4_T_le_v4SPD16_eabi.lib : copy_decompress_rle.obj (.text:decompress:rle24)
                  00003c3a    00000004     driverlib.lib : uart.obj (.text:UARTIntClear)
                  00003c3e    00000004     rtsv7M4_T_le_v4SPD16_eabi.lib : pre_init.obj (.text)

.const     0    00003c44    00000270     
                  00003c44    00000101     rtsv7M4_T_le_v4SPD16_eabi.lib : ctype.obj (.const:.string:_ctypes_)
                  00003d45    00000003     --HOLE-- [fill = 0]
                  00003d48    00000090     driverlib.lib : gpio.obj (.const:g_pui32GPIOBaseAddrs)
                  00003dd8    00000070                   : interrupt.obj (.const)
                  00003e48    0000006c                   : sysctl.obj (.const:g_pui32Xtals)

.cinit     0    00003eb8    000000d0     
                  00003eb8    000000a7     (.cinit..data.load) [load image, compression = rle]
                  00003f5f    00000001     --HOLE-- [fill = 0]
                  00003f60    0000000c     (__TI_handler_table)
                  00003f6c    00000004     --HOLE-- [fill = 0]
                  00003f70    00000008     (.cinit..bss.load) [load image, compression = zero_init]
                  00003f78    00000010     (__TI_cinit_table)

.init_array 
*          0    00000000    00000000     UNINITIALIZED

.sysmem    0    20000000    00001fa0     UNINITIALIZED
                  20000000    00000008     rtsv7M4_T_le_v4SPD16_eabi.lib : memory.obj (.sysmem)
                  20000008    00001f98     --HOLE--

.stack     0    20001fa0    000007dc     UNINITIALIZED
                  20001fa0    000007dc     --HOLE--

.data      0    20002780    00000338     UNINITIALIZED
                  20002780    000000f0     rtsv7M4_T_le_v4SPD16_eabi.lib : defs.obj (.data:_ftable)
                  20002870    000000d0                                   : lowlev.obj (.data)
                  20002940    000000b0                                   : signal.obj (.data:sigtable)
                  200029f0    00000080                                   : xvalues.obj (.data)
                  20002a70    00000010                                   : defs.obj (.data)
                  20002a80    0000000c                                   : memory.obj (.data)
                  20002a8c    00000004                                   : errno.obj (.data)
                  20002a90    00000008     main.obj (.data)
                  20002a98    00000008     rtsv7M4_T_le_v4SPD16_eabi.lib : _lock.obj (.data)
                  20002aa0    00000008                                   : exit.obj (.data)
                  20002aa8    00000008                                   : feraiseexcept.obj (.data)
                  20002ab0    00000004                                   : fopen.obj (.data)
                  20002ab4    00000004                                   : stkdepth_vars.obj (.data)

.TI.persistent 
*          0    20002780    00000000     UNINITIALIZED

.bss       0    20002ab8    000001c8     UNINITIALIZED
                  20002ab8    00000120     rtsv7M4_T_le_v4SPD16_eabi.lib : trgmsg.obj (.bss:__CIOBUF_)
                  20002bd8    000000a0                                   : defs.obj (.bss:__TI_tmpnams)
                  20002c78    00000008     (.common:parmbuf)

.TI.noinit 
*          0    20002ab8    00000000     UNINITIALIZED


LINKER GENERATED COPY TABLES

__TI_cinit_table @ 00003f78 records: 2, size/record: 8, table size: 16
	.data: load addr=00003eb8, load size=000000a7 bytes, run addr=20002780, run size=00000338 bytes, compression=rle
	.bss: load addr=00003f70, load size=00000008 bytes, run addr=20002ab8, run size=000001c8 bytes, compression=zero_init


LINKER GENERATED HANDLER TABLE

__TI_handler_table @ 00003f60 records: 3, size/record: 4, table size: 12
	index: 0, handler: __TI_decompress_rle24
	index: 1, handler: __TI_decompress_none
	index: 2, handler: __TI_zero_init


GLOBAL SYMBOLS: SORTED ALPHABETICALLY BY Name 

address   name                    
-------   ----                    
00003851  C$$EXIT                 
000034e3  C$$IO$$                 
00003bd5  CPUcpsie                
00003a29  GPIODirModeSet          
0000275d  GPIOPadConfigSet        
00003779  GPIOPinConfigure        
00003ad9  GPIOPinTypeGPIOOutput   
00003b89  GPIOPinTypeUART         
00003c29  GPIOPinWrite            
00001c9d  HOSTclock               
00001c65  HOSTclose               
00001c27  HOSTgetenv              
00001bcb  HOSTlseek               
00001b79  HOSTopen                
00001b2d  HOSTread                
00001acf  HOSTrename              
00001a95  HOSTtime                
00001a5d  HOSTunlink              
00001a11  HOSTwrite               
00001ded  Init                    
0000344d  IntEnable               
00003b9b  IntMasterEnable         
00001ea5  PutString               
00003bed  ResetISR                
UNDEFED   SHT$$INIT_ARRAY$$Base   
UNDEFED   SHT$$INIT_ARRAY$$Limit  
00001ef3  SetBitCount             
00002891  SysCtlClockGet          
00002bad  SysCtlClockSet          
00003c2f  SysCtlDelay             
000038d5  SysCtlPeripheralEnable  
00001ce5  UART0IntHandler         
00001cfb  UART7IntHandler         
00003bf9  UARTCharGet             
00003c03  UARTCharPut             
00003bab  UARTCharPutNonBlocking  
00003bb9  UARTCharsAvail          
00003809  UARTConfigSetExpClk     
00003a7d  UARTDisable             
00003b37  UARTEnable              
00003c0d  UARTFIFOEnable          
00003c3b  UARTIntClear            
00003c21  UARTIntEnable           
00003c17  UARTIntStatus           
0000396d  _Dclass                 
200029f0  _Denorm                 
00002e45  _Dnorm                  
000029a1  _Dscale                 
0000351d  _Dunscale               
20002a00  _Eps                    
20002a8c  _Errno                  
20002aa8  _Fenv                   
0000399d  _Feraise                
20002a10  _Hugeval                
20002a20  _Inf                    
20002a30  _Nan                    
20002a50  _Rteps                  
20002a40  _Snan                   
20002aac  _Tls_setup__Fenv        
20002a60  _Xbig                   
20002a68  _Zero                   
20002ab8  __CIOBUF_               
2000277c  __STACK_END             
000007dc  __STACK_SIZE            
200021a0  __STACK_TOP             
00001fa0  __SYSMEM_SIZE           
00003f78  __TI_CINIT_Base         
00003f88  __TI_CINIT_Limit        
00003f60  __TI_Handler_Table_Base 
00003f6c  __TI_Handler_Table_Limit
00003375  __TI_auto_init          
00002241  __TI_cleanup            
20002aa0  __TI_cleanup_ptr        
0000304d  __TI_closefile          
00003bc7  __TI_decompress_none    
00003c35  __TI_decompress_rle24   
00002d7d  __TI_doflush            
20002aa4  __TI_dtors_ptr          
20002a70  __TI_ft_end             
00001021  __TI_printfi            
00002f65  __TI_rd_ok              
000034e7  __TI_readmsg            
00000000  __TI_static_base__      
20002bd8  __TI_tmpnams            
000034b5  __TI_writemsg           
00002f03  __TI_wrt_ok             
00003be1  __TI_zero_init          
0000317d  __aeabi_cdcmpeq         
0000317d  __aeabi_cdcmple         
00003203  __aeabi_cdrcmple        
000037c1  __aeabi_d2iz            
00002347  __aeabi_dadd            
000024f3  __aeabi_ddiv            
00002ab1  __aeabi_dmul            
0000233d  __aeabi_dsub            
000039cd  __aeabi_i2d             
00003289  __aeabi_memclr          
00003289  __aeabi_memclr4         
00003289  __aeabi_memclr8         
00002faf  __aeabi_memcpy          
00002faf  __aeabi_memcpy4         
00002faf  __aeabi_memcpy8         
0000328b  __aeabi_memset          
0000328b  __aeabi_memset4         
0000328b  __aeabi_memset8         
20002a7c  __aeabi_stderr          
20002a74  __aeabi_stdin           
20002a78  __aeabi_stdout          
00001f85  __aeabi_uldivmod        
ffffffff  __binit__               
ffffffff  __c_args__              
20001fa0  __stack                 
00003af1  _args_main              
00003691  _c_int00                
00003c44  _ctypes_                
20002780  _ftable                 
20002a98  _lock                   
00003b5b  _nop                    
00003b53  _register_lock          
00003b4d  _register_unlock        
20000000  _sys_memory             
00003c3f  _system_pre_init        
20002a9c  _unlock                 
00003855  abort                   
00001965  add_device              
000036e1  atoi                    
ffffffff  binit                   
000016d1  calloc                  
00001915  close                   
0000372d  copy_in                 
0000385d  exit                    
000030b3  fclose                  
00003909  feraiseexcept           
00002dc9  fflush                  
00002297  fopen                   
000030e5  fputc                   
00002629  fputs                   
0000141f  free                    
0000226d  freopen                 
00003a53  frexp                   
00003585  fseek                   
00000000  g_pfnVectors            
0000363f  ldexp                   
000018f1  lseek                   
000035e9  ltoa                    
00001d4f  main                    
20002ab4  main_func_sp            
000013b7  malloc                  
000015ed  memalign                
00003abd  memccpy                 
00003a9d  memchr                  
00002faf  memcpy                  
00003291  memset                  
00001329  minit                   
00001843  open                    
0000330d  printf                  
000030e5  putc                    
00003169  putchar                 
00002735  puts                    
000039fb  raise                   
0000181f  read                    
000014e1  realloc                 
00001795  remove                  
000017f7  remove_device           
000017b9  rename                  
00002ca1  setvbuf                 
00003895  signal                  
00003b21  strchr                  
00003b09  strcmp                  
00003b61  strcpy                  
00003b75  strlen                  
0000393d  strncpy                 
00001795  unlink                  
00001705  write                   


GLOBAL SYMBOLS: SORTED BY Symbol Address 

address   name                    
-------   ----                    
00000000  __TI_static_base__      
00000000  g_pfnVectors            
000007dc  __STACK_SIZE            
00001021  __TI_printfi            
00001329  minit                   
000013b7  malloc                  
0000141f  free                    
000014e1  realloc                 
000015ed  memalign                
000016d1  calloc                  
00001705  write                   
00001795  remove                  
00001795  unlink                  
000017b9  rename                  
000017f7  remove_device           
0000181f  read                    
00001843  open                    
000018f1  lseek                   
00001915  close                   
00001965  add_device              
00001a11  HOSTwrite               
00001a5d  HOSTunlink              
00001a95  HOSTtime                
00001acf  HOSTrename              
00001b2d  HOSTread                
00001b79  HOSTopen                
00001bcb  HOSTlseek               
00001c27  HOSTgetenv              
00001c65  HOSTclose               
00001c9d  HOSTclock               
00001ce5  UART0IntHandler         
00001cfb  UART7IntHandler         
00001d4f  main                    
00001ded  Init                    
00001ea5  PutString               
00001ef3  SetBitCount             
00001f85  __aeabi_uldivmod        
00001fa0  __SYSMEM_SIZE           
00002241  __TI_cleanup            
0000226d  freopen                 
00002297  fopen                   
0000233d  __aeabi_dsub            
00002347  __aeabi_dadd            
000024f3  __aeabi_ddiv            
00002629  fputs                   
00002735  puts                    
0000275d  GPIOPadConfigSet        
00002891  SysCtlClockGet          
000029a1  _Dscale                 
00002ab1  __aeabi_dmul            
00002bad  SysCtlClockSet          
00002ca1  setvbuf                 
00002d7d  __TI_doflush            
00002dc9  fflush                  
00002e45  _Dnorm                  
00002f03  __TI_wrt_ok             
00002f65  __TI_rd_ok              
00002faf  __aeabi_memcpy          
00002faf  __aeabi_memcpy4         
00002faf  __aeabi_memcpy8         
00002faf  memcpy                  
0000304d  __TI_closefile          
000030b3  fclose                  
000030e5  fputc                   
000030e5  putc                    
00003169  putchar                 
0000317d  __aeabi_cdcmpeq         
0000317d  __aeabi_cdcmple         
00003203  __aeabi_cdrcmple        
00003289  __aeabi_memclr          
00003289  __aeabi_memclr4         
00003289  __aeabi_memclr8         
0000328b  __aeabi_memset          
0000328b  __aeabi_memset4         
0000328b  __aeabi_memset8         
00003291  memset                  
0000330d  printf                  
00003375  __TI_auto_init          
0000344d  IntEnable               
000034b5  __TI_writemsg           
000034e3  C$$IO$$                 
000034e7  __TI_readmsg            
0000351d  _Dunscale               
00003585  fseek                   
000035e9  ltoa                    
0000363f  ldexp                   
00003691  _c_int00                
000036e1  atoi                    
0000372d  copy_in                 
00003779  GPIOPinConfigure        
000037c1  __aeabi_d2iz            
00003809  UARTConfigSetExpClk     
00003851  C$$EXIT                 
00003855  abort                   
0000385d  exit                    
00003895  signal                  
000038d5  SysCtlPeripheralEnable  
00003909  feraiseexcept           
0000393d  strncpy                 
0000396d  _Dclass                 
0000399d  _Feraise                
000039cd  __aeabi_i2d             
000039fb  raise                   
00003a29  GPIODirModeSet          
00003a53  frexp                   
00003a7d  UARTDisable             
00003a9d  memchr                  
00003abd  memccpy                 
00003ad9  GPIOPinTypeGPIOOutput   
00003af1  _args_main              
00003b09  strcmp                  
00003b21  strchr                  
00003b37  UARTEnable              
00003b4d  _register_unlock        
00003b53  _register_lock          
00003b5b  _nop                    
00003b61  strcpy                  
00003b75  strlen                  
00003b89  GPIOPinTypeUART         
00003b9b  IntMasterEnable         
00003bab  UARTCharPutNonBlocking  
00003bb9  UARTCharsAvail          
00003bc7  __TI_decompress_none    
00003bd5  CPUcpsie                
00003be1  __TI_zero_init          
00003bed  ResetISR                
00003bf9  UARTCharGet             
00003c03  UARTCharPut             
00003c0d  UARTFIFOEnable          
00003c17  UARTIntStatus           
00003c21  UARTIntEnable           
00003c29  GPIOPinWrite            
00003c2f  SysCtlDelay             
00003c35  __TI_decompress_rle24   
00003c3b  UARTIntClear            
00003c3f  _system_pre_init        
00003c44  _ctypes_                
00003f60  __TI_Handler_Table_Base 
00003f6c  __TI_Handler_Table_Limit
00003f78  __TI_CINIT_Base         
00003f88  __TI_CINIT_Limit        
20000000  _sys_memory             
20001fa0  __stack                 
200021a0  __STACK_TOP             
2000277c  __STACK_END             
20002780  _ftable                 
200029f0  _Denorm                 
20002a00  _Eps                    
20002a10  _Hugeval                
20002a20  _Inf                    
20002a30  _Nan                    
20002a40  _Snan                   
20002a50  _Rteps                  
20002a60  _Xbig                   
20002a68  _Zero                   
20002a70  __TI_ft_end             
20002a74  __aeabi_stdin           
20002a78  __aeabi_stdout          
20002a7c  __aeabi_stderr          
20002a8c  _Errno                  
20002a98  _lock                   
20002a9c  _unlock                 
20002aa0  __TI_cleanup_ptr        
20002aa4  __TI_dtors_ptr          
20002aa8  _Fenv                   
20002aac  _Tls_setup__Fenv        
20002ab4  main_func_sp            
20002ab8  __CIOBUF_               
20002bd8  __TI_tmpnams            
ffffffff  __binit__               
ffffffff  __c_args__              
ffffffff  binit                   
UNDEFED   SHT$$INIT_ARRAY$$Base   
UNDEFED   SHT$$INIT_ARRAY$$Limit  

[174 symbols]
