******************************************************************************
                  TI ARM Linker PC v5.2.5                      
******************************************************************************
>> Linked Thu Feb 25 20:14:17 2016

OUTPUT FILE NAME:   <ROV.out>
ENTRY POINT SYMBOL: "_c_int00"  address: 000012f1


MEMORY CONFIGURATION

         name            origin    length      used     unused   attr    fill
----------------------  --------  ---------  --------  --------  ----  --------
  FLASH                 00000000   00040000  00001564  0003ea9c  R  X
  SRAM                  20000000   00008000  00000236  00007dca  RW X


SEGMENT ALLOCATION MAP

run origin  load origin   length   init length attrs members
----------  ----------- ---------- ----------- ----- -------
00000000    00000000    00001568   00001568    r-x
  00000000    00000000    0000026c   0000026c    r-- .intvecs
  0000026c    0000026c    00001254   00001254    r-x .text
  000014c0    000014c0    0000006c   0000006c    r-- .const
  00001530    00001530    00000038   00000038    r-- .cinit
20000000    20000000    00000238   00000000    rw-
  20000000    20000000    00000200   00000000    rw- .stack
  20000200    20000200    00000022   00000000    rw- .bss
  20000224    20000224    00000014   00000000    rw- .data


SECTION ALLOCATION MAP

 output                                  attributes/
section   page    origin      length       input sections
--------  ----  ----------  ----------   ----------------
.intvecs   0    00000000    0000026c     
                  00000000    0000026c     tm4c123gh6pm_startup_ccs.obj (.intvecs)

.text      0    0000026c    00001254     
                  0000026c    000004c0     motors.obj (.text)
                  0000072c    00000290     main.obj (.text)
                  000009bc    0000025c     servoControl.obj (.text)
                  00000c18    000001fc     leds.obj (.text)
                  00000e14    000001dc     uart.obj (.text)
                  00000ff0    00000110     driverlib.lib : sysctl.obj (.text:SysCtlClockGet)
                  00001100    0000009c     rtsv7M4_T_le_v4SPD16_eabi.lib : memcpy_t2.obj (.text)
                  0000119c    0000007a                                   : memset_t2.obj (.text)
                  00001216    00000002     --HOLE-- [fill = 0]
                  00001218    0000006c                                   : autoinit.obj (.text)
                  00001284    0000006a                                   : copy_decompress_rle.obj (.text)
                  000012ee    00000002     --HOLE-- [fill = 0]
                  000012f0    00000050                                   : boot.obj (.text)
                  00001340    0000004c                                   : cpy_tbl.obj (.text)
                  0000138c    00000044                                   : exit.obj (.text)
                  000013d0    00000022     driverlib.lib : pwm.obj (.text:PWMGenConfigure)
                  000013f2    00000002     --HOLE-- [fill = 0]
                  000013f4    00000018     rtsv7M4_T_le_v4SPD16_eabi.lib : args_main.obj (.text)
                  0000140c    00000014                                   : _lock.obj (.text)
                  00001420    00000014                                   : strlen.obj (.text)
                  00001434    00000010     driverlib.lib : pwm.obj (.text:PWMGenPeriodSet)
                  00001444    0000000e                   : uart.obj (.text:UARTCharGetNonBlocking)
                  00001452    0000000e                   : uart.obj (.text:UARTCharPutNonBlocking)
                  00001460    0000000e                   : uart.obj (.text:UARTCharsAvail)
                  0000146e    0000000e     rtsv7M4_T_le_v4SPD16_eabi.lib : copy_decompress_none.obj (.text:decompress:none)
                  0000147c    0000000c                                   : copy_zero_init.obj (.text:decompress:ZI)
                  00001488    0000000c     tm4c123gh6pm_startup_ccs.obj (.text)
                  00001494    0000000a     driverlib.lib : uart.obj (.text:UARTCharPut)
                  0000149e    0000000a                   : uart.obj (.text:UARTIntStatus)
                  000014a8    00000006                   : sysctl.obj (.text:SysCtlDelay)
                  000014ae    00000006     rtsv7M4_T_le_v4SPD16_eabi.lib : copy_decompress_rle.obj (.text:decompress:rle24)
                  000014b4    00000004     driverlib.lib : timer.obj (.text:TimerIntClear)
                  000014b8    00000004                   : uart.obj (.text:UARTIntClear)
                  000014bc    00000004     rtsv7M4_T_le_v4SPD16_eabi.lib : pre_init.obj (.text)

.const     0    000014c0    0000006c     
                  000014c0    0000006c     driverlib.lib : sysctl.obj (.const:g_pui32Xtals)

.cinit     0    00001530    00000038     
                  00001530    0000000f     (.cinit..data.load) [load image, compression = rle]
                  0000153f    00000001     --HOLE-- [fill = 0]
                  00001540    0000000c     (__TI_handler_table)
                  0000154c    00000004     --HOLE-- [fill = 0]
                  00001550    00000008     (.cinit..bss.load) [load image, compression = zero_init]
                  00001558    00000010     (__TI_cinit_table)

.init_array 
*          0    00000000    00000000     UNINITIALIZED

.stack     0    20000000    00000200     UNINITIALIZED
                  20000000    00000200     --HOLE--

.bss       0    20000200    00000022     UNINITIALIZED
                  20000200    0000000b     (.common:command)
                  2000020b    00000001     --HOLE--
                  2000020c    00000004     (.common:brightness)
                  20000210    00000004     (.common:ui32Load)
                  20000214    00000004     (.common:ui32PWMClock)
                  20000218    00000002     (.common:lightlevel)
                  2000021a    00000002     (.common:ui8Adjust)
                  2000021c    00000002     (.common:ui8PulseAdjust_1)
                  2000021e    00000002     (.common:ui8PulseAdjust_2)
                  20000220    00000002     (.common:ui8PulseAdjust_3)

.TI.noinit 
*          0    20000200    00000000     UNINITIALIZED

.data      0    20000224    00000014     UNINITIALIZED
                  20000224    00000008     rtsv7M4_T_le_v4SPD16_eabi.lib : _lock.obj (.data)
                  2000022c    00000008                                   : exit.obj (.data)
                  20000234    00000004                                   : stkdepth_vars.obj (.data)

.TI.persistent 
*          0    20000224    00000000     UNINITIALIZED


LINKER GENERATED COPY TABLES

__TI_cinit_table @ 00001558 records: 2, size/record: 8, table size: 16
	.data: load addr=00001530, load size=0000000f bytes, run addr=20000224, run size=00000014 bytes, compression=rle
	.bss: load addr=00001550, load size=00000008 bytes, run addr=20000200, run size=00000022 bytes, compression=zero_init


LINKER GENERATED HANDLER TABLE

__TI_handler_table @ 00001540 records: 3, size/record: 4, table size: 12
	index: 0, handler: __TI_decompress_rle24
	index: 1, handler: __TI_decompress_none
	index: 2, handler: __TI_zero_init


GLOBAL SYMBOLS: SORTED ALPHABETICALLY BY Name 

address   name                    
-------   ----                    
0000138d  C$$EXIT                 
000013d1  PWMGenConfigure         
00001435  PWMGenPeriodSet         
00000f5b  PutString               
00000f85  PutStringNonBlocking    
00001489  ResetISR                
UNDEFED   SHT$$INIT_ARRAY$$Base   
UNDEFED   SHT$$INIT_ARRAY$$Limit  
0000094b  SetBitCount             
00000ff1  SysCtlClockGet          
000014a9  SysCtlDelay             
0000072d  Timer0IntHandler        
000014b5  TimerIntClear           
00000739  UART7IntHandler         
00001445  UARTCharGetNonBlocking  
00001495  UARTCharPut             
00001453  UARTCharPutNonBlocking  
00001461  UARTCharsAvail          
000014b9  UARTIntClear            
0000149f  UARTIntStatus           
20000200  __STACK_END             
00000200  __STACK_SIZE            
20000200  __STACK_TOP             
00001558  __TI_CINIT_Base         
00001568  __TI_CINIT_Limit        
00001540  __TI_Handler_Table_Base 
0000154c  __TI_Handler_Table_Limit
00001219  __TI_auto_init          
2000022c  __TI_cleanup_ptr        
0000146f  __TI_decompress_none    
000014af  __TI_decompress_rle24   
20000230  __TI_dtors_ptr          
00000000  __TI_static_base__      
0000147d  __TI_zero_init          
0000119d  __aeabi_memclr          
0000119d  __aeabi_memclr4         
0000119d  __aeabi_memclr8         
00001101  __aeabi_memcpy          
00001101  __aeabi_memcpy4         
00001101  __aeabi_memcpy8         
0000119f  __aeabi_memset          
0000119f  __aeabi_memset4         
0000119f  __aeabi_memset8         
ffffffff  __binit__               
ffffffff  __c_args__              
20000000  __stack                 
000013f5  _args_main              
000012f1  _c_int00                
20000224  _lock                   
0000141b  _nop                    
00001413  _register_lock          
0000140d  _register_unlock        
000014bd  _system_pre_init        
20000228  _unlock                 
00001391  abort                   
ffffffff  binit                   
2000020c  brightness              
00001341  copy_in                 
00001399  exit                    
00000000  g_pfnVectors            
00000ccb  ledsBright              
00000c19  ledsInit                
00000daf  ledsMax                 
00000d7b  ledsOff                 
20000218  lightlevel              
00000847  main                    
20000234  main_func_sp            
00001101  memcpy                  
000011a5  memset                  
0000068d  motorStop               
0000026d  motorsInit              
0000044d  motorsSetPulseWidth     
000009bd  servoInit               
00000ba3  servoSetCenter          
00000b0f  servoSetMax             
00000b59  servoSetMin             
00000a77  servoSetPulseWidth      
00001421  strlen                  
00000e15  uartInit                
20000210  ui32Load                
20000214  ui32PWMClock            
2000021a  ui8Adjust               
2000021c  ui8PulseAdjust_1        
2000021e  ui8PulseAdjust_2        
20000220  ui8PulseAdjust_3        


GLOBAL SYMBOLS: SORTED BY Symbol Address 

address   name                    
-------   ----                    
00000000  __TI_static_base__      
00000000  g_pfnVectors            
00000200  __STACK_SIZE            
0000026d  motorsInit              
0000044d  motorsSetPulseWidth     
0000068d  motorStop               
0000072d  Timer0IntHandler        
00000739  UART7IntHandler         
00000847  main                    
0000094b  SetBitCount             
000009bd  servoInit               
00000a77  servoSetPulseWidth      
00000b0f  servoSetMax             
00000b59  servoSetMin             
00000ba3  servoSetCenter          
00000c19  ledsInit                
00000ccb  ledsBright              
00000d7b  ledsOff                 
00000daf  ledsMax                 
00000e15  uartInit                
00000f5b  PutString               
00000f85  PutStringNonBlocking    
00000ff1  SysCtlClockGet          
00001101  __aeabi_memcpy          
00001101  __aeabi_memcpy4         
00001101  __aeabi_memcpy8         
00001101  memcpy                  
0000119d  __aeabi_memclr          
0000119d  __aeabi_memclr4         
0000119d  __aeabi_memclr8         
0000119f  __aeabi_memset          
0000119f  __aeabi_memset4         
0000119f  __aeabi_memset8         
000011a5  memset                  
00001219  __TI_auto_init          
000012f1  _c_int00                
00001341  copy_in                 
0000138d  C$$EXIT                 
00001391  abort                   
00001399  exit                    
000013d1  PWMGenConfigure         
000013f5  _args_main              
0000140d  _register_unlock        
00001413  _register_lock          
0000141b  _nop                    
00001421  strlen                  
00001435  PWMGenPeriodSet         
00001445  UARTCharGetNonBlocking  
00001453  UARTCharPutNonBlocking  
00001461  UARTCharsAvail          
0000146f  __TI_decompress_none    
0000147d  __TI_zero_init          
00001489  ResetISR                
00001495  UARTCharPut             
0000149f  UARTIntStatus           
000014a9  SysCtlDelay             
000014af  __TI_decompress_rle24   
000014b5  TimerIntClear           
000014b9  UARTIntClear            
000014bd  _system_pre_init        
00001540  __TI_Handler_Table_Base 
0000154c  __TI_Handler_Table_Limit
00001558  __TI_CINIT_Base         
00001568  __TI_CINIT_Limit        
20000000  __stack                 
20000200  __STACK_END             
20000200  __STACK_TOP             
2000020c  brightness              
20000210  ui32Load                
20000214  ui32PWMClock            
20000218  lightlevel              
2000021a  ui8Adjust               
2000021c  ui8PulseAdjust_1        
2000021e  ui8PulseAdjust_2        
20000220  ui8PulseAdjust_3        
20000224  _lock                   
20000228  _unlock                 
2000022c  __TI_cleanup_ptr        
20000230  __TI_dtors_ptr          
20000234  main_func_sp            
ffffffff  __binit__               
ffffffff  __c_args__              
ffffffff  binit                   
UNDEFED   SHT$$INIT_ARRAY$$Base   
UNDEFED   SHT$$INIT_ARRAY$$Limit  

[85 symbols]
