******************************************************************************
                  TI ARM Linker PC v5.2.5                      
******************************************************************************
>> Linked Tue Feb 23 18:10:08 2016

OUTPUT FILE NAME:   <UARTforControls.out>
ENTRY POINT SYMBOL: "_c_int00"  address: 00001585


MEMORY CONFIGURATION

         name            origin    length      used     unused   attr    fill
----------------------  --------  ---------  --------  --------  ----  --------
  FLASH                 00000000   00040000  000017f4  0003e80c  R  X
  SRAM                  20000000   00008000  00000290  00007d70  RW X


SEGMENT ALLOCATION MAP

run origin  load origin   length   init length attrs members
----------  ----------- ---------- ----------- ----- -------
00000000    00000000    000017f8   000017f8    r-x
  00000000    00000000    0000026c   0000026c    r-- .intvecs
  0000026c    0000026c    000014e4   000014e4    r-x .text
  00001750    00001750    0000006c   0000006c    r-- .const
  000017c0    000017c0    00000038   00000038    r-- .cinit
20000000    20000000    00000292   00000000    rw-
  20000000    20000000    00000200   00000000    rw- .stack
  20000200    20000200    0000007a   00000000    rw- .bss
  2000027c    2000027c    00000016   00000000    rw- .data


SECTION ALLOCATION MAP

 output                                  attributes/
section   page    origin      length       input sections
--------  ----  ----------  ----------   ----------------
.intvecs   0    00000000    0000026c     
                  00000000    0000026c     tm4c123gh6pm_startup_ccs.obj (.intvecs)

.text      0    0000026c    000014e4     
                  0000026c    00000510     main.obj (.text)
                  0000077c    000002d0     motors.obj (.text)
                  00000a4c    0000025c     servoControl.obj (.text)
                  00000ca8    000001fc     leds.obj (.text)
                  00000ea4    000001dc     uart.obj (.text)
                  00001080    00000164     i2c.obj (.text)
                  000011e4    00000110     driverlib.lib : sysctl.obj (.text:SysCtlClockGet)
                  000012f4    000000a2     accelerometer.obj (.text)
                  00001396    0000009c     rtsv7M4_T_le_v4SPD16_eabi.lib : memcpy_t2.obj (.text)
                  00001432    0000007a                                   : memset_t2.obj (.text)
                  000014ac    0000006c                                   : autoinit.obj (.text)
                  00001518    0000006a                                   : copy_decompress_rle.obj (.text)
                  00001582    00000002     --HOLE-- [fill = 0]
                  00001584    00000050                                   : boot.obj (.text)
                  000015d4    0000004c                                   : cpy_tbl.obj (.text)
                  00001620    00000044                                   : exit.obj (.text)
                  00001664    00000022     driverlib.lib : pwm.obj (.text:PWMGenConfigure)
                  00001686    00000002     --HOLE-- [fill = 0]
                  00001688    00000018     rtsv7M4_T_le_v4SPD16_eabi.lib : args_main.obj (.text)
                  000016a0    00000014                                   : _lock.obj (.text)
                  000016b4    00000014                                   : strlen.obj (.text)
                  000016c8    00000010     driverlib.lib : pwm.obj (.text:PWMGenPeriodSet)
                  000016d8    0000000e                   : uart.obj (.text:UARTCharGetNonBlocking)
                  000016e6    0000000e                   : uart.obj (.text:UARTCharPutNonBlocking)
                  000016f4    0000000e                   : uart.obj (.text:UARTCharsAvail)
                  00001702    0000000e     rtsv7M4_T_le_v4SPD16_eabi.lib : copy_decompress_none.obj (.text:decompress:none)
                  00001710    0000000c                                   : copy_zero_init.obj (.text:decompress:ZI)
                  0000171c    0000000c     tm4c123gh6pm_startup_ccs.obj (.text)
                  00001728    0000000a     driverlib.lib : uart.obj (.text:UARTCharPut)
                  00001732    0000000a                   : uart.obj (.text:UARTIntStatus)
                  0000173c    00000006                   : sysctl.obj (.text:SysCtlDelay)
                  00001742    00000006     rtsv7M4_T_le_v4SPD16_eabi.lib : copy_decompress_rle.obj (.text:decompress:rle24)
                  00001748    00000004     driverlib.lib : uart.obj (.text:UARTIntClear)
                  0000174c    00000004     rtsv7M4_T_le_v4SPD16_eabi.lib : pre_init.obj (.text)

.const     0    00001750    0000006c     
                  00001750    0000006c     driverlib.lib : sysctl.obj (.const:g_pui32Xtals)

.cinit     0    000017c0    00000038     
                  000017c0    0000000f     (.cinit..data.load) [load image, compression = rle]
                  000017cf    00000001     --HOLE-- [fill = 0]
                  000017d0    0000000c     (__TI_handler_table)
                  000017dc    00000004     --HOLE-- [fill = 0]
                  000017e0    00000008     (.cinit..bss.load) [load image, compression = zero_init]
                  000017e8    00000010     (__TI_cinit_table)

.init_array 
*          0    00000000    00000000     UNINITIALIZED

.stack     0    20000000    00000200     UNINITIALIZED
                  20000000    00000200     --HOLE--

.bss       0    20000200    0000007a     UNINITIALIZED
                  20000200    00000040     main.obj (.bss:data)
                  20000240    00000024     main.obj (.bss:accel)
                  20000264    00000004     (.common:brightness)
                  20000268    00000004     (.common:ui32Load)
                  2000026c    00000004     (.common:ui32PWMClock)
                  20000270    00000002     (.common:lightlevel)
                  20000272    00000002     (.common:ui8Adjust)
                  20000274    00000002     (.common:ui8PulseAdjust_1)
                  20000276    00000002     (.common:ui8PulseAdjust_2)
                  20000278    00000002     (.common:ui8PulseAdjust_3)

.TI.noinit 
*          0    20000200    00000000     UNINITIALIZED

.data      0    2000027c    00000016     UNINITIALIZED
                  2000027c    00000008     rtsv7M4_T_le_v4SPD16_eabi.lib : _lock.obj (.data)
                  20000284    00000008                                   : exit.obj (.data)
                  2000028c    00000004                                   : stkdepth_vars.obj (.data)
                  20000290    00000002     main.obj (.data)

.TI.persistent 
*          0    2000027c    00000000     UNINITIALIZED


LINKER GENERATED COPY TABLES

__TI_cinit_table @ 000017e8 records: 2, size/record: 8, table size: 16
	.data: load addr=000017c0, load size=0000000f bytes, run addr=2000027c, run size=00000016 bytes, compression=rle
	.bss: load addr=000017e0, load size=00000008 bytes, run addr=20000200, run size=0000007a bytes, compression=zero_init


LINKER GENERATED HANDLER TABLE

__TI_handler_table @ 000017d0 records: 3, size/record: 4, table size: 12
	index: 0, handler: __TI_decompress_rle24
	index: 1, handler: __TI_decompress_none
	index: 2, handler: __TI_zero_init


GLOBAL SYMBOLS: SORTED ALPHABETICALLY BY Name 

address   name                    
-------   ----                    
00001621  C$$EXIT                 
00001665  PWMGenConfigure         
000016c9  PWMGenPeriodSet         
00000feb  PutString               
00001015  PutStringNonBlocking    
0000171d  ResetISR                
UNDEFED   SHT$$INIT_ARRAY$$Base   
UNDEFED   SHT$$INIT_ARRAY$$Limit  
00000659  SetBitCount             
000011e5  SysCtlClockGet          
0000173d  SysCtlDelay             
0000026d  UART0IntHandler         
00000367  UART7IntHandler         
000016d9  UARTCharGetNonBlocking  
00001729  UARTCharPut             
000016e7  UARTCharPutNonBlocking  
000016f5  UARTCharsAvail          
00001749  UARTIntClear            
00001733  UARTIntStatus           
20000200  __STACK_END             
00000200  __STACK_SIZE            
20000200  __STACK_TOP             
000017e8  __TI_CINIT_Base         
000017f8  __TI_CINIT_Limit        
000017d0  __TI_Handler_Table_Base 
000017dc  __TI_Handler_Table_Limit
000014ad  __TI_auto_init          
20000284  __TI_cleanup_ptr        
00001703  __TI_decompress_none    
00001743  __TI_decompress_rle24   
20000288  __TI_dtors_ptr          
00000000  __TI_static_base__      
00001711  __TI_zero_init          
00001433  __aeabi_memclr          
00001433  __aeabi_memclr4         
00001433  __aeabi_memclr8         
00001397  __aeabi_memcpy          
00001397  __aeabi_memcpy4         
00001397  __aeabi_memcpy8         
00001435  __aeabi_memset          
00001435  __aeabi_memset4         
00001435  __aeabi_memset8         
ffffffff  __binit__               
ffffffff  __c_args__              
20000000  __stack                 
00001689  _args_main              
00001585  _c_int00                
2000027c  _lock                   
000016af  _nop                    
000016a7  _register_lock          
000016a1  _register_unlock        
0000174d  _system_pre_init        
20000280  _unlock                 
00001625  abort                   
20000240  accel                   
000012f5  accelerometer_data_get  
ffffffff  binit                   
20000264  brightness              
000015d5  copy_in                 
0000162d  exit                    
00000000  g_pfnVectors            
00001345  initialize_accelerometer
000010a9  initialize_i2c          
00000d5b  ledsBright              
00000ca9  ledsInit                
00000e3f  ledsMax                 
00000e0b  ledsOff                 
20000270  lightlevel              
000004cd  main                    
2000028c  main_func_sp            
00001397  memcpy                  
0000143b  memset                  
000009af  motorStop               
0000077d  motorsInit              
00000893  motorsSetPulseWidth     
00001115  read_byte               
00000a4d  servoInit               
00000c33  servoSetCenter          
00000b9f  servoSetMax             
00000be9  servoSetMin             
00000b07  servoSetPulseWidth      
00001081  set_rw                  
000010fb  set_slave_address       
000016b5  strlen                  
00000ea5  uartInit                
20000268  ui32Load                
2000026c  ui32PWMClock            
20000272  ui8Adjust               
20000274  ui8PulseAdjust_1        
20000276  ui8PulseAdjust_2        
20000278  ui8PulseAdjust_3        
00001377  write_accelerometer     
0000115d  write_byte              


GLOBAL SYMBOLS: SORTED BY Symbol Address 

address   name                    
-------   ----                    
00000000  __TI_static_base__      
00000000  g_pfnVectors            
00000200  __STACK_SIZE            
0000026d  UART0IntHandler         
00000367  UART7IntHandler         
000004cd  main                    
00000659  SetBitCount             
0000077d  motorsInit              
00000893  motorsSetPulseWidth     
000009af  motorStop               
00000a4d  servoInit               
00000b07  servoSetPulseWidth      
00000b9f  servoSetMax             
00000be9  servoSetMin             
00000c33  servoSetCenter          
00000ca9  ledsInit                
00000d5b  ledsBright              
00000e0b  ledsOff                 
00000e3f  ledsMax                 
00000ea5  uartInit                
00000feb  PutString               
00001015  PutStringNonBlocking    
00001081  set_rw                  
000010a9  initialize_i2c          
000010fb  set_slave_address       
00001115  read_byte               
0000115d  write_byte              
000011e5  SysCtlClockGet          
000012f5  accelerometer_data_get  
00001345  initialize_accelerometer
00001377  write_accelerometer     
00001397  __aeabi_memcpy          
00001397  __aeabi_memcpy4         
00001397  __aeabi_memcpy8         
00001397  memcpy                  
00001433  __aeabi_memclr          
00001433  __aeabi_memclr4         
00001433  __aeabi_memclr8         
00001435  __aeabi_memset          
00001435  __aeabi_memset4         
00001435  __aeabi_memset8         
0000143b  memset                  
000014ad  __TI_auto_init          
00001585  _c_int00                
000015d5  copy_in                 
00001621  C$$EXIT                 
00001625  abort                   
0000162d  exit                    
00001665  PWMGenConfigure         
00001689  _args_main              
000016a1  _register_unlock        
000016a7  _register_lock          
000016af  _nop                    
000016b5  strlen                  
000016c9  PWMGenPeriodSet         
000016d9  UARTCharGetNonBlocking  
000016e7  UARTCharPutNonBlocking  
000016f5  UARTCharsAvail          
00001703  __TI_decompress_none    
00001711  __TI_zero_init          
0000171d  ResetISR                
00001729  UARTCharPut             
00001733  UARTIntStatus           
0000173d  SysCtlDelay             
00001743  __TI_decompress_rle24   
00001749  UARTIntClear            
0000174d  _system_pre_init        
000017d0  __TI_Handler_Table_Base 
000017dc  __TI_Handler_Table_Limit
000017e8  __TI_CINIT_Base         
000017f8  __TI_CINIT_Limit        
20000000  __stack                 
20000200  __STACK_END             
20000200  __STACK_TOP             
20000240  accel                   
20000264  brightness              
20000268  ui32Load                
2000026c  ui32PWMClock            
20000270  lightlevel              
20000272  ui8Adjust               
20000274  ui8PulseAdjust_1        
20000276  ui8PulseAdjust_2        
20000278  ui8PulseAdjust_3        
2000027c  _lock                   
20000280  _unlock                 
20000284  __TI_cleanup_ptr        
20000288  __TI_dtors_ptr          
2000028c  main_func_sp            
ffffffff  __binit__               
ffffffff  __c_args__              
ffffffff  binit                   
UNDEFED   SHT$$INIT_ARRAY$$Base   
UNDEFED   SHT$$INIT_ARRAY$$Limit  

[93 symbols]
