******************************************************************************
                  TI ARM Linker PC v5.2.5                      
******************************************************************************
>> Linked Sat Feb 20 19:12:38 2016

OUTPUT FILE NAME:   <UARTforControls.out>
ENTRY POINT SYMBOL: "_c_int00"  address: 00000ad9


MEMORY CONFIGURATION

         name            origin    length      used     unused   attr    fill
----------------------  --------  ---------  --------  --------  ----  --------
  FLASH                 00000000   00040000  00000d42  0003f2be  R  X
  SRAM                  20000000   00008000  00000223  00007ddd  RW X


SEGMENT ALLOCATION MAP

run origin  load origin   length   init length attrs members
----------  ----------- ---------- ----------- ----- -------
00000000    00000000    00000d48   00000d48    r-x
  00000000    00000000    0000026c   0000026c    r-- .intvecs
  0000026c    0000026c    00000a32   00000a32    r-x .text
  00000ca0    00000ca0    0000006c   0000006c    r-- .const
  00000d10    00000d10    00000038   00000038    r-- .cinit
20000000    20000000    00000226   00000000    rw-
  20000000    20000000    00000200   00000000    rw- .stack
  20000200    20000200    00000015   00000000    rw- .data
  20000218    20000218    0000000e   00000000    rw- .bss


SECTION ALLOCATION MAP

 output                                  attributes/
section   page    origin      length       input sections
--------  ----  ----------  ----------   ----------------
.intvecs   0    00000000    0000026c     
                  00000000    0000026c     tm4c123gh6pm_startup_ccs.obj (.intvecs)

.text      0    0000026c    00000a32     
                  0000026c    00000390     leds.obj (.text)
                  000005fc    000001dc     uart.obj (.text)
                  000007d8    00000110     driverlib.lib : sysctl.obj (.text:SysCtlClockGet)
                  000008e8    0000009c     rtsv7M4_T_le_v4SPD16_eabi.lib : memcpy_t2.obj (.text)
                  00000984    0000007a                                   : memset_t2.obj (.text)
                  000009fe    00000002     --HOLE-- [fill = 0]
                  00000a00    0000006c                                   : autoinit.obj (.text)
                  00000a6c    0000006a                                   : copy_decompress_rle.obj (.text)
                  00000ad6    00000002     --HOLE-- [fill = 0]
                  00000ad8    00000050                                   : boot.obj (.text)
                  00000b28    0000004c                                   : cpy_tbl.obj (.text)
                  00000b74    00000044                                   : exit.obj (.text)
                  00000bb8    00000022     driverlib.lib : pwm.obj (.text:PWMGenConfigure)
                  00000bda    00000002     --HOLE-- [fill = 0]
                  00000bdc    00000018     rtsv7M4_T_le_v4SPD16_eabi.lib : args_main.obj (.text)
                  00000bf4    00000014                                   : _lock.obj (.text)
                  00000c08    00000014                                   : strlen.obj (.text)
                  00000c1c    00000010     driverlib.lib : pwm.obj (.text:PWMGenPeriodSet)
                  00000c2c    0000000e                   : uart.obj (.text:UARTCharGetNonBlocking)
                  00000c3a    0000000e                   : uart.obj (.text:UARTCharPutNonBlocking)
                  00000c48    0000000e                   : uart.obj (.text:UARTCharsAvail)
                  00000c56    0000000e     rtsv7M4_T_le_v4SPD16_eabi.lib : copy_decompress_none.obj (.text:decompress:none)
                  00000c64    0000000c                                   : copy_zero_init.obj (.text:decompress:ZI)
                  00000c70    0000000c     tm4c123gh6pm_startup_ccs.obj (.text)
                  00000c7c    0000000a     driverlib.lib : uart.obj (.text:UARTCharPut)
                  00000c86    0000000a                   : uart.obj (.text:UARTIntStatus)
                  00000c90    00000006     rtsv7M4_T_le_v4SPD16_eabi.lib : copy_decompress_rle.obj (.text:decompress:rle24)
                  00000c96    00000004     driverlib.lib : uart.obj (.text:UARTIntClear)
                  00000c9a    00000004     rtsv7M4_T_le_v4SPD16_eabi.lib : pre_init.obj (.text)

.const     0    00000ca0    0000006c     
                  00000ca0    0000006c     driverlib.lib : sysctl.obj (.const:g_pui32Xtals)

.cinit     0    00000d10    00000038     
                  00000d10    0000000f     (.cinit..data.load) [load image, compression = rle]
                  00000d1f    00000001     --HOLE-- [fill = 0]
                  00000d20    0000000c     (__TI_handler_table)
                  00000d2c    00000004     --HOLE-- [fill = 0]
                  00000d30    00000008     (.cinit..bss.load) [load image, compression = zero_init]
                  00000d38    00000010     (__TI_cinit_table)

.init_array 
*          0    00000000    00000000     UNINITIALIZED

.stack     0    20000000    00000200     UNINITIALIZED
                  20000000    00000200     --HOLE--

.data      0    20000200    00000015     UNINITIALIZED
                  20000200    00000008     rtsv7M4_T_le_v4SPD16_eabi.lib : _lock.obj (.data)
                  20000208    00000008                                   : exit.obj (.data)
                  20000210    00000004                                   : stkdepth_vars.obj (.data)
                  20000214    00000001     leds.obj (.data)

.bss       0    20000218    0000000e     UNINITIALIZED
                  20000218    00000004     (.common:brightness)
                  2000021c    00000004     (.common:ui32Load)
                  20000220    00000004     (.common:ui32PWMClock)
                  20000224    00000002     (.common:lightlevel)

.TI.persistent 
*          0    20000200    00000000     UNINITIALIZED

.TI.noinit 
*          0    20000218    00000000     UNINITIALIZED


LINKER GENERATED COPY TABLES

__TI_cinit_table @ 00000d38 records: 2, size/record: 8, table size: 16
	.data: load addr=00000d10, load size=0000000f bytes, run addr=20000200, run size=00000015 bytes, compression=rle
	.bss: load addr=00000d30, load size=00000008 bytes, run addr=20000218, run size=0000000e bytes, compression=zero_init


LINKER GENERATED HANDLER TABLE

__TI_handler_table @ 00000d20 records: 3, size/record: 4, table size: 12
	index: 0, handler: __TI_decompress_rle24
	index: 1, handler: __TI_decompress_none
	index: 2, handler: __TI_zero_init


GLOBAL SYMBOLS: SORTED ALPHABETICALLY BY Name 

address   name                    
-------   ----                    
00000b75  C$$EXIT                 
00000bb9  PWMGenConfigure         
00000c1d  PWMGenPeriodSet         
00000743  PutString               
0000076d  PutStringNonBlocking    
00000c71  ResetISR                
UNDEFED   SHT$$INIT_ARRAY$$Base   
UNDEFED   SHT$$INIT_ARRAY$$Limit  
000007d9  SysCtlClockGet          
00000439  UART0IntHandler         
00000c2d  UARTCharGetNonBlocking  
00000c7d  UARTCharPut             
00000c3b  UARTCharPutNonBlocking  
00000c49  UARTCharsAvail          
00000c97  UARTIntClear            
00000c87  UARTIntStatus           
000004eb  UART_Init               
20000200  __STACK_END             
00000200  __STACK_SIZE            
20000200  __STACK_TOP             
00000d38  __TI_CINIT_Base         
00000d48  __TI_CINIT_Limit        
00000d20  __TI_Handler_Table_Base 
00000d2c  __TI_Handler_Table_Limit
00000a01  __TI_auto_init          
20000208  __TI_cleanup_ptr        
00000c57  __TI_decompress_none    
00000c91  __TI_decompress_rle24   
2000020c  __TI_dtors_ptr          
00000000  __TI_static_base__      
00000c65  __TI_zero_init          
00000985  __aeabi_memclr          
00000985  __aeabi_memclr4         
00000985  __aeabi_memclr8         
000008e9  __aeabi_memcpy          
000008e9  __aeabi_memcpy4         
000008e9  __aeabi_memcpy8         
00000987  __aeabi_memset          
00000987  __aeabi_memset4         
00000987  __aeabi_memset8         
ffffffff  __binit__               
ffffffff  __c_args__              
20000000  __stack                 
00000bdd  _args_main              
00000ad9  _c_int00                
20000200  _lock                   
00000c03  _nop                    
00000bfb  _register_lock          
00000bf5  _register_unlock        
00000c9b  _system_pre_init        
20000204  _unlock                 
00000b79  abort                   
ffffffff  binit                   
20000218  brightness              
00000b29  copy_in                 
00000b81  exit                    
00000000  g_pfnVectors            
0000031f  ledsBright              
0000026d  ledsInit                
00000403  ledsMax                 
000003cf  ledsOff                 
20000224  lightlevel              
00000477  main                    
20000210  main_func_sp            
000008e9  memcpy                  
0000098d  memset                  
00000c09  strlen                  
000005fd  uartInit                
2000021c  ui32Load                
20000220  ui32PWMClock            


GLOBAL SYMBOLS: SORTED BY Symbol Address 

address   name                    
-------   ----                    
00000000  __TI_static_base__      
00000000  g_pfnVectors            
00000200  __STACK_SIZE            
0000026d  ledsInit                
0000031f  ledsBright              
000003cf  ledsOff                 
00000403  ledsMax                 
00000439  UART0IntHandler         
00000477  main                    
000004eb  UART_Init               
000005fd  uartInit                
00000743  PutString               
0000076d  PutStringNonBlocking    
000007d9  SysCtlClockGet          
000008e9  __aeabi_memcpy          
000008e9  __aeabi_memcpy4         
000008e9  __aeabi_memcpy8         
000008e9  memcpy                  
00000985  __aeabi_memclr          
00000985  __aeabi_memclr4         
00000985  __aeabi_memclr8         
00000987  __aeabi_memset          
00000987  __aeabi_memset4         
00000987  __aeabi_memset8         
0000098d  memset                  
00000a01  __TI_auto_init          
00000ad9  _c_int00                
00000b29  copy_in                 
00000b75  C$$EXIT                 
00000b79  abort                   
00000b81  exit                    
00000bb9  PWMGenConfigure         
00000bdd  _args_main              
00000bf5  _register_unlock        
00000bfb  _register_lock          
00000c03  _nop                    
00000c09  strlen                  
00000c1d  PWMGenPeriodSet         
00000c2d  UARTCharGetNonBlocking  
00000c3b  UARTCharPutNonBlocking  
00000c49  UARTCharsAvail          
00000c57  __TI_decompress_none    
00000c65  __TI_zero_init          
00000c71  ResetISR                
00000c7d  UARTCharPut             
00000c87  UARTIntStatus           
00000c91  __TI_decompress_rle24   
00000c97  UARTIntClear            
00000c9b  _system_pre_init        
00000d20  __TI_Handler_Table_Base 
00000d2c  __TI_Handler_Table_Limit
00000d38  __TI_CINIT_Base         
00000d48  __TI_CINIT_Limit        
20000000  __stack                 
20000200  __STACK_END             
20000200  __STACK_TOP             
20000200  _lock                   
20000204  _unlock                 
20000208  __TI_cleanup_ptr        
2000020c  __TI_dtors_ptr          
20000210  main_func_sp            
20000218  brightness              
2000021c  ui32Load                
20000220  ui32PWMClock            
20000224  lightlevel              
ffffffff  __binit__               
ffffffff  __c_args__              
ffffffff  binit                   
UNDEFED   SHT$$INIT_ARRAY$$Base   
UNDEFED   SHT$$INIT_ARRAY$$Limit  

[70 symbols]
