<?xml version="1.0"?>
<link_info>
   <banner>TI ARM Linker PC v5.2.5</banner>
   <copyright>Copyright (c) 1996-2015 Texas Instruments Incorporated</copyright>
   <link_time>0x56cf8443</link_time>
   <link_errors>0x0</link_errors>
   <output_file>UARTforControls.out</output_file>
   <entry_point>
      <name>_c_int00</name>
      <address>0x442d</address>
   </entry_point>
   <input_file_list>
      <input_file id="fl-2">
         <path>.\</path>
         <kind>object</kind>
         <file>Timer.obj</file>
         <name>Timer.obj</name>
      </input_file>
      <input_file id="fl-3">
         <path>.\</path>
         <kind>object</kind>
         <file>accelerometer.obj</file>
         <name>accelerometer.obj</name>
      </input_file>
      <input_file id="fl-4">
         <path>.\</path>
         <kind>object</kind>
         <file>i2c.obj</file>
         <name>i2c.obj</name>
      </input_file>
      <input_file id="fl-5">
         <path>.\</path>
         <kind>object</kind>
         <file>leds.obj</file>
         <name>leds.obj</name>
      </input_file>
      <input_file id="fl-6">
         <path>.\</path>
         <kind>object</kind>
         <file>main.obj</file>
         <name>main.obj</name>
      </input_file>
      <input_file id="fl-7">
         <path>.\</path>
         <kind>object</kind>
         <file>motors.obj</file>
         <name>motors.obj</name>
      </input_file>
      <input_file id="fl-8">
         <path>.\</path>
         <kind>object</kind>
         <file>servoControl.obj</file>
         <name>servoControl.obj</name>
      </input_file>
      <input_file id="fl-9">
         <path>.\</path>
         <kind>object</kind>
         <file>tm4c123gh6pm_startup_ccs.obj</file>
         <name>tm4c123gh6pm_startup_ccs.obj</name>
      </input_file>
      <input_file id="fl-a">
         <path>.\</path>
         <kind>object</kind>
         <file>uart.obj</file>
         <name>uart.obj</name>
      </input_file>
      <input_file id="fl-10">
         <path>C:\ti\TivaWare_C_Series-2.1.2.111\driverlib\ccs\Debug\</path>
         <kind>archive</kind>
         <file>driverlib.lib</file>
         <name>pwm.obj</name>
      </input_file>
      <input_file id="fl-11">
         <path>C:\ti\TivaWare_C_Series-2.1.2.111\driverlib\ccs\Debug\</path>
         <kind>archive</kind>
         <file>driverlib.lib</file>
         <name>sysctl.obj</name>
      </input_file>
      <input_file id="fl-12">
         <path>C:\ti\TivaWare_C_Series-2.1.2.111\driverlib\ccs\Debug\</path>
         <kind>archive</kind>
         <file>driverlib.lib</file>
         <name>timer.obj</name>
      </input_file>
      <input_file id="fl-13">
         <path>C:\ti\TivaWare_C_Series-2.1.2.111\driverlib\ccs\Debug\</path>
         <kind>archive</kind>
         <file>driverlib.lib</file>
         <name>uart.obj</name>
      </input_file>
      <input_file id="fl-14">
         <path>C:\ti\TivaWare_C_Series-2.1.2.111\driverlib\ccs\Debug\</path>
         <kind>archive</kind>
         <file>driverlib.lib</file>
         <name>cpu.obj</name>
      </input_file>
      <input_file id="fl-15">
         <path>C:\ti\TivaWare_C_Series-2.1.2.111\driverlib\ccs\Debug\</path>
         <kind>archive</kind>
         <file>driverlib.lib</file>
         <name>interrupt.obj</name>
      </input_file>
      <input_file id="fl-137">
         <path>C:\ti\ccsv6\tools\compiler\ti-cgt-arm_5.2.5\lib\</path>
         <kind>archive</kind>
         <file>rtsv7M4_T_le_v4SPD16_eabi.lib</file>
         <name>boot.obj</name>
      </input_file>
      <input_file id="fl-138">
         <path>C:\ti\ccsv6\tools\compiler\ti-cgt-arm_5.2.5\lib\</path>
         <kind>archive</kind>
         <file>rtsv7M4_T_le_v4SPD16_eabi.lib</file>
         <name>copy_decompress_none.obj</name>
      </input_file>
      <input_file id="fl-139">
         <path>C:\ti\ccsv6\tools\compiler\ti-cgt-arm_5.2.5\lib\</path>
         <kind>archive</kind>
         <file>rtsv7M4_T_le_v4SPD16_eabi.lib</file>
         <name>copy_decompress_rle.obj</name>
      </input_file>
      <input_file id="fl-13a">
         <path>C:\ti\ccsv6\tools\compiler\ti-cgt-arm_5.2.5\lib\</path>
         <kind>archive</kind>
         <file>rtsv7M4_T_le_v4SPD16_eabi.lib</file>
         <name>copy_zero_init.obj</name>
      </input_file>
      <input_file id="fl-13b">
         <path>C:\ti\ccsv6\tools\compiler\ti-cgt-arm_5.2.5\lib\</path>
         <kind>archive</kind>
         <file>rtsv7M4_T_le_v4SPD16_eabi.lib</file>
         <name>exit.obj</name>
      </input_file>
      <input_file id="fl-13c">
         <path>C:\ti\ccsv6\tools\compiler\ti-cgt-arm_5.2.5\lib\</path>
         <kind>archive</kind>
         <file>rtsv7M4_T_le_v4SPD16_eabi.lib</file>
         <name>memcpy_t2.obj</name>
      </input_file>
      <input_file id="fl-13d">
         <path>C:\ti\ccsv6\tools\compiler\ti-cgt-arm_5.2.5\lib\</path>
         <kind>archive</kind>
         <file>rtsv7M4_T_le_v4SPD16_eabi.lib</file>
         <name>memset_t2.obj</name>
      </input_file>
      <input_file id="fl-13e">
         <path>C:\ti\ccsv6\tools\compiler\ti-cgt-arm_5.2.5\lib\</path>
         <kind>archive</kind>
         <file>rtsv7M4_T_le_v4SPD16_eabi.lib</file>
         <name>pre_init.obj</name>
      </input_file>
      <input_file id="fl-13f">
         <path>C:\ti\ccsv6\tools\compiler\ti-cgt-arm_5.2.5\lib\</path>
         <kind>archive</kind>
         <file>rtsv7M4_T_le_v4SPD16_eabi.lib</file>
         <name>printf.obj</name>
      </input_file>
      <input_file id="fl-140">
         <path>C:\ti\ccsv6\tools\compiler\ti-cgt-arm_5.2.5\lib\</path>
         <kind>archive</kind>
         <file>rtsv7M4_T_le_v4SPD16_eabi.lib</file>
         <name>stkdepth_vars.obj</name>
      </input_file>
      <input_file id="fl-141">
         <path>C:\ti\ccsv6\tools\compiler\ti-cgt-arm_5.2.5\lib\</path>
         <kind>archive</kind>
         <file>rtsv7M4_T_le_v4SPD16_eabi.lib</file>
         <name>strlen.obj</name>
      </input_file>
      <input_file id="fl-142">
         <path>C:\ti\ccsv6\tools\compiler\ti-cgt-arm_5.2.5\lib\</path>
         <kind>archive</kind>
         <file>rtsv7M4_T_le_v4SPD16_eabi.lib</file>
         <name>_lock.obj</name>
      </input_file>
      <input_file id="fl-143">
         <path>C:\ti\ccsv6\tools\compiler\ti-cgt-arm_5.2.5\lib\</path>
         <kind>archive</kind>
         <file>rtsv7M4_T_le_v4SPD16_eabi.lib</file>
         <name>_printfi.obj</name>
      </input_file>
      <input_file id="fl-144">
         <path>C:\ti\ccsv6\tools\compiler\ti-cgt-arm_5.2.5\lib\</path>
         <kind>archive</kind>
         <file>rtsv7M4_T_le_v4SPD16_eabi.lib</file>
         <name>args_main.obj</name>
      </input_file>
      <input_file id="fl-145">
         <path>C:\ti\ccsv6\tools\compiler\ti-cgt-arm_5.2.5\lib\</path>
         <kind>archive</kind>
         <file>rtsv7M4_T_le_v4SPD16_eabi.lib</file>
         <name>atoi.obj</name>
      </input_file>
      <input_file id="fl-146">
         <path>C:\ti\ccsv6\tools\compiler\ti-cgt-arm_5.2.5\lib\</path>
         <kind>archive</kind>
         <file>rtsv7M4_T_le_v4SPD16_eabi.lib</file>
         <name>autoinit.obj</name>
      </input_file>
      <input_file id="fl-147">
         <path>C:\ti\ccsv6\tools\compiler\ti-cgt-arm_5.2.5\lib\</path>
         <kind>archive</kind>
         <file>rtsv7M4_T_le_v4SPD16_eabi.lib</file>
         <name>cpy_tbl.obj</name>
      </input_file>
      <input_file id="fl-148">
         <path>C:\ti\ccsv6\tools\compiler\ti-cgt-arm_5.2.5\lib\</path>
         <kind>archive</kind>
         <file>rtsv7M4_T_le_v4SPD16_eabi.lib</file>
         <name>ctype.obj</name>
      </input_file>
      <input_file id="fl-149">
         <path>C:\ti\ccsv6\tools\compiler\ti-cgt-arm_5.2.5\lib\</path>
         <kind>archive</kind>
         <file>rtsv7M4_T_le_v4SPD16_eabi.lib</file>
         <name>defs.obj</name>
      </input_file>
      <input_file id="fl-14a">
         <path>C:\ti\ccsv6\tools\compiler\ti-cgt-arm_5.2.5\lib\</path>
         <kind>archive</kind>
         <file>rtsv7M4_T_le_v4SPD16_eabi.lib</file>
         <name>fd_add_t2.obj</name>
      </input_file>
      <input_file id="fl-14b">
         <path>C:\ti\ccsv6\tools\compiler\ti-cgt-arm_5.2.5\lib\</path>
         <kind>archive</kind>
         <file>rtsv7M4_T_le_v4SPD16_eabi.lib</file>
         <name>fd_cmp_t2.obj</name>
      </input_file>
      <input_file id="fl-14c">
         <path>C:\ti\ccsv6\tools\compiler\ti-cgt-arm_5.2.5\lib\</path>
         <kind>archive</kind>
         <file>rtsv7M4_T_le_v4SPD16_eabi.lib</file>
         <name>fd_div_t2.obj</name>
      </input_file>
      <input_file id="fl-14d">
         <path>C:\ti\ccsv6\tools\compiler\ti-cgt-arm_5.2.5\lib\</path>
         <kind>archive</kind>
         <file>rtsv7M4_T_le_v4SPD16_eabi.lib</file>
         <name>fd_mul_t2.obj</name>
      </input_file>
      <input_file id="fl-14e">
         <path>C:\ti\ccsv6\tools\compiler\ti-cgt-arm_5.2.5\lib\</path>
         <kind>archive</kind>
         <file>rtsv7M4_T_le_v4SPD16_eabi.lib</file>
         <name>fd_toi_t2.obj</name>
      </input_file>
      <input_file id="fl-14f">
         <path>C:\ti\ccsv6\tools\compiler\ti-cgt-arm_5.2.5\lib\</path>
         <kind>archive</kind>
         <file>rtsv7M4_T_le_v4SPD16_eabi.lib</file>
         <name>fputc.obj</name>
      </input_file>
      <input_file id="fl-150">
         <path>C:\ti\ccsv6\tools\compiler\ti-cgt-arm_5.2.5\lib\</path>
         <kind>archive</kind>
         <file>rtsv7M4_T_le_v4SPD16_eabi.lib</file>
         <name>fputs.obj</name>
      </input_file>
      <input_file id="fl-151">
         <path>C:\ti\ccsv6\tools\compiler\ti-cgt-arm_5.2.5\lib\</path>
         <kind>archive</kind>
         <file>rtsv7M4_T_le_v4SPD16_eabi.lib</file>
         <name>frexp.obj</name>
      </input_file>
      <input_file id="fl-152">
         <path>C:\ti\ccsv6\tools\compiler\ti-cgt-arm_5.2.5\lib\</path>
         <kind>archive</kind>
         <file>rtsv7M4_T_le_v4SPD16_eabi.lib</file>
         <name>i_tofd_t2.obj</name>
      </input_file>
      <input_file id="fl-153">
         <path>C:\ti\ccsv6\tools\compiler\ti-cgt-arm_5.2.5\lib\</path>
         <kind>archive</kind>
         <file>rtsv7M4_T_le_v4SPD16_eabi.lib</file>
         <name>ldexp.obj</name>
      </input_file>
      <input_file id="fl-154">
         <path>C:\ti\ccsv6\tools\compiler\ti-cgt-arm_5.2.5\lib\</path>
         <kind>archive</kind>
         <file>rtsv7M4_T_le_v4SPD16_eabi.lib</file>
         <name>lowlev.obj</name>
      </input_file>
      <input_file id="fl-155">
         <path>C:\ti\ccsv6\tools\compiler\ti-cgt-arm_5.2.5\lib\</path>
         <kind>archive</kind>
         <file>rtsv7M4_T_le_v4SPD16_eabi.lib</file>
         <name>ltoa.obj</name>
      </input_file>
      <input_file id="fl-156">
         <path>C:\ti\ccsv6\tools\compiler\ti-cgt-arm_5.2.5\lib\</path>
         <kind>archive</kind>
         <file>rtsv7M4_T_le_v4SPD16_eabi.lib</file>
         <name>memccpy.obj</name>
      </input_file>
      <input_file id="fl-157">
         <path>C:\ti\ccsv6\tools\compiler\ti-cgt-arm_5.2.5\lib\</path>
         <kind>archive</kind>
         <file>rtsv7M4_T_le_v4SPD16_eabi.lib</file>
         <name>memchr.obj</name>
      </input_file>
      <input_file id="fl-158">
         <path>C:\ti\ccsv6\tools\compiler\ti-cgt-arm_5.2.5\lib\</path>
         <kind>archive</kind>
         <file>rtsv7M4_T_le_v4SPD16_eabi.lib</file>
         <name>strchr.obj</name>
      </input_file>
      <input_file id="fl-159">
         <path>C:\ti\ccsv6\tools\compiler\ti-cgt-arm_5.2.5\lib\</path>
         <kind>archive</kind>
         <file>rtsv7M4_T_le_v4SPD16_eabi.lib</file>
         <name>strcmp.obj</name>
      </input_file>
      <input_file id="fl-15a">
         <path>C:\ti\ccsv6\tools\compiler\ti-cgt-arm_5.2.5\lib\</path>
         <kind>archive</kind>
         <file>rtsv7M4_T_le_v4SPD16_eabi.lib</file>
         <name>strncpy.obj</name>
      </input_file>
      <input_file id="fl-15b">
         <path>C:\ti\ccsv6\tools\compiler\ti-cgt-arm_5.2.5\lib\</path>
         <kind>archive</kind>
         <file>rtsv7M4_T_le_v4SPD16_eabi.lib</file>
         <name>trgdrv.obj</name>
      </input_file>
      <input_file id="fl-15c">
         <path>C:\ti\ccsv6\tools\compiler\ti-cgt-arm_5.2.5\lib\</path>
         <kind>archive</kind>
         <file>rtsv7M4_T_le_v4SPD16_eabi.lib</file>
         <name>trgmsg.obj</name>
      </input_file>
      <input_file id="fl-15d">
         <path>C:\ti\ccsv6\tools\compiler\ti-cgt-arm_5.2.5\lib\</path>
         <kind>archive</kind>
         <file>rtsv7M4_T_le_v4SPD16_eabi.lib</file>
         <name>ull_div_t2.obj</name>
      </input_file>
      <input_file id="fl-15e">
         <path>C:\ti\ccsv6\tools\compiler\ti-cgt-arm_5.2.5\lib\</path>
         <kind>archive</kind>
         <file>rtsv7M4_T_le_v4SPD16_eabi.lib</file>
         <name>xdclass.obj</name>
      </input_file>
      <input_file id="fl-15f">
         <path>C:\ti\ccsv6\tools\compiler\ti-cgt-arm_5.2.5\lib\</path>
         <kind>archive</kind>
         <file>rtsv7M4_T_le_v4SPD16_eabi.lib</file>
         <name>xdscale.obj</name>
      </input_file>
      <input_file id="fl-160">
         <path>C:\ti\ccsv6\tools\compiler\ti-cgt-arm_5.2.5\lib\</path>
         <kind>archive</kind>
         <file>rtsv7M4_T_le_v4SPD16_eabi.lib</file>
         <name>xdunscal.obj</name>
      </input_file>
      <input_file id="fl-161">
         <path>C:\ti\ccsv6\tools\compiler\ti-cgt-arm_5.2.5\lib\</path>
         <kind>archive</kind>
         <file>rtsv7M4_T_le_v4SPD16_eabi.lib</file>
         <name>xferaise.obj</name>
      </input_file>
      <input_file id="fl-162">
         <path>C:\ti\ccsv6\tools\compiler\ti-cgt-arm_5.2.5\lib\</path>
         <kind>archive</kind>
         <file>rtsv7M4_T_le_v4SPD16_eabi.lib</file>
         <name>xvalues.obj</name>
      </input_file>
      <input_file id="fl-163">
         <path>C:\ti\ccsv6\tools\compiler\ti-cgt-arm_5.2.5\lib\</path>
         <kind>archive</kind>
         <file>rtsv7M4_T_le_v4SPD16_eabi.lib</file>
         <name>_io_perm.obj</name>
      </input_file>
      <input_file id="fl-164">
         <path>C:\ti\ccsv6\tools\compiler\ti-cgt-arm_5.2.5\lib\</path>
         <kind>archive</kind>
         <file>rtsv7M4_T_le_v4SPD16_eabi.lib</file>
         <name>errno.obj</name>
      </input_file>
      <input_file id="fl-165">
         <path>C:\ti\ccsv6\tools\compiler\ti-cgt-arm_5.2.5\lib\</path>
         <kind>archive</kind>
         <file>rtsv7M4_T_le_v4SPD16_eabi.lib</file>
         <name>feraiseexcept.obj</name>
      </input_file>
      <input_file id="fl-166">
         <path>C:\ti\ccsv6\tools\compiler\ti-cgt-arm_5.2.5\lib\</path>
         <kind>archive</kind>
         <file>rtsv7M4_T_le_v4SPD16_eabi.lib</file>
         <name>fflush.obj</name>
      </input_file>
      <input_file id="fl-167">
         <path>C:\ti\ccsv6\tools\compiler\ti-cgt-arm_5.2.5\lib\</path>
         <kind>archive</kind>
         <file>rtsv7M4_T_le_v4SPD16_eabi.lib</file>
         <name>fseek.obj</name>
      </input_file>
      <input_file id="fl-168">
         <path>C:\ti\ccsv6\tools\compiler\ti-cgt-arm_5.2.5\lib\</path>
         <kind>archive</kind>
         <file>rtsv7M4_T_le_v4SPD16_eabi.lib</file>
         <name>raise.obj</name>
      </input_file>
      <input_file id="fl-169">
         <path>C:\ti\ccsv6\tools\compiler\ti-cgt-arm_5.2.5\lib\</path>
         <kind>archive</kind>
         <file>rtsv7M4_T_le_v4SPD16_eabi.lib</file>
         <name>setvbuf.obj</name>
      </input_file>
      <input_file id="fl-16a">
         <path>C:\ti\ccsv6\tools\compiler\ti-cgt-arm_5.2.5\lib\</path>
         <kind>archive</kind>
         <file>rtsv7M4_T_le_v4SPD16_eabi.lib</file>
         <name>signal.obj</name>
      </input_file>
      <input_file id="fl-16b">
         <path>C:\ti\ccsv6\tools\compiler\ti-cgt-arm_5.2.5\lib\</path>
         <kind>archive</kind>
         <file>rtsv7M4_T_le_v4SPD16_eabi.lib</file>
         <name>strcpy.obj</name>
      </input_file>
      <input_file id="fl-16c">
         <path>C:\ti\ccsv6\tools\compiler\ti-cgt-arm_5.2.5\lib\</path>
         <kind>archive</kind>
         <file>rtsv7M4_T_le_v4SPD16_eabi.lib</file>
         <name>xdnorm.obj</name>
      </input_file>
      <input_file id="fl-16d">
         <path>C:\ti\ccsv6\tools\compiler\ti-cgt-arm_5.2.5\lib\</path>
         <kind>archive</kind>
         <file>rtsv7M4_T_le_v4SPD16_eabi.lib</file>
         <name>fopen.obj</name>
      </input_file>
      <input_file id="fl-16e">
         <path>C:\ti\ccsv6\tools\compiler\ti-cgt-arm_5.2.5\lib\</path>
         <kind>archive</kind>
         <file>rtsv7M4_T_le_v4SPD16_eabi.lib</file>
         <name>memory.obj</name>
      </input_file>
      <input_file id="fl-16f">
         <path>C:\ti\ccsv6\tools\compiler\ti-cgt-arm_5.2.5\lib\</path>
         <kind>archive</kind>
         <file>rtsv7M4_T_le_v4SPD16_eabi.lib</file>
         <name>fclose.obj</name>
      </input_file>
      <input_file id="fl-170">
         <path>C:\ti\ccsv6\tools\compiler\ti-cgt-arm_5.2.5\lib\</path>
         <kind>archive</kind>
         <file>rtsv7M4_T_le_v4SPD16_eabi.lib</file>
         <name>remove.obj</name>
      </input_file>
   </input_file_list>
   <object_component_list>
      <object_component id="oc-f">
         <name>.intvecs</name>
         <load_address>0x0</load_address>
         <run_address>0x0</run_address>
         <size>0x26c</size>
         <input_file_ref idref="fl-9"/>
      </object_component>
      <object_component id="oc-13f">
         <name>.text</name>
         <load_address>0x26c</load_address>
         <run_address>0x26c</run_address>
         <size>0x10ba</size>
         <input_file_ref idref="fl-143"/>
      </object_component>
      <object_component id="oc-33">
         <name>.text</name>
         <load_address>0x1328</load_address>
         <run_address>0x1328</run_address>
         <size>0x574</size>
         <input_file_ref idref="fl-6"/>
      </object_component>
      <object_component id="oc-bb">
         <name>.text</name>
         <load_address>0x189c</load_address>
         <run_address>0x189c</run_address>
         <size>0x4c0</size>
         <input_file_ref idref="fl-7"/>
      </object_component>
      <object_component id="oc-2db">
         <name>.text</name>
         <load_address>0x1d5c</load_address>
         <run_address>0x1d5c</run_address>
         <size>0x3dc</size>
         <input_file_ref idref="fl-16e"/>
      </object_component>
      <object_component id="oc-1c9">
         <name>.text</name>
         <load_address>0x2138</load_address>
         <run_address>0x2138</run_address>
         <size>0x30c</size>
         <input_file_ref idref="fl-154"/>
      </object_component>
      <object_component id="oc-2f8">
         <name>.text</name>
         <load_address>0x2444</load_address>
         <run_address>0x2444</run_address>
         <size>0x2d4</size>
         <input_file_ref idref="fl-15b"/>
      </object_component>
      <object_component id="oc-b5">
         <name>.text</name>
         <load_address>0x2718</load_address>
         <run_address>0x2718</run_address>
         <size>0x25c</size>
         <input_file_ref idref="fl-8"/>
      </object_component>
      <object_component id="oc-c1">
         <name>.text</name>
         <load_address>0x2974</load_address>
         <run_address>0x2974</run_address>
         <size>0x1fc</size>
         <input_file_ref idref="fl-5"/>
      </object_component>
      <object_component id="oc-1d9">
         <name>.text</name>
         <load_address>0x2b70</load_address>
         <run_address>0x2b70</run_address>
         <size>0x1f4</size>
         <input_file_ref idref="fl-15d"/>
      </object_component>
      <object_component id="oc-2e1">
         <name>.text</name>
         <load_address>0x2d64</load_address>
         <run_address>0x2d64</run_address>
         <size>0x1c4</size>
         <input_file_ref idref="fl-16d"/>
      </object_component>
      <object_component id="oc-af">
         <name>.text</name>
         <load_address>0x2f28</load_address>
         <run_address>0x2f28</run_address>
         <size>0x1c0</size>
         <input_file_ref idref="fl-a"/>
      </object_component>
      <object_component id="oc-202">
         <name>.text</name>
         <load_address>0x30e8</load_address>
         <run_address>0x30e8</run_address>
         <size>0x1b6</size>
         <input_file_ref idref="fl-14a"/>
      </object_component>
      <object_component id="oc-d0">
         <name>.text</name>
         <load_address>0x32a0</load_address>
         <run_address>0x32a0</run_address>
         <size>0x164</size>
         <input_file_ref idref="fl-4"/>
      </object_component>
      <object_component id="oc-1e8">
         <name>.text</name>
         <load_address>0x3404</load_address>
         <run_address>0x3404</run_address>
         <size>0x136</size>
         <input_file_ref idref="fl-14c"/>
      </object_component>
      <object_component id="oc-139">
         <name>.text</name>
         <load_address>0x353c</load_address>
         <run_address>0x353c</run_address>
         <size>0x134</size>
         <input_file_ref idref="fl-150"/>
      </object_component>
      <object_component id="oc-d6">
         <name>.text:SysCtlClockGet</name>
         <load_address>0x3670</load_address>
         <run_address>0x3670</run_address>
         <size>0x110</size>
         <input_file_ref idref="fl-11"/>
      </object_component>
      <object_component id="oc-2ac">
         <name>.text</name>
         <load_address>0x3780</load_address>
         <run_address>0x3780</run_address>
         <size>0x110</size>
         <input_file_ref idref="fl-15f"/>
      </object_component>
      <object_component id="oc-1e3">
         <name>.text</name>
         <load_address>0x3890</load_address>
         <run_address>0x3890</run_address>
         <size>0xfc</size>
         <input_file_ref idref="fl-14d"/>
      </object_component>
      <object_component id="oc-270">
         <name>.text</name>
         <load_address>0x398c</load_address>
         <run_address>0x398c</run_address>
         <size>0xdc</size>
         <input_file_ref idref="fl-169"/>
      </object_component>
      <object_component id="oc-1c3">
         <name>.text</name>
         <load_address>0x3a68</load_address>
         <run_address>0x3a68</run_address>
         <size>0xc8</size>
         <input_file_ref idref="fl-166"/>
      </object_component>
      <object_component id="oc-30b">
         <name>.text</name>
         <load_address>0x3b30</load_address>
         <run_address>0x3b30</run_address>
         <size>0xbe</size>
         <input_file_ref idref="fl-16c"/>
      </object_component>
      <object_component id="oc-1bd">
         <name>.text</name>
         <load_address>0x3bee</load_address>
         <run_address>0x3bee</run_address>
         <size>0xac</size>
         <input_file_ref idref="fl-163"/>
      </object_component>
      <object_component id="oc-88">
         <name>.text</name>
         <load_address>0x3c9a</load_address>
         <run_address>0x3c9a</run_address>
         <size>0xa2</size>
         <input_file_ref idref="fl-3"/>
      </object_component>
      <object_component id="oc-3c">
         <name>.text</name>
         <load_address>0x3d3c</load_address>
         <run_address>0x3d3c</run_address>
         <size>0x9c</size>
         <input_file_ref idref="fl-13c"/>
      </object_component>
      <object_component id="oc-337">
         <name>.text</name>
         <load_address>0x3dd8</load_address>
         <run_address>0x3dd8</run_address>
         <size>0x98</size>
         <input_file_ref idref="fl-16f"/>
      </object_component>
      <object_component id="oc-133">
         <name>.text</name>
         <load_address>0x3e70</load_address>
         <run_address>0x3e70</run_address>
         <size>0x98</size>
         <input_file_ref idref="fl-14f"/>
      </object_component>
      <object_component id="oc-1de">
         <name>.text:__aeabi_cdcmple</name>
         <load_address>0x3f08</load_address>
         <run_address>0x3f08</run_address>
         <size>0x86</size>
         <input_file_ref idref="fl-14b"/>
      </object_component>
      <object_component id="oc-1ed">
         <name>.text:__aeabi_cdrcmple</name>
         <load_address>0x3f8e</load_address>
         <run_address>0x3f8e</run_address>
         <size>0x86</size>
         <input_file_ref idref="fl-14b"/>
      </object_component>
      <object_component id="oc-55">
         <name>.text</name>
         <load_address>0x4014</load_address>
         <run_address>0x4014</run_address>
         <size>0x7a</size>
         <input_file_ref idref="fl-13d"/>
      </object_component>
      <object_component id="oc-ca">
         <name>.text</name>
         <load_address>0x4090</load_address>
         <run_address>0x4090</run_address>
         <size>0x78</size>
         <input_file_ref idref="fl-2"/>
      </object_component>
      <object_component id="oc-8e">
         <name>.text</name>
         <load_address>0x4108</load_address>
         <run_address>0x4108</run_address>
         <size>0x70</size>
         <input_file_ref idref="fl-13f"/>
      </object_component>
      <object_component id="oc-67">
         <name>.text</name>
         <load_address>0x4178</load_address>
         <run_address>0x4178</run_address>
         <size>0x6c</size>
         <input_file_ref idref="fl-146"/>
      </object_component>
      <object_component id="oc-48">
         <name>.text</name>
         <load_address>0x41e4</load_address>
         <run_address>0x41e4</run_address>
         <size>0x6a</size>
         <input_file_ref idref="fl-139"/>
      </object_component>
      <object_component id="oc-346">
         <name>.text</name>
         <load_address>0x4250</load_address>
         <run_address>0x4250</run_address>
         <size>0x68</size>
         <input_file_ref idref="fl-15c"/>
      </object_component>
      <object_component id="oc-2a4">
         <name>.text</name>
         <load_address>0x42b8</load_address>
         <run_address>0x42b8</run_address>
         <size>0x66</size>
         <input_file_ref idref="fl-160"/>
      </object_component>
      <object_component id="oc-26a">
         <name>.text</name>
         <load_address>0x4320</load_address>
         <run_address>0x4320</run_address>
         <size>0x64</size>
         <input_file_ref idref="fl-167"/>
      </object_component>
      <object_component id="oc-1f7">
         <name>.text</name>
         <load_address>0x4384</load_address>
         <run_address>0x4384</run_address>
         <size>0x56</size>
         <input_file_ref idref="fl-155"/>
      </object_component>
      <object_component id="oc-20d">
         <name>.text</name>
         <load_address>0x43da</load_address>
         <run_address>0x43da</run_address>
         <size>0x52</size>
         <input_file_ref idref="fl-153"/>
      </object_component>
      <object_component id="oc-24">
         <name>.text</name>
         <load_address>0x442c</load_address>
         <run_address>0x442c</run_address>
         <size>0x50</size>
         <input_file_ref idref="fl-137"/>
      </object_component>
      <object_component id="oc-225">
         <name>.text</name>
         <load_address>0x447c</load_address>
         <run_address>0x447c</run_address>
         <size>0x4c</size>
         <input_file_ref idref="fl-145"/>
      </object_component>
      <object_component id="oc-10e">
         <name>.text</name>
         <load_address>0x44c8</load_address>
         <run_address>0x44c8</run_address>
         <size>0x4c</size>
         <input_file_ref idref="fl-147"/>
      </object_component>
      <object_component id="oc-1f2">
         <name>.text</name>
         <load_address>0x4514</load_address>
         <run_address>0x4514</run_address>
         <size>0x48</size>
         <input_file_ref idref="fl-14e"/>
      </object_component>
      <object_component id="oc-73">
         <name>.text</name>
         <load_address>0x455c</load_address>
         <run_address>0x455c</run_address>
         <size>0x44</size>
         <input_file_ref idref="fl-13b"/>
      </object_component>
      <object_component id="oc-38a">
         <name>.text</name>
         <load_address>0x45a0</load_address>
         <run_address>0x45a0</run_address>
         <size>0x40</size>
         <input_file_ref idref="fl-16a"/>
      </object_component>
      <object_component id="oc-31a">
         <name>.text</name>
         <load_address>0x45e0</load_address>
         <run_address>0x45e0</run_address>
         <size>0x34</size>
         <input_file_ref idref="fl-165"/>
      </object_component>
      <object_component id="oc-283">
         <name>.text</name>
         <load_address>0x4614</load_address>
         <run_address>0x4614</run_address>
         <size>0x30</size>
         <input_file_ref idref="fl-15a"/>
      </object_component>
      <object_component id="oc-219">
         <name>.text</name>
         <load_address>0x4644</load_address>
         <run_address>0x4644</run_address>
         <size>0x30</size>
         <input_file_ref idref="fl-15e"/>
      </object_component>
      <object_component id="oc-2b2">
         <name>.text</name>
         <load_address>0x4674</load_address>
         <run_address>0x4674</run_address>
         <size>0x30</size>
         <input_file_ref idref="fl-161"/>
      </object_component>
      <object_component id="oc-1fd">
         <name>.text</name>
         <load_address>0x46a4</load_address>
         <run_address>0x46a4</run_address>
         <size>0x2e</size>
         <input_file_ref idref="fl-152"/>
      </object_component>
      <object_component id="oc-368">
         <name>.text</name>
         <load_address>0x46d2</load_address>
         <run_address>0x46d2</run_address>
         <size>0x2e</size>
         <input_file_ref idref="fl-168"/>
      </object_component>
      <object_component id="oc-207">
         <name>.text</name>
         <load_address>0x4700</load_address>
         <run_address>0x4700</run_address>
         <size>0x2a</size>
         <input_file_ref idref="fl-151"/>
      </object_component>
      <object_component id="oc-165">
         <name>.text:PWMGenConfigure</name>
         <load_address>0x472a</load_address>
         <run_address>0x472a</run_address>
         <size>0x22</size>
         <input_file_ref idref="fl-10"/>
      </object_component>
      <object_component id="oc-1d1">
         <name>.text</name>
         <load_address>0x474c</load_address>
         <run_address>0x474c</run_address>
         <size>0x20</size>
         <input_file_ref idref="fl-157"/>
      </object_component>
      <object_component id="oc-21f">
         <name>.text</name>
         <load_address>0x476c</load_address>
         <run_address>0x476c</run_address>
         <size>0x1c</size>
         <input_file_ref idref="fl-156"/>
      </object_component>
      <object_component id="oc-6d">
         <name>.text</name>
         <load_address>0x4788</load_address>
         <run_address>0x4788</run_address>
         <size>0x18</size>
         <input_file_ref idref="fl-144"/>
      </object_component>
      <object_component id="oc-27d">
         <name>.text</name>
         <load_address>0x47a0</load_address>
         <run_address>0x47a0</run_address>
         <size>0x18</size>
         <input_file_ref idref="fl-159"/>
      </object_component>
      <object_component id="oc-213">
         <name>.text</name>
         <load_address>0x47b8</load_address>
         <run_address>0x47b8</run_address>
         <size>0x16</size>
         <input_file_ref idref="fl-158"/>
      </object_component>
      <object_component id="oc-1ab">
         <name>.text</name>
         <load_address>0x47d0</load_address>
         <run_address>0x47d0</run_address>
         <size>0x14</size>
         <input_file_ref idref="fl-142"/>
      </object_component>
      <object_component id="oc-34c">
         <name>.text</name>
         <load_address>0x47e4</load_address>
         <run_address>0x47e4</run_address>
         <size>0x14</size>
         <input_file_ref idref="fl-16b"/>
      </object_component>
      <object_component id="oc-156">
         <name>.text</name>
         <load_address>0x47f8</load_address>
         <run_address>0x47f8</run_address>
         <size>0x14</size>
         <input_file_ref idref="fl-141"/>
      </object_component>
      <object_component id="oc-16b">
         <name>.text:PWMGenPeriodSet</name>
         <load_address>0x480c</load_address>
         <run_address>0x480c</run_address>
         <size>0x10</size>
         <input_file_ref idref="fl-10"/>
      </object_component>
      <object_component id="oc-a0">
         <name>.text:UARTCharGetNonBlocking</name>
         <load_address>0x481c</load_address>
         <run_address>0x481c</run_address>
         <size>0xe</size>
         <input_file_ref idref="fl-13"/>
      </object_component>
      <object_component id="oc-15c">
         <name>.text:UARTCharPutNonBlocking</name>
         <load_address>0x482a</load_address>
         <run_address>0x482a</run_address>
         <size>0xe</size>
         <input_file_ref idref="fl-13"/>
      </object_component>
      <object_component id="oc-a6">
         <name>.text:UARTCharsAvail</name>
         <load_address>0x4838</load_address>
         <run_address>0x4838</run_address>
         <size>0xe</size>
         <input_file_ref idref="fl-13"/>
      </object_component>
      <object_component id="oc-12">
         <name>.text:decompress:none</name>
         <load_address>0x4846</load_address>
         <run_address>0x4846</run_address>
         <size>0xe</size>
         <input_file_ref idref="fl-138"/>
      </object_component>
      <object_component id="oc-1e">
         <name>.text:decompress:ZI</name>
         <load_address>0x4854</load_address>
         <run_address>0x4854</run_address>
         <size>0xc</size>
         <input_file_ref idref="fl-13a"/>
      </object_component>
      <object_component id="oc-2d">
         <name>.text</name>
         <load_address>0x4860</load_address>
         <run_address>0x4860</run_address>
         <size>0xc</size>
         <input_file_ref idref="fl-9"/>
      </object_component>
      <object_component id="oc-dd">
         <name>.text:UARTCharPut</name>
         <load_address>0x486c</load_address>
         <run_address>0x486c</run_address>
         <size>0xa</size>
         <input_file_ref idref="fl-13"/>
      </object_component>
      <object_component id="oc-94">
         <name>.text:UARTIntStatus</name>
         <load_address>0x4876</load_address>
         <run_address>0x4876</run_address>
         <size>0xa</size>
         <input_file_ref idref="fl-13"/>
      </object_component>
      <object_component id="oc-dc">
         <name>.text:SysCtlDelay</name>
         <load_address>0x4880</load_address>
         <run_address>0x4880</run_address>
         <size>0x6</size>
         <input_file_ref idref="fl-11"/>
      </object_component>
      <object_component id="oc-18">
         <name>.text:decompress:rle24</name>
         <load_address>0x4886</load_address>
         <run_address>0x4886</run_address>
         <size>0x6</size>
         <input_file_ref idref="fl-139"/>
      </object_component>
      <object_component id="oc-82">
         <name>.text:TimerIntClear</name>
         <load_address>0x488c</load_address>
         <run_address>0x488c</run_address>
         <size>0x4</size>
         <input_file_ref idref="fl-12"/>
      </object_component>
      <object_component id="oc-9a">
         <name>.text:UARTIntClear</name>
         <load_address>0x4890</load_address>
         <run_address>0x4890</run_address>
         <size>0x4</size>
         <input_file_ref idref="fl-13"/>
      </object_component>
      <object_component id="oc-61">
         <name>.text</name>
         <load_address>0x4894</load_address>
         <run_address>0x4894</run_address>
         <size>0x4</size>
         <input_file_ref idref="fl-13e"/>
      </object_component>
      <object_component id="oc-2c0">
         <name>.const:.string:_ctypes_</name>
         <load_address>0x4898</load_address>
         <run_address>0x4898</run_address>
         <size>0x101</size>
         <input_file_ref idref="fl-148"/>
      </object_component>
      <object_component id="oc-188">
         <name>.const:g_pui32Xtals</name>
         <load_address>0x499c</load_address>
         <run_address>0x499c</run_address>
         <size>0x6c</size>
         <input_file_ref idref="fl-11"/>
      </object_component>
      <object_component id="oc-3da">
         <name>.cinit..data.load</name>
         <load_address>0x4a08</load_address>
         <run_address>0x4a08</run_address>
         <size>0xa7</size>
      </object_component>
      <object_component id="oc-3d8">
         <name>__TI_handler_table</name>
         <load_address>0x4ab0</load_address>
         <run_address>0x4ab0</run_address>
         <size>0xc</size>
      </object_component>
      <object_component id="oc-3db">
         <name>.cinit..bss.load</name>
         <load_address>0x4ac0</load_address>
         <run_address>0x4ac0</run_address>
         <size>0x8</size>
      </object_component>
      <object_component id="oc-3d9">
         <name>__TI_cinit_table</name>
         <load_address>0x4ac8</load_address>
         <run_address>0x4ac8</run_address>
         <size>0x10</size>
      </object_component>
      <object_component id="oc-2a">
         <name>.sysmem</name>
         <uninitialized>true</uninitialized>
         <run_address>0x20000000</run_address>
         <size>0x8</size>
         <input_file_ref idref="fl-16e"/>
      </object_component>
      <object_component id="oc-3dd">
         <name>.sysmem</name>
         <uninitialized>true</uninitialized>
         <run_address>0x20000000</run_address>
         <size>0x0</size>
      </object_component>
      <object_component id="oc-29">
         <name>.stack</name>
         <uninitialized>true</uninitialized>
         <run_address>0x20000d48</run_address>
         <size>0x0</size>
         <input_file_ref idref="fl-137"/>
      </object_component>
      <object_component id="oc-3dc">
         <name>.stack</name>
         <uninitialized>true</uninitialized>
         <run_address>0x20000d48</run_address>
         <size>0x0</size>
      </object_component>
      <object_component id="oc-e3">
         <name>.bss:data</name>
         <uninitialized>true</uninitialized>
         <run_address>0x20000cc4</run_address>
         <size>0x40</size>
         <input_file_ref idref="fl-6"/>
      </object_component>
      <object_component id="oc-ac">
         <name>.bss:accel</name>
         <uninitialized>true</uninitialized>
         <run_address>0x20000d04</run_address>
         <size>0x24</size>
         <input_file_ref idref="fl-6"/>
      </object_component>
      <object_component id="oc-378">
         <name>.bss:__TI_tmpnams</name>
         <uninitialized>true</uninitialized>
         <run_address>0x20000c24</run_address>
         <size>0xa0</size>
         <input_file_ref idref="fl-149"/>
      </object_component>
      <object_component id="oc-37f">
         <name>.bss:__CIOBUF_</name>
         <uninitialized>true</uninitialized>
         <run_address>0x20000b04</run_address>
         <size>0x120</size>
         <input_file_ref idref="fl-15c"/>
      </object_component>
      <object_component id="oc-17b">
         <name>.common:ui32Load</name>
         <uninitialized>true</uninitialized>
         <run_address>0x20000d34</run_address>
         <size>0x4</size>
      </object_component>
      <object_component id="oc-17a">
         <name>.common:ui32PWMClock</name>
         <uninitialized>true</uninitialized>
         <run_address>0x20000d38</run_address>
         <size>0x4</size>
      </object_component>
      <object_component id="oc-171">
         <name>.common:ui8Adjust</name>
         <uninitialized>true</uninitialized>
         <run_address>0x20000d3e</run_address>
         <size>0x2</size>
      </object_component>
      <object_component id="oc-182">
         <name>.common:brightness</name>
         <uninitialized>true</uninitialized>
         <run_address>0x20000d30</run_address>
         <size>0x4</size>
      </object_component>
      <object_component id="oc-181">
         <name>.common:lightlevel</name>
         <uninitialized>true</uninitialized>
         <run_address>0x20000d3c</run_address>
         <size>0x2</size>
      </object_component>
      <object_component id="oc-17e">
         <name>.common:ui8PulseAdjust_1</name>
         <uninitialized>true</uninitialized>
         <run_address>0x20000d40</run_address>
         <size>0x2</size>
      </object_component>
      <object_component id="oc-17f">
         <name>.common:ui8PulseAdjust_2</name>
         <uninitialized>true</uninitialized>
         <run_address>0x20000d42</run_address>
         <size>0x2</size>
      </object_component>
      <object_component id="oc-17d">
         <name>.common:ui8PulseAdjust_3</name>
         <uninitialized>true</uninitialized>
         <run_address>0x20000d44</run_address>
         <size>0x2</size>
      </object_component>
      <object_component id="oc-352">
         <name>.common:parmbuf</name>
         <uninitialized>true</uninitialized>
         <run_address>0x20000d28</run_address>
         <size>0x8</size>
      </object_component>
      <object_component id="oc-c7">
         <name>.data</name>
         <load_address>0x20000b00</load_address>
         <run_address>0x20000b00</run_address>
         <size>0x2</size>
         <input_file_ref idref="fl-6"/>
      </object_component>
      <object_component id="oc-11b">
         <name>.data</name>
         <load_address>0x20000ae4</load_address>
         <run_address>0x20000ae4</run_address>
         <size>0x8</size>
         <input_file_ref idref="fl-13b"/>
      </object_component>
      <object_component id="oc-79">
         <name>.data</name>
         <load_address>0x20000afc</load_address>
         <run_address>0x20000afc</run_address>
         <size>0x4</size>
         <input_file_ref idref="fl-140"/>
      </object_component>
      <object_component id="oc-118">
         <name>.data</name>
         <load_address>0x20000adc</load_address>
         <run_address>0x20000adc</run_address>
         <size>0x8</size>
         <input_file_ref idref="fl-142"/>
      </object_component>
      <object_component id="oc-145">
         <name>.data:_ftable</name>
         <load_address>0x200007d0</load_address>
         <run_address>0x200007d0</run_address>
         <size>0xf0</size>
         <input_file_ref idref="fl-149"/>
      </object_component>
      <object_component id="oc-278">
         <name>.data</name>
         <load_address>0x20000ac0</load_address>
         <run_address>0x20000ac0</run_address>
         <size>0x10</size>
         <input_file_ref idref="fl-149"/>
      </object_component>
      <object_component id="oc-289">
         <name>.data</name>
         <load_address>0x200008c0</load_address>
         <run_address>0x200008c0</run_address>
         <size>0xd0</size>
         <input_file_ref idref="fl-154"/>
      </object_component>
      <object_component id="oc-315">
         <name>.data</name>
         <load_address>0x20000a40</load_address>
         <run_address>0x20000a40</run_address>
         <size>0x80</size>
         <input_file_ref idref="fl-162"/>
      </object_component>
      <object_component id="oc-320">
         <name>.data</name>
         <load_address>0x20000af4</load_address>
         <run_address>0x20000af4</run_address>
         <size>0x4</size>
         <input_file_ref idref="fl-164"/>
      </object_component>
      <object_component id="oc-36e">
         <name>.data</name>
         <load_address>0x20000aec</load_address>
         <run_address>0x20000aec</run_address>
         <size>0x8</size>
         <input_file_ref idref="fl-165"/>
      </object_component>
      <object_component id="oc-3a5">
         <name>.data:sigtable</name>
         <load_address>0x20000990</load_address>
         <run_address>0x20000990</run_address>
         <size>0xb0</size>
         <input_file_ref idref="fl-16a"/>
      </object_component>
      <object_component id="oc-33d">
         <name>.data</name>
         <load_address>0x20000af8</load_address>
         <run_address>0x20000af8</run_address>
         <size>0x4</size>
         <input_file_ref idref="fl-16d"/>
      </object_component>
      <object_component id="oc-333">
         <name>.data</name>
         <load_address>0x20000ad0</load_address>
         <run_address>0x20000ad0</run_address>
         <size>0xc</size>
         <input_file_ref idref="fl-16e"/>
      </object_component>
      <object_component id="oc-172">
         <name>.debug_info</name>
         <load_address>0x0</load_address>
         <run_address>0x0</run_address>
         <size>0x133</size>
         <input_file_ref idref="fl-2"/>
      </object_component>
      <object_component id="oc-cb">
         <name>.debug_info</name>
         <load_address>0x133</load_address>
         <run_address>0x133</run_address>
         <size>0x145</size>
         <input_file_ref idref="fl-2"/>
      </object_component>
      <object_component id="oc-24d">
         <name>.debug_info</name>
         <load_address>0x278</load_address>
         <run_address>0x278</run_address>
         <size>0xc8</size>
         <input_file_ref idref="fl-2"/>
      </object_component>
      <object_component id="oc-f5">
         <name>.debug_info</name>
         <load_address>0x340</load_address>
         <run_address>0x340</run_address>
         <size>0x84</size>
         <input_file_ref idref="fl-2"/>
      </object_component>
      <object_component id="oc-e7">
         <name>.debug_info</name>
         <load_address>0x3c4</load_address>
         <run_address>0x3c4</run_address>
         <size>0x18b</size>
         <input_file_ref idref="fl-2"/>
      </object_component>
      <object_component id="oc-14a">
         <name>.debug_info</name>
         <load_address>0x54f</load_address>
         <run_address>0x54f</run_address>
         <size>0x4e</size>
         <input_file_ref idref="fl-2"/>
      </object_component>
      <object_component id="oc-132">
         <name>.debug_info</name>
         <load_address>0x59d</load_address>
         <run_address>0x59d</run_address>
         <size>0x14a</size>
         <input_file_ref idref="fl-3"/>
      </object_component>
      <object_component id="oc-89">
         <name>.debug_info</name>
         <load_address>0x6e7</load_address>
         <run_address>0x6e7</run_address>
         <size>0x3b9</size>
         <input_file_ref idref="fl-3"/>
      </object_component>
      <object_component id="oc-191">
         <name>.debug_info</name>
         <load_address>0xaa0</load_address>
         <run_address>0xaa0</run_address>
         <size>0xee</size>
         <input_file_ref idref="fl-3"/>
      </object_component>
      <object_component id="oc-d1">
         <name>.debug_info</name>
         <load_address>0xb8e</load_address>
         <run_address>0xb8e</run_address>
         <size>0x316</size>
         <input_file_ref idref="fl-4"/>
      </object_component>
      <object_component id="oc-174">
         <name>.debug_info</name>
         <load_address>0xea4</load_address>
         <run_address>0xea4</run_address>
         <size>0x219</size>
         <input_file_ref idref="fl-5"/>
      </object_component>
      <object_component id="oc-c2">
         <name>.debug_info</name>
         <load_address>0x10bd</load_address>
         <run_address>0x10bd</run_address>
         <size>0x2a1</size>
         <input_file_ref idref="fl-5"/>
      </object_component>
      <object_component id="oc-ec">
         <name>.debug_info</name>
         <load_address>0x135e</load_address>
         <run_address>0x135e</run_address>
         <size>0x8b</size>
         <input_file_ref idref="fl-5"/>
      </object_component>
      <object_component id="oc-f1">
         <name>.debug_info</name>
         <load_address>0x13e9</load_address>
         <run_address>0x13e9</run_address>
         <size>0x61d</size>
         <input_file_ref idref="fl-6"/>
      </object_component>
      <object_component id="oc-e4">
         <name>.debug_info</name>
         <load_address>0x1a06</load_address>
         <run_address>0x1a06</run_address>
         <size>0xc1</size>
         <input_file_ref idref="fl-6"/>
      </object_component>
      <object_component id="oc-c8">
         <name>.debug_info</name>
         <load_address>0x1ac7</load_address>
         <run_address>0x1ac7</run_address>
         <size>0xc3</size>
         <input_file_ref idref="fl-6"/>
      </object_component>
      <object_component id="oc-ad">
         <name>.debug_info</name>
         <load_address>0x1b8a</load_address>
         <run_address>0x1b8a</run_address>
         <size>0xc4</size>
         <input_file_ref idref="fl-6"/>
      </object_component>
      <object_component id="oc-34">
         <name>.debug_info</name>
         <load_address>0x1c4e</load_address>
         <run_address>0x1c4e</run_address>
         <size>0x74a</size>
         <input_file_ref idref="fl-6"/>
      </object_component>
      <object_component id="oc-176">
         <name>.debug_info</name>
         <load_address>0x2398</load_address>
         <run_address>0x2398</run_address>
         <size>0x264</size>
         <input_file_ref idref="fl-7"/>
      </object_component>
      <object_component id="oc-bc">
         <name>.debug_info</name>
         <load_address>0x25fc</load_address>
         <run_address>0x25fc</run_address>
         <size>0x391</size>
         <input_file_ref idref="fl-7"/>
      </object_component>
      <object_component id="oc-178">
         <name>.debug_info</name>
         <load_address>0x298d</load_address>
         <run_address>0x298d</run_address>
         <size>0x1d7</size>
         <input_file_ref idref="fl-8"/>
      </object_component>
      <object_component id="oc-b6">
         <name>.debug_info</name>
         <load_address>0x2b64</load_address>
         <run_address>0x2b64</run_address>
         <size>0x3a2</size>
         <input_file_ref idref="fl-8"/>
      </object_component>
      <object_component id="oc-3b">
         <name>.debug_info</name>
         <load_address>0x2f06</load_address>
         <run_address>0x2f06</run_address>
         <size>0x175</size>
         <input_file_ref idref="fl-9"/>
      </object_component>
      <object_component id="oc-10">
         <name>.debug_info</name>
         <load_address>0x307b</load_address>
         <run_address>0x307b</run_address>
         <size>0xe6</size>
         <input_file_ref idref="fl-9"/>
      </object_component>
      <object_component id="oc-2e">
         <name>.debug_info</name>
         <load_address>0x3161</load_address>
         <run_address>0x3161</run_address>
         <size>0x25f</size>
         <input_file_ref idref="fl-9"/>
      </object_component>
      <object_component id="oc-163">
         <name>.debug_info</name>
         <load_address>0x33c0</load_address>
         <run_address>0x33c0</run_address>
         <size>0x22f</size>
         <input_file_ref idref="fl-a"/>
      </object_component>
      <object_component id="oc-b0">
         <name>.debug_info</name>
         <load_address>0x35ef</load_address>
         <run_address>0x35ef</run_address>
         <size>0x30f</size>
         <input_file_ref idref="fl-a"/>
      </object_component>
      <object_component id="oc-253">
         <name>.debug_info</name>
         <load_address>0x38fe</load_address>
         <run_address>0x38fe</run_address>
         <size>0x1ed</size>
         <input_file_ref idref="fl-10"/>
      </object_component>
      <object_component id="oc-16f">
         <name>.debug_info</name>
         <load_address>0x3aeb</load_address>
         <run_address>0x3aeb</run_address>
         <size>0x2b6</size>
         <input_file_ref idref="fl-10"/>
      </object_component>
      <object_component id="oc-167">
         <name>.debug_info</name>
         <load_address>0x3da1</load_address>
         <run_address>0x3da1</run_address>
         <size>0x2b3</size>
         <input_file_ref idref="fl-10"/>
      </object_component>
      <object_component id="oc-25f">
         <name>.debug_info</name>
         <load_address>0x4054</load_address>
         <run_address>0x4054</run_address>
         <size>0x27f</size>
         <input_file_ref idref="fl-11"/>
      </object_component>
      <object_component id="oc-189">
         <name>.debug_info</name>
         <load_address>0x42d3</load_address>
         <run_address>0x42d3</run_address>
         <size>0x14d</size>
         <input_file_ref idref="fl-11"/>
      </object_component>
      <object_component id="oc-d7">
         <name>.debug_info</name>
         <load_address>0x4420</load_address>
         <run_address>0x4420</run_address>
         <size>0x2b5</size>
         <input_file_ref idref="fl-11"/>
      </object_component>
      <object_component id="oc-2d4">
         <name>.debug_info</name>
         <load_address>0x46d5</load_address>
         <run_address>0x46d5</run_address>
         <size>0x5f</size>
         <input_file_ref idref="fl-11"/>
      </object_component>
      <object_component id="oc-130">
         <name>.debug_info</name>
         <load_address>0x4734</load_address>
         <run_address>0x4734</run_address>
         <size>0x223</size>
         <input_file_ref idref="fl-12"/>
      </object_component>
      <object_component id="oc-84">
         <name>.debug_info</name>
         <load_address>0x4957</load_address>
         <run_address>0x4957</run_address>
         <size>0x292</size>
         <input_file_ref idref="fl-12"/>
      </object_component>
      <object_component id="oc-150">
         <name>.debug_info</name>
         <load_address>0x4be9</load_address>
         <run_address>0x4be9</run_address>
         <size>0x227</size>
         <input_file_ref idref="fl-13"/>
      </object_component>
      <object_component id="oc-95">
         <name>.debug_info</name>
         <load_address>0x4e10</load_address>
         <run_address>0x4e10</run_address>
         <size>0x27f</size>
         <input_file_ref idref="fl-13"/>
      </object_component>
      <object_component id="oc-9b">
         <name>.debug_info</name>
         <load_address>0x508f</load_address>
         <run_address>0x508f</run_address>
         <size>0x28d</size>
         <input_file_ref idref="fl-13"/>
      </object_component>
      <object_component id="oc-a7">
         <name>.debug_info</name>
         <load_address>0x531c</load_address>
         <run_address>0x531c</run_address>
         <size>0x253</size>
         <input_file_ref idref="fl-13"/>
      </object_component>
      <object_component id="oc-15d">
         <name>.debug_info</name>
         <load_address>0x556f</load_address>
         <run_address>0x556f</run_address>
         <size>0x28d</size>
         <input_file_ref idref="fl-13"/>
      </object_component>
      <object_component id="oc-de">
         <name>.debug_info</name>
         <load_address>0x57fc</load_address>
         <run_address>0x57fc</run_address>
         <size>0x273</size>
         <input_file_ref idref="fl-13"/>
      </object_component>
      <object_component id="oc-a1">
         <name>.debug_info</name>
         <load_address>0x5a6f</load_address>
         <run_address>0x5a6f</run_address>
         <size>0x263</size>
         <input_file_ref idref="fl-13"/>
      </object_component>
      <object_component id="oc-25">
         <name>.debug_info</name>
         <load_address>0x5cd2</load_address>
         <run_address>0x5cd2</run_address>
         <size>0x134</size>
         <input_file_ref idref="fl-137"/>
      </object_component>
      <object_component id="oc-47">
         <name>.debug_info</name>
         <load_address>0x5e06</load_address>
         <run_address>0x5e06</run_address>
         <size>0x121</size>
         <input_file_ref idref="fl-138"/>
      </object_component>
      <object_component id="oc-15">
         <name>.debug_info</name>
         <load_address>0x5f27</load_address>
         <run_address>0x5f27</run_address>
         <size>0x1c0</size>
         <input_file_ref idref="fl-138"/>
      </object_component>
      <object_component id="oc-42">
         <name>.debug_info</name>
         <load_address>0x60e7</load_address>
         <run_address>0x60e7</run_address>
         <size>0x46</size>
         <input_file_ref idref="fl-138"/>
      </object_component>
      <object_component id="oc-fb">
         <name>.debug_info</name>
         <load_address>0x612d</load_address>
         <run_address>0x612d</run_address>
         <size>0x2c</size>
         <input_file_ref idref="fl-138"/>
      </object_component>
      <object_component id="oc-4f">
         <name>.debug_info</name>
         <load_address>0x6159</load_address>
         <run_address>0x6159</run_address>
         <size>0x115</size>
         <input_file_ref idref="fl-139"/>
      </object_component>
      <object_component id="oc-49">
         <name>.debug_info</name>
         <load_address>0x626e</load_address>
         <run_address>0x626e</run_address>
         <size>0x228</size>
         <input_file_ref idref="fl-139"/>
      </object_component>
      <object_component id="oc-19">
         <name>.debug_info</name>
         <load_address>0x6496</load_address>
         <run_address>0x6496</run_address>
         <size>0x192</size>
         <input_file_ref idref="fl-139"/>
      </object_component>
      <object_component id="oc-50">
         <name>.debug_info</name>
         <load_address>0x6628</load_address>
         <run_address>0x6628</run_address>
         <size>0x39</size>
         <input_file_ref idref="fl-139"/>
      </object_component>
      <object_component id="oc-105">
         <name>.debug_info</name>
         <load_address>0x6661</load_address>
         <run_address>0x6661</run_address>
         <size>0x2c</size>
         <input_file_ref idref="fl-139"/>
      </object_component>
      <object_component id="oc-60">
         <name>.debug_info</name>
         <load_address>0x668d</load_address>
         <run_address>0x668d</run_address>
         <size>0x110</size>
         <input_file_ref idref="fl-13a"/>
      </object_component>
      <object_component id="oc-1f">
         <name>.debug_info</name>
         <load_address>0x679d</load_address>
         <run_address>0x679d</run_address>
         <size>0x18b</size>
         <input_file_ref idref="fl-13a"/>
      </object_component>
      <object_component id="oc-5b">
         <name>.debug_info</name>
         <load_address>0x6928</load_address>
         <run_address>0x6928</run_address>
         <size>0x46</size>
         <input_file_ref idref="fl-13a"/>
      </object_component>
      <object_component id="oc-11f">
         <name>.debug_info</name>
         <load_address>0x696e</load_address>
         <run_address>0x696e</run_address>
         <size>0x172</size>
         <input_file_ref idref="fl-13b"/>
      </object_component>
      <object_component id="oc-11c">
         <name>.debug_info</name>
         <load_address>0x6ae0</load_address>
         <run_address>0x6ae0</run_address>
         <size>0x117</size>
         <input_file_ref idref="fl-13b"/>
      </object_component>
      <object_component id="oc-76">
         <name>.debug_info</name>
         <load_address>0x6bf7</load_address>
         <run_address>0x6bf7</run_address>
         <size>0x1ee</size>
         <input_file_ref idref="fl-13b"/>
      </object_component>
      <object_component id="oc-3e">
         <name>.debug_info</name>
         <load_address>0x6de5</load_address>
         <run_address>0x6de5</run_address>
         <size>0xf6</size>
         <input_file_ref idref="fl-13c"/>
      </object_component>
      <object_component id="oc-56">
         <name>.debug_info</name>
         <load_address>0x6edb</load_address>
         <run_address>0x6edb</run_address>
         <size>0x124</size>
         <input_file_ref idref="fl-13d"/>
      </object_component>
      <object_component id="oc-62">
         <name>.debug_info</name>
         <load_address>0x6fff</load_address>
         <run_address>0x6fff</run_address>
         <size>0x129</size>
         <input_file_ref idref="fl-13e"/>
      </object_component>
      <object_component id="oc-149">
         <name>.debug_info</name>
         <load_address>0x7128</load_address>
         <run_address>0x7128</run_address>
         <size>0x20d</size>
         <input_file_ref idref="fl-13f"/>
      </object_component>
      <object_component id="oc-8f">
         <name>.debug_info</name>
         <load_address>0x7335</load_address>
         <run_address>0x7335</run_address>
         <size>0x265</size>
         <input_file_ref idref="fl-13f"/>
      </object_component>
      <object_component id="oc-241">
         <name>.debug_info</name>
         <load_address>0x759a</load_address>
         <run_address>0x759a</run_address>
         <size>0xae</size>
         <input_file_ref idref="fl-13f"/>
      </object_component>
      <object_component id="oc-7a">
         <name>.debug_info</name>
         <load_address>0x7648</load_address>
         <run_address>0x7648</run_address>
         <size>0xea</size>
         <input_file_ref idref="fl-140"/>
      </object_component>
      <object_component id="oc-249">
         <name>.debug_info</name>
         <load_address>0x7732</load_address>
         <run_address>0x7732</run_address>
         <size>0xcb</size>
         <input_file_ref idref="fl-141"/>
      </object_component>
      <object_component id="oc-157">
         <name>.debug_info</name>
         <load_address>0x77fd</load_address>
         <run_address>0x77fd</run_address>
         <size>0x1f7</size>
         <input_file_ref idref="fl-141"/>
      </object_component>
      <object_component id="oc-1b3">
         <name>.debug_info</name>
         <load_address>0x79f4</load_address>
         <run_address>0x79f4</run_address>
         <size>0x105</size>
         <input_file_ref idref="fl-142"/>
      </object_component>
      <object_component id="oc-119">
         <name>.debug_info</name>
         <load_address>0x7af9</load_address>
         <run_address>0x7af9</run_address>
         <size>0xf4</size>
         <input_file_ref idref="fl-142"/>
      </object_component>
      <object_component id="oc-1ae">
         <name>.debug_info</name>
         <load_address>0x7bed</load_address>
         <run_address>0x7bed</run_address>
         <size>0x200</size>
         <input_file_ref idref="fl-142"/>
      </object_component>
      <object_component id="oc-22c">
         <name>.debug_info</name>
         <load_address>0x7ded</load_address>
         <run_address>0x7ded</run_address>
         <size>0x338</size>
         <input_file_ref idref="fl-143"/>
      </object_component>
      <object_component id="oc-140">
         <name>.debug_info</name>
         <load_address>0x8125</load_address>
         <run_address>0x8125</run_address>
         <size>0x17ea</size>
         <input_file_ref idref="fl-143"/>
      </object_component>
      <object_component id="oc-22d">
         <name>.debug_info</name>
         <load_address>0x990f</load_address>
         <run_address>0x990f</run_address>
         <size>0x86</size>
         <input_file_ref idref="fl-143"/>
      </object_component>
      <object_component id="oc-232">
         <name>.debug_info</name>
         <load_address>0x9995</load_address>
         <run_address>0x9995</run_address>
         <size>0x2c</size>
         <input_file_ref idref="fl-143"/>
      </object_component>
      <object_component id="oc-2c7">
         <name>.debug_info</name>
         <load_address>0x99c1</load_address>
         <run_address>0x99c1</run_address>
         <size>0x46</size>
         <input_file_ref idref="fl-143"/>
      </object_component>
      <object_component id="oc-237">
         <name>.debug_info</name>
         <load_address>0x9a07</load_address>
         <run_address>0x9a07</run_address>
         <size>0x39</size>
         <input_file_ref idref="fl-143"/>
      </object_component>
      <object_component id="oc-117">
         <name>.debug_info</name>
         <load_address>0x9a40</load_address>
         <run_address>0x9a40</run_address>
         <size>0x147</size>
         <input_file_ref idref="fl-144"/>
      </object_component>
      <object_component id="oc-6e">
         <name>.debug_info</name>
         <load_address>0x9b87</load_address>
         <run_address>0x9b87</run_address>
         <size>0x148</size>
         <input_file_ref idref="fl-144"/>
      </object_component>
      <object_component id="oc-1a6">
         <name>.debug_info</name>
         <load_address>0x9ccf</load_address>
         <run_address>0x9ccf</run_address>
         <size>0x5e</size>
         <input_file_ref idref="fl-144"/>
      </object_component>
      <object_component id="oc-2c4">
         <name>.debug_info</name>
         <load_address>0x9d2d</load_address>
         <run_address>0x9d2d</run_address>
         <size>0xf5</size>
         <input_file_ref idref="fl-145"/>
      </object_component>
      <object_component id="oc-226">
         <name>.debug_info</name>
         <load_address>0x9e22</load_address>
         <run_address>0x9e22</run_address>
         <size>0x152</size>
         <input_file_ref idref="fl-145"/>
      </object_component>
      <object_component id="oc-115">
         <name>.debug_info</name>
         <load_address>0x9f74</load_address>
         <run_address>0x9f74</run_address>
         <size>0x29e</size>
         <input_file_ref idref="fl-146"/>
      </object_component>
      <object_component id="oc-68">
         <name>.debug_info</name>
         <load_address>0xa212</load_address>
         <run_address>0xa212</run_address>
         <size>0x158</size>
         <input_file_ref idref="fl-146"/>
      </object_component>
      <object_component id="oc-19a">
         <name>.debug_info</name>
         <load_address>0xa36a</load_address>
         <run_address>0xa36a</run_address>
         <size>0x39</size>
         <input_file_ref idref="fl-146"/>
      </object_component>
      <object_component id="oc-19f">
         <name>.debug_info</name>
         <load_address>0xa3a3</load_address>
         <run_address>0xa3a3</run_address>
         <size>0xcd</size>
         <input_file_ref idref="fl-146"/>
      </object_component>
      <object_component id="oc-197">
         <name>.debug_info</name>
         <load_address>0xa470</load_address>
         <run_address>0xa470</run_address>
         <size>0x1c1</size>
         <input_file_ref idref="fl-147"/>
      </object_component>
      <object_component id="oc-10f">
         <name>.debug_info</name>
         <load_address>0xa631</load_address>
         <run_address>0xa631</run_address>
         <size>0x164</size>
         <input_file_ref idref="fl-147"/>
      </object_component>
      <object_component id="oc-262">
         <name>.debug_info</name>
         <load_address>0xa795</load_address>
         <run_address>0xa795</run_address>
         <size>0x2c</size>
         <input_file_ref idref="fl-147"/>
      </object_component>
      <object_component id="oc-32e">
         <name>.debug_info</name>
         <load_address>0xa7c1</load_address>
         <run_address>0xa7c1</run_address>
         <size>0xcf</size>
         <input_file_ref idref="fl-148"/>
      </object_component>
      <object_component id="oc-2c1">
         <name>.debug_info</name>
         <load_address>0xa890</load_address>
         <run_address>0xa890</run_address>
         <size>0xdb</size>
         <input_file_ref idref="fl-148"/>
      </object_component>
      <object_component id="oc-23e">
         <name>.debug_info</name>
         <load_address>0xa96b</load_address>
         <run_address>0xa96b</run_address>
         <size>0xf1</size>
         <input_file_ref idref="fl-149"/>
      </object_component>
      <object_component id="oc-146">
         <name>.debug_info</name>
         <load_address>0xaa5c</load_address>
         <run_address>0xaa5c</run_address>
         <size>0xd8</size>
         <input_file_ref idref="fl-149"/>
      </object_component>
      <object_component id="oc-379">
         <name>.debug_info</name>
         <load_address>0xab34</load_address>
         <run_address>0xab34</run_address>
         <size>0xe2</size>
         <input_file_ref idref="fl-149"/>
      </object_component>
      <object_component id="oc-279">
         <name>.debug_info</name>
         <load_address>0xac16</load_address>
         <run_address>0xac16</run_address>
         <size>0x165</size>
         <input_file_ref idref="fl-149"/>
      </object_component>
      <object_component id="oc-204">
         <name>.debug_info</name>
         <load_address>0xad7b</load_address>
         <run_address>0xad7b</run_address>
         <size>0x129</size>
         <input_file_ref idref="fl-14a"/>
      </object_component>
      <object_component id="oc-1df">
         <name>.debug_info</name>
         <load_address>0xaea4</load_address>
         <run_address>0xaea4</run_address>
         <size>0x105</size>
         <input_file_ref idref="fl-14b"/>
      </object_component>
      <object_component id="oc-1ee">
         <name>.debug_info</name>
         <load_address>0xafa9</load_address>
         <run_address>0xafa9</run_address>
         <size>0x107</size>
         <input_file_ref idref="fl-14b"/>
      </object_component>
      <object_component id="oc-1e9">
         <name>.debug_info</name>
         <load_address>0xb0b0</load_address>
         <run_address>0xb0b0</run_address>
         <size>0x117</size>
         <input_file_ref idref="fl-14c"/>
      </object_component>
      <object_component id="oc-1e4">
         <name>.debug_info</name>
         <load_address>0xb1c7</load_address>
         <run_address>0xb1c7</run_address>
         <size>0x117</size>
         <input_file_ref idref="fl-14d"/>
      </object_component>
      <object_component id="oc-1f3">
         <name>.debug_info</name>
         <load_address>0xb2de</load_address>
         <run_address>0xb2de</run_address>
         <size>0x10b</size>
         <input_file_ref idref="fl-14e"/>
      </object_component>
      <object_component id="oc-1d0">
         <name>.debug_info</name>
         <load_address>0xb3e9</load_address>
         <run_address>0xb3e9</run_address>
         <size>0x1bf</size>
         <input_file_ref idref="fl-14f"/>
      </object_component>
      <object_component id="oc-134">
         <name>.debug_info</name>
         <load_address>0xb5a8</load_address>
         <run_address>0xb5a8</run_address>
         <size>0x220</size>
         <input_file_ref idref="fl-14f"/>
      </object_component>
      <object_component id="oc-1d8">
         <name>.debug_info</name>
         <load_address>0xb7c8</load_address>
         <run_address>0xb7c8</run_address>
         <size>0x283</size>
         <input_file_ref idref="fl-150"/>
      </object_component>
      <object_component id="oc-13b">
         <name>.debug_info</name>
         <load_address>0xba4b</load_address>
         <run_address>0xba4b</run_address>
         <size>0x33a</size>
         <input_file_ref idref="fl-150"/>
      </object_component>
      <object_component id="oc-2ab">
         <name>.debug_info</name>
         <load_address>0xbd85</load_address>
         <run_address>0xbd85</run_address>
         <size>0xfe</size>
         <input_file_ref idref="fl-151"/>
      </object_component>
      <object_component id="oc-208">
         <name>.debug_info</name>
         <load_address>0xbe83</load_address>
         <run_address>0xbe83</run_address>
         <size>0x16e</size>
         <input_file_ref idref="fl-151"/>
      </object_component>
      <object_component id="oc-1fe">
         <name>.debug_info</name>
         <load_address>0xbff1</load_address>
         <run_address>0xbff1</run_address>
         <size>0x109</size>
         <input_file_ref idref="fl-152"/>
      </object_component>
      <object_component id="oc-2b9">
         <name>.debug_info</name>
         <load_address>0xc0fa</load_address>
         <run_address>0xc0fa</run_address>
         <size>0x142</size>
         <input_file_ref idref="fl-153"/>
      </object_component>
      <object_component id="oc-20e">
         <name>.debug_info</name>
         <load_address>0xc23c</load_address>
         <run_address>0xc23c</run_address>
         <size>0x165</size>
         <input_file_ref idref="fl-153"/>
      </object_component>
      <object_component id="oc-28d">
         <name>.debug_info</name>
         <load_address>0xc3a1</load_address>
         <run_address>0xc3a1</run_address>
         <size>0x481</size>
         <input_file_ref idref="fl-154"/>
      </object_component>
      <object_component id="oc-28a">
         <name>.debug_info</name>
         <load_address>0xc822</load_address>
         <run_address>0xc822</run_address>
         <size>0xf7</size>
         <input_file_ref idref="fl-154"/>
      </object_component>
      <object_component id="oc-1ca">
         <name>.debug_info</name>
         <load_address>0xc919</load_address>
         <run_address>0xc919</run_address>
         <size>0xaec</size>
         <input_file_ref idref="fl-154"/>
      </object_component>
      <object_component id="oc-302">
         <name>.debug_info</name>
         <load_address>0xd405</load_address>
         <run_address>0xd405</run_address>
         <size>0x120</size>
         <input_file_ref idref="fl-154"/>
      </object_component>
      <object_component id="oc-28f">
         <name>.debug_info</name>
         <load_address>0xd525</load_address>
         <run_address>0xd525</run_address>
         <size>0x2c</size>
         <input_file_ref idref="fl-154"/>
      </object_component>
      <object_component id="oc-2a1">
         <name>.debug_info</name>
         <load_address>0xd551</load_address>
         <run_address>0xd551</run_address>
         <size>0x12d</size>
         <input_file_ref idref="fl-155"/>
      </object_component>
      <object_component id="oc-1f8">
         <name>.debug_info</name>
         <load_address>0xd67e</load_address>
         <run_address>0xd67e</run_address>
         <size>0x1a3</size>
         <input_file_ref idref="fl-155"/>
      </object_component>
      <object_component id="oc-2bf">
         <name>.debug_info</name>
         <load_address>0xd821</load_address>
         <run_address>0xd821</run_address>
         <size>0xd2</size>
         <input_file_ref idref="fl-156"/>
      </object_component>
      <object_component id="oc-221">
         <name>.debug_info</name>
         <load_address>0xd8f3</load_address>
         <run_address>0xd8f3</run_address>
         <size>0x18c</size>
         <input_file_ref idref="fl-156"/>
      </object_component>
      <object_component id="oc-297">
         <name>.debug_info</name>
         <load_address>0xda7f</load_address>
         <run_address>0xda7f</run_address>
         <size>0xe1</size>
         <input_file_ref idref="fl-157"/>
      </object_component>
      <object_component id="oc-1d2">
         <name>.debug_info</name>
         <load_address>0xdb60</load_address>
         <run_address>0xdb60</run_address>
         <size>0x20f</size>
         <input_file_ref idref="fl-157"/>
      </object_component>
      <object_component id="oc-2bb">
         <name>.debug_info</name>
         <load_address>0xdd6f</load_address>
         <run_address>0xdd6f</run_address>
         <size>0xd6</size>
         <input_file_ref idref="fl-158"/>
      </object_component>
      <object_component id="oc-215">
         <name>.debug_info</name>
         <load_address>0xde45</load_address>
         <run_address>0xde45</run_address>
         <size>0x211</size>
         <input_file_ref idref="fl-158"/>
      </object_component>
      <object_component id="oc-2f5">
         <name>.debug_info</name>
         <load_address>0xe056</load_address>
         <run_address>0xe056</run_address>
         <size>0xc6</size>
         <input_file_ref idref="fl-159"/>
      </object_component>
      <object_component id="oc-27e">
         <name>.debug_info</name>
         <load_address>0xe11c</load_address>
         <run_address>0xe11c</run_address>
         <size>0x225</size>
         <input_file_ref idref="fl-159"/>
      </object_component>
      <object_component id="oc-2f7">
         <name>.debug_info</name>
         <load_address>0xe341</load_address>
         <run_address>0xe341</run_address>
         <size>0xd7</size>
         <input_file_ref idref="fl-15a"/>
      </object_component>
      <object_component id="oc-284">
         <name>.debug_info</name>
         <load_address>0xe418</load_address>
         <run_address>0xe418</run_address>
         <size>0x226</size>
         <input_file_ref idref="fl-15a"/>
      </object_component>
      <object_component id="oc-353">
         <name>.debug_info</name>
         <load_address>0xe63e</load_address>
         <run_address>0xe63e</run_address>
         <size>0x24e</size>
         <input_file_ref idref="fl-15b"/>
      </object_component>
      <object_component id="oc-2f9">
         <name>.debug_info</name>
         <load_address>0xe88c</load_address>
         <run_address>0xe88c</run_address>
         <size>0xa0e</size>
         <input_file_ref idref="fl-15b"/>
      </object_component>
      <object_component id="oc-356">
         <name>.debug_info</name>
         <load_address>0xf29a</load_address>
         <run_address>0xf29a</run_address>
         <size>0x39</size>
         <input_file_ref idref="fl-15b"/>
      </object_component>
      <object_component id="oc-383">
         <name>.debug_info</name>
         <load_address>0xf2d3</load_address>
         <run_address>0xf2d3</run_address>
         <size>0xf6</size>
         <input_file_ref idref="fl-15c"/>
      </object_component>
      <object_component id="oc-380">
         <name>.debug_info</name>
         <load_address>0xf3c9</load_address>
         <run_address>0xf3c9</run_address>
         <size>0xde</size>
         <input_file_ref idref="fl-15c"/>
      </object_component>
      <object_component id="oc-349">
         <name>.debug_info</name>
         <load_address>0xf4a7</load_address>
         <run_address>0xf4a7</run_address>
         <size>0x262</size>
         <input_file_ref idref="fl-15c"/>
      </object_component>
      <object_component id="oc-1da">
         <name>.debug_info</name>
         <load_address>0xf709</load_address>
         <run_address>0xf709</run_address>
         <size>0x162</size>
         <input_file_ref idref="fl-15d"/>
      </object_component>
      <object_component id="oc-2bd">
         <name>.debug_info</name>
         <load_address>0xf86b</load_address>
         <run_address>0xf86b</run_address>
         <size>0xf3</size>
         <input_file_ref idref="fl-15e"/>
      </object_component>
      <object_component id="oc-21a">
         <name>.debug_info</name>
         <load_address>0xf95e</load_address>
         <run_address>0xf95e</run_address>
         <size>0x13a</size>
         <input_file_ref idref="fl-15e"/>
      </object_component>
      <object_component id="oc-319">
         <name>.debug_info</name>
         <load_address>0xfa98</load_address>
         <run_address>0xfa98</run_address>
         <size>0x111</size>
         <input_file_ref idref="fl-15f"/>
      </object_component>
      <object_component id="oc-2ad">
         <name>.debug_info</name>
         <load_address>0xfba9</load_address>
         <run_address>0xfba9</run_address>
         <size>0x192</size>
         <input_file_ref idref="fl-15f"/>
      </object_component>
      <object_component id="oc-361">
         <name>.debug_info</name>
         <load_address>0xfd3b</load_address>
         <run_address>0xfd3b</run_address>
         <size>0x86</size>
         <input_file_ref idref="fl-15f"/>
      </object_component>
      <object_component id="oc-312">
[...]
         <name>__stack</name>
         <value>0x20000d48</value>
         <object_component_ref idref="oc-29"/>
      </symbol>
      <symbol id="sm-2a5">
         <name>__TI_decompress_none</name>
         <value>0x4847</value>
         <object_component_ref idref="oc-12"/>
      </symbol>
      <symbol id="sm-2cd">
         <name>__TI_decompress_rle24</name>
         <value>0x4887</value>
         <object_component_ref idref="oc-18"/>
      </symbol>
      <symbol id="sm-2df">
         <name>__TI_zero_init</name>
         <value>0x4855</value>
         <object_component_ref idref="oc-1e"/>
      </symbol>
      <symbol id="sm-2fe">
         <name>C$$EXIT</name>
         <value>0x455d</value>
         <object_component_ref idref="oc-73"/>
      </symbol>
      <symbol id="sm-2ff">
         <name>abort</name>
         <value>0x4561</value>
         <object_component_ref idref="oc-73"/>
      </symbol>
      <symbol id="sm-300">
         <name>exit</name>
         <value>0x4569</value>
         <object_component_ref idref="oc-73"/>
      </symbol>
      <symbol id="sm-301">
         <name>__TI_dtors_ptr</name>
         <value>0x20000ae8</value>
         <object_component_ref idref="oc-11b"/>
      </symbol>
      <symbol id="sm-302">
         <name>__TI_cleanup_ptr</name>
         <value>0x20000ae4</value>
         <object_component_ref idref="oc-11b"/>
      </symbol>
      <symbol id="sm-31d">
         <name>memcpy</name>
         <value>0x3d3d</value>
         <object_component_ref idref="oc-3c"/>
      </symbol>
      <symbol id="sm-31e">
         <name>__aeabi_memcpy</name>
         <value>0x3d3d</value>
         <object_component_ref idref="oc-3c"/>
      </symbol>
      <symbol id="sm-31f">
         <name>__aeabi_memcpy8</name>
         <value>0x3d3d</value>
         <object_component_ref idref="oc-3c"/>
      </symbol>
      <symbol id="sm-320">
         <name>__aeabi_memcpy4</name>
         <value>0x3d3d</value>
         <object_component_ref idref="oc-3c"/>
      </symbol>
      <symbol id="sm-32f">
         <name>__aeabi_memset</name>
         <value>0x4017</value>
         <object_component_ref idref="oc-55"/>
      </symbol>
      <symbol id="sm-330">
         <name>memset</name>
         <value>0x401d</value>
         <object_component_ref idref="oc-55"/>
      </symbol>
      <symbol id="sm-331">
         <name>__aeabi_memset8</name>
         <value>0x4017</value>
         <object_component_ref idref="oc-55"/>
      </symbol>
      <symbol id="sm-332">
         <name>__aeabi_memset4</name>
         <value>0x4017</value>
         <object_component_ref idref="oc-55"/>
      </symbol>
      <symbol id="sm-333">
         <name>__aeabi_memclr8</name>
         <value>0x4015</value>
         <object_component_ref idref="oc-55"/>
      </symbol>
      <symbol id="sm-334">
         <name>__aeabi_memclr4</name>
         <value>0x4015</value>
         <object_component_ref idref="oc-55"/>
      </symbol>
      <symbol id="sm-335">
         <name>__aeabi_memclr</name>
         <value>0x4015</value>
         <object_component_ref idref="oc-55"/>
      </symbol>
      <symbol id="sm-33f">
         <name>_system_pre_init</name>
         <value>0x4895</value>
         <object_component_ref idref="oc-61"/>
      </symbol>
      <symbol id="sm-35d">
         <name>printf</name>
         <value>0x4111</value>
         <object_component_ref idref="oc-8e"/>
      </symbol>
      <symbol id="sm-365">
         <name>main_func_sp</name>
         <value>0x20000afc</value>
         <object_component_ref idref="oc-79"/>
      </symbol>
      <symbol id="sm-373">
         <name>strlen</name>
         <value>0x47f9</value>
         <object_component_ref idref="oc-156"/>
      </symbol>
      <symbol id="sm-38c">
         <name>_nop</name>
         <value>0x47df</value>
         <object_component_ref idref="oc-1ab"/>
      </symbol>
      <symbol id="sm-38d">
         <name>_lock</name>
         <value>0x20000adc</value>
         <object_component_ref idref="oc-118"/>
      </symbol>
      <symbol id="sm-38e">
         <name>_unlock</name>
         <value>0x20000ae0</value>
         <object_component_ref idref="oc-118"/>
      </symbol>
      <symbol id="sm-38f">
         <name>_register_lock</name>
         <value>0x47d7</value>
         <object_component_ref idref="oc-1ab"/>
      </symbol>
      <symbol id="sm-390">
         <name>_register_unlock</name>
         <value>0x47d1</value>
         <object_component_ref idref="oc-1ab"/>
      </symbol>
      <symbol id="sm-49a">
         <name>__TI_printfi</name>
         <value>0x1021</value>
         <object_component_ref idref="oc-13f"/>
      </symbol>
      <symbol id="sm-4af">
         <name>_args_main</name>
         <value>0x4789</value>
         <object_component_ref idref="oc-6d"/>
      </symbol>
      <symbol id="sm-4c5">
         <name>atoi</name>
         <value>0x447d</value>
         <object_component_ref idref="oc-225"/>
      </symbol>
      <symbol id="sm-4eb">
         <name>__TI_auto_init</name>
         <value>0x4179</value>
         <object_component_ref idref="oc-67"/>
      </symbol>
      <symbol id="sm-505">
         <name>copy_in</name>
         <value>0x44c9</value>
         <object_component_ref idref="oc-10e"/>
      </symbol>
      <symbol id="sm-510">
         <name>_ctypes_</name>
         <value>0x4898</value>
         <object_component_ref idref="oc-2c0"/>
      </symbol>
      <symbol id="sm-529">
         <name>__aeabi_stdout</name>
         <value>0x20000ac8</value>
         <object_component_ref idref="oc-278"/>
      </symbol>
      <symbol id="sm-52a">
         <name>__TI_tmpnams</name>
         <value>0x20000c24</value>
         <object_component_ref idref="oc-378"/>
      </symbol>
      <symbol id="sm-52b">
         <name>__aeabi_stderr</name>
         <value>0x20000acc</value>
         <object_component_ref idref="oc-278"/>
      </symbol>
      <symbol id="sm-52c">
         <name>__aeabi_stdin</name>
         <value>0x20000ac4</value>
         <object_component_ref idref="oc-278"/>
      </symbol>
      <symbol id="sm-52d">
         <name>_ftable</name>
         <value>0x200007d0</value>
         <object_component_ref idref="oc-145"/>
      </symbol>
      <symbol id="sm-52e">
         <name>__TI_ft_end</name>
         <value>0x20000ac0</value>
         <object_component_ref idref="oc-278"/>
      </symbol>
      <symbol id="sm-552">
         <name>__aeabi_dsub</name>
         <value>0x30e9</value>
         <object_component_ref idref="oc-202"/>
      </symbol>
      <symbol id="sm-553">
         <name>__aeabi_dadd</name>
         <value>0x30f3</value>
         <object_component_ref idref="oc-202"/>
      </symbol>
      <symbol id="sm-57a">
         <name>__aeabi_cdcmpeq</name>
         <value>0x3f09</value>
         <object_component_ref idref="oc-1de"/>
      </symbol>
      <symbol id="sm-57b">
         <name>__aeabi_cdcmple</name>
         <value>0x3f09</value>
         <object_component_ref idref="oc-1de"/>
      </symbol>
      <symbol id="sm-57c">
         <name>__aeabi_cdrcmple</name>
         <value>0x3f8f</value>
         <object_component_ref idref="oc-1ed"/>
      </symbol>
      <symbol id="sm-59c">
         <name>__aeabi_ddiv</name>
         <value>0x3405</value>
         <object_component_ref idref="oc-1e8"/>
      </symbol>
      <symbol id="sm-5b3">
         <name>__aeabi_dmul</name>
         <value>0x3891</value>
         <object_component_ref idref="oc-1e3"/>
      </symbol>
      <symbol id="sm-5c1">
         <name>__aeabi_d2iz</name>
         <value>0x4515</value>
         <object_component_ref idref="oc-1f2"/>
      </symbol>
      <symbol id="sm-5d8">
         <name>putc</name>
         <value>0x3e71</value>
         <object_component_ref idref="oc-133"/>
      </symbol>
      <symbol id="sm-5d9">
         <name>fputc</name>
         <value>0x3e71</value>
         <object_component_ref idref="oc-133"/>
      </symbol>
      <symbol id="sm-5da">
         <name>putchar</name>
         <value>0x3ef5</value>
         <object_component_ref idref="oc-133"/>
      </symbol>
      <symbol id="sm-5fc">
         <name>puts</name>
         <value>0x3649</value>
         <object_component_ref idref="oc-139"/>
      </symbol>
      <symbol id="sm-5fd">
         <name>fputs</name>
         <value>0x353d</value>
         <object_component_ref idref="oc-139"/>
      </symbol>
      <symbol id="sm-60a">
         <name>frexp</name>
         <value>0x4701</value>
         <object_component_ref idref="oc-207"/>
      </symbol>
      <symbol id="sm-616">
         <name>__aeabi_i2d</name>
         <value>0x46a5</value>
         <object_component_ref idref="oc-1fd"/>
      </symbol>
      <symbol id="sm-627">
         <name>ldexp</name>
         <value>0x43db</value>
         <object_component_ref idref="oc-20d"/>
      </symbol>
      <symbol id="sm-679">
         <name>open</name>
         <value>0x2277</value>
         <object_component_ref idref="oc-1c9"/>
      </symbol>
      <symbol id="sm-67a">
         <name>add_device</name>
         <value>0x2399</value>
         <object_component_ref idref="oc-1c9"/>
      </symbol>
      <symbol id="sm-67b">
         <name>remove_device</name>
         <value>0x222b</value>
         <object_component_ref idref="oc-1c9"/>
      </symbol>
      <symbol id="sm-67c">
         <name>lseek</name>
         <value>0x2325</value>
         <object_component_ref idref="oc-1c9"/>
      </symbol>
      <symbol id="sm-67d">
         <name>read</name>
         <value>0x2253</value>
         <object_component_ref idref="oc-1c9"/>
      </symbol>
      <symbol id="sm-67e">
         <name>rename</name>
         <value>0x21ed</value>
         <object_component_ref idref="oc-1c9"/>
      </symbol>
      <symbol id="sm-67f">
         <name>write</name>
         <value>0x2139</value>
         <object_component_ref idref="oc-1c9"/>
      </symbol>
      <symbol id="sm-680">
         <name>close</name>
         <value>0x2349</value>
         <object_component_ref idref="oc-1c9"/>
      </symbol>
      <symbol id="sm-681">
         <name>unlink</name>
         <value>0x21c9</value>
         <object_component_ref idref="oc-1c9"/>
      </symbol>
      <symbol id="sm-690">
         <name>ltoa</name>
         <value>0x4385</value>
         <object_component_ref idref="oc-1f7"/>
      </symbol>
      <symbol id="sm-6a0">
         <name>memccpy</name>
         <value>0x476d</value>
         <object_component_ref idref="oc-21f"/>
      </symbol>
      <symbol id="sm-6b0">
         <name>memchr</name>
         <value>0x474d</value>
         <object_component_ref idref="oc-1d1"/>
      </symbol>
      <symbol id="sm-6c0">
         <name>strchr</name>
         <value>0x47b9</value>
         <object_component_ref idref="oc-213"/>
      </symbol>
      <symbol id="sm-6cf">
         <name>strcmp</name>
         <value>0x47a1</value>
         <object_component_ref idref="oc-27d"/>
      </symbol>
      <symbol id="sm-6df">
         <name>strncpy</name>
         <value>0x4615</value>
         <object_component_ref idref="oc-283"/>
      </symbol>
      <symbol id="sm-700">
         <name>HOSTgetenv</name>
         <value>0x265b</value>
         <object_component_ref idref="oc-2f8"/>
      </symbol>
      <symbol id="sm-701">
         <name>HOSTrename</name>
         <value>0x2503</value>
         <object_component_ref idref="oc-2f8"/>
      </symbol>
      <symbol id="sm-702">
         <name>HOSTclose</name>
         <value>0x2699</value>
         <object_component_ref idref="oc-2f8"/>
      </symbol>
      <symbol id="sm-703">
         <name>HOSTunlink</name>
         <value>0x2491</value>
         <object_component_ref idref="oc-2f8"/>
      </symbol>
      <symbol id="sm-704">
         <name>HOSTlseek</name>
         <value>0x25ff</value>
         <object_component_ref idref="oc-2f8"/>
      </symbol>
      <symbol id="sm-705">
         <name>HOSTopen</name>
         <value>0x25ad</value>
         <object_component_ref idref="oc-2f8"/>
      </symbol>
      <symbol id="sm-706">
         <name>HOSTclock</name>
         <value>0x26d1</value>
         <object_component_ref idref="oc-2f8"/>
      </symbol>
      <symbol id="sm-707">
         <name>HOSTwrite</name>
         <value>0x2445</value>
         <object_component_ref idref="oc-2f8"/>
      </symbol>
      <symbol id="sm-708">
         <name>HOSTread</name>
         <value>0x2561</value>
         <object_component_ref idref="oc-2f8"/>
      </symbol>
      <symbol id="sm-709">
         <name>HOSTtime</name>
         <value>0x24c9</value>
         <object_component_ref idref="oc-2f8"/>
      </symbol>
      <symbol id="sm-724">
         <name>__TI_readmsg</name>
         <value>0x4283</value>
         <object_component_ref idref="oc-346"/>
      </symbol>
      <symbol id="sm-725">
         <name>C$$IO$$</name>
         <value>0x427f</value>
         <object_component_ref idref="oc-346"/>
      </symbol>
      <symbol id="sm-726">
         <name>__CIOBUF_</name>
         <value>0x20000b04</value>
         <object_component_ref idref="oc-37f"/>
      </symbol>
      <symbol id="sm-727">
         <name>__TI_writemsg</name>
         <value>0x4251</value>
         <object_component_ref idref="oc-346"/>
      </symbol>
      <symbol id="sm-751">
         <name>__aeabi_uldivmod</name>
         <value>0x2b71</value>
         <object_component_ref idref="oc-1d9"/>
      </symbol>
      <symbol id="sm-75f">
         <name>_Dclass</name>
         <value>0x4645</value>
         <object_component_ref idref="oc-219"/>
      </symbol>
      <symbol id="sm-780">
         <name>_Dscale</name>
         <value>0x3781</value>
         <object_component_ref idref="oc-2ac"/>
      </symbol>
      <symbol id="sm-794">
         <name>_Dunscale</name>
         <value>0x42b9</value>
         <object_component_ref idref="oc-2a4"/>
      </symbol>
      <symbol id="sm-7a3">
         <name>_Feraise</name>
         <value>0x4675</value>
         <object_component_ref idref="oc-2b2"/>
      </symbol>
      <symbol id="sm-7b3">
         <name>_Rteps</name>
         <value>0x20000aa0</value>
         <object_component_ref idref="oc-315"/>
      </symbol>
      <symbol id="sm-7b4">
         <name>_Zero</name>
         <value>0x20000ab8</value>
         <object_component_ref idref="oc-315"/>
      </symbol>
      <symbol id="sm-7b5">
         <name>_Hugeval</name>
         <value>0x20000a60</value>
         <object_component_ref idref="oc-315"/>
      </symbol>
      <symbol id="sm-7b6">
         <name>_Snan</name>
         <value>0x20000a90</value>
         <object_component_ref idref="oc-315"/>
      </symbol>
      <symbol id="sm-7b7">
         <name>_Nan</name>
         <value>0x20000a80</value>
         <object_component_ref idref="oc-315"/>
      </symbol>
      <symbol id="sm-7b8">
         <name>_Inf</name>
         <value>0x20000a70</value>
         <object_component_ref idref="oc-315"/>
      </symbol>
      <symbol id="sm-7b9">
         <name>_Xbig</name>
         <value>0x20000ab0</value>
         <object_component_ref idref="oc-315"/>
      </symbol>
      <symbol id="sm-7ba">
         <name>_Eps</name>
         <value>0x20000a50</value>
         <object_component_ref idref="oc-315"/>
      </symbol>
      <symbol id="sm-7bb">
         <name>_Denorm</name>
         <value>0x20000a40</value>
         <object_component_ref idref="oc-315"/>
      </symbol>
      <symbol id="sm-7d9">
         <name>__TI_wrt_ok</name>
         <value>0x3bef</value>
         <object_component_ref idref="oc-1bd"/>
      </symbol>
      <symbol id="sm-7da">
         <name>__TI_rd_ok</name>
         <value>0x3c51</value>
         <object_component_ref idref="oc-1bd"/>
      </symbol>
      <symbol id="sm-7e2">
         <name>_Errno</name>
         <value>0x20000af4</value>
         <object_component_ref idref="oc-320"/>
      </symbol>
      <symbol id="sm-800">
         <name>feraiseexcept</name>
         <value>0x45e1</value>
         <object_component_ref idref="oc-31a"/>
      </symbol>
      <symbol id="sm-801">
         <name>_Tls_setup__Fenv</name>
         <value>0x20000af0</value>
         <object_component_ref idref="oc-36e"/>
      </symbol>
      <symbol id="sm-802">
         <name>_Fenv</name>
         <value>0x20000aec</value>
         <object_component_ref idref="oc-36e"/>
      </symbol>
      <symbol id="sm-81c">
         <name>__TI_doflush</name>
         <value>0x3a69</value>
         <object_component_ref idref="oc-1c3"/>
      </symbol>
      <symbol id="sm-81d">
         <name>fflush</name>
         <value>0x3ab5</value>
         <object_component_ref idref="oc-1c3"/>
      </symbol>
      <symbol id="sm-82f">
         <name>fseek</name>
         <value>0x4321</value>
         <object_component_ref idref="oc-26a"/>
      </symbol>
      <symbol id="sm-843">
         <name>raise</name>
         <value>0x46d3</value>
         <object_component_ref idref="oc-368"/>
      </symbol>
      <symbol id="sm-85f">
         <name>setvbuf</name>
         <value>0x398d</value>
         <object_component_ref idref="oc-270"/>
      </symbol>
      <symbol id="sm-879">
         <name>signal</name>
         <value>0x45a1</value>
         <object_component_ref idref="oc-38a"/>
      </symbol>
      <symbol id="sm-887">
         <name>strcpy</name>
         <value>0x47e5</value>
         <object_component_ref idref="oc-34c"/>
      </symbol>
      <symbol id="sm-89c">
         <name>_Dnorm</name>
         <value>0x3b31</value>
         <object_component_ref idref="oc-30b"/>
      </symbol>
      <symbol id="sm-8d3">
         <name>__TI_cleanup</name>
         <value>0x2e2d</value>
         <object_component_ref idref="oc-2e1"/>
      </symbol>
      <symbol id="sm-8d4">
         <name>freopen</name>
         <value>0x2e59</value>
         <object_component_ref idref="oc-2e1"/>
      </symbol>
      <symbol id="sm-8d5">
         <name>fopen</name>
         <value>0x2e83</value>
         <object_component_ref idref="oc-2e1"/>
      </symbol>
      <symbol id="sm-947">
         <name>_sys_memory</name>
         <value>0x20000000</value>
         <object_component_ref idref="oc-2a"/>
      </symbol>
      <symbol id="sm-948">
         <name>free</name>
         <value>0x1e53</value>
         <object_component_ref idref="oc-2db"/>
      </symbol>
      <symbol id="sm-949">
         <name>realloc</name>
         <value>0x1f15</value>
         <object_component_ref idref="oc-2db"/>
      </symbol>
      <symbol id="sm-94a">
         <name>memalign</name>
         <value>0x2021</value>
         <object_component_ref idref="oc-2db"/>
      </symbol>
      <symbol id="sm-94b">
         <name>calloc</name>
         <value>0x2105</value>
         <object_component_ref idref="oc-2db"/>
      </symbol>
      <symbol id="sm-94c">
         <name>malloc</name>
         <value>0x1deb</value>
         <object_component_ref idref="oc-2db"/>
      </symbol>
      <symbol id="sm-94d">
         <name>minit</name>
         <value>0x1d5d</value>
         <object_component_ref idref="oc-2db"/>
      </symbol>
      <symbol id="sm-963">
         <name>__TI_closefile</name>
         <value>0x3dd9</value>
         <object_component_ref idref="oc-337"/>
      </symbol>
      <symbol id="sm-964">
         <name>fclose</name>
         <value>0x3e3f</value>
         <object_component_ref idref="oc-337"/>
      </symbol>
      <symbol id="sm-966">
         <name>__TI_static_base__</name>
         <value>0x0</value>
      </symbol>
      <symbol id="sm-969">
         <name>SHT$$INIT_ARRAY$$Limit</name>
         <value>0x0</value>
      </symbol>
      <symbol id="sm-96a">
         <name>SHT$$INIT_ARRAY$$Base</name>
         <value>0x0</value>
      </symbol>
      <symbol id="sm-96b">
         <name>remove</name>
         <value>0x21c9</value>
      </symbol>
   </symbol_table>
   <title>Link successful</title>
</link_info>
