******************************************************************************
                  TI ARM Linker PC v5.2.5                      
******************************************************************************
>> Linked Mon Feb 22 19:27:00 2016

OUTPUT FILE NAME:   <UARTforControls.out>
ENTRY POINT SYMBOL: "_c_int00"  address: 00000c45


MEMORY CONFIGURATION

         name            origin    length      used     unused   attr    fill
----------------------  --------  ---------  --------  --------  ----  --------
  FLASH                 00000000   00040000  00000eae  0003f152  R  X
  SRAM                  20000000   00008000  00000225  00007ddb  RW X


SEGMENT ALLOCATION MAP

run origin  load origin   length   init length attrs members
----------  ----------- ---------- ----------- ----- -------
00000000    00000000    00000eb0   00000eb0    r-x
  00000000    00000000    0000026c   0000026c    r-- .intvecs
  0000026c    0000026c    00000b9e   00000b9e    r-x .text
  00000e0c    00000e0c    0000006c   0000006c    r-- .const
  00000e78    00000e78    00000038   00000038    r-- .cinit
20000000    20000000    00000228   00000000    rw-
  20000000    20000000    00000200   00000000    rw- .stack
  20000200    20000200    00000015   00000000    rw- .data
  20000218    20000218    00000010   00000000    rw- .bss


SECTION ALLOCATION MAP

 output                                  attributes/
section   page    origin      length       input sections
--------  ----  ----------  ----------   ----------------
.intvecs   0    00000000    0000026c     
                  00000000    0000026c     tm4c123gh6pm_startup_ccs.obj (.intvecs)

.text      0    0000026c    00000b9e     
                  0000026c    0000050c     motors.obj (.text)
                  00000778    000001cc     uart.obj (.text)
                  00000944    00000110     driverlib.lib : sysctl.obj (.text:SysCtlClockGet)
                  00000a54    0000009c     rtsv7M4_T_le_v4SPD16_eabi.lib : memcpy_t2.obj (.text)
                  00000af0    0000007a                                   : memset_t2.obj (.text)
                  00000b6a    00000002     --HOLE-- [fill = 0]
                  00000b6c    0000006c                                   : autoinit.obj (.text)
                  00000bd8    0000006a                                   : copy_decompress_rle.obj (.text)
                  00000c42    00000002     --HOLE-- [fill = 0]
                  00000c44    00000050                                   : boot.obj (.text)
                  00000c94    0000004c                                   : cpy_tbl.obj (.text)
                  00000ce0    00000044                                   : exit.obj (.text)
                  00000d24    00000022     driverlib.lib : pwm.obj (.text:PWMGenConfigure)
                  00000d46    00000002     --HOLE-- [fill = 0]
                  00000d48    00000018     rtsv7M4_T_le_v4SPD16_eabi.lib : args_main.obj (.text)
                  00000d60    00000014                                   : _lock.obj (.text)
                  00000d74    00000014                                   : strlen.obj (.text)
                  00000d88    00000010     driverlib.lib : pwm.obj (.text:PWMGenPeriodSet)
                  00000d98    0000000e                   : uart.obj (.text:UARTCharGetNonBlocking)
                  00000da6    0000000e                   : uart.obj (.text:UARTCharPutNonBlocking)
                  00000db4    0000000e                   : uart.obj (.text:UARTCharsAvail)
                  00000dc2    0000000e     rtsv7M4_T_le_v4SPD16_eabi.lib : copy_decompress_none.obj (.text:decompress:none)
                  00000dd0    0000000c                                   : copy_zero_init.obj (.text:decompress:ZI)
                  00000ddc    0000000c     tm4c123gh6pm_startup_ccs.obj (.text)
                  00000de8    0000000a     driverlib.lib : uart.obj (.text:UARTCharPut)
                  00000df2    0000000a                   : uart.obj (.text:UARTIntStatus)
                  00000dfc    00000006     rtsv7M4_T_le_v4SPD16_eabi.lib : copy_decompress_rle.obj (.text:decompress:rle24)
                  00000e02    00000004     driverlib.lib : uart.obj (.text:UARTIntClear)
                  00000e06    00000004     rtsv7M4_T_le_v4SPD16_eabi.lib : pre_init.obj (.text)

.const     0    00000e0c    0000006c     
                  00000e0c    0000006c     driverlib.lib : sysctl.obj (.const:g_pui32Xtals)

.cinit     0    00000e78    00000038     
                  00000e78    0000000f     (.cinit..data.load) [load image, compression = rle]
                  00000e87    00000001     --HOLE-- [fill = 0]
                  00000e88    0000000c     (__TI_handler_table)
                  00000e94    00000004     --HOLE-- [fill = 0]
                  00000e98    00000008     (.cinit..bss.load) [load image, compression = zero_init]
                  00000ea0    00000010     (__TI_cinit_table)

.init_array 
*          0    00000000    00000000     UNINITIALIZED

.stack     0    20000000    00000200     UNINITIALIZED
                  20000000    00000200     --HOLE--

.data      0    20000200    00000015     UNINITIALIZED
                  20000200    00000008     rtsv7M4_T_le_v4SPD16_eabi.lib : _lock.obj (.data)
                  20000208    00000008                                   : exit.obj (.data)
                  20000210    00000004                                   : stkdepth_vars.obj (.data)
                  20000214    00000001     motors.obj (.data)

.bss       0    20000218    00000010     UNINITIALIZED
                  20000218    00000004     (.common:ui32Load)
                  2000021c    00000004     (.common:ui32PWMClock)
                  20000220    00000002     (.common:ui8Adjust)
                  20000222    00000002     (.common:ui8PulseAdjust_1)
                  20000224    00000002     (.common:ui8PulseAdjust_2)
                  20000226    00000002     (.common:ui8PulseAdjust_3)

.TI.persistent 
*          0    20000200    00000000     UNINITIALIZED

.TI.noinit 
*          0    20000218    00000000     UNINITIALIZED


LINKER GENERATED COPY TABLES

__TI_cinit_table @ 00000ea0 records: 2, size/record: 8, table size: 16
	.data: load addr=00000e78, load size=0000000f bytes, run addr=20000200, run size=00000015 bytes, compression=rle
	.bss: load addr=00000e98, load size=00000008 bytes, run addr=20000218, run size=00000010 bytes, compression=zero_init


LINKER GENERATED HANDLER TABLE

__TI_handler_table @ 00000e88 records: 3, size/record: 4, table size: 12
	index: 0, handler: __TI_decompress_rle24
	index: 1, handler: __TI_decompress_none
	index: 2, handler: __TI_zero_init


GLOBAL SYMBOLS: SORTED ALPHABETICALLY BY Name 

address   name                    
-------   ----                    
00000ce1  C$$EXIT                 
00000d25  PWMGenConfigure         
00000d89  PWMGenPeriodSet         
000008b3  PutString               
000008dd  PutStringNonBlocking    
00000ddd  ResetISR                
UNDEFED   SHT$$INIT_ARRAY$$Base   
UNDEFED   SHT$$INIT_ARRAY$$Limit  
00000945  SysCtlClockGet          
000004fd  UART0IntHandler         
00000d99  UARTCharGetNonBlocking  
00000de9  UARTCharPut             
00000da7  UARTCharPutNonBlocking  
00000db5  UARTCharsAvail          
00000e03  UARTIntClear            
00000df3  UARTIntStatus           
00000653  UART_Init               
20000200  __STACK_END             
00000200  __STACK_SIZE            
20000200  __STACK_TOP             
00000ea0  __TI_CINIT_Base         
00000eb0  __TI_CINIT_Limit        
00000e88  __TI_Handler_Table_Base 
00000e94  __TI_Handler_Table_Limit
00000b6d  __TI_auto_init          
20000208  __TI_cleanup_ptr        
00000dc3  __TI_decompress_none    
00000dfd  __TI_decompress_rle24   
2000020c  __TI_dtors_ptr          
00000000  __TI_static_base__      
00000dd1  __TI_zero_init          
00000af1  __aeabi_memclr          
00000af1  __aeabi_memclr4         
00000af1  __aeabi_memclr8         
00000a55  __aeabi_memcpy          
00000a55  __aeabi_memcpy4         
00000a55  __aeabi_memcpy8         
00000af3  __aeabi_memset          
00000af3  __aeabi_memset4         
00000af3  __aeabi_memset8         
ffffffff  __binit__               
ffffffff  __c_args__              
20000000  __stack                 
00000d49  _args_main              
00000c45  _c_int00                
20000200  _lock                   
00000d6f  _nop                    
00000d67  _register_lock          
00000d61  _register_unlock        
00000e07  _system_pre_init        
20000204  _unlock                 
00000ce5  abort                   
ffffffff  binit                   
00000c95  copy_in                 
00000ced  exit                    
00000000  g_pfnVectors            
00000585  main                    
20000210  main_func_sp            
00000a55  memcpy                  
00000af9  memset                  
0000049f  motorStop               
0000026d  motorsInit              
00000383  motorsSetPulseWidth     
00000d75  strlen                  
00000779  uartInit                
20000218  ui32Load                
2000021c  ui32PWMClock            
20000220  ui8Adjust               
20000222  ui8PulseAdjust_1        
20000224  ui8PulseAdjust_2        
20000226  ui8PulseAdjust_3        


GLOBAL SYMBOLS: SORTED BY Symbol Address 

address   name                    
-------   ----                    
00000000  __TI_static_base__      
00000000  g_pfnVectors            
00000200  __STACK_SIZE            
0000026d  motorsInit              
00000383  motorsSetPulseWidth     
0000049f  motorStop               
000004fd  UART0IntHandler         
00000585  main                    
00000653  UART_Init               
00000779  uartInit                
000008b3  PutString               
000008dd  PutStringNonBlocking    
00000945  SysCtlClockGet          
00000a55  __aeabi_memcpy          
00000a55  __aeabi_memcpy4         
00000a55  __aeabi_memcpy8         
00000a55  memcpy                  
00000af1  __aeabi_memclr          
00000af1  __aeabi_memclr4         
00000af1  __aeabi_memclr8         
00000af3  __aeabi_memset          
00000af3  __aeabi_memset4         
00000af3  __aeabi_memset8         
00000af9  memset                  
00000b6d  __TI_auto_init          
00000c45  _c_int00                
00000c95  copy_in                 
00000ce1  C$$EXIT                 
00000ce5  abort                   
00000ced  exit                    
00000d25  PWMGenConfigure         
00000d49  _args_main              
00000d61  _register_unlock        
00000d67  _register_lock          
00000d6f  _nop                    
00000d75  strlen                  
00000d89  PWMGenPeriodSet         
00000d99  UARTCharGetNonBlocking  
00000da7  UARTCharPutNonBlocking  
00000db5  UARTCharsAvail          
00000dc3  __TI_decompress_none    
00000dd1  __TI_zero_init          
00000ddd  ResetISR                
00000de9  UARTCharPut             
00000df3  UARTIntStatus           
00000dfd  __TI_decompress_rle24   
00000e03  UARTIntClear            
00000e07  _system_pre_init        
00000e88  __TI_Handler_Table_Base 
00000e94  __TI_Handler_Table_Limit
00000ea0  __TI_CINIT_Base         
00000eb0  __TI_CINIT_Limit        
20000000  __stack                 
20000200  __STACK_END             
20000200  __STACK_TOP             
20000200  _lock                   
20000204  _unlock                 
20000208  __TI_cleanup_ptr        
2000020c  __TI_dtors_ptr          
20000210  main_func_sp            
20000218  ui32Load                
2000021c  ui32PWMClock            
20000220  ui8Adjust               
20000222  ui8PulseAdjust_1        
20000224  ui8PulseAdjust_2        
20000226  ui8PulseAdjust_3        
ffffffff  __binit__               
ffffffff  __c_args__              
ffffffff  binit                   
UNDEFED   SHT$$INIT_ARRAY$$Base   
UNDEFED   SHT$$INIT_ARRAY$$Limit  

[71 symbols]
