******************************************************************************
                  TI ARM Linker PC v5.2.5                      
******************************************************************************
>> Linked Wed Mar 02 15:00:40 2016

OUTPUT FILE NAME:   <i2c test.out>
ENTRY POINT SYMBOL: "_c_int00"  address: 0000325d


MEMORY CONFIGURATION

         name            origin    length      used     unused   attr    fill
----------------------  --------  ---------  --------  --------  ----  --------
  FLASH                 00000000   00040000  00003869  0003c797  R  X
  SRAM                  20000000   00008000  0000251c  00005ae4  RW X


SEGMENT ALLOCATION MAP

run origin  load origin   length   init length attrs members
----------  ----------- ---------- ----------- ----- -------
00000000    00000000    00003870   00003870    r-x
  00000000    00000000    0000026c   0000026c    r-- .intvecs
  0000026c    0000026c    0000342c   0000342c    r-x .text
  00003698    00003698    00000101   00000101    r-- .const
  000037a0    000037a0    000000d0   000000d0    r-- .cinit
20000000    20000000    0000251c   00000000    rw-
  20000000    20000000    00001000   00000000    rw- .stack
  20001000    20001000    00001000   00000000    rw- .sysmem
  20002000    20002000    00000330   00000000    rw- .data
  20002330    20002330    000001ec   00000000    rw- .bss


SECTION ALLOCATION MAP

 output                                  attributes/
section   page    origin      length       input sections
--------  ----  ----------  ----------   ----------------
.intvecs   0    00000000    0000026c     
                  00000000    0000026c     tm4c123gh6pm_startup_ccs.obj (.intvecs)

.text      0    0000026c    0000342c     
                  0000026c    000010ba     rtsv7M4_T_le_v4SPD16_eabi.lib : _printfi.obj (.text)
                  00001326    00000002     --HOLE-- [fill = 0]
                  00001328    000003dc                                   : memory.obj (.text)
                  00001704    0000030c                                   : lowlev.obj (.text)
                  00001a10    000002d4                                   : trgdrv.obj (.text)
                  00001ce4    000001f4                                   : ull_div_t2.obj (.text)
                  00001ed8    000001c4                                   : fopen.obj (.text)
                  0000209c    000001b6                                   : fd_add_t2.obj (.text)
                  00002252    00000002     --HOLE-- [fill = 0]
                  00002254    00000168     i2c.obj (.text)
                  000023bc    00000136     rtsv7M4_T_le_v4SPD16_eabi.lib : fd_div_t2.obj (.text)
                  000024f2    00000002     --HOLE-- [fill = 0]
                  000024f4    00000134                                   : fputs.obj (.text)
                  00002628    00000110                                   : xdscale.obj (.text)
                  00002738    000000fc                                   : fd_mul_t2.obj (.text)
                  00002834    000000dc                                   : setvbuf.obj (.text)
                  00002910    000000c8                                   : fflush.obj (.text)
                  000029d8    000000be                                   : xdnorm.obj (.text)
                  00002a96    000000ac                                   : _io_perm.obj (.text)
                  00002b42    000000a2     accelerometer.obj (.text)
                  00002be4    0000009c     rtsv7M4_T_le_v4SPD16_eabi.lib : memcpy_t2.obj (.text)
                  00002c80    00000098                                   : fclose.obj (.text)
                  00002d18    00000098                                   : fputc.obj (.text)
                  00002db0    00000086                                   : fd_cmp_t2.obj (.text:__aeabi_cdcmple)
                  00002e36    00000086                                   : fd_cmp_t2.obj (.text:__aeabi_cdrcmple)
                  00002ebc    0000007a                                   : memset_t2.obj (.text)
                  00002f36    00000002     --HOLE-- [fill = 0]
                  00002f38    00000070                                   : printf.obj (.text)
                  00002fa8    0000006c                                   : autoinit.obj (.text)
                  00003014    0000006a                                   : copy_decompress_rle.obj (.text)
                  0000307e    00000002     --HOLE-- [fill = 0]
                  00003080    00000068                                   : trgmsg.obj (.text)
                  000030e8    00000066                                   : xdunscal.obj (.text)
                  0000314e    00000002     --HOLE-- [fill = 0]
                  00003150    00000064                                   : fseek.obj (.text)
                  000031b4    00000056                                   : ltoa.obj (.text)
                  0000320a    00000052                                   : ldexp.obj (.text)
                  0000325c    00000050                                   : boot.obj (.text)
                  000032ac    0000004c     main.obj (.text)
                  000032f8    0000004c     rtsv7M4_T_le_v4SPD16_eabi.lib : atoi.obj (.text)
                  00003344    0000004c                                   : cpy_tbl.obj (.text)
                  00003390    00000048                                   : fd_toi_t2.obj (.text)
                  000033d8    00000044                                   : exit.obj (.text)
                  0000341c    00000040                                   : signal.obj (.text)
                  0000345c    00000034                                   : feraiseexcept.obj (.text)
                  00003490    00000030                                   : strncpy.obj (.text)
                  000034c0    00000030                                   : xdclass.obj (.text)
                  000034f0    00000030                                   : xferaise.obj (.text)
                  00003520    0000002e                                   : i_tofd_t2.obj (.text)
                  0000354e    0000002e                                   : raise.obj (.text)
                  0000357c    0000002a                                   : frexp.obj (.text)
                  000035a6    00000020                                   : memchr.obj (.text)
                  000035c6    0000001c                                   : memccpy.obj (.text)
                  000035e2    00000002     --HOLE-- [fill = 0]
                  000035e4    00000018                                   : args_main.obj (.text)
                  000035fc    00000018                                   : strcmp.obj (.text)
                  00003614    00000016                                   : strchr.obj (.text)
                  0000362a    00000002     --HOLE-- [fill = 0]
                  0000362c    00000014                                   : _lock.obj (.text)
                  00003640    00000014                                   : strcpy.obj (.text)
                  00003654    00000014                                   : strlen.obj (.text)
                  00003668    0000000e                                   : copy_decompress_none.obj (.text:decompress:none)
                  00003676    0000000c                                   : copy_zero_init.obj (.text:decompress:ZI)
                  00003682    0000000c     tm4c123gh6pm_startup_ccs.obj (.text)
                  0000368e    00000006     rtsv7M4_T_le_v4SPD16_eabi.lib : copy_decompress_rle.obj (.text:decompress:rle24)
                  00003694    00000004                                   : pre_init.obj (.text)

.const     0    00003698    00000101     
                  00003698    00000101     rtsv7M4_T_le_v4SPD16_eabi.lib : ctype.obj (.const:.string:_ctypes_)

.cinit     0    000037a0    000000d0     
                  000037a0    000000a8     (.cinit..data.load) [load image, compression = rle]
                  00003848    0000000c     (__TI_handler_table)
                  00003854    00000004     --HOLE-- [fill = 0]
                  00003858    00000008     (.cinit..bss.load) [load image, compression = zero_init]
                  00003860    00000010     (__TI_cinit_table)

.init_array 
*          0    00000000    00000000     UNINITIALIZED

.stack     0    20000000    00001000     UNINITIALIZED
                  20000000    00001000     --HOLE--

.sysmem    0    20001000    00001000     UNINITIALIZED
                  20001000    00000008     rtsv7M4_T_le_v4SPD16_eabi.lib : memory.obj (.sysmem)
                  20001008    00000ff8     --HOLE--

.data      0    20002000    00000330     UNINITIALIZED
                  20002000    000000f0     rtsv7M4_T_le_v4SPD16_eabi.lib : defs.obj (.data:_ftable)
                  200020f0    000000d0                                   : lowlev.obj (.data)
                  200021c0    000000b0                                   : signal.obj (.data:sigtable)
                  20002270    00000080                                   : xvalues.obj (.data)
                  200022f0    00000010                                   : defs.obj (.data)
                  20002300    0000000c                                   : memory.obj (.data)
                  2000230c    00000008                                   : _lock.obj (.data)
                  20002314    00000008                                   : exit.obj (.data)
                  2000231c    00000008                                   : feraiseexcept.obj (.data)
                  20002324    00000004                                   : errno.obj (.data)
                  20002328    00000004                                   : fopen.obj (.data)
                  2000232c    00000004                                   : stkdepth_vars.obj (.data)

.TI.persistent 
*          0    20002000    00000000     UNINITIALIZED

.bss       0    20002330    000001ec     UNINITIALIZED
                  20002330    00000120     rtsv7M4_T_le_v4SPD16_eabi.lib : trgmsg.obj (.bss:__CIOBUF_)
                  20002450    000000a0                                   : defs.obj (.bss:__TI_tmpnams)
                  200024f0    00000024     main.obj (.bss:accel)
                  20002514    00000008     (.common:parmbuf)

.TI.noinit 
*          0    20002330    00000000     UNINITIALIZED


LINKER GENERATED COPY TABLES

__TI_cinit_table @ 00003860 records: 2, size/record: 8, table size: 16
	.data: load addr=000037a0, load size=000000a8 bytes, run addr=20002000, run size=00000330 bytes, compression=rle
	.bss: load addr=00003858, load size=00000008 bytes, run addr=20002330, run size=000001ec bytes, compression=zero_init


LINKER GENERATED HANDLER TABLE

__TI_handler_table @ 00003848 records: 3, size/record: 4, table size: 12
	index: 0, handler: __TI_decompress_rle24
	index: 1, handler: __TI_decompress_none
	index: 2, handler: __TI_zero_init


GLOBAL SYMBOLS: SORTED ALPHABETICALLY BY Name 

address   name                    
-------   ----                    
000033d9  C$$EXIT                 
000030af  C$$IO$$                 
00001c9d  HOSTclock               
00001c65  HOSTclose               
00001c27  HOSTgetenv              
00001bcb  HOSTlseek               
00001b79  HOSTopen                
00001b2d  HOSTread                
00001acf  HOSTrename              
00001a95  HOSTtime                
00001a5d  HOSTunlink              
00001a11  HOSTwrite               
00003683  ResetISR                
UNDEFED   SHT$$INIT_ARRAY$$Base   
UNDEFED   SHT$$INIT_ARRAY$$Limit  
000034c1  _Dclass                 
20002270  _Denorm                 
000029d9  _Dnorm                  
00002629  _Dscale                 
000030e9  _Dunscale               
20002280  _Eps                    
20002324  _Errno                  
2000231c  _Fenv                   
000034f1  _Feraise                
20002290  _Hugeval                
200022a0  _Inf                    
200022b0  _Nan                    
200022d0  _Rteps                  
200022c0  _Snan                   
20002320  _Tls_setup__Fenv        
200022e0  _Xbig                   
200022e8  _Zero                   
20002330  __CIOBUF_               
20001000  __STACK_END             
00001000  __STACK_SIZE            
20000200  __STACK_TOP             
00001000  __SYSMEM_SIZE           
00003860  __TI_CINIT_Base         
00003870  __TI_CINIT_Limit        
00003848  __TI_Handler_Table_Base 
00003854  __TI_Handler_Table_Limit
00002fa9  __TI_auto_init          
00001fa1  __TI_cleanup            
20002314  __TI_cleanup_ptr        
00002c81  __TI_closefile          
00003669  __TI_decompress_none    
0000368f  __TI_decompress_rle24   
00002911  __TI_doflush            
20002318  __TI_dtors_ptr          
200022f0  __TI_ft_end             
00001021  __TI_printfi            
00002af9  __TI_rd_ok              
000030b3  __TI_readmsg            
00000000  __TI_static_base__      
20002450  __TI_tmpnams            
00003081  __TI_writemsg           
00002a97  __TI_wrt_ok             
00003677  __TI_zero_init          
00002db1  __aeabi_cdcmpeq         
00002db1  __aeabi_cdcmple         
00002e37  __aeabi_cdrcmple        
00003391  __aeabi_d2iz            
000020a7  __aeabi_dadd            
000023bd  __aeabi_ddiv            
00002739  __aeabi_dmul            
0000209d  __aeabi_dsub            
00003521  __aeabi_i2d             
00002ebd  __aeabi_memclr          
00002ebd  __aeabi_memclr4         
00002ebd  __aeabi_memclr8         
00002be5  __aeabi_memcpy          
00002be5  __aeabi_memcpy4         
00002be5  __aeabi_memcpy8         
00002ebf  __aeabi_memset          
00002ebf  __aeabi_memset4         
00002ebf  __aeabi_memset8         
200022fc  __aeabi_stderr          
200022f4  __aeabi_stdin           
200022f8  __aeabi_stdout          
00001ce5  __aeabi_uldivmod        
ffffffff  __binit__               
ffffffff  __c_args__              
20000000  __stack                 
000035e5  _args_main              
0000325d  _c_int00                
00003698  _ctypes_                
20002000  _ftable                 
2000230c  _lock                   
0000363b  _nop                    
00003633  _register_lock          
0000362d  _register_unlock        
20001000  _sys_memory             
00003695  _system_pre_init        
20002310  _unlock                 
000033dd  abort                   
200024f0  accel                   
00002b43  accelerometer_data_get  
00001965  add_device              
000032f9  atoi                    
ffffffff  binit                   
000016d1  calloc                  
00001915  close                   
00003345  copy_in                 
000033e5  exit                    
00002ce7  fclose                  
0000345d  feraiseexcept           
0000295d  fflush                  
00001ff7  fopen                   
00002d19  fputc                   
000024f5  fputs                   
0000141f  free                    
00001fcd  freopen                 
0000357d  frexp                   
00003151  fseek                   
00000000  g_pfnVectors            
00002b93  initialize_accelerometer
0000227d  initialize_i2c          
0000320b  ldexp                   
000018f1  lseek                   
000031b5  ltoa                    
000032ad  main                    
2000232c  main_func_sp            
000013b7  malloc                  
000015ed  memalign                
000035c7  memccpy                 
000035a7  memchr                  
00002be5  memcpy                  
00002ec5  memset                  
00001329  minit                   
00001843  open                    
00002f41  printf                  
00002d19  putc                    
00002d9d  putchar                 
00002601  puts                    
0000354f  raise                   
0000181f  read                    
000022e9  read_byte               
000014e1  realloc                 
00001795  remove                  
000017f7  remove_device           
000017b9  rename                  
00002255  set_rw                  
000022cf  set_slave_address       
00002835  setvbuf                 
0000341d  signal                  
00003615  strchr                  
000035fd  strcmp                  
00003641  strcpy                  
00003655  strlen                  
00003491  strncpy                 
00001795  unlink                  
00001705  write                   
00002bc5  write_accelerometer     
00002331  write_byte              


GLOBAL SYMBOLS: SORTED BY Symbol Address 

address   name                    
-------   ----                    
00000000  __TI_static_base__      
00000000  g_pfnVectors            
00001000  __STACK_SIZE            
00001000  __SYSMEM_SIZE           
00001021  __TI_printfi            
00001329  minit                   
000013b7  malloc                  
0000141f  free                    
000014e1  realloc                 
000015ed  memalign                
000016d1  calloc                  
00001705  write                   
00001795  remove                  
00001795  unlink                  
000017b9  rename                  
000017f7  remove_device           
0000181f  read                    
00001843  open                    
000018f1  lseek                   
00001915  close                   
00001965  add_device              
00001a11  HOSTwrite               
00001a5d  HOSTunlink              
00001a95  HOSTtime                
00001acf  HOSTrename              
00001b2d  HOSTread                
00001b79  HOSTopen                
00001bcb  HOSTlseek               
00001c27  HOSTgetenv              
00001c65  HOSTclose               
00001c9d  HOSTclock               
00001ce5  __aeabi_uldivmod        
00001fa1  __TI_cleanup            
00001fcd  freopen                 
00001ff7  fopen                   
0000209d  __aeabi_dsub            
000020a7  __aeabi_dadd            
00002255  set_rw                  
0000227d  initialize_i2c          
000022cf  set_slave_address       
000022e9  read_byte               
00002331  write_byte              
000023bd  __aeabi_ddiv            
000024f5  fputs                   
00002601  puts                    
00002629  _Dscale                 
00002739  __aeabi_dmul            
00002835  setvbuf                 
00002911  __TI_doflush            
0000295d  fflush                  
000029d9  _Dnorm                  
00002a97  __TI_wrt_ok             
00002af9  __TI_rd_ok              
00002b43  accelerometer_data_get  
00002b93  initialize_accelerometer
00002bc5  write_accelerometer     
00002be5  __aeabi_memcpy          
00002be5  __aeabi_memcpy4         
00002be5  __aeabi_memcpy8         
00002be5  memcpy                  
00002c81  __TI_closefile          
00002ce7  fclose                  
00002d19  fputc                   
00002d19  putc                    
00002d9d  putchar                 
00002db1  __aeabi_cdcmpeq         
00002db1  __aeabi_cdcmple         
00002e37  __aeabi_cdrcmple        
00002ebd  __aeabi_memclr          
00002ebd  __aeabi_memclr4         
00002ebd  __aeabi_memclr8         
00002ebf  __aeabi_memset          
00002ebf  __aeabi_memset4         
00002ebf  __aeabi_memset8         
00002ec5  memset                  
00002f41  printf                  
00002fa9  __TI_auto_init          
00003081  __TI_writemsg           
000030af  C$$IO$$                 
000030b3  __TI_readmsg            
000030e9  _Dunscale               
00003151  fseek                   
000031b5  ltoa                    
0000320b  ldexp                   
0000325d  _c_int00                
000032ad  main                    
000032f9  atoi                    
00003345  copy_in                 
00003391  __aeabi_d2iz            
000033d9  C$$EXIT                 
000033dd  abort                   
000033e5  exit                    
0000341d  signal                  
0000345d  feraiseexcept           
00003491  strncpy                 
000034c1  _Dclass                 
000034f1  _Feraise                
00003521  __aeabi_i2d             
0000354f  raise                   
0000357d  frexp                   
000035a7  memchr                  
000035c7  memccpy                 
000035e5  _args_main              
000035fd  strcmp                  
00003615  strchr                  
0000362d  _register_unlock        
00003633  _register_lock          
0000363b  _nop                    
00003641  strcpy                  
00003655  strlen                  
00003669  __TI_decompress_none    
00003677  __TI_zero_init          
00003683  ResetISR                
0000368f  __TI_decompress_rle24   
00003695  _system_pre_init        
00003698  _ctypes_                
00003848  __TI_Handler_Table_Base 
00003854  __TI_Handler_Table_Limit
00003860  __TI_CINIT_Base         
00003870  __TI_CINIT_Limit        
20000000  __stack                 
20000200  __STACK_TOP             
20001000  __STACK_END             
20001000  _sys_memory             
20002000  _ftable                 
20002270  _Denorm                 
20002280  _Eps                    
20002290  _Hugeval                
200022a0  _Inf                    
200022b0  _Nan                    
200022c0  _Snan                   
200022d0  _Rteps                  
200022e0  _Xbig                   
200022e8  _Zero                   
200022f0  __TI_ft_end             
200022f4  __aeabi_stdin           
200022f8  __aeabi_stdout          
200022fc  __aeabi_stderr          
2000230c  _lock                   
20002310  _unlock                 
20002314  __TI_cleanup_ptr        
20002318  __TI_dtors_ptr          
2000231c  _Fenv                   
20002320  _Tls_setup__Fenv        
20002324  _Errno                  
2000232c  main_func_sp            
20002330  __CIOBUF_               
20002450  __TI_tmpnams            
200024f0  accel                   
ffffffff  __binit__               
ffffffff  __c_args__              
ffffffff  binit                   
UNDEFED   SHT$$INIT_ARRAY$$Base   
UNDEFED   SHT$$INIT_ARRAY$$Limit  

[154 symbols]
