******************************************************************************
                  TI ARM Linker PC v5.2.5                      
******************************************************************************
>> Linked Tue Mar 15 22:33:15 2016

OUTPUT FILE NAME:   <UartForControls2.out>
ENTRY POINT SYMBOL: "_c_int00"  address: 00004fbd


MEMORY CONFIGURATION

         name            origin    length      used     unused   attr    fill
----------------------  --------  ---------  --------  --------  ----  --------
  FLASH                 00000000   00040000  000056fc  0003a904  R  X
  SRAM                  20000000   00008000  00002552  00005aae  RW X


SEGMENT ALLOCATION MAP

run origin  load origin   length   init length attrs members
----------  ----------- ---------- ----------- ----- -------
00000000    00000000    00005700   00005700    r-x
  00000000    00000000    0000026c   0000026c    r-- .intvecs
  0000026c    0000026c    000051bc   000051bc    r-x .text
  00005428    00005428    000001fc   000001fc    r-- .const
  00005628    00005628    000000d8   000000d8    r-- .cinit
20000000    20000000    00002552   00000000    rw-
  20000000    20000000    00001000   00000000    rw- .stack
  20001000    20001000    00001000   00000000    rw- .sysmem
  20002000    20002000    00000354   00000000    rw- .data
  20002354    20002354    000001fe   00000000    rw- .bss


SECTION ALLOCATION MAP

 output                                  attributes/
section   page    origin      length       input sections
--------  ----  ----------  ----------   ----------------
.intvecs   0    00000000    0000026c     
                  00000000    0000026c     tm4c123gh6pm_startup_ccs.obj (.intvecs)

.text      0    0000026c    000051bc     
                  0000026c    000010ba     rtsv7M4_T_le_v4SPD16_eabi.lib : _printfi.obj (.text)
                  00001326    00000002     --HOLE-- [fill = 0]
                  00001328    00000b14     main.obj (.text)
                  00001e3c    00000650     motors.obj (.text)
                  0000248c    000003dc     rtsv7M4_T_le_v4SPD16_eabi.lib : memory.obj (.text)
                  00002868    0000030c                                   : lowlev.obj (.text)
                  00002b74    000002d4                                   : trgdrv.obj (.text)
                  00002e48    0000025c     servoControl.obj (.text)
                  000030a4    000001fc     leds.obj (.text)
                  000032a0    000001f4     rtsv7M4_T_le_v4SPD16_eabi.lib : ull_div_t2.obj (.text)
                  00003494    000001e0     uart.obj (.text)
                  00003674    000001c4     rtsv7M4_T_le_v4SPD16_eabi.lib : fopen.obj (.text)
                  00003838    000001b6                                   : fd_add_t2.obj (.text)
                  000039ee    00000002     --HOLE-- [fill = 0]
                  000039f0    0000018c                                   : xatan.obj (.text)
                  00003b7c    00000168     i2c.obj (.text)
                  00003ce4    00000148     rtsv7M4_T_le_v4SPD16_eabi.lib : sqrt.obj (.text)
                  00003e2c    00000136                                   : fd_div_t2.obj (.text)
                  00003f62    00000002     --HOLE-- [fill = 0]
                  00003f64    00000134                                   : fputs.obj (.text)
                  00004098    0000011c                                   : asin.obj (.text)
                  000041b4    00000110     driverlib.lib : sysctl.obj (.text:SysCtlClockGet)
                  000042c4    00000110     rtsv7M4_T_le_v4SPD16_eabi.lib : xdscale.obj (.text)
                  000043d4    000000fc                                   : fd_mul_t2.obj (.text)
                  000044d0    000000de     accelerometer.obj (.text)
                  000045ae    00000002     --HOLE-- [fill = 0]
                  000045b0    000000dc     rtsv7M4_T_le_v4SPD16_eabi.lib : setvbuf.obj (.text)
                  0000468c    000000c8                                   : fflush.obj (.text)
                  00004754    000000be                                   : xdnorm.obj (.text)
                  00004812    000000ac                                   : _io_perm.obj (.text)
                  000048be    0000009c                                   : memcpy_t2.obj (.text)
                  0000495a    00000002     --HOLE-- [fill = 0]
                  0000495c    00000098                                   : fclose.obj (.text)
                  000049f4    00000098                                   : fputc.obj (.text)
                  00004a8c    00000086                                   : fd_cmp_t2.obj (.text:__aeabi_cdcmple)
                  00004b12    00000086                                   : fd_cmp_t2.obj (.text:__aeabi_cdrcmple)
                  00004b98    00000084     Timer.obj (.text)
                  00004c1c    0000007a     rtsv7M4_T_le_v4SPD16_eabi.lib : memset_t2.obj (.text)
                  00004c96    00000002     --HOLE-- [fill = 0]
                  00004c98    00000070                                   : printf.obj (.text)
                  00004d08    0000006c                                   : autoinit.obj (.text)
                  00004d74    0000006a                                   : copy_decompress_rle.obj (.text)
                  00004dde    00000002     --HOLE-- [fill = 0]
                  00004de0    00000068                                   : trgmsg.obj (.text)
                  00004e48    00000066                                   : xdunscal.obj (.text)
                  00004eae    00000002     --HOLE-- [fill = 0]
                  00004eb0    00000064                                   : fseek.obj (.text)
                  00004f14    00000056                                   : ltoa.obj (.text)
                  00004f6a    00000052                                   : ldexp.obj (.text)
                  00004fbc    00000050                                   : boot.obj (.text)
                  0000500c    0000004c                                   : atoi.obj (.text)
                  00005058    0000004c                                   : cpy_tbl.obj (.text)
                  000050a4    00000048                                   : fd_toi_t2.obj (.text)
                  000050ec    00000044                                   : exit.obj (.text)
                  00005130    00000040                                   : signal.obj (.text)
                  00005170    00000034                                   : feraiseexcept.obj (.text)
                  000051a4    00000030                                   : strncpy.obj (.text)
                  000051d4    00000030                                   : xdclass.obj (.text)
                  00005204    00000030                                   : xferaise.obj (.text)
                  00005234    0000002e                                   : i_tofd_t2.obj (.text)
                  00005262    0000002e                                   : raise.obj (.text)
                  00005290    0000002a                                   : frexp.obj (.text)
                  000052ba    00000022     driverlib.lib : pwm.obj (.text:PWMGenConfigure)
                  000052dc    00000020     rtsv7M4_T_le_v4SPD16_eabi.lib : memchr.obj (.text)
                  000052fc    0000001c                                   : memccpy.obj (.text)
                  00005318    00000018                                   : args_main.obj (.text)
                  00005330    00000018                                   : strcmp.obj (.text)
                  00005348    00000016                                   : strchr.obj (.text)
                  0000535e    00000002     --HOLE-- [fill = 0]
                  00005360    00000014                                   : _lock.obj (.text)
                  00005374    00000014                                   : strcpy.obj (.text)
                  00005388    00000014                                   : strlen.obj (.text)
                  0000539c    00000010     driverlib.lib : pwm.obj (.text:PWMGenPeriodSet)
                  000053ac    0000000e                   : uart.obj (.text:UARTCharGetNonBlocking)
                  000053ba    0000000e                   : uart.obj (.text:UARTCharPutNonBlocking)
                  000053c8    0000000e                   : uart.obj (.text:UARTCharsAvail)
                  000053d6    0000000e     rtsv7M4_T_le_v4SPD16_eabi.lib : copy_decompress_none.obj (.text:decompress:none)
                  000053e4    0000000c                                   : copy_zero_init.obj (.text:decompress:ZI)
                  000053f0    0000000c     tm4c123gh6pm_startup_ccs.obj (.text)
                  000053fc    0000000a     driverlib.lib : uart.obj (.text:UARTCharPut)
                  00005406    0000000a                   : uart.obj (.text:UARTIntStatus)
                  00005410    00000006                   : sysctl.obj (.text:SysCtlDelay)
                  00005416    00000006     rtsv7M4_T_le_v4SPD16_eabi.lib : copy_decompress_rle.obj (.text:decompress:rle24)
                  0000541c    00000004     driverlib.lib : timer.obj (.text:TimerIntClear)
                  00005420    00000004                   : uart.obj (.text:UARTIntClear)
                  00005424    00000004     rtsv7M4_T_le_v4SPD16_eabi.lib : pre_init.obj (.text)

.const     0    00005428    000001fc     
                  00005428    00000101     rtsv7M4_T_le_v4SPD16_eabi.lib : ctype.obj (.const:.string:_ctypes_)
                  00005529    00000007     --HOLE-- [fill = 0]
                  00005530    00000088                                   : xatan.obj (.const)
                  000055b8    0000006c     driverlib.lib : sysctl.obj (.const:g_pui32Xtals)

.cinit     0    00005628    000000d8     
                  00005628    000000b1     (.cinit..data.load) [load image, compression = rle]
                  000056d9    00000003     --HOLE-- [fill = 0]
                  000056dc    0000000c     (__TI_handler_table)
                  000056e8    00000008     (.cinit..bss.load) [load image, compression = zero_init]
                  000056f0    00000010     (__TI_cinit_table)

.init_array 
*          0    00000000    00000000     UNINITIALIZED

.stack     0    20000000    00001000     UNINITIALIZED
                  20000000    00001000     --HOLE--

.sysmem    0    20001000    00001000     UNINITIALIZED
                  20001000    00000008     rtsv7M4_T_le_v4SPD16_eabi.lib : memory.obj (.sysmem)
                  20001008    00000ff8     --HOLE--

.data      0    20002000    00000354     UNINITIALIZED
                  20002000    000000f0     rtsv7M4_T_le_v4SPD16_eabi.lib : defs.obj (.data:_ftable)
                  200020f0    000000d0                                   : lowlev.obj (.data)
                  200021c0    000000b0                                   : signal.obj (.data:sigtable)
                  20002270    00000080                                   : xvalues.obj (.data)
                  200022f0    00000022     main.obj (.data)
                  20002312    00000002     --HOLE--
                  20002314    00000010     rtsv7M4_T_le_v4SPD16_eabi.lib : defs.obj (.data)
                  20002324    0000000c                                   : memory.obj (.data)
                  20002330    00000008                                   : _lock.obj (.data)
                  20002338    00000008                                   : exit.obj (.data)
                  20002340    00000008                                   : feraiseexcept.obj (.data)
                  20002348    00000004                                   : errno.obj (.data)
                  2000234c    00000004                                   : fopen.obj (.data)
                  20002350    00000004                                   : stkdepth_vars.obj (.data)

.TI.persistent 
*          0    20002000    00000000     UNINITIALIZED

.bss       0    20002354    000001fe     UNINITIALIZED
                  20002354    00000120     rtsv7M4_T_le_v4SPD16_eabi.lib : trgmsg.obj (.bss:__CIOBUF_)
                  20002474    000000a0                                   : defs.obj (.bss:__TI_tmpnams)
                  20002514    00000014     (.common:data)
                  20002528    0000000c     (.common:accel)
                  20002534    00000008     (.common:parmbuf)
                  2000253c    00000004     (.common:brightness)
                  20002540    00000004     (.common:ui32Load)
                  20002544    00000004     (.common:ui32PWMClock)
                  20002548    00000002     (.common:lightlevel)
                  2000254a    00000002     (.common:ui8Adjust)
                  2000254c    00000002     (.common:ui8PulseAdjust_1)
                  2000254e    00000002     (.common:ui8PulseAdjust_2)
                  20002550    00000002     (.common:ui8PulseAdjust_3)

.TI.noinit 
*          0    20002354    00000000     UNINITIALIZED


LINKER GENERATED COPY TABLES

__TI_cinit_table @ 000056f0 records: 2, size/record: 8, table size: 16
	.data: load addr=00005628, load size=000000b1 bytes, run addr=20002000, run size=00000354 bytes, compression=rle
	.bss: load addr=000056e8, load size=00000008 bytes, run addr=20002354, run size=000001fe bytes, compression=zero_init


LINKER GENERATED HANDLER TABLE

__TI_handler_table @ 000056dc records: 3, size/record: 4, table size: 12
	index: 0, handler: __TI_decompress_rle24
	index: 1, handler: __TI_decompress_none
	index: 2, handler: __TI_zero_init


GLOBAL SYMBOLS: SORTED ALPHABETICALLY BY Name 

address   name                    
-------   ----                    
000050ed  C$$EXIT                 
00004e0f  C$$IO$$                 
00002e01  HOSTclock               
00002dc9  HOSTclose               
00002d8b  HOSTgetenv              
00002d2f  HOSTlseek               
00002cdd  HOSTopen                
00002c91  HOSTread                
00002c33  HOSTrename              
00002bf9  HOSTtime                
00002bc1  HOSTunlink              
00002b75  HOSTwrite               
000052bb  PWMGenConfigure         
0000539d  PWMGenPeriodSet         
000035e1  PutString               
0000360d  PutStringNonBlocking    
000053f1  ResetISR                
UNDEFED   SHT$$INIT_ARRAY$$Base   
UNDEFED   SHT$$INIT_ARRAY$$Limit  
00001dc9  SetBitCount             
000041b5  SysCtlClockGet          
00005411  SysCtlDelay             
00001329  Timer0IntHandler        
0000541d  TimerIntClear           
000018cd  UART0IntHandler         
00001941  UART7IntHandler         
000053ad  UARTCharGetNonBlocking  
000053fd  UARTCharPut             
000053bb  UARTCharPutNonBlocking  
000053c9  UARTCharsAvail          
00005421  UARTIntClear            
00005407  UARTIntStatus           
000039f1  _Atan                   
000051d5  _Dclass                 
20002270  _Denorm                 
00004755  _Dnorm                  
000042c5  _Dscale                 
00004e49  _Dunscale               
20002280  _Eps                    
20002348  _Errno                  
20002340  _Fenv                   
00005205  _Feraise                
20002290  _Hugeval                
200022a0  _Inf                    
200022b0  _Nan                    
200022d0  _Rteps                  
200022c0  _Snan                   
20002344  _Tls_setup__Fenv        
200022e0  _Xbig                   
200022e8  _Zero                   
20002354  __CIOBUF_               
20001000  __STACK_END             
00001000  __STACK_SIZE            
20000200  __STACK_TOP             
00001000  __SYSMEM_SIZE           
000056f0  __TI_CINIT_Base         
00005700  __TI_CINIT_Limit        
000056dc  __TI_Handler_Table_Base 
000056e8  __TI_Handler_Table_Limit
00004d09  __TI_auto_init          
0000373d  __TI_cleanup            
20002338  __TI_cleanup_ptr        
0000495d  __TI_closefile          
000053d7  __TI_decompress_none    
00005417  __TI_decompress_rle24   
0000468d  __TI_doflush            
2000233c  __TI_dtors_ptr          
20002314  __TI_ft_end             
00001021  __TI_printfi            
00004875  __TI_rd_ok              
00004e13  __TI_readmsg            
00000000  __TI_static_base__      
20002474  __TI_tmpnams            
00004de1  __TI_writemsg           
00004813  __TI_wrt_ok             
000053e5  __TI_zero_init          
00004a8d  __aeabi_cdcmpeq         
00004a8d  __aeabi_cdcmple         
00004b13  __aeabi_cdrcmple        
000050a5  __aeabi_d2iz            
00003843  __aeabi_dadd            
00003e2d  __aeabi_ddiv            
000043d5  __aeabi_dmul            
00003839  __aeabi_dsub            
00005235  __aeabi_i2d             
00004c1d  __aeabi_memclr          
00004c1d  __aeabi_memclr4         
00004c1d  __aeabi_memclr8         
000048bf  __aeabi_memcpy          
000048bf  __aeabi_memcpy4         
000048bf  __aeabi_memcpy8         
00004c1f  __aeabi_memset          
00004c1f  __aeabi_memset4         
00004c1f  __aeabi_memset8         
20002320  __aeabi_stderr          
20002318  __aeabi_stdin           
2000231c  __aeabi_stdout          
000032a1  __aeabi_uldivmod        
ffffffff  __binit__               
ffffffff  __c_args__              
20000000  __stack                 
00005319  _args_main              
00004fbd  _c_int00                
00005428  _ctypes_                
20002000  _ftable                 
20002330  _lock                   
0000536f  _nop                    
00005367  _register_lock          
00005361  _register_unlock        
20001000  _sys_memory             
00005425  _system_pre_init        
20002334  _unlock                 
000050f1  abort                   
20002528  accel                   
000044d1  accelerometer_data_get  
00002ac9  add_device              
00004099  asin                    
0000500d  atoi                    
ffffffff  binit                   
2000253c  brightness              
00002835  calloc                  
00002a79  close                   
00005059  copy_in                 
000050f9  exit                    
000049c3  fclose                  
00005171  feraiseexcept           
000046d9  fflush                  
00003793  fopen                   
000049f5  fputc                   
00003f65  fputs                   
00002583  free                    
00003769  freopen                 
00005291  frexp                   
00004eb1  fseek                   
00000000  g_pfnVectors            
0000455d  initialize_accelerometer
00003ba5  initialize_i2c          
00004f6b  ldexp                   
00003157  ledsBright              
000030a5  ledsInit                
0000323b  ledsMax                 
00003207  ledsOff                 
20002548  lightlevel              
00002a55  lseek                   
00004f15  ltoa                    
00001a61  main                    
20002350  main_func_sp            
0000251b  malloc                  
00002751  memalign                
000052fd  memccpy                 
000052dd  memchr                  
000048bf  memcpy                  
00004c25  memset                  
0000248d  minit                   
0000225d  motorStop               
00001e3d  motorsInit              
0000201d  motorsSetPulseWidth     
00002327  motorsVariable          
000029a7  open                    
00004ca1  printf                  
000049f5  putc                    
00004a79  putchar                 
00004071  puts                    
00005263  raise                   
00002983  read                    
00003c11  read_byte               
00002645  realloc                 
000028f9  remove                  
0000295b  remove_device           
0000291d  rename                  
00002e49  servoInit               
0000302f  servoSetCenter          
00002f9b  servoSetMax             
00002fe5  servoSetMin             
00002f03  servoSetPulseWidth      
00003b7d  set_rw                  
00003bf7  set_slave_address       
000045b1  setvbuf                 
00005131  signal                  
00003ce5  sqrt                    
00005349  strchr                  
00005331  strcmp                  
00005375  strcpy                  
00005389  strlen                  
000051a5  strncpy                 
00004b99  timerInit               
00003495  uartInit                
20002540  ui32Load                
20002544  ui32PWMClock            
2000254a  ui8Adjust               
2000254c  ui8PulseAdjust_1        
2000254e  ui8PulseAdjust_2        
20002550  ui8PulseAdjust_3        
000028f9  unlink                  
00002869  write                   
0000458f  write_accelerometer     
00003c59  write_byte              


GLOBAL SYMBOLS: SORTED BY Symbol Address 

address   name                    
-------   ----                    
00000000  __TI_static_base__      
00000000  g_pfnVectors            
00001000  __STACK_SIZE            
00001000  __SYSMEM_SIZE           
00001021  __TI_printfi            
00001329  Timer0IntHandler        
000018cd  UART0IntHandler         
00001941  UART7IntHandler         
00001a61  main                    
00001dc9  SetBitCount             
00001e3d  motorsInit              
0000201d  motorsSetPulseWidth     
0000225d  motorStop               
00002327  motorsVariable          
0000248d  minit                   
0000251b  malloc                  
00002583  free                    
00002645  realloc                 
00002751  memalign                
00002835  calloc                  
00002869  write                   
000028f9  remove                  
000028f9  unlink                  
0000291d  rename                  
0000295b  remove_device           
00002983  read                    
000029a7  open                    
00002a55  lseek                   
00002a79  close                   
00002ac9  add_device              
00002b75  HOSTwrite               
00002bc1  HOSTunlink              
00002bf9  HOSTtime                
00002c33  HOSTrename              
00002c91  HOSTread                
00002cdd  HOSTopen                
00002d2f  HOSTlseek               
00002d8b  HOSTgetenv              
00002dc9  HOSTclose               
00002e01  HOSTclock               
00002e49  servoInit               
00002f03  servoSetPulseWidth      
00002f9b  servoSetMax             
00002fe5  servoSetMin             
0000302f  servoSetCenter          
000030a5  ledsInit                
00003157  ledsBright              
00003207  ledsOff                 
0000323b  ledsMax                 
000032a1  __aeabi_uldivmod        
00003495  uartInit                
000035e1  PutString               
0000360d  PutStringNonBlocking    
0000373d  __TI_cleanup            
00003769  freopen                 
00003793  fopen                   
00003839  __aeabi_dsub            
00003843  __aeabi_dadd            
000039f1  _Atan                   
00003b7d  set_rw                  
00003ba5  initialize_i2c          
00003bf7  set_slave_address       
00003c11  read_byte               
00003c59  write_byte              
00003ce5  sqrt                    
00003e2d  __aeabi_ddiv            
00003f65  fputs                   
00004071  puts                    
00004099  asin                    
000041b5  SysCtlClockGet          
000042c5  _Dscale                 
000043d5  __aeabi_dmul            
000044d1  accelerometer_data_get  
0000455d  initialize_accelerometer
0000458f  write_accelerometer     
000045b1  setvbuf                 
0000468d  __TI_doflush            
000046d9  fflush                  
00004755  _Dnorm                  
00004813  __TI_wrt_ok             
00004875  __TI_rd_ok              
000048bf  __aeabi_memcpy          
000048bf  __aeabi_memcpy4         
000048bf  __aeabi_memcpy8         
000048bf  memcpy                  
0000495d  __TI_closefile          
000049c3  fclose                  
000049f5  fputc                   
000049f5  putc                    
00004a79  putchar                 
00004a8d  __aeabi_cdcmpeq         
00004a8d  __aeabi_cdcmple         
00004b13  __aeabi_cdrcmple        
00004b99  timerInit               
00004c1d  __aeabi_memclr          
00004c1d  __aeabi_memclr4         
00004c1d  __aeabi_memclr8         
00004c1f  __aeabi_memset          
00004c1f  __aeabi_memset4         
00004c1f  __aeabi_memset8         
00004c25  memset                  
00004ca1  printf                  
00004d09  __TI_auto_init          
00004de1  __TI_writemsg           
00004e0f  C$$IO$$                 
00004e13  __TI_readmsg            
00004e49  _Dunscale               
00004eb1  fseek                   
00004f15  ltoa                    
00004f6b  ldexp                   
00004fbd  _c_int00                
0000500d  atoi                    
00005059  copy_in                 
000050a5  __aeabi_d2iz            
000050ed  C$$EXIT                 
000050f1  abort                   
000050f9  exit                    
00005131  signal                  
00005171  feraiseexcept           
000051a5  strncpy                 
000051d5  _Dclass                 
00005205  _Feraise                
00005235  __aeabi_i2d             
00005263  raise                   
00005291  frexp                   
000052bb  PWMGenConfigure         
000052dd  memchr                  
000052fd  memccpy                 
00005319  _args_main              
00005331  strcmp                  
00005349  strchr                  
00005361  _register_unlock        
00005367  _register_lock          
0000536f  _nop                    
00005375  strcpy                  
00005389  strlen                  
0000539d  PWMGenPeriodSet         
000053ad  UARTCharGetNonBlocking  
000053bb  UARTCharPutNonBlocking  
000053c9  UARTCharsAvail          
000053d7  __TI_decompress_none    
000053e5  __TI_zero_init          
000053f1  ResetISR                
000053fd  UARTCharPut             
00005407  UARTIntStatus           
00005411  SysCtlDelay             
00005417  __TI_decompress_rle24   
0000541d  TimerIntClear           
00005421  UARTIntClear            
00005425  _system_pre_init        
00005428  _ctypes_                
000056dc  __TI_Handler_Table_Base 
000056e8  __TI_Handler_Table_Limit
000056f0  __TI_CINIT_Base         
00005700  __TI_CINIT_Limit        
20000000  __stack                 
20000200  __STACK_TOP             
20001000  __STACK_END             
20001000  _sys_memory             
20002000  _ftable                 
20002270  _Denorm                 
20002280  _Eps                    
20002290  _Hugeval                
200022a0  _Inf                    
200022b0  _Nan                    
200022c0  _Snan                   
200022d0  _Rteps                  
200022e0  _Xbig                   
200022e8  _Zero                   
20002314  __TI_ft_end             
20002318  __aeabi_stdin           
2000231c  __aeabi_stdout          
20002320  __aeabi_stderr          
20002330  _lock                   
20002334  _unlock                 
20002338  __TI_cleanup_ptr        
2000233c  __TI_dtors_ptr          
20002340  _Fenv                   
20002344  _Tls_setup__Fenv        
20002348  _Errno                  
20002350  main_func_sp            
20002354  __CIOBUF_               
20002474  __TI_tmpnams            
20002528  accel                   
2000253c  brightness              
20002540  ui32Load                
20002544  ui32PWMClock            
20002548  lightlevel              
2000254a  ui8Adjust               
2000254c  ui8PulseAdjust_1        
2000254e  ui8PulseAdjust_2        
20002550  ui8PulseAdjust_3        
ffffffff  __binit__               
ffffffff  __c_args__              
ffffffff  binit                   
UNDEFED   SHT$$INIT_ARRAY$$Base   
UNDEFED   SHT$$INIT_ARRAY$$Limit  

[197 symbols]
