******************************************************************************
                  TI ARM Linker PC v5.2.5                      
******************************************************************************
>> Linked Fri Jun 03 19:36:39 2016

OUTPUT FILE NAME:   <UartForControls2.out>
ENTRY POINT SYMBOL: "_c_int00"  address: 00003331


MEMORY CONFIGURATION

         name            origin    length      used     unused   attr    fill
----------------------  --------  ---------  --------  --------  ----  --------
  FLASH                 00000000   00040000  00003b66  0003c49a  R  X
  SRAM                  20000000   00008000  00000c5f  000073a1  RW X


SEGMENT ALLOCATION MAP

run origin  load origin   length   init length attrs members
----------  ----------- ---------- ----------- ----- -------
00000000    00000000    00003b70   00003b70    r-x
  00000000    00000000    0000026c   0000026c    r-- .intvecs
  0000026c    0000026c    0000358e   0000358e    r-x .text
  00003800    00003800    000002e4   000002e4    r-- .const
  00003ae8    00003ae8    00000088   00000088    r-- .cinit
20000000    20000000    00000c66   00000000    rw-
  20000000    20000000    0000026c   00000000    rw- .vtable
  2000026c    2000026c    00000808   00000000    rw- .stack
  20000a78    20000a78    00000169   00000000    rw- .data
  20000be4    20000be4    00000082   00000000    rw- .bss


SECTION ALLOCATION MAP

 output                                  attributes/
section   page    origin      length       input sections
--------  ----  ----------  ----------   ----------------
.intvecs   0    00000000    0000026c     
                  00000000    0000026c     tm4c123gh6pm_startup_ccs.obj (.intvecs)

.text      0    0000026c    0000358e     
                  0000026c    000006b2     main.obj (.text)
                  0000091e    00000002     --HOLE-- [fill = 0]
                  00000920    00000650     motors.obj (.text)
                  00000f70    000004fc     pressure.obj (.text)
                  0000146c    000003c4     accelerometer.obj (.text)
                  00001830    000002b8     ReadBattery.obj (.text)
                  00001ae8    0000025c     servoControl.obj (.text)
                  00001d44    000001d0     uart.obj (.text)
                  00001f14    000001c8     leds.obj (.text)
                  000020dc    000001b6     rtsv7M4_T_le_v4SPD16_eabi.lib : fd_add_t2.obj (.text)
                  00002292    00000002     --HOLE-- [fill = 0]
                  00002294    0000018c                                   : xatan.obj (.text)
                  00002420    0000015c     i2c.obj (.text)
                  0000257c    00000148     rtsv7M4_T_le_v4SPD16_eabi.lib : sqrt.obj (.text)
                  000026c4    00000136                                   : fd_div_t2.obj (.text)
                  000027fa    00000132     driverlib.lib : gpio.obj (.text:GPIOPadConfigSet)
                  0000292c    0000011c     rtsv7M4_T_le_v4SPD16_eabi.lib : asin.obj (.text)
                  00002a48    00000110     driverlib.lib : sysctl.obj (.text:SysCtlClockGet)
                  00002b58    00000110     rtsv7M4_T_le_v4SPD16_eabi.lib : xdscale.obj (.text)
                  00002c68    000000fc                                   : fd_mul_t2.obj (.text)
                  00002d64    000000be                                   : xdnorm.obj (.text)
                  00002e22    0000009c                                   : memcpy_t2.obj (.text)
                  00002ebe    00000086                                   : fd_cmp_t2.obj (.text:__aeabi_cdcmple)
                  00002f44    00000086                                   : fd_cmp_t2.obj (.text:__aeabi_cdrcmple)
                  00002fca    00000002     --HOLE-- [fill = 0]
                  00002fcc    00000084     Timer.obj (.text)
                  00003050    0000007a     rtsv7M4_T_le_v4SPD16_eabi.lib : memset_t2.obj (.text)
                  000030ca    00000002     --HOLE-- [fill = 0]
                  000030cc    0000006c                                   : autoinit.obj (.text)
                  00003138    0000006a                                   : copy_decompress_rle.obj (.text)
                  000031a2    00000002     --HOLE-- [fill = 0]
                  000031a4    00000068     driverlib.lib : flash.obj (.text:FlashProgram)
                  0000320c    00000068                   : interrupt.obj (.text:IntEnable)
                  00003274    00000066     rtsv7M4_T_le_v4SPD16_eabi.lib : xdunscal.obj (.text)
                  000032da    00000056     driverlib.lib : gpio.obj (.text:GPIOIntTypeSet)
                  00003330    00000050     rtsv7M4_T_le_v4SPD16_eabi.lib : boot.obj (.text)
                  00003380    0000004c                                   : cpy_tbl.obj (.text)
                  000033cc    00000048                                   : fd_toi_t2.obj (.text)
                  00003414    00000044                                   : exit.obj (.text)
                  00003458    00000040     driverlib.lib : gpio.obj (.text:_GPIOIntNumberGet)
                  00003498    00000040     rtsv7M4_T_le_v4SPD16_eabi.lib : signal.obj (.text)
                  000034d8    00000034     driverlib.lib : interrupt.obj (.text:IntRegister)
                  0000350c    00000034                   : sysctl.obj (.text:SysCtlPeripheralEnable)
                  00003540    00000034     rtsv7M4_T_le_v4SPD16_eabi.lib : feraiseexcept.obj (.text)
                  00003574    00000030     driverlib.lib : flash.obj (.text:FlashErase)
                  000035a4    00000030     rtsv7M4_T_le_v4SPD16_eabi.lib : xferaise.obj (.text)
                  000035d4    0000002e     driverlib.lib : adc.obj (.text:ADCIntStatus)
                  00003602    0000002e     rtsv7M4_T_le_v4SPD16_eabi.lib : i_tofd_t2.obj (.text)
                  00003630    0000002e                                   : raise.obj (.text)
                  0000365e    0000002a     driverlib.lib : gpio.obj (.text:GPIODirModeSet)
                  00003688    00000022                   : pwm.obj (.text:PWMGenConfigure)
                  000036aa    00000018                   : gpio.obj (.text:GPIOIntRegister)
                  000036c2    00000018                   : gpio.obj (.text:GPIOPinTypeGPIOOutput)
                  000036da    00000002     --HOLE-- [fill = 0]
                  000036dc    00000018     rtsv7M4_T_le_v4SPD16_eabi.lib : args_main.obj (.text)
                  000036f4    00000018                                   : ll_mul_t2.obj (.text)
                  0000370c    00000014                                   : _lock.obj (.text)
                  00003720    00000014                                   : strlen.obj (.text)
                  00003734    00000012     driverlib.lib : gpio.obj (.text:GPIOPinTypeGPIOInput)
                  00003746    00000010                   : pwm.obj (.text:PWMGenPeriodSet)
                  00003756    0000000e                   : uart.obj (.text:UARTCharGetNonBlocking)
                  00003764    0000000e                   : uart.obj (.text:UARTCharPutNonBlocking)
                  00003772    0000000e                   : uart.obj (.text:UARTCharsAvail)
                  00003780    0000000e     rtsv7M4_T_le_v4SPD16_eabi.lib : copy_decompress_none.obj (.text:decompress:none)
                  0000378e    0000000c     driverlib.lib : gpio.obj (.text:GPIOIntEnable)
                  0000379a    0000000c     rtsv7M4_T_le_v4SPD16_eabi.lib : copy_zero_init.obj (.text:decompress:ZI)
                  000037a6    0000000c     tm4c123gh6pm_startup_ccs.obj (.text)
                  000037b2    0000000a     driverlib.lib : uart.obj (.text:UARTCharGet)
                  000037bc    0000000a                   : uart.obj (.text:UARTCharPut)
                  000037c6    0000000a                   : uart.obj (.text:UARTIntStatus)
                  000037d0    00000006                   : gpio.obj (.text:GPIOIntClear)
                  000037d6    00000006                   : gpio.obj (.text:GPIOPinRead)
                  000037dc    00000006                   : gpio.obj (.text:GPIOPinWrite)
                  000037e2    00000006                   : sysctl.obj (.text:SysCtlDelay)
                  000037e8    00000006     rtsv7M4_T_le_v4SPD16_eabi.lib : copy_decompress_rle.obj (.text:decompress:rle24)
                  000037ee    00000004     driverlib.lib : timer.obj (.text:TimerIntClear)
                  000037f2    00000004                   : uart.obj (.text:UARTIntClear)
                  000037f6    00000004     rtsv7M4_T_le_v4SPD16_eabi.lib : pre_init.obj (.text)

.const     0    00003800    000002e4     
                  00003800    000000c0     driverlib.lib : gpio.obj (.const:g_ppui32GPIOIntMapBlizzard)
                  000038c0    000000c0                   : gpio.obj (.const:g_ppui32GPIOIntMapSnowflake)
                  00003980    00000088     rtsv7M4_T_le_v4SPD16_eabi.lib : xatan.obj (.const)
                  00003a08    00000070     driverlib.lib : interrupt.obj (.const)
                  00003a78    0000006c                   : sysctl.obj (.const:g_pui32Xtals)

.cinit     0    00003ae8    00000088     
                  00003ae8    00000051     (.cinit..data.load) [load image, compression = rle]
                  00003b39    00000003     --HOLE-- [fill = 0]
                  00003b3c    0000000c     (__TI_handler_table)
                  00003b48    00000008     (.cinit..bss.load) [load image, compression = zero_init]
                  00003b50    00000008     (.cinit..vtable.load) [load image, compression = zero_init]
                  00003b58    00000018     (__TI_cinit_table)

.init_array 
*          0    00000000    00000000     UNINITIALIZED

.vtable    0    20000000    0000026c     UNINITIALIZED
                  20000000    0000026c     driverlib.lib : interrupt.obj (.vtable)

.stack     0    2000026c    00000808     UNINITIALIZED
                  2000026c    00000808     --HOLE--

.data      0    20000a78    00000169     UNINITIALIZED
                  20000a78    000000b0     rtsv7M4_T_le_v4SPD16_eabi.lib : signal.obj (.data:sigtable)
                  20000b28    00000080                                   : xvalues.obj (.data)
                  20000ba8    00000018     main.obj (.data)
                  20000bc0    00000008     rtsv7M4_T_le_v4SPD16_eabi.lib : _lock.obj (.data)
                  20000bc8    00000008                                   : exit.obj (.data)
                  20000bd0    00000008                                   : feraiseexcept.obj (.data)
                  20000bd8    00000004                                   : errno.obj (.data)
                  20000bdc    00000004                                   : stkdepth_vars.obj (.data)
                  20000be0    00000001     ReadBattery.obj (.data)

.bss       0    20000be4    00000082     UNINITIALIZED
                  20000be4    00000028     main.obj (.bss:data)
                  20000c0c    00000020     (.common:p)
                  20000c2c    00000010     (.common:ui32ADC0Value)
                  20000c3c    0000000c     (.common:accel)
                  20000c48    00000004     (.common:brightness)
                  20000c4c    00000004     (.common:ui32Load)
                  20000c50    00000004     (.common:ui32OldAvg)
                  20000c54    00000004     (.common:ui32PWMClock)
                  20000c58    00000004     (.common:ui32TempAvg)
                  20000c5c    00000002     (.common:lightlevel)
                  20000c5e    00000002     (.common:ui8Adjust)
                  20000c60    00000002     (.common:ui8PulseAdjust_1)
                  20000c62    00000002     (.common:ui8PulseAdjust_2)
                  20000c64    00000002     (.common:ui8PulseAdjust_3)

.TI.persistent 
*          0    20000a78    00000000     UNINITIALIZED

.TI.noinit 
*          0    20000be4    00000000     UNINITIALIZED


LINKER GENERATED COPY TABLES

__TI_cinit_table @ 00003b58 records: 3, size/record: 8, table size: 24
	.data: load addr=00003ae8, load size=00000051 bytes, run addr=20000a78, run size=00000169 bytes, compression=rle
	.bss: load addr=00003b48, load size=00000008 bytes, run addr=20000be4, run size=00000082 bytes, compression=zero_init
	.vtable: load addr=00003b50, load size=00000008 bytes, run addr=20000000, run size=0000026c bytes, compression=zero_init


LINKER GENERATED HANDLER TABLE

__TI_handler_table @ 00003b3c records: 3, size/record: 4, table size: 12
	index: 0, handler: __TI_zero_init
	index: 1, handler: __TI_decompress_rle24
	index: 2, handler: __TI_decompress_none


GLOBAL SYMBOLS: SORTED ALPHABETICALLY BY Name 

address   name                    
-------   ----                    
00001831  ADC0IntHandler          
000018c9  ADCInit                 
000035d5  ADCIntStatus            
00003415  C$$EXIT                 
00003575  FlashErase              
000031a5  FlashProgram            
000019dd  FlashRead               
000019f9  FlashReset              
000019bb  FlashWrite              
0000365f  GPIODirModeSet          
00001877  GPIOInit                
000037d1  GPIOIntClear            
0000378f  GPIOIntEnable           
000036ab  GPIOIntRegister         
000032db  GPIOIntTypeSet          
000027fb  GPIOPadConfigSet        
000037d7  GPIOPinRead             
00003735  GPIOPinTypeGPIOInput    
000036c3  GPIOPinTypeGPIOOutput   
000037dd  GPIOPinWrite            
0000320d  IntEnable               
000034d9  IntRegister             
00003689  PWMGenConfigure         
00003747  PWMGenPeriodSet         
00000485  PortAIntHandler         
00001e85  PutString               
00001eb1  PutStringNonBlocking    
00001983  ReadADC                 
000037a7  ResetISR                
UNDEFED   SHT$$INIT_ARRAY$$Base   
UNDEFED   SHT$$INIT_ARRAY$$Limit  
000008e1  SetBitCount             
00002a49  SysCtlClockGet          
000037e3  SysCtlDelay             
0000350d  SysCtlPeripheralEnable  
0000029b  Timer0IntHandler        
000037ef  TimerIntClear           
000003bf  UART0IntHandler         
0000040d  UART7IntHandler         
000037b3  UARTCharGet             
00003757  UARTCharGetNonBlocking  
000037bd  UARTCharPut             
00003765  UARTCharPutNonBlocking  
00003773  UARTCharsAvail          
000037f3  UARTIntClear            
000037c7  UARTIntStatus           
00002295  _Atan                   
20000b28  _Denorm                 
00002d65  _Dnorm                  
00002b59  _Dscale                 
00003275  _Dunscale               
20000b38  _Eps                    
20000bd8  _Errno                  
20000bd0  _Fenv                   
000035a5  _Feraise                
20000b48  _Hugeval                
20000b58  _Inf                    
20000b68  _Nan                    
20000b88  _Rteps                  
20000b78  _Snan                   
20000bd4  _Tls_setup__Fenv        
20000b98  _Xbig                   
20000ba0  _Zero                   
20000a74  __STACK_END             
00000808  __STACK_SIZE            
2000046c  __STACK_TOP             
00003b58  __TI_CINIT_Base         
00003b70  __TI_CINIT_Limit        
00003b3c  __TI_Handler_Table_Base 
00003b48  __TI_Handler_Table_Limit
000030cd  __TI_auto_init          
20000bc8  __TI_cleanup_ptr        
00003781  __TI_decompress_none    
000037e9  __TI_decompress_rle24   
20000bcc  __TI_dtors_ptr          
00000000  __TI_static_base__      
0000379b  __TI_zero_init          
00002ebf  __aeabi_cdcmpeq         
00002ebf  __aeabi_cdcmple         
00002f45  __aeabi_cdrcmple        
000033cd  __aeabi_d2iz            
000020e7  __aeabi_dadd            
000026c5  __aeabi_ddiv            
00002c69  __aeabi_dmul            
000020dd  __aeabi_dsub            
00003603  __aeabi_i2d             
000036f5  __aeabi_lmul            
00003051  __aeabi_memclr          
00003051  __aeabi_memclr4         
00003051  __aeabi_memclr8         
00002e23  __aeabi_memcpy          
00002e23  __aeabi_memcpy4         
00002e23  __aeabi_memcpy8         
00003053  __aeabi_memset          
00003053  __aeabi_memset4         
00003053  __aeabi_memset8         
ffffffff  __binit__               
ffffffff  __c_args__              
2000026c  __stack                 
000036dd  _args_main              
00003331  _c_int00                
20000bc0  _lock                   
0000371b  _nop                    
00003713  _register_lock          
0000370d  _register_unlock        
000037f7  _system_pre_init        
20000bc4  _unlock                 
00003419  abort                   
20000c3c  accel                   
0000146d  accelerometer_data_get  
0000292d  asin                    
ffffffff  binit                   
20000c48  brightness              
00001a65  buttonCheck             
00001141  calculatePress          
00001a13  closeGate               
00001a21  convertBat              
00003381  copy_in                 
000013b9  crc4                    
00003421  exit                    
00003541  feraiseexcept           
20000000  g_pfnRAMVectors         
00000000  g_pfnVectors            
0000026d  gpioInterruptInit       
000014f9  initialize_accelerometer
00002449  initialize_i2c          
00001f89  ledsBright              
00001f15  ledsInit                
0000207d  ledsMax                 
00002049  ledsOff                 
20000c5c  lightlevel              
000004e1  main                    
20000bdc  main_func_sp            
00002e23  memcpy                  
00003059  memset                  
00000d41  motorStop               
00000921  motorsInit              
00000b01  motorsSetPulseWidth     
00000e0b  motorsVariable          
00001a05  openGate                
20000c0c  p                       
00000f71  pressure_init           
00001095  pressure_read           
00003631  raise                   
000024c3  read_byte               
00001ae9  servoInit               
00001ccf  servoSetCenter          
00001c3b  servoSetMax             
00001c85  servoSetMin             
00001ba3  servoSetPulseWidth      
00002421  set_rw                  
0000249b  set_slave_address       
00003499  signal                  
0000257d  sqrt                    
00003721  strlen                  
00002fcd  timerInit               
00001553  to_degrees              
00001d45  uartInit                
20000c4c  ui32Load                
20000c54  ui32PWMClock            
20000c5e  ui8Adjust               
20000c60  ui8PulseAdjust_1        
20000c62  ui8PulseAdjust_2        
20000c64  ui8PulseAdjust_3        
00001533  write_accelerometer     
00002503  write_byte              


GLOBAL SYMBOLS: SORTED BY Symbol Address 

address   name                    
-------   ----                    
00000000  __TI_static_base__      
00000000  g_pfnVectors            
0000026d  gpioInterruptInit       
0000029b  Timer0IntHandler        
000003bf  UART0IntHandler         
0000040d  UART7IntHandler         
00000485  PortAIntHandler         
000004e1  main                    
00000808  __STACK_SIZE            
000008e1  SetBitCount             
00000921  motorsInit              
00000b01  motorsSetPulseWidth     
00000d41  motorStop               
00000e0b  motorsVariable          
00000f71  pressure_init           
00001095  pressure_read           
00001141  calculatePress          
000013b9  crc4                    
0000146d  accelerometer_data_get  
000014f9  initialize_accelerometer
00001533  write_accelerometer     
00001553  to_degrees              
00001831  ADC0IntHandler          
00001877  GPIOInit                
000018c9  ADCInit                 
00001983  ReadADC                 
000019bb  FlashWrite              
000019dd  FlashRead               
000019f9  FlashReset              
00001a05  openGate                
00001a13  closeGate               
00001a21  convertBat              
00001a65  buttonCheck             
00001ae9  servoInit               
00001ba3  servoSetPulseWidth      
00001c3b  servoSetMax             
00001c85  servoSetMin             
00001ccf  servoSetCenter          
00001d45  uartInit                
00001e85  PutString               
00001eb1  PutStringNonBlocking    
00001f15  ledsInit                
00001f89  ledsBright              
00002049  ledsOff                 
0000207d  ledsMax                 
000020dd  __aeabi_dsub            
000020e7  __aeabi_dadd            
00002295  _Atan                   
00002421  set_rw                  
00002449  initialize_i2c          
0000249b  set_slave_address       
000024c3  read_byte               
00002503  write_byte              
0000257d  sqrt                    
000026c5  __aeabi_ddiv            
000027fb  GPIOPadConfigSet        
0000292d  asin                    
00002a49  SysCtlClockGet          
00002b59  _Dscale                 
00002c69  __aeabi_dmul            
00002d65  _Dnorm                  
00002e23  __aeabi_memcpy          
00002e23  __aeabi_memcpy4         
00002e23  __aeabi_memcpy8         
00002e23  memcpy                  
00002ebf  __aeabi_cdcmpeq         
00002ebf  __aeabi_cdcmple         
00002f45  __aeabi_cdrcmple        
00002fcd  timerInit               
00003051  __aeabi_memclr          
00003051  __aeabi_memclr4         
00003051  __aeabi_memclr8         
00003053  __aeabi_memset          
00003053  __aeabi_memset4         
00003053  __aeabi_memset8         
00003059  memset                  
000030cd  __TI_auto_init          
000031a5  FlashProgram            
0000320d  IntEnable               
00003275  _Dunscale               
000032db  GPIOIntTypeSet          
00003331  _c_int00                
00003381  copy_in                 
000033cd  __aeabi_d2iz            
00003415  C$$EXIT                 
00003419  abort                   
00003421  exit                    
00003499  signal                  
000034d9  IntRegister             
0000350d  SysCtlPeripheralEnable  
00003541  feraiseexcept           
00003575  FlashErase              
000035a5  _Feraise                
000035d5  ADCIntStatus            
00003603  __aeabi_i2d             
00003631  raise                   
0000365f  GPIODirModeSet          
00003689  PWMGenConfigure         
000036ab  GPIOIntRegister         
000036c3  GPIOPinTypeGPIOOutput   
000036dd  _args_main              
000036f5  __aeabi_lmul            
0000370d  _register_unlock        
00003713  _register_lock          
0000371b  _nop                    
00003721  strlen                  
00003735  GPIOPinTypeGPIOInput    
00003747  PWMGenPeriodSet         
00003757  UARTCharGetNonBlocking  
00003765  UARTCharPutNonBlocking  
00003773  UARTCharsAvail          
00003781  __TI_decompress_none    
0000378f  GPIOIntEnable           
0000379b  __TI_zero_init          
000037a7  ResetISR                
000037b3  UARTCharGet             
000037bd  UARTCharPut             
000037c7  UARTIntStatus           
000037d1  GPIOIntClear            
000037d7  GPIOPinRead             
000037dd  GPIOPinWrite            
000037e3  SysCtlDelay             
000037e9  __TI_decompress_rle24   
000037ef  TimerIntClear           
000037f3  UARTIntClear            
000037f7  _system_pre_init        
00003b3c  __TI_Handler_Table_Base 
00003b48  __TI_Handler_Table_Limit
00003b58  __TI_CINIT_Base         
00003b70  __TI_CINIT_Limit        
20000000  g_pfnRAMVectors         
2000026c  __stack                 
2000046c  __STACK_TOP             
20000a74  __STACK_END             
20000b28  _Denorm                 
20000b38  _Eps                    
20000b48  _Hugeval                
20000b58  _Inf                    
20000b68  _Nan                    
20000b78  _Snan                   
20000b88  _Rteps                  
20000b98  _Xbig                   
20000ba0  _Zero                   
20000bc0  _lock                   
20000bc4  _unlock                 
20000bc8  __TI_cleanup_ptr        
20000bcc  __TI_dtors_ptr          
20000bd0  _Fenv                   
20000bd4  _Tls_setup__Fenv        
20000bd8  _Errno                  
20000bdc  main_func_sp            
20000c0c  p                       
20000c3c  accel                   
20000c48  brightness              
20000c4c  ui32Load                
20000c54  ui32PWMClock            
20000c5c  lightlevel              
20000c5e  ui8Adjust               
20000c60  ui8PulseAdjust_1        
20000c62  ui8PulseAdjust_2        
20000c64  ui8PulseAdjust_3        
ffffffff  __binit__               
ffffffff  __c_args__              
ffffffff  binit                   
UNDEFED   SHT$$INIT_ARRAY$$Base   
UNDEFED   SHT$$INIT_ARRAY$$Limit  

[166 symbols]
