******************************************************************************
                  TI ARM Linker PC v5.2.5                      
******************************************************************************
>> Linked Wed May 18 14:28:33 2016

OUTPUT FILE NAME:   <UartForControls2.out>
ENTRY POINT SYMBOL: "_c_int00"  address: 000054c5


MEMORY CONFIGURATION

         name            origin    length      used     unused   attr    fill
----------------------  --------  ---------  --------  --------  ----  --------
  FLASH                 00000000   00040000  00005f02  0003a0fe  R  X
  SRAM                  20000000   00008000  000017ee  00006812  RW X


SEGMENT ALLOCATION MAP

run origin  load origin   length   init length attrs members
----------  ----------- ---------- ----------- ----- -------
00000000    00000000    00005f08   00005f08    r-x
  00000000    00000000    0000026c   0000026c    r-- .intvecs
  0000026c    0000026c    000057c2   000057c2    r-x .text
  00005a30    00005a30    000003ec   000003ec    r-- .const
  00005e20    00005e20    000000e8   000000e8    r-- .cinit
20000000    20000000    000017f2   00000000    rw-
  20000000    20000000    0000026c   00000000    rw- .vtable
  2000026c    2000026c    00000808   00000000    rw- .stack
  20000a78    20000a78    00000808   00000000    rw- .sysmem
  20001280    20001280    00000340   00000000    rw- .data
  200015c0    200015c0    00000232   00000000    rw- .bss


SECTION ALLOCATION MAP

 output                                  attributes/
section   page    origin      length       input sections
--------  ----  ----------  ----------   ----------------
.intvecs   0    00000000    0000026c     
                  00000000    0000026c     tm4c123gh6pm_startup_ccs.obj (.intvecs)

.text      0    0000026c    000057c2     
                  0000026c    000010ba     rtsv7M4_T_le_v4SPD16_eabi.lib : _printfi.obj (.text)
                  00001326    00000002     --HOLE-- [fill = 0]
                  00001328    00000686     main.obj (.text)
                  000019ae    00000002     --HOLE-- [fill = 0]
                  000019b0    00000650     motors.obj (.text)
                  00002000    000004fc     pressure.obj (.text)
                  000024fc    000003dc     rtsv7M4_T_le_v4SPD16_eabi.lib : memory.obj (.text)
                  000028d8    000003c4     accelerometer.obj (.text)
                  00002c9c    0000030c     rtsv7M4_T_le_v4SPD16_eabi.lib : lowlev.obj (.text)
                  00002fa8    000002d4                                   : trgdrv.obj (.text)
                  0000327c    0000025c     servoControl.obj (.text)
                  000034d8    000001f4     rtsv7M4_T_le_v4SPD16_eabi.lib : ull_div_t2.obj (.text)
                  000036cc    000001e0     uart.obj (.text)
                  000038ac    000001c8     leds.obj (.text)
                  00003a74    000001c4     rtsv7M4_T_le_v4SPD16_eabi.lib : fopen.obj (.text)
                  00003c38    000001b6                                   : fd_add_t2.obj (.text)
                  00003dee    00000002     --HOLE-- [fill = 0]
                  00003df0    0000018c                                   : xatan.obj (.text)
                  00003f7c    0000015c     i2c.obj (.text)
                  000040d8    00000148     rtsv7M4_T_le_v4SPD16_eabi.lib : sqrt.obj (.text)
                  00004220    00000136                                   : fd_div_t2.obj (.text)
                  00004356    00000002     --HOLE-- [fill = 0]
                  00004358    00000134                                   : fputs.obj (.text)
                  0000448c    00000132     driverlib.lib : gpio.obj (.text:GPIOPadConfigSet)
                  000045be    00000002     --HOLE-- [fill = 0]
                  000045c0    0000011c     rtsv7M4_T_le_v4SPD16_eabi.lib : asin.obj (.text)
                  000046dc    00000110     driverlib.lib : sysctl.obj (.text:SysCtlClockGet)
                  000047ec    00000110     rtsv7M4_T_le_v4SPD16_eabi.lib : xdscale.obj (.text)
                  000048fc    000000fc                                   : fd_mul_t2.obj (.text)
                  000049f8    000000dc                                   : setvbuf.obj (.text)
                  00004ad4    000000c8                                   : fflush.obj (.text)
                  00004b9c    000000be                                   : xdnorm.obj (.text)
                  00004c5a    000000ac                                   : _io_perm.obj (.text)
                  00004d06    0000009c                                   : memcpy_t2.obj (.text)
                  00004da2    00000002     --HOLE-- [fill = 0]
                  00004da4    00000098                                   : fclose.obj (.text)
                  00004e3c    00000098                                   : fputc.obj (.text)
                  00004ed4    00000086                                   : fd_cmp_t2.obj (.text:__aeabi_cdcmple)
                  00004f5a    00000086                                   : fd_cmp_t2.obj (.text:__aeabi_cdrcmple)
                  00004fe0    00000084     Timer.obj (.text)
                  00005064    0000007a     rtsv7M4_T_le_v4SPD16_eabi.lib : memset_t2.obj (.text)
                  000050de    00000002     --HOLE-- [fill = 0]
                  000050e0    00000070                                   : printf.obj (.text)
                  00005150    0000006c                                   : autoinit.obj (.text)
                  000051bc    0000006a                                   : copy_decompress_rle.obj (.text)
                  00005226    00000002     --HOLE-- [fill = 0]
                  00005228    00000068     driverlib.lib : interrupt.obj (.text:IntEnable)
                  00005290    00000068     rtsv7M4_T_le_v4SPD16_eabi.lib : trgmsg.obj (.text)
                  000052f8    00000066                                   : xdunscal.obj (.text)
                  0000535e    00000002     --HOLE-- [fill = 0]
                  00005360    00000064                                   : fseek.obj (.text)
                  000053c4    00000056     driverlib.lib : gpio.obj (.text:GPIOIntTypeSet)
                  0000541a    00000056     rtsv7M4_T_le_v4SPD16_eabi.lib : ltoa.obj (.text)
                  00005470    00000052                                   : ldexp.obj (.text)
                  000054c2    00000002     --HOLE-- [fill = 0]
                  000054c4    00000050                                   : boot.obj (.text)
                  00005514    0000004c                                   : atoi.obj (.text)
                  00005560    0000004c                                   : cpy_tbl.obj (.text)
                  000055ac    00000048                                   : fd_toi_t2.obj (.text)
                  000055f4    00000044                                   : exit.obj (.text)
                  00005638    00000040     driverlib.lib : gpio.obj (.text:_GPIOIntNumberGet)
                  00005678    00000040     rtsv7M4_T_le_v4SPD16_eabi.lib : signal.obj (.text)
                  000056b8    00000034     driverlib.lib : interrupt.obj (.text:IntRegister)
                  000056ec    00000034     rtsv7M4_T_le_v4SPD16_eabi.lib : feraiseexcept.obj (.text)
                  00005720    00000030                                   : strncpy.obj (.text)
                  00005750    00000030                                   : xdclass.obj (.text)
                  00005780    00000030                                   : xferaise.obj (.text)
                  000057b0    0000002e                                   : i_tofd_t2.obj (.text)
                  000057de    0000002e                                   : raise.obj (.text)
                  0000580c    0000002a     driverlib.lib : gpio.obj (.text:GPIODirModeSet)
                  00005836    0000002a     rtsv7M4_T_le_v4SPD16_eabi.lib : frexp.obj (.text)
                  00005860    00000022     driverlib.lib : pwm.obj (.text:PWMGenConfigure)
                  00005882    00000020     rtsv7M4_T_le_v4SPD16_eabi.lib : memchr.obj (.text)
                  000058a2    0000001c                                   : memccpy.obj (.text)
                  000058be    00000018     driverlib.lib : gpio.obj (.text:GPIOIntRegister)
                  000058d6    00000002     --HOLE-- [fill = 0]
                  000058d8    00000018     rtsv7M4_T_le_v4SPD16_eabi.lib : args_main.obj (.text)
                  000058f0    00000018                                   : ll_mul_t2.obj (.text)
                  00005908    00000018                                   : strcmp.obj (.text)
                  00005920    00000016                                   : strchr.obj (.text)
                  00005936    00000002     --HOLE-- [fill = 0]
                  00005938    00000014                                   : _lock.obj (.text)
                  0000594c    00000014                                   : strcpy.obj (.text)
                  00005960    00000014                                   : strlen.obj (.text)
                  00005974    00000012     driverlib.lib : gpio.obj (.text:GPIOPinTypeGPIOInput)
                  00005986    00000010                   : pwm.obj (.text:PWMGenPeriodSet)
                  00005996    0000000e                   : uart.obj (.text:UARTCharGetNonBlocking)
                  000059a4    0000000e                   : uart.obj (.text:UARTCharPutNonBlocking)
                  000059b2    0000000e                   : uart.obj (.text:UARTCharsAvail)
                  000059c0    0000000e     rtsv7M4_T_le_v4SPD16_eabi.lib : copy_decompress_none.obj (.text:decompress:none)
                  000059ce    0000000c     driverlib.lib : gpio.obj (.text:GPIOIntEnable)
                  000059da    0000000c     rtsv7M4_T_le_v4SPD16_eabi.lib : copy_zero_init.obj (.text:decompress:ZI)
                  000059e6    0000000c     tm4c123gh6pm_startup_ccs.obj (.text)
                  000059f2    0000000a     driverlib.lib : uart.obj (.text:UARTCharGet)
                  000059fc    0000000a                   : uart.obj (.text:UARTCharPut)
                  00005a06    0000000a                   : uart.obj (.text:UARTIntStatus)
                  00005a10    00000006                   : gpio.obj (.text:GPIOIntClear)
                  00005a16    00000006                   : sysctl.obj (.text:SysCtlDelay)
                  00005a1c    00000006     rtsv7M4_T_le_v4SPD16_eabi.lib : copy_decompress_rle.obj (.text:decompress:rle24)
                  00005a22    00000004     driverlib.lib : timer.obj (.text:TimerIntClear)
                  00005a26    00000004                   : uart.obj (.text:UARTIntClear)
                  00005a2a    00000004     rtsv7M4_T_le_v4SPD16_eabi.lib : pre_init.obj (.text)

.const     0    00005a30    000003ec     
                  00005a30    00000101     rtsv7M4_T_le_v4SPD16_eabi.lib : ctype.obj (.const:.string:_ctypes_)
                  00005b31    00000003     --HOLE-- [fill = 0]
                  00005b34    000000c0     driverlib.lib : gpio.obj (.const:g_ppui32GPIOIntMapBlizzard)
                  00005bf4    000000c0                   : gpio.obj (.const:g_ppui32GPIOIntMapSnowflake)
                  00005cb4    00000004     --HOLE-- [fill = 0]
                  00005cb8    00000088     rtsv7M4_T_le_v4SPD16_eabi.lib : xatan.obj (.const)
                  00005d40    00000070     driverlib.lib : interrupt.obj (.const)
                  00005db0    0000006c                   : sysctl.obj (.const:g_pui32Xtals)

.cinit     0    00005e20    000000e8     
                  00005e20    000000b3     (.cinit..data.load) [load image, compression = rle]
                  00005ed3    00000001     --HOLE-- [fill = 0]
                  00005ed4    0000000c     (__TI_handler_table)
                  00005ee0    00000008     (.cinit..bss.load) [load image, compression = zero_init]
                  00005ee8    00000008     (.cinit..vtable.load) [load image, compression = zero_init]
                  00005ef0    00000018     (__TI_cinit_table)

.init_array 
*          0    00000000    00000000     UNINITIALIZED

.vtable    0    20000000    0000026c     UNINITIALIZED
                  20000000    0000026c     driverlib.lib : interrupt.obj (.vtable)

.stack     0    2000026c    00000808     UNINITIALIZED
                  2000026c    00000808     --HOLE--

.sysmem    0    20000a78    00000808     UNINITIALIZED
                  20000a78    00000008     rtsv7M4_T_le_v4SPD16_eabi.lib : memory.obj (.sysmem)
                  20000a80    00000800     --HOLE--

.data      0    20001280    00000340     UNINITIALIZED
                  20001280    000000f0     rtsv7M4_T_le_v4SPD16_eabi.lib : defs.obj (.data:_ftable)
                  20001370    000000d0                                   : lowlev.obj (.data)
                  20001440    000000b0                                   : signal.obj (.data:sigtable)
                  200014f0    00000080                                   : xvalues.obj (.data)
                  20001570    00000010     main.obj (.data)
                  20001580    00000010     rtsv7M4_T_le_v4SPD16_eabi.lib : defs.obj (.data)
                  20001590    0000000c                                   : memory.obj (.data)
                  2000159c    00000008                                   : _lock.obj (.data)
                  200015a4    00000008                                   : exit.obj (.data)
                  200015ac    00000008                                   : feraiseexcept.obj (.data)
                  200015b4    00000004                                   : errno.obj (.data)
                  200015b8    00000004                                   : fopen.obj (.data)
                  200015bc    00000004                                   : stkdepth_vars.obj (.data)

.TI.persistent 
*          0    20001280    00000000     UNINITIALIZED

.bss       0    200015c0    00000232     UNINITIALIZED
                  200015c0    00000120     rtsv7M4_T_le_v4SPD16_eabi.lib : trgmsg.obj (.bss:__CIOBUF_)
                  200016e0    000000a0                                   : defs.obj (.bss:__TI_tmpnams)
                  20001780    00000028     main.obj (.bss:data)
                  200017a8    00000020     (.common:p)
                  200017c8    0000000c     (.common:accel)
                  200017d4    00000008     (.common:parmbuf)
                  200017dc    00000004     (.common:brightness)
                  200017e0    00000004     (.common:ui32Load)
                  200017e4    00000004     (.common:ui32PWMClock)
                  200017e8    00000002     (.common:lightlevel)
                  200017ea    00000002     (.common:ui8Adjust)
                  200017ec    00000002     (.common:ui8PulseAdjust_1)
                  200017ee    00000002     (.common:ui8PulseAdjust_2)
                  200017f0    00000002     (.common:ui8PulseAdjust_3)

.TI.noinit 
*          0    200015c0    00000000     UNINITIALIZED


LINKER GENERATED COPY TABLES

__TI_cinit_table @ 00005ef0 records: 3, size/record: 8, table size: 24
	.data: load addr=00005e20, load size=000000b3 bytes, run addr=20001280, run size=00000340 bytes, compression=rle
	.bss: load addr=00005ee0, load size=00000008 bytes, run addr=200015c0, run size=00000232 bytes, compression=zero_init
	.vtable: load addr=00005ee8, load size=00000008 bytes, run addr=20000000, run size=0000026c bytes, compression=zero_init


LINKER GENERATED HANDLER TABLE

__TI_handler_table @ 00005ed4 records: 3, size/record: 4, table size: 12
	index: 0, handler: __TI_zero_init
	index: 1, handler: __TI_decompress_rle24
	index: 2, handler: __TI_decompress_none


GLOBAL SYMBOLS: SORTED ALPHABETICALLY BY Name 

address   name                    
-------   ----                    
000055f5  C$$EXIT                 
000052bf  C$$IO$$                 
0000580d  GPIODirModeSet          
00005a11  GPIOIntClear            
000059cf  GPIOIntEnable           
000058bf  GPIOIntRegister         
000053c5  GPIOIntTypeSet          
0000448d  GPIOPadConfigSet        
00005975  GPIOPinTypeGPIOInput    
00003235  HOSTclock               
000031fd  HOSTclose               
000031bf  HOSTgetenv              
00003163  HOSTlseek               
00003111  HOSTopen                
000030c5  HOSTread                
00003067  HOSTrename              
0000302d  HOSTtime                
00002ff5  HOSTunlink              
00002fa9  HOSTwrite               
00005229  IntEnable               
000056b9  IntRegister             
00005861  PWMGenConfigure         
00005987  PWMGenPeriodSet         
0000156d  PortAIntHandler         
00003819  PutString               
00003845  PutStringNonBlocking    
000059e7  ResetISR                
UNDEFED   SHT$$INIT_ARRAY$$Base   
UNDEFED   SHT$$INIT_ARRAY$$Limit  
00001971  SetBitCount             
000046dd  SysCtlClockGet          
00005a17  SysCtlDelay             
00001357  Timer0IntHandler        
00005a23  TimerIntClear           
000014a7  UART0IntHandler         
000014f5  UART7IntHandler         
000059f3  UARTCharGet             
00005997  UARTCharGetNonBlocking  
000059fd  UARTCharPut             
000059a5  UARTCharPutNonBlocking  
000059b3  UARTCharsAvail          
00005a27  UARTIntClear            
00005a07  UARTIntStatus           
00003df1  _Atan                   
00005751  _Dclass                 
200014f0  _Denorm                 
00004b9d  _Dnorm                  
000047ed  _Dscale                 
000052f9  _Dunscale               
20001500  _Eps                    
200015b4  _Errno                  
200015ac  _Fenv                   
00005781  _Feraise                
20001510  _Hugeval                
20001520  _Inf                    
20001530  _Nan                    
20001550  _Rteps                  
20001540  _Snan                   
200015b0  _Tls_setup__Fenv        
20001560  _Xbig                   
20001568  _Zero                   
200015c0  __CIOBUF_               
20000a74  __STACK_END             
00000808  __STACK_SIZE            
2000046c  __STACK_TOP             
00000808  __SYSMEM_SIZE           
00005ef0  __TI_CINIT_Base         
00005f08  __TI_CINIT_Limit        
00005ed4  __TI_Handler_Table_Base 
00005ee0  __TI_Handler_Table_Limit
00005151  __TI_auto_init          
00003b3d  __TI_cleanup            
200015a4  __TI_cleanup_ptr        
00004da5  __TI_closefile          
000059c1  __TI_decompress_none    
00005a1d  __TI_decompress_rle24   
00004ad5  __TI_doflush            
200015a8  __TI_dtors_ptr          
20001580  __TI_ft_end             
00001021  __TI_printfi            
00004cbd  __TI_rd_ok              
000052c3  __TI_readmsg            
00000000  __TI_static_base__      
200016e0  __TI_tmpnams            
00005291  __TI_writemsg           
00004c5b  __TI_wrt_ok             
000059db  __TI_zero_init          
00004ed5  __aeabi_cdcmpeq         
00004ed5  __aeabi_cdcmple         
00004f5b  __aeabi_cdrcmple        
000055ad  __aeabi_d2iz            
00003c43  __aeabi_dadd            
00004221  __aeabi_ddiv            
000048fd  __aeabi_dmul            
00003c39  __aeabi_dsub            
000057b1  __aeabi_i2d             
000058f1  __aeabi_lmul            
00005065  __aeabi_memclr          
00005065  __aeabi_memclr4         
00005065  __aeabi_memclr8         
00004d07  __aeabi_memcpy          
00004d07  __aeabi_memcpy4         
00004d07  __aeabi_memcpy8         
00005067  __aeabi_memset          
00005067  __aeabi_memset4         
00005067  __aeabi_memset8         
2000158c  __aeabi_stderr          
20001584  __aeabi_stdin           
20001588  __aeabi_stdout          
000034d9  __aeabi_uldivmod        
ffffffff  __binit__               
ffffffff  __c_args__              
2000026c  __stack                 
000058d9  _args_main              
000054c5  _c_int00                
00005a30  _ctypes_                
20001280  _ftable                 
2000159c  _lock                   
00005947  _nop                    
0000593f  _register_lock          
00005939  _register_unlock        
20000a78  _sys_memory             
00005a2b  _system_pre_init        
200015a0  _unlock                 
000055f9  abort                   
200017c8  accel                   
000028d9  accelerometer_data_get  
00002efd  add_device              
000045c1  asin                    
00005515  atoi                    
ffffffff  binit                   
200017dc  brightness              
000021d1  calculatePress          
000028a5  calloc                  
00002ead  close                   
00005561  copy_in                 
00002449  crc4                    
00005601  exit                    
00004e0b  fclose                  
000056ed  feraiseexcept           
00004b21  fflush                  
00003b93  fopen                   
00004e3d  fputc                   
00004359  fputs                   
000025f3  free                    
00003b69  freopen                 
00005837  frexp                   
00005361  fseek                   
20000000  g_pfnRAMVectors         
00000000  g_pfnVectors            
00001329  gpioInterruptInit       
00002965  initialize_accelerometer
00003fa5  initialize_i2c          
00005471  ldexp                   
00003921  ledsBright              
000038ad  ledsInit                
00003a15  ledsMax                 
000039e1  ledsOff                 
200017e8  lightlevel              
00002e89  lseek                   
0000541b  ltoa                    
000015d5  main                    
200015bc  main_func_sp            
0000258b  malloc                  
000027c1  memalign                
000058a3  memccpy                 
00005883  memchr                  
00004d07  memcpy                  
0000506d  memset                  
000024fd  minit                   
00001dd1  motorStop               
000019b1  motorsInit              
00001b91  motorsSetPulseWidth     
00001e9b  motorsVariable          
00002ddb  open                    
200017a8  p                       
00002001  pressure_init           
00002125  pressure_read           
000050e9  printf                  
00004e3d  putc                    
00004ec1  putchar                 
00004465  puts                    
000057df  raise                   
00002db7  read                    
0000401f  read_byte               
000026b5  realloc                 
00002d2d  remove                  
00002d8f  remove_device           
00002d51  rename                  
0000327d  servoInit               
00003463  servoSetCenter          
000033cf  servoSetMax             
00003419  servoSetMin             
00003337  servoSetPulseWidth      
00003f7d  set_rw                  
00003ff7  set_slave_address       
000049f9  setvbuf                 
00005679  signal                  
000040d9  sqrt                    
00005921  strchr                  
00005909  strcmp                  
0000594d  strcpy                  
00005961  strlen                  
00005721  strncpy                 
00004fe1  timerInit               
000029bf  to_degrees              
000036cd  uartInit                
200017e0  ui32Load                
200017e4  ui32PWMClock            
200017ea  ui8Adjust               
200017ec  ui8PulseAdjust_1        
200017ee  ui8PulseAdjust_2        
200017f0  ui8PulseAdjust_3        
00002d2d  unlink                  
00002c9d  write                   
0000299f  write_accelerometer     
0000405f  write_byte              


GLOBAL SYMBOLS: SORTED BY Symbol Address 

address   name                    
-------   ----                    
00000000  __TI_static_base__      
00000000  g_pfnVectors            
00000808  __STACK_SIZE            
00000808  __SYSMEM_SIZE           
00001021  __TI_printfi            
00001329  gpioInterruptInit       
00001357  Timer0IntHandler        
000014a7  UART0IntHandler         
000014f5  UART7IntHandler         
0000156d  PortAIntHandler         
000015d5  main                    
00001971  SetBitCount             
000019b1  motorsInit              
00001b91  motorsSetPulseWidth     
00001dd1  motorStop               
00001e9b  motorsVariable          
00002001  pressure_init           
00002125  pressure_read           
000021d1  calculatePress          
00002449  crc4                    
000024fd  minit                   
0000258b  malloc                  
000025f3  free                    
000026b5  realloc                 
000027c1  memalign                
000028a5  calloc                  
000028d9  accelerometer_data_get  
00002965  initialize_accelerometer
0000299f  write_accelerometer     
000029bf  to_degrees              
00002c9d  write                   
00002d2d  remove                  
00002d2d  unlink                  
00002d51  rename                  
00002d8f  remove_device           
00002db7  read                    
00002ddb  open                    
00002e89  lseek                   
00002ead  close                   
00002efd  add_device              
00002fa9  HOSTwrite               
00002ff5  HOSTunlink              
0000302d  HOSTtime                
00003067  HOSTrename              
000030c5  HOSTread                
00003111  HOSTopen                
00003163  HOSTlseek               
000031bf  HOSTgetenv              
000031fd  HOSTclose               
00003235  HOSTclock               
0000327d  servoInit               
00003337  servoSetPulseWidth      
000033cf  servoSetMax             
00003419  servoSetMin             
00003463  servoSetCenter          
000034d9  __aeabi_uldivmod        
000036cd  uartInit                
00003819  PutString               
00003845  PutStringNonBlocking    
000038ad  ledsInit                
00003921  ledsBright              
000039e1  ledsOff                 
00003a15  ledsMax                 
00003b3d  __TI_cleanup            
00003b69  freopen                 
00003b93  fopen                   
00003c39  __aeabi_dsub            
00003c43  __aeabi_dadd            
00003df1  _Atan                   
00003f7d  set_rw                  
00003fa5  initialize_i2c          
00003ff7  set_slave_address       
0000401f  read_byte               
0000405f  write_byte              
000040d9  sqrt                    
00004221  __aeabi_ddiv            
00004359  fputs                   
00004465  puts                    
0000448d  GPIOPadConfigSet        
000045c1  asin                    
000046dd  SysCtlClockGet          
000047ed  _Dscale                 
000048fd  __aeabi_dmul            
000049f9  setvbuf                 
00004ad5  __TI_doflush            
00004b21  fflush                  
00004b9d  _Dnorm                  
00004c5b  __TI_wrt_ok             
00004cbd  __TI_rd_ok              
00004d07  __aeabi_memcpy          
00004d07  __aeabi_memcpy4         
00004d07  __aeabi_memcpy8         
00004d07  memcpy                  
00004da5  __TI_closefile          
00004e0b  fclose                  
00004e3d  fputc                   
00004e3d  putc                    
00004ec1  putchar                 
00004ed5  __aeabi_cdcmpeq         
00004ed5  __aeabi_cdcmple         
00004f5b  __aeabi_cdrcmple        
00004fe1  timerInit               
00005065  __aeabi_memclr          
00005065  __aeabi_memclr4         
00005065  __aeabi_memclr8         
00005067  __aeabi_memset          
00005067  __aeabi_memset4         
00005067  __aeabi_memset8         
0000506d  memset                  
000050e9  printf                  
00005151  __TI_auto_init          
00005229  IntEnable               
00005291  __TI_writemsg           
000052bf  C$$IO$$                 
000052c3  __TI_readmsg            
000052f9  _Dunscale               
00005361  fseek                   
000053c5  GPIOIntTypeSet          
0000541b  ltoa                    
00005471  ldexp                   
000054c5  _c_int00                
00005515  atoi                    
00005561  copy_in                 
000055ad  __aeabi_d2iz            
000055f5  C$$EXIT                 
000055f9  abort                   
00005601  exit                    
00005679  signal                  
000056b9  IntRegister             
000056ed  feraiseexcept           
00005721  strncpy                 
00005751  _Dclass                 
00005781  _Feraise                
000057b1  __aeabi_i2d             
000057df  raise                   
0000580d  GPIODirModeSet          
00005837  frexp                   
00005861  PWMGenConfigure         
00005883  memchr                  
000058a3  memccpy                 
000058bf  GPIOIntRegister         
000058d9  _args_main              
000058f1  __aeabi_lmul            
00005909  strcmp                  
00005921  strchr                  
00005939  _register_unlock        
0000593f  _register_lock          
00005947  _nop                    
0000594d  strcpy                  
00005961  strlen                  
00005975  GPIOPinTypeGPIOInput    
00005987  PWMGenPeriodSet         
00005997  UARTCharGetNonBlocking  
000059a5  UARTCharPutNonBlocking  
000059b3  UARTCharsAvail          
000059c1  __TI_decompress_none    
000059cf  GPIOIntEnable           
000059db  __TI_zero_init          
000059e7  ResetISR                
000059f3  UARTCharGet             
000059fd  UARTCharPut             
00005a07  UARTIntStatus           
00005a11  GPIOIntClear            
00005a17  SysCtlDelay             
00005a1d  __TI_decompress_rle24   
00005a23  TimerIntClear           
00005a27  UARTIntClear            
00005a2b  _system_pre_init        
00005a30  _ctypes_                
00005ed4  __TI_Handler_Table_Base 
00005ee0  __TI_Handler_Table_Limit
00005ef0  __TI_CINIT_Base         
00005f08  __TI_CINIT_Limit        
20000000  g_pfnRAMVectors         
2000026c  __stack                 
2000046c  __STACK_TOP             
20000a74  __STACK_END             
20000a78  _sys_memory             
20001280  _ftable                 
200014f0  _Denorm                 
20001500  _Eps                    
20001510  _Hugeval                
20001520  _Inf                    
20001530  _Nan                    
20001540  _Snan                   
20001550  _Rteps                  
20001560  _Xbig                   
20001568  _Zero                   
20001580  __TI_ft_end             
20001584  __aeabi_stdin           
20001588  __aeabi_stdout          
2000158c  __aeabi_stderr          
2000159c  _lock                   
200015a0  _unlock                 
200015a4  __TI_cleanup_ptr        
200015a8  __TI_dtors_ptr          
200015ac  _Fenv                   
200015b0  _Tls_setup__Fenv        
200015b4  _Errno                  
200015bc  main_func_sp            
200015c0  __CIOBUF_               
200016e0  __TI_tmpnams            
200017a8  p                       
200017c8  accel                   
200017dc  brightness              
200017e0  ui32Load                
200017e4  ui32PWMClock            
200017e8  lightlevel              
200017ea  ui8Adjust               
200017ec  ui8PulseAdjust_1        
200017ee  ui8PulseAdjust_2        
200017f0  ui8PulseAdjust_3        
ffffffff  __binit__               
ffffffff  __c_args__              
ffffffff  binit                   
UNDEFED   SHT$$INIT_ARRAY$$Base   
UNDEFED   SHT$$INIT_ARRAY$$Limit  

[217 symbols]
