******************************************************************************
                  TI ARM Linker PC v5.2.5                      
******************************************************************************
>> Linked Wed Jun 08 15:29:04 2016

OUTPUT FILE NAME:   <UartForControls2.out>
ENTRY POINT SYMBOL: "_c_int00"  address: 000033e1


MEMORY CONFIGURATION

         name            origin    length      used     unused   attr    fill
----------------------  --------  ---------  --------  --------  ----  --------
  FLASH                 00000000   00040000  00003c16  0003c3ea  R  X
  SRAM                  20000000   00008000  00000c5f  000073a1  RW X


SEGMENT ALLOCATION MAP

run origin  load origin   length   init length attrs members
----------  ----------- ---------- ----------- ----- -------
00000000    00000000    00003c20   00003c20    r-x
  00000000    00000000    0000026c   0000026c    r-- .intvecs
  0000026c    0000026c    0000363e   0000363e    r-x .text
  000038b0    000038b0    000002e4   000002e4    r-- .const
  00003b98    00003b98    00000088   00000088    r-- .cinit
20000000    20000000    00000c66   00000000    rw-
  20000000    20000000    0000026c   00000000    rw- .vtable
  2000026c    2000026c    00000808   00000000    rw- .stack
  20000a78    20000a78    00000169   00000000    rw- .data
  20000be4    20000be4    00000082   00000000    rw- .bss


SECTION ALLOCATION MAP

 output                                  attributes/
section   page    origin      length       input sections
--------  ----  ----------  ----------   ----------------
.intvecs   0    00000000    0000026c     
                  00000000    0000026c     tm4c123gh6pm_startup_ccs.obj (.intvecs)

.text      0    0000026c    0000363e     
                  0000026c    000006fc     main.obj (.text)
                  00000968    00000650     motors.obj (.text)
                  00000fb8    000004fc     pressure.obj (.text)
                  000014b4    000003c4     accelerometer.obj (.text)
                  00001878    000002b8     ReadBattery.obj (.text)
                  00001b30    0000025c     servoControl.obj (.text)
                  00001d8c    000001d0     uart.obj (.text)
                  00001f5c    000001c8     leds.obj (.text)
                  00002124    000001b6     rtsv7M4_T_le_v4SPD16_eabi.lib : fd_add_t2.obj (.text)
                  000022da    00000002     --HOLE-- [fill = 0]
                  000022dc    0000018c                                   : xatan.obj (.text)
                  00002468    0000015c     i2c.obj (.text)
                  000025c4    00000148     rtsv7M4_T_le_v4SPD16_eabi.lib : sqrt.obj (.text)
                  0000270c    00000136                                   : fd_div_t2.obj (.text)
                  00002842    00000132     driverlib.lib : gpio.obj (.text:GPIOPadConfigSet)
                  00002974    0000011c     rtsv7M4_T_le_v4SPD16_eabi.lib : asin.obj (.text)
                  00002a90    00000110     driverlib.lib : sysctl.obj (.text:SysCtlClockGet)
                  00002ba0    00000110     rtsv7M4_T_le_v4SPD16_eabi.lib : xdscale.obj (.text)
                  00002cb0    000000fc                                   : fd_mul_t2.obj (.text)
                  00002dac    000000f0     Timer.obj (.text)
                  00002e9c    000000be     rtsv7M4_T_le_v4SPD16_eabi.lib : xdnorm.obj (.text)
                  00002f5a    0000009c                                   : memcpy_t2.obj (.text)
                  00002ff6    00000086                                   : fd_cmp_t2.obj (.text:__aeabi_cdcmple)
                  0000307c    00000086                                   : fd_cmp_t2.obj (.text:__aeabi_cdrcmple)
                  00003102    0000007a                                   : memset_t2.obj (.text)
                  0000317c    0000006c                                   : autoinit.obj (.text)
                  000031e8    0000006a                                   : copy_decompress_rle.obj (.text)
                  00003252    00000002     --HOLE-- [fill = 0]
                  00003254    00000068     driverlib.lib : flash.obj (.text:FlashProgram)
                  000032bc    00000068                   : interrupt.obj (.text:IntEnable)
                  00003324    00000066     rtsv7M4_T_le_v4SPD16_eabi.lib : xdunscal.obj (.text)
                  0000338a    00000056     driverlib.lib : gpio.obj (.text:GPIOIntTypeSet)
                  000033e0    00000050     rtsv7M4_T_le_v4SPD16_eabi.lib : boot.obj (.text)
                  00003430    0000004c                                   : cpy_tbl.obj (.text)
                  0000347c    00000048                                   : fd_toi_t2.obj (.text)
                  000034c4    00000044                                   : exit.obj (.text)
                  00003508    00000040     driverlib.lib : gpio.obj (.text:_GPIOIntNumberGet)
                  00003548    00000040     rtsv7M4_T_le_v4SPD16_eabi.lib : signal.obj (.text)
                  00003588    00000034     driverlib.lib : interrupt.obj (.text:IntRegister)
                  000035bc    00000034                   : sysctl.obj (.text:SysCtlPeripheralEnable)
                  000035f0    00000034     rtsv7M4_T_le_v4SPD16_eabi.lib : feraiseexcept.obj (.text)
                  00003624    00000030     driverlib.lib : flash.obj (.text:FlashErase)
                  00003654    00000030     rtsv7M4_T_le_v4SPD16_eabi.lib : xferaise.obj (.text)
                  00003684    0000002e     driverlib.lib : adc.obj (.text:ADCIntStatus)
                  000036b2    0000002e     rtsv7M4_T_le_v4SPD16_eabi.lib : i_tofd_t2.obj (.text)
                  000036e0    0000002e                                   : raise.obj (.text)
                  0000370e    0000002a     driverlib.lib : gpio.obj (.text:GPIODirModeSet)
                  00003738    00000022                   : pwm.obj (.text:PWMGenConfigure)
                  0000375a    00000018                   : gpio.obj (.text:GPIOIntRegister)
                  00003772    00000018                   : gpio.obj (.text:GPIOPinTypeGPIOOutput)
                  0000378a    00000002     --HOLE-- [fill = 0]
                  0000378c    00000018     rtsv7M4_T_le_v4SPD16_eabi.lib : args_main.obj (.text)
                  000037a4    00000018                                   : ll_mul_t2.obj (.text)
                  000037bc    00000014                                   : _lock.obj (.text)
                  000037d0    00000014                                   : strlen.obj (.text)
                  000037e4    00000012     driverlib.lib : gpio.obj (.text:GPIOPinTypeGPIOInput)
                  000037f6    00000010                   : pwm.obj (.text:PWMGenPeriodSet)
                  00003806    0000000e                   : uart.obj (.text:UARTCharGetNonBlocking)
                  00003814    0000000e                   : uart.obj (.text:UARTCharPutNonBlocking)
                  00003822    0000000e                   : uart.obj (.text:UARTCharsAvail)
                  00003830    0000000e     rtsv7M4_T_le_v4SPD16_eabi.lib : copy_decompress_none.obj (.text:decompress:none)
                  0000383e    0000000c     driverlib.lib : gpio.obj (.text:GPIOIntEnable)
                  0000384a    0000000c     rtsv7M4_T_le_v4SPD16_eabi.lib : copy_zero_init.obj (.text:decompress:ZI)
                  00003856    0000000c     tm4c123gh6pm_startup_ccs.obj (.text)
                  00003862    0000000a     driverlib.lib : uart.obj (.text:UARTCharGet)
                  0000386c    0000000a                   : uart.obj (.text:UARTCharPut)
                  00003876    0000000a                   : uart.obj (.text:UARTIntStatus)
                  00003880    00000006                   : gpio.obj (.text:GPIOIntClear)
                  00003886    00000006                   : gpio.obj (.text:GPIOPinRead)
                  0000388c    00000006                   : gpio.obj (.text:GPIOPinWrite)
                  00003892    00000006                   : sysctl.obj (.text:SysCtlDelay)
                  00003898    00000006     rtsv7M4_T_le_v4SPD16_eabi.lib : copy_decompress_rle.obj (.text:decompress:rle24)
                  0000389e    00000004     driverlib.lib : timer.obj (.text:TimerIntClear)
                  000038a2    00000004                   : uart.obj (.text:UARTIntClear)
                  000038a6    00000004     rtsv7M4_T_le_v4SPD16_eabi.lib : pre_init.obj (.text)

.const     0    000038b0    000002e4     
                  000038b0    000000c0     driverlib.lib : gpio.obj (.const:g_ppui32GPIOIntMapBlizzard)
                  00003970    000000c0                   : gpio.obj (.const:g_ppui32GPIOIntMapSnowflake)
                  00003a30    00000088     rtsv7M4_T_le_v4SPD16_eabi.lib : xatan.obj (.const)
                  00003ab8    00000070     driverlib.lib : interrupt.obj (.const)
                  00003b28    0000006c                   : sysctl.obj (.const:g_pui32Xtals)

.cinit     0    00003b98    00000088     
                  00003b98    0000004d     (.cinit..data.load) [load image, compression = rle]
                  00003be5    00000003     --HOLE-- [fill = 0]
                  00003be8    0000000c     (__TI_handler_table)
                  00003bf4    00000004     --HOLE-- [fill = 0]
                  00003bf8    00000008     (.cinit..bss.load) [load image, compression = zero_init]
                  00003c00    00000008     (.cinit..vtable.load) [load image, compression = zero_init]
                  00003c08    00000018     (__TI_cinit_table)

.init_array 
*          0    00000000    00000000     UNINITIALIZED

.vtable    0    20000000    0000026c     UNINITIALIZED
                  20000000    0000026c     driverlib.lib : interrupt.obj (.vtable)

.stack     0    2000026c    00000808     UNINITIALIZED
                  2000026c    00000808     --HOLE--

.data      0    20000a78    00000169     UNINITIALIZED
                  20000a78    000000b0     rtsv7M4_T_le_v4SPD16_eabi.lib : signal.obj (.data:sigtable)
                  20000b28    00000080                                   : xvalues.obj (.data)
                  20000ba8    00000018     main.obj (.data)
                  20000bc0    00000008     rtsv7M4_T_le_v4SPD16_eabi.lib : _lock.obj (.data)
                  20000bc8    00000008                                   : exit.obj (.data)
                  20000bd0    00000008                                   : feraiseexcept.obj (.data)
                  20000bd8    00000004                                   : errno.obj (.data)
                  20000bdc    00000004                                   : stkdepth_vars.obj (.data)
                  20000be0    00000001     ReadBattery.obj (.data)

.bss       0    20000be4    00000082     UNINITIALIZED
                  20000be4    00000028     main.obj (.bss:data)
                  20000c0c    00000020     (.common:p)
                  20000c2c    00000010     (.common:ui32ADC0Value)
                  20000c3c    0000000c     (.common:accel)
                  20000c48    00000004     (.common:brightness)
                  20000c4c    00000004     (.common:ui32Load)
                  20000c50    00000004     (.common:ui32OldAvg)
                  20000c54    00000004     (.common:ui32PWMClock)
                  20000c58    00000004     (.common:ui32TempAvg)
                  20000c5c    00000002     (.common:lightlevel)
                  20000c5e    00000002     (.common:ui8Adjust)
                  20000c60    00000002     (.common:ui8PulseAdjust_1)
                  20000c62    00000002     (.common:ui8PulseAdjust_2)
                  20000c64    00000002     (.common:ui8PulseAdjust_3)

.TI.persistent 
*          0    20000a78    00000000     UNINITIALIZED

.TI.noinit 
*          0    20000be4    00000000     UNINITIALIZED


LINKER GENERATED COPY TABLES

__TI_cinit_table @ 00003c08 records: 3, size/record: 8, table size: 24
	.data: load addr=00003b98, load size=0000004d bytes, run addr=20000a78, run size=00000169 bytes, compression=rle
	.bss: load addr=00003bf8, load size=00000008 bytes, run addr=20000be4, run size=00000082 bytes, compression=zero_init
	.vtable: load addr=00003c00, load size=00000008 bytes, run addr=20000000, run size=0000026c bytes, compression=zero_init


LINKER GENERATED HANDLER TABLE

__TI_handler_table @ 00003be8 records: 3, size/record: 4, table size: 12
	index: 0, handler: __TI_zero_init
	index: 1, handler: __TI_decompress_rle24
	index: 2, handler: __TI_decompress_none


GLOBAL SYMBOLS: SORTED ALPHABETICALLY BY Name 

address   name                    
-------   ----                    
00001879  ADC0IntHandler          
00001911  ADCInit                 
00003685  ADCIntStatus            
000034c5  C$$EXIT                 
00003625  FlashErase              
00003255  FlashProgram            
00001a25  FlashRead               
00001a41  FlashReset              
00001a03  FlashWrite              
0000370f  GPIODirModeSet          
000018bf  GPIOInit                
00003881  GPIOIntClear            
0000383f  GPIOIntEnable           
0000375b  GPIOIntRegister         
0000338b  GPIOIntTypeSet          
00002843  GPIOPadConfigSet        
00003887  GPIOPinRead             
000037e5  GPIOPinTypeGPIOInput    
00003773  GPIOPinTypeGPIOOutput   
0000388d  GPIOPinWrite            
000032bd  IntEnable               
00003589  IntRegister             
00003739  PWMGenConfigure         
000037f7  PWMGenPeriodSet         
000004b1  PortAIntHandler         
00001ecd  PutString               
00001ef9  PutStringNonBlocking    
000019cb  ReadADC                 
00003857  ResetISR                
UNDEFED   SHT$$INIT_ARRAY$$Base   
UNDEFED   SHT$$INIT_ARRAY$$Limit  
00000927  SetBitCount             
00002a91  SysCtlClockGet          
00003893  SysCtlDelay             
000035bd  SysCtlPeripheralEnable  
000002c7  Timer0IntHandler        
0000029b  Timer1IntHandler        
0000389f  TimerIntClear           
000003eb  UART0IntHandler         
00000439  UART7IntHandler         
00003863  UARTCharGet             
00003807  UARTCharGetNonBlocking  
0000386d  UARTCharPut             
00003815  UARTCharPutNonBlocking  
00003823  UARTCharsAvail          
000038a3  UARTIntClear            
00003877  UARTIntStatus           
000022dd  _Atan                   
20000b28  _Denorm                 
00002e9d  _Dnorm                  
00002ba1  _Dscale                 
00003325  _Dunscale               
20000b38  _Eps                    
20000bd8  _Errno                  
20000bd0  _Fenv                   
00003655  _Feraise                
20000b48  _Hugeval                
20000b58  _Inf                    
20000b68  _Nan                    
20000b88  _Rteps                  
20000b78  _Snan                   
20000bd4  _Tls_setup__Fenv        
20000b98  _Xbig                   
20000ba0  _Zero                   
20000a74  __STACK_END             
00000808  __STACK_SIZE            
2000046c  __STACK_TOP             
00003c08  __TI_CINIT_Base         
00003c20  __TI_CINIT_Limit        
00003be8  __TI_Handler_Table_Base 
00003bf4  __TI_Handler_Table_Limit
0000317d  __TI_auto_init          
20000bc8  __TI_cleanup_ptr        
00003831  __TI_decompress_none    
00003899  __TI_decompress_rle24   
20000bcc  __TI_dtors_ptr          
00000000  __TI_static_base__      
0000384b  __TI_zero_init          
00002ff7  __aeabi_cdcmpeq         
00002ff7  __aeabi_cdcmple         
0000307d  __aeabi_cdrcmple        
0000347d  __aeabi_d2iz            
0000212f  __aeabi_dadd            
0000270d  __aeabi_ddiv            
00002cb1  __aeabi_dmul            
00002125  __aeabi_dsub            
000036b3  __aeabi_i2d             
000037a5  __aeabi_lmul            
00003103  __aeabi_memclr          
00003103  __aeabi_memclr4         
00003103  __aeabi_memclr8         
00002f5b  __aeabi_memcpy          
00002f5b  __aeabi_memcpy4         
00002f5b  __aeabi_memcpy8         
00003105  __aeabi_memset          
00003105  __aeabi_memset4         
00003105  __aeabi_memset8         
ffffffff  __binit__               
ffffffff  __c_args__              
2000026c  __stack                 
0000378d  _args_main              
000033e1  _c_int00                
20000bc0  _lock                   
000037cb  _nop                    
000037c3  _register_lock          
000037bd  _register_unlock        
000038a7  _system_pre_init        
20000bc4  _unlock                 
000034c9  abort                   
20000c3c  accel                   
000014b5  accelerometer_data_get  
00002975  asin                    
ffffffff  binit                   
20000c48  brightness              
00001aad  buttonCheck             
00001189  calculatePress          
00001a5b  closeGate               
00001a69  convertBat              
00003431  copy_in                 
00001401  crc4                    
000034d1  exit                    
000035f1  feraiseexcept           
20000000  g_pfnRAMVectors         
00000000  g_pfnVectors            
0000026d  gpioInterruptInit       
00001541  initialize_accelerometer
00002491  initialize_i2c          
00001fd1  ledsBright              
00001f5d  ledsInit                
000020c5  ledsMax                 
00002091  ledsOff                 
20000c5c  lightlevel              
00000515  main                    
20000bdc  main_func_sp            
00002f5b  memcpy                  
0000310b  memset                  
00000d89  motorStop               
00000969  motorsInit              
00000b49  motorsSetPulseWidth     
00000e53  motorsVariable          
00001a4d  openGate                
20000c0c  p                       
00000fb9  pressure_init           
000010dd  pressure_read           
000036e1  raise                   
0000250b  read_byte               
00001b31  servoInit               
00001d17  servoSetCenter          
00001c83  servoSetMax             
00001ccd  servoSetMin             
00001beb  servoSetPulseWidth      
00002469  set_rw                  
000024e3  set_slave_address       
00003549  signal                  
000025c5  sqrt                    
000037d1  strlen                  
00002dad  timerInit               
00002e19  timerInit2              
0000159b  to_degrees              
00001d8d  uartInit                
20000c4c  ui32Load                
20000c54  ui32PWMClock            
20000c5e  ui8Adjust               
20000c60  ui8PulseAdjust_1        
20000c62  ui8PulseAdjust_2        
20000c64  ui8PulseAdjust_3        
0000157b  write_accelerometer     
0000254b  write_byte              


GLOBAL SYMBOLS: SORTED BY Symbol Address 

address   name                    
-------   ----                    
00000000  __TI_static_base__      
00000000  g_pfnVectors            
0000026d  gpioInterruptInit       
0000029b  Timer1IntHandler        
000002c7  Timer0IntHandler        
000003eb  UART0IntHandler         
00000439  UART7IntHandler         
000004b1  PortAIntHandler         
00000515  main                    
00000808  __STACK_SIZE            
00000927  SetBitCount             
00000969  motorsInit              
00000b49  motorsSetPulseWidth     
00000d89  motorStop               
00000e53  motorsVariable          
00000fb9  pressure_init           
000010dd  pressure_read           
00001189  calculatePress          
00001401  crc4                    
000014b5  accelerometer_data_get  
00001541  initialize_accelerometer
0000157b  write_accelerometer     
0000159b  to_degrees              
00001879  ADC0IntHandler          
000018bf  GPIOInit                
00001911  ADCInit                 
000019cb  ReadADC                 
00001a03  FlashWrite              
00001a25  FlashRead               
00001a41  FlashReset              
00001a4d  openGate                
00001a5b  closeGate               
00001a69  convertBat              
00001aad  buttonCheck             
00001b31  servoInit               
00001beb  servoSetPulseWidth      
00001c83  servoSetMax             
00001ccd  servoSetMin             
00001d17  servoSetCenter          
00001d8d  uartInit                
00001ecd  PutString               
00001ef9  PutStringNonBlocking    
00001f5d  ledsInit                
00001fd1  ledsBright              
00002091  ledsOff                 
000020c5  ledsMax                 
00002125  __aeabi_dsub            
0000212f  __aeabi_dadd            
000022dd  _Atan                   
00002469  set_rw                  
00002491  initialize_i2c          
000024e3  set_slave_address       
0000250b  read_byte               
0000254b  write_byte              
000025c5  sqrt                    
0000270d  __aeabi_ddiv            
00002843  GPIOPadConfigSet        
00002975  asin                    
00002a91  SysCtlClockGet          
00002ba1  _Dscale                 
00002cb1  __aeabi_dmul            
00002dad  timerInit               
00002e19  timerInit2              
00002e9d  _Dnorm                  
00002f5b  __aeabi_memcpy          
00002f5b  __aeabi_memcpy4         
00002f5b  __aeabi_memcpy8         
00002f5b  memcpy                  
00002ff7  __aeabi_cdcmpeq         
00002ff7  __aeabi_cdcmple         
0000307d  __aeabi_cdrcmple        
00003103  __aeabi_memclr          
00003103  __aeabi_memclr4         
00003103  __aeabi_memclr8         
00003105  __aeabi_memset          
00003105  __aeabi_memset4         
00003105  __aeabi_memset8         
0000310b  memset                  
0000317d  __TI_auto_init          
00003255  FlashProgram            
000032bd  IntEnable               
00003325  _Dunscale               
0000338b  GPIOIntTypeSet          
000033e1  _c_int00                
00003431  copy_in                 
0000347d  __aeabi_d2iz            
000034c5  C$$EXIT                 
000034c9  abort                   
000034d1  exit                    
00003549  signal                  
00003589  IntRegister             
000035bd  SysCtlPeripheralEnable  
000035f1  feraiseexcept           
00003625  FlashErase              
00003655  _Feraise                
00003685  ADCIntStatus            
000036b3  __aeabi_i2d             
000036e1  raise                   
0000370f  GPIODirModeSet          
00003739  PWMGenConfigure         
0000375b  GPIOIntRegister         
00003773  GPIOPinTypeGPIOOutput   
0000378d  _args_main              
000037a5  __aeabi_lmul            
000037bd  _register_unlock        
000037c3  _register_lock          
000037cb  _nop                    
000037d1  strlen                  
000037e5  GPIOPinTypeGPIOInput    
000037f7  PWMGenPeriodSet         
00003807  UARTCharGetNonBlocking  
00003815  UARTCharPutNonBlocking  
00003823  UARTCharsAvail          
00003831  __TI_decompress_none    
0000383f  GPIOIntEnable           
0000384b  __TI_zero_init          
00003857  ResetISR                
00003863  UARTCharGet             
0000386d  UARTCharPut             
00003877  UARTIntStatus           
00003881  GPIOIntClear            
00003887  GPIOPinRead             
0000388d  GPIOPinWrite            
00003893  SysCtlDelay             
00003899  __TI_decompress_rle24   
0000389f  TimerIntClear           
000038a3  UARTIntClear            
000038a7  _system_pre_init        
00003be8  __TI_Handler_Table_Base 
00003bf4  __TI_Handler_Table_Limit
00003c08  __TI_CINIT_Base         
00003c20  __TI_CINIT_Limit        
20000000  g_pfnRAMVectors         
2000026c  __stack                 
2000046c  __STACK_TOP             
20000a74  __STACK_END             
20000b28  _Denorm                 
20000b38  _Eps                    
20000b48  _Hugeval                
20000b58  _Inf                    
20000b68  _Nan                    
20000b78  _Snan                   
20000b88  _Rteps                  
20000b98  _Xbig                   
20000ba0  _Zero                   
20000bc0  _lock                   
20000bc4  _unlock                 
20000bc8  __TI_cleanup_ptr        
20000bcc  __TI_dtors_ptr          
20000bd0  _Fenv                   
20000bd4  _Tls_setup__Fenv        
20000bd8  _Errno                  
20000bdc  main_func_sp            
20000c0c  p                       
20000c3c  accel                   
20000c48  brightness              
20000c4c  ui32Load                
20000c54  ui32PWMClock            
20000c5c  lightlevel              
20000c5e  ui8Adjust               
20000c60  ui8PulseAdjust_1        
20000c62  ui8PulseAdjust_2        
20000c64  ui8PulseAdjust_3        
ffffffff  __binit__               
ffffffff  __c_args__              
ffffffff  binit                   
UNDEFED   SHT$$INIT_ARRAY$$Base   
UNDEFED   SHT$$INIT_ARRAY$$Limit  

[168 symbols]
