******************************************************************************
                  TI ARM Linker PC v5.2.5                      
******************************************************************************
>> Linked Thu Mar 03 23:17:43 2016

OUTPUT FILE NAME:   <UartForControls2.out>
ENTRY POINT SYMBOL: "_c_int00"  address: 000041c5


MEMORY CONFIGURATION

         name            origin    length      used     unused   attr    fill
----------------------  --------  ---------  --------  --------  ----  --------
  FLASH                 00000000   00040000  00004904  0003b6fc  R  X
  SRAM                  20000000   00008000  00002572  00005a8e  RW X


SEGMENT ALLOCATION MAP

run origin  load origin   length   init length attrs members
----------  ----------- ---------- ----------- ----- -------
00000000    00000000    00004908   00004908    r-x
  00000000    00000000    0000026c   0000026c    r-- .intvecs
  0000026c    0000026c    000043c4   000043c4    r-x .text
  00004630    00004630    000001fc   000001fc    r-- .const
  00004830    00004830    000000d8   000000d8    r-- .cinit
20000000    20000000    00002572   00000000    rw-
  20000000    20000000    00001000   00000000    rw- .stack
  20001000    20001000    00001000   00000000    rw- .sysmem
  20002000    20002000    00000354   00000000    rw- .data
  20002354    20002354    0000021e   00000000    rw- .bss


SECTION ALLOCATION MAP

 output                                  attributes/
section   page    origin      length       input sections
--------  ----  ----------  ----------   ----------------
.intvecs   0    00000000    0000026c     
                  00000000    0000026c     tm4c123gh6pm_startup_ccs.obj (.intvecs)

.text      0    0000026c    000043c4     
                  0000026c    000010ba     rtsv7M4_T_le_v4SPD16_eabi.lib : _printfi.obj (.text)
                  00001326    00000002     --HOLE-- [fill = 0]
                  00001328    000005f0     main.obj (.text)
                  00001918    000003dc     rtsv7M4_T_le_v4SPD16_eabi.lib : memory.obj (.text)
                  00001cf4    0000030c                                   : lowlev.obj (.text)
                  00002000    000002d4                                   : trgdrv.obj (.text)
                  000022d4    0000025c     servoControl.obj (.text)
                  00002530    000001f4     rtsv7M4_T_le_v4SPD16_eabi.lib : ull_div_t2.obj (.text)
                  00002724    000001dc     uart.obj (.text)
                  00002900    000001c4     rtsv7M4_T_le_v4SPD16_eabi.lib : fopen.obj (.text)
                  00002ac4    000001b6                                   : fd_add_t2.obj (.text)
                  00002c7a    00000002     --HOLE-- [fill = 0]
                  00002c7c    0000018c                                   : xatan.obj (.text)
                  00002e08    00000168     i2c.obj (.text)
                  00002f70    00000148     rtsv7M4_T_le_v4SPD16_eabi.lib : sqrt.obj (.text)
                  000030b8    00000136                                   : fd_div_t2.obj (.text)
                  000031ee    00000002     --HOLE-- [fill = 0]
                  000031f0    00000134                                   : fputs.obj (.text)
                  00003324    0000011c                                   : asin.obj (.text)
                  00003440    00000110     driverlib.lib : sysctl.obj (.text:SysCtlClockGet)
                  00003550    00000110     rtsv7M4_T_le_v4SPD16_eabi.lib : xdscale.obj (.text)
                  00003660    000000fc                                   : fd_mul_t2.obj (.text)
                  0000375c    000000de     accelerometer.obj (.text)
                  0000383a    00000002     --HOLE-- [fill = 0]
                  0000383c    000000dc     rtsv7M4_T_le_v4SPD16_eabi.lib : setvbuf.obj (.text)
                  00003918    000000c8                                   : fflush.obj (.text)
                  000039e0    000000be                                   : xdnorm.obj (.text)
                  00003a9e    000000ac                                   : _io_perm.obj (.text)
                  00003b4a    0000009c                                   : memcpy_t2.obj (.text)
                  00003be6    00000002     --HOLE-- [fill = 0]
                  00003be8    00000098                                   : fclose.obj (.text)
                  00003c80    00000098                                   : fputc.obj (.text)
                  00003d18    00000086                                   : fd_cmp_t2.obj (.text:__aeabi_cdcmple)
                  00003d9e    00000086                                   : fd_cmp_t2.obj (.text:__aeabi_cdrcmple)
                  00003e24    0000007a                                   : memset_t2.obj (.text)
                  00003e9e    00000002     --HOLE-- [fill = 0]
                  00003ea0    00000070                                   : printf.obj (.text)
                  00003f10    0000006c                                   : autoinit.obj (.text)
                  00003f7c    0000006a                                   : copy_decompress_rle.obj (.text)
                  00003fe6    00000002     --HOLE-- [fill = 0]
                  00003fe8    00000068                                   : trgmsg.obj (.text)
                  00004050    00000066                                   : xdunscal.obj (.text)
                  000040b6    00000002     --HOLE-- [fill = 0]
                  000040b8    00000064                                   : fseek.obj (.text)
                  0000411c    00000056                                   : ltoa.obj (.text)
                  00004172    00000052                                   : ldexp.obj (.text)
                  000041c4    00000050                                   : boot.obj (.text)
                  00004214    0000004c                                   : atoi.obj (.text)
                  00004260    0000004c                                   : cpy_tbl.obj (.text)
                  000042ac    00000048                                   : fd_toi_t2.obj (.text)
                  000042f4    00000044                                   : exit.obj (.text)
                  00004338    00000040                                   : signal.obj (.text)
                  00004378    00000034                                   : feraiseexcept.obj (.text)
                  000043ac    00000030                                   : strncpy.obj (.text)
                  000043dc    00000030                                   : xdclass.obj (.text)
                  0000440c    00000030                                   : xferaise.obj (.text)
                  0000443c    0000002e                                   : i_tofd_t2.obj (.text)
                  0000446a    0000002e                                   : raise.obj (.text)
                  00004498    0000002a                                   : frexp.obj (.text)
                  000044c2    00000022     driverlib.lib : pwm.obj (.text:PWMGenConfigure)
                  000044e4    00000020     rtsv7M4_T_le_v4SPD16_eabi.lib : memchr.obj (.text)
                  00004504    0000001c                                   : memccpy.obj (.text)
                  00004520    00000018                                   : args_main.obj (.text)
                  00004538    00000018                                   : strcmp.obj (.text)
                  00004550    00000016                                   : strchr.obj (.text)
                  00004566    00000002     --HOLE-- [fill = 0]
                  00004568    00000014                                   : _lock.obj (.text)
                  0000457c    00000014                                   : strcpy.obj (.text)
                  00004590    00000014                                   : strlen.obj (.text)
                  000045a4    00000010     driverlib.lib : pwm.obj (.text:PWMGenPeriodSet)
                  000045b4    0000000e                   : uart.obj (.text:UARTCharGetNonBlocking)
                  000045c2    0000000e                   : uart.obj (.text:UARTCharPutNonBlocking)
                  000045d0    0000000e                   : uart.obj (.text:UARTCharsAvail)
                  000045de    0000000e     rtsv7M4_T_le_v4SPD16_eabi.lib : copy_decompress_none.obj (.text:decompress:none)
                  000045ec    0000000c                                   : copy_zero_init.obj (.text:decompress:ZI)
                  000045f8    0000000c     tm4c123gh6pm_startup_ccs.obj (.text)
                  00004604    0000000a     driverlib.lib : uart.obj (.text:UARTCharPut)
                  0000460e    0000000a                   : uart.obj (.text:UARTIntStatus)
                  00004618    00000006                   : sysctl.obj (.text:SysCtlDelay)
                  0000461e    00000006     rtsv7M4_T_le_v4SPD16_eabi.lib : copy_decompress_rle.obj (.text:decompress:rle24)
                  00004624    00000004     driverlib.lib : timer.obj (.text:TimerIntClear)
                  00004628    00000004                   : uart.obj (.text:UARTIntClear)
                  0000462c    00000004     rtsv7M4_T_le_v4SPD16_eabi.lib : pre_init.obj (.text)

.const     0    00004630    000001fc     
                  00004630    00000101     rtsv7M4_T_le_v4SPD16_eabi.lib : ctype.obj (.const:.string:_ctypes_)
                  00004731    00000007     --HOLE-- [fill = 0]
                  00004738    00000088                                   : xatan.obj (.const)
                  000047c0    0000006c     driverlib.lib : sysctl.obj (.const:g_pui32Xtals)

.cinit     0    00004830    000000d8     
                  00004830    000000b1     (.cinit..data.load) [load image, compression = rle]
                  000048e1    00000003     --HOLE-- [fill = 0]
                  000048e4    0000000c     (__TI_handler_table)
                  000048f0    00000008     (.cinit..bss.load) [load image, compression = zero_init]
                  000048f8    00000010     (__TI_cinit_table)

.init_array 
*          0    00000000    00000000     UNINITIALIZED

.stack     0    20000000    00001000     UNINITIALIZED
                  20000000    00001000     --HOLE--

.sysmem    0    20001000    00001000     UNINITIALIZED
                  20001000    00000008     rtsv7M4_T_le_v4SPD16_eabi.lib : memory.obj (.sysmem)
                  20001008    00000ff8     --HOLE--

.data      0    20002000    00000354     UNINITIALIZED
                  20002000    000000f0     rtsv7M4_T_le_v4SPD16_eabi.lib : defs.obj (.data:_ftable)
                  200020f0    000000d0                                   : lowlev.obj (.data)
                  200021c0    000000b0                                   : signal.obj (.data:sigtable)
                  20002270    00000080                                   : xvalues.obj (.data)
                  200022f0    00000021     main.obj (.data)
                  20002311    00000003     --HOLE--
                  20002314    00000010     rtsv7M4_T_le_v4SPD16_eabi.lib : defs.obj (.data)
                  20002324    0000000c                                   : memory.obj (.data)
                  20002330    00000008                                   : _lock.obj (.data)
                  20002338    00000008                                   : exit.obj (.data)
                  20002340    00000008                                   : feraiseexcept.obj (.data)
                  20002348    00000004                                   : errno.obj (.data)
                  2000234c    00000004                                   : fopen.obj (.data)
                  20002350    00000004                                   : stkdepth_vars.obj (.data)

.TI.persistent 
*          0    20002000    00000000     UNINITIALIZED

.bss       0    20002354    0000021e     UNINITIALIZED
                  20002354    00000120     rtsv7M4_T_le_v4SPD16_eabi.lib : trgmsg.obj (.bss:__CIOBUF_)
                  20002474    000000a0                                   : defs.obj (.bss:__TI_tmpnams)
                  20002514    00000040     main.obj (.bss:data)
                  20002554    0000000c     (.common:accel)
                  20002560    00000008     (.common:parmbuf)
                  20002568    00000004     (.common:ui32Load)
                  2000256c    00000004     (.common:ui32PWMClock)
                  20002570    00000002     (.common:ui8Adjust)

.TI.noinit 
*          0    20002354    00000000     UNINITIALIZED


LINKER GENERATED COPY TABLES

__TI_cinit_table @ 000048f8 records: 2, size/record: 8, table size: 16
	.data: load addr=00004830, load size=000000b1 bytes, run addr=20002000, run size=00000354 bytes, compression=rle
	.bss: load addr=000048f0, load size=00000008 bytes, run addr=20002354, run size=0000021e bytes, compression=zero_init


LINKER GENERATED HANDLER TABLE

__TI_handler_table @ 000048e4 records: 3, size/record: 4, table size: 12
	index: 0, handler: __TI_decompress_rle24
	index: 1, handler: __TI_decompress_none
	index: 2, handler: __TI_zero_init


GLOBAL SYMBOLS: SORTED ALPHABETICALLY BY Name 

address   name                    
-------   ----                    
000042f5  C$$EXIT                 
00004017  C$$IO$$                 
0000228d  HOSTclock               
00002255  HOSTclose               
00002217  HOSTgetenv              
000021bb  HOSTlseek               
00002169  HOSTopen                
0000211d  HOSTread                
000020bf  HOSTrename              
00002085  HOSTtime                
0000204d  HOSTunlink              
00002001  HOSTwrite               
000044c3  PWMGenConfigure         
000045a5  PWMGenPeriodSet         
00002871  PutString               
0000289b  PutStringNonBlocking    
000045f9  ResetISR                
UNDEFED   SHT$$INIT_ARRAY$$Base   
UNDEFED   SHT$$INIT_ARRAY$$Limit  
00001853  SetBitCount             
00003441  SysCtlClockGet          
00004619  SysCtlDelay             
00001329  Timer0IntHandler        
00004625  TimerIntClear           
000016b5  UART0IntHandler         
00001735  UART7IntHandler         
000045b5  UARTCharGetNonBlocking  
00004605  UARTCharPut             
000045c3  UARTCharPutNonBlocking  
000045d1  UARTCharsAvail          
00004629  UARTIntClear            
0000460f  UARTIntStatus           
00002c7d  _Atan                   
000043dd  _Dclass                 
20002270  _Denorm                 
000039e1  _Dnorm                  
00003551  _Dscale                 
00004051  _Dunscale               
20002280  _Eps                    
20002348  _Errno                  
20002340  _Fenv                   
0000440d  _Feraise                
20002290  _Hugeval                
200022a0  _Inf                    
200022b0  _Nan                    
200022d0  _Rteps                  
200022c0  _Snan                   
20002344  _Tls_setup__Fenv        
200022e0  _Xbig                   
200022e8  _Zero                   
20002354  __CIOBUF_               
20001000  __STACK_END             
00001000  __STACK_SIZE            
20000200  __STACK_TOP             
00001000  __SYSMEM_SIZE           
000048f8  __TI_CINIT_Base         
00004908  __TI_CINIT_Limit        
000048e4  __TI_Handler_Table_Base 
000048f0  __TI_Handler_Table_Limit
00003f11  __TI_auto_init          
000029c9  __TI_cleanup            
20002338  __TI_cleanup_ptr        
00003be9  __TI_closefile          
000045df  __TI_decompress_none    
0000461f  __TI_decompress_rle24   
00003919  __TI_doflush            
2000233c  __TI_dtors_ptr          
20002314  __TI_ft_end             
00001021  __TI_printfi            
00003b01  __TI_rd_ok              
0000401b  __TI_readmsg            
00000000  __TI_static_base__      
20002474  __TI_tmpnams            
00003fe9  __TI_writemsg           
00003a9f  __TI_wrt_ok             
000045ed  __TI_zero_init          
00003d19  __aeabi_cdcmpeq         
00003d19  __aeabi_cdcmple         
00003d9f  __aeabi_cdrcmple        
000042ad  __aeabi_d2iz            
00002acf  __aeabi_dadd            
000030b9  __aeabi_ddiv            
00003661  __aeabi_dmul            
00002ac5  __aeabi_dsub            
0000443d  __aeabi_i2d             
00003e25  __aeabi_memclr          
00003e25  __aeabi_memclr4         
00003e25  __aeabi_memclr8         
00003b4b  __aeabi_memcpy          
00003b4b  __aeabi_memcpy4         
00003b4b  __aeabi_memcpy8         
00003e27  __aeabi_memset          
00003e27  __aeabi_memset4         
00003e27  __aeabi_memset8         
20002320  __aeabi_stderr          
20002318  __aeabi_stdin           
2000231c  __aeabi_stdout          
00002531  __aeabi_uldivmod        
ffffffff  __binit__               
ffffffff  __c_args__              
20000000  __stack                 
00004521  _args_main              
000041c5  _c_int00                
00004630  _ctypes_                
20002000  _ftable                 
20002330  _lock                   
00004577  _nop                    
0000456f  _register_lock          
00004569  _register_unlock        
20001000  _sys_memory             
0000462d  _system_pre_init        
20002334  _unlock                 
000042f9  abort                   
20002554  accel                   
0000375d  accelerometer_data_get  
00001f55  add_device              
00003325  asin                    
00004215  atoi                    
ffffffff  binit                   
00001cc1  calloc                  
00001f05  close                   
00004261  copy_in                 
00004301  exit                    
00003c4f  fclose                  
00004379  feraiseexcept           
00003965  fflush                  
00002a1f  fopen                   
00003c81  fputc                   
000031f1  fputs                   
00001a0f  free                    
000029f5  freopen                 
00004499  frexp                   
000040b9  fseek                   
00000000  g_pfnVectors            
000037e9  initialize_accelerometer
00002e31  initialize_i2c          
00004173  ldexp                   
00001ee1  lseek                   
0000411d  ltoa                    
00001779  main                    
20002350  main_func_sp            
000019a7  malloc                  
00001bdd  memalign                
00004505  memccpy                 
000044e5  memchr                  
00003b4b  memcpy                  
00003e2d  memset                  
00001919  minit                   
00001e33  open                    
00003ea9  printf                  
00003c81  putc                    
00003d05  putchar                 
000032fd  puts                    
0000446b  raise                   
00001e0f  read                    
00002e9d  read_byte               
00001ad1  realloc                 
00001d85  remove                  
00001de7  remove_device           
00001da9  rename                  
000022d5  servoInit               
000024bb  servoSetCenter          
00002427  servoSetMax             
00002471  servoSetMin             
0000238f  servoSetPulseWidth      
00002e09  set_rw                  
00002e83  set_slave_address       
0000383d  setvbuf                 
00004339  signal                  
00002f71  sqrt                    
00004551  strchr                  
00004539  strcmp                  
0000457d  strcpy                  
00004591  strlen                  
000043ad  strncpy                 
00002725  uartInit                
20002568  ui32Load                
2000256c  ui32PWMClock            
20002570  ui8Adjust               
00001d85  unlink                  
00001cf5  write                   
0000381b  write_accelerometer     
00002ee5  write_byte              


GLOBAL SYMBOLS: SORTED BY Symbol Address 

address   name                    
-------   ----                    
00000000  __TI_static_base__      
00000000  g_pfnVectors            
00001000  __STACK_SIZE            
00001000  __SYSMEM_SIZE           
00001021  __TI_printfi            
00001329  Timer0IntHandler        
000016b5  UART0IntHandler         
00001735  UART7IntHandler         
00001779  main                    
00001853  SetBitCount             
00001919  minit                   
000019a7  malloc                  
00001a0f  free                    
00001ad1  realloc                 
00001bdd  memalign                
00001cc1  calloc                  
00001cf5  write                   
00001d85  remove                  
00001d85  unlink                  
00001da9  rename                  
00001de7  remove_device           
00001e0f  read                    
00001e33  open                    
00001ee1  lseek                   
00001f05  close                   
00001f55  add_device              
00002001  HOSTwrite               
0000204d  HOSTunlink              
00002085  HOSTtime                
000020bf  HOSTrename              
0000211d  HOSTread                
00002169  HOSTopen                
000021bb  HOSTlseek               
00002217  HOSTgetenv              
00002255  HOSTclose               
0000228d  HOSTclock               
000022d5  servoInit               
0000238f  servoSetPulseWidth      
00002427  servoSetMax             
00002471  servoSetMin             
000024bb  servoSetCenter          
00002531  __aeabi_uldivmod        
00002725  uartInit                
00002871  PutString               
0000289b  PutStringNonBlocking    
000029c9  __TI_cleanup            
000029f5  freopen                 
00002a1f  fopen                   
00002ac5  __aeabi_dsub            
00002acf  __aeabi_dadd            
00002c7d  _Atan                   
00002e09  set_rw                  
00002e31  initialize_i2c          
00002e83  set_slave_address       
00002e9d  read_byte               
00002ee5  write_byte              
00002f71  sqrt                    
000030b9  __aeabi_ddiv            
000031f1  fputs                   
000032fd  puts                    
00003325  asin                    
00003441  SysCtlClockGet          
00003551  _Dscale                 
00003661  __aeabi_dmul            
0000375d  accelerometer_data_get  
000037e9  initialize_accelerometer
0000381b  write_accelerometer     
0000383d  setvbuf                 
00003919  __TI_doflush            
00003965  fflush                  
000039e1  _Dnorm                  
00003a9f  __TI_wrt_ok             
00003b01  __TI_rd_ok              
00003b4b  __aeabi_memcpy          
00003b4b  __aeabi_memcpy4         
00003b4b  __aeabi_memcpy8         
00003b4b  memcpy                  
00003be9  __TI_closefile          
00003c4f  fclose                  
00003c81  fputc                   
00003c81  putc                    
00003d05  putchar                 
00003d19  __aeabi_cdcmpeq         
00003d19  __aeabi_cdcmple         
00003d9f  __aeabi_cdrcmple        
00003e25  __aeabi_memclr          
00003e25  __aeabi_memclr4         
00003e25  __aeabi_memclr8         
00003e27  __aeabi_memset          
00003e27  __aeabi_memset4         
00003e27  __aeabi_memset8         
00003e2d  memset                  
00003ea9  printf                  
00003f11  __TI_auto_init          
00003fe9  __TI_writemsg           
00004017  C$$IO$$                 
0000401b  __TI_readmsg            
00004051  _Dunscale               
000040b9  fseek                   
0000411d  ltoa                    
00004173  ldexp                   
000041c5  _c_int00                
00004215  atoi                    
00004261  copy_in                 
000042ad  __aeabi_d2iz            
000042f5  C$$EXIT                 
000042f9  abort                   
00004301  exit                    
00004339  signal                  
00004379  feraiseexcept           
000043ad  strncpy                 
000043dd  _Dclass                 
0000440d  _Feraise                
0000443d  __aeabi_i2d             
0000446b  raise                   
00004499  frexp                   
000044c3  PWMGenConfigure         
000044e5  memchr                  
00004505  memccpy                 
00004521  _args_main              
00004539  strcmp                  
00004551  strchr                  
00004569  _register_unlock        
0000456f  _register_lock          
00004577  _nop                    
0000457d  strcpy                  
00004591  strlen                  
000045a5  PWMGenPeriodSet         
000045b5  UARTCharGetNonBlocking  
000045c3  UARTCharPutNonBlocking  
000045d1  UARTCharsAvail          
000045df  __TI_decompress_none    
000045ed  __TI_zero_init          
000045f9  ResetISR                
00004605  UARTCharPut             
0000460f  UARTIntStatus           
00004619  SysCtlDelay             
0000461f  __TI_decompress_rle24   
00004625  TimerIntClear           
00004629  UARTIntClear            
0000462d  _system_pre_init        
00004630  _ctypes_                
000048e4  __TI_Handler_Table_Base 
000048f0  __TI_Handler_Table_Limit
000048f8  __TI_CINIT_Base         
00004908  __TI_CINIT_Limit        
20000000  __stack                 
20000200  __STACK_TOP             
20001000  __STACK_END             
20001000  _sys_memory             
20002000  _ftable                 
20002270  _Denorm                 
20002280  _Eps                    
20002290  _Hugeval                
200022a0  _Inf                    
200022b0  _Nan                    
200022c0  _Snan                   
200022d0  _Rteps                  
200022e0  _Xbig                   
200022e8  _Zero                   
20002314  __TI_ft_end             
20002318  __aeabi_stdin           
2000231c  __aeabi_stdout          
20002320  __aeabi_stderr          
20002330  _lock                   
20002334  _unlock                 
20002338  __TI_cleanup_ptr        
2000233c  __TI_dtors_ptr          
20002340  _Fenv                   
20002344  _Tls_setup__Fenv        
20002348  _Errno                  
20002350  main_func_sp            
20002354  __CIOBUF_               
20002474  __TI_tmpnams            
20002554  accel                   
20002568  ui32Load                
2000256c  ui32PWMClock            
20002570  ui8Adjust               
ffffffff  __binit__               
ffffffff  __c_args__              
ffffffff  binit                   
UNDEFED   SHT$$INIT_ARRAY$$Base   
UNDEFED   SHT$$INIT_ARRAY$$Limit  

[183 symbols]
