<?xml version="1.0"?>
<link_info>
   <banner>TI ARM Linker PC v5.2.5</banner>
   <copyright>Copyright (c) 1996-2015 Texas Instruments Incorporated</copyright>
   <link_time>0x56df9dae</link_time>
   <link_errors>0x0</link_errors>
   <output_file>UartForControls2.out</output_file>
   <entry_point>
      <name>_c_int00</name>
      <address>0x4c19</address>
   </entry_point>
   <input_file_list>
      <input_file id="fl-2">
         <path>.\</path>
         <kind>object</kind>
         <file>Timer.obj</file>
         <name>Timer.obj</name>
      </input_file>
      <input_file id="fl-3">
         <path>.\</path>
         <kind>object</kind>
         <file>accelerometer.obj</file>
         <name>accelerometer.obj</name>
      </input_file>
      <input_file id="fl-4">
         <path>.\</path>
         <kind>object</kind>
         <file>i2c.obj</file>
         <name>i2c.obj</name>
      </input_file>
      <input_file id="fl-5">
         <path>.\</path>
         <kind>object</kind>
         <file>leds.obj</file>
         <name>leds.obj</name>
      </input_file>
      <input_file id="fl-6">
         <path>.\</path>
         <kind>object</kind>
         <file>main.obj</file>
         <name>main.obj</name>
      </input_file>
      <input_file id="fl-7">
         <path>.\</path>
         <kind>object</kind>
         <file>motors.obj</file>
         <name>motors.obj</name>
      </input_file>
      <input_file id="fl-8">
         <path>.\</path>
         <kind>object</kind>
         <file>servoControl.obj</file>
         <name>servoControl.obj</name>
      </input_file>
      <input_file id="fl-9">
         <path>.\</path>
         <kind>object</kind>
         <file>tm4c123gh6pm_startup_ccs.obj</file>
         <name>tm4c123gh6pm_startup_ccs.obj</name>
      </input_file>
      <input_file id="fl-a">
         <path>.\</path>
         <kind>object</kind>
         <file>uart.obj</file>
         <name>uart.obj</name>
      </input_file>
      <input_file id="fl-10">
         <path>C:\ti\TivaWare_C_Series-2.1.2.111\driverlib\ccs\Debug\</path>
         <kind>archive</kind>
         <file>driverlib.lib</file>
         <name>pwm.obj</name>
      </input_file>
      <input_file id="fl-11">
         <path>C:\ti\TivaWare_C_Series-2.1.2.111\driverlib\ccs\Debug\</path>
         <kind>archive</kind>
         <file>driverlib.lib</file>
         <name>sysctl.obj</name>
      </input_file>
      <input_file id="fl-12">
         <path>C:\ti\TivaWare_C_Series-2.1.2.111\driverlib\ccs\Debug\</path>
         <kind>archive</kind>
         <file>driverlib.lib</file>
         <name>timer.obj</name>
      </input_file>
      <input_file id="fl-13">
         <path>C:\ti\TivaWare_C_Series-2.1.2.111\driverlib\ccs\Debug\</path>
         <kind>archive</kind>
         <file>driverlib.lib</file>
         <name>uart.obj</name>
      </input_file>
      <input_file id="fl-14">
         <path>C:\ti\TivaWare_C_Series-2.1.2.111\driverlib\ccs\Debug\</path>
         <kind>archive</kind>
         <file>driverlib.lib</file>
         <name>cpu.obj</name>
      </input_file>
      <input_file id="fl-15">
         <path>C:\ti\TivaWare_C_Series-2.1.2.111\driverlib\ccs\Debug\</path>
         <kind>archive</kind>
         <file>driverlib.lib</file>
         <name>interrupt.obj</name>
      </input_file>
      <input_file id="fl-137">
         <path>C:\ti\ccsv6\tools\compiler\ti-cgt-arm_5.2.5\lib\</path>
         <kind>archive</kind>
         <file>rtsv7M4_T_le_v4SPD16_eabi.lib</file>
         <name>asin.obj</name>
      </input_file>
      <input_file id="fl-138">
         <path>C:\ti\ccsv6\tools\compiler\ti-cgt-arm_5.2.5\lib\</path>
         <kind>archive</kind>
         <file>rtsv7M4_T_le_v4SPD16_eabi.lib</file>
         <name>boot.obj</name>
      </input_file>
      <input_file id="fl-139">
         <path>C:\ti\ccsv6\tools\compiler\ti-cgt-arm_5.2.5\lib\</path>
         <kind>archive</kind>
         <file>rtsv7M4_T_le_v4SPD16_eabi.lib</file>
         <name>copy_decompress_none.obj</name>
      </input_file>
      <input_file id="fl-13a">
         <path>C:\ti\ccsv6\tools\compiler\ti-cgt-arm_5.2.5\lib\</path>
         <kind>archive</kind>
         <file>rtsv7M4_T_le_v4SPD16_eabi.lib</file>
         <name>copy_decompress_rle.obj</name>
      </input_file>
      <input_file id="fl-13b">
         <path>C:\ti\ccsv6\tools\compiler\ti-cgt-arm_5.2.5\lib\</path>
         <kind>archive</kind>
         <file>rtsv7M4_T_le_v4SPD16_eabi.lib</file>
         <name>copy_zero_init.obj</name>
      </input_file>
      <input_file id="fl-13c">
         <path>C:\ti\ccsv6\tools\compiler\ti-cgt-arm_5.2.5\lib\</path>
         <kind>archive</kind>
         <file>rtsv7M4_T_le_v4SPD16_eabi.lib</file>
         <name>exit.obj</name>
      </input_file>
      <input_file id="fl-13d">
         <path>C:\ti\ccsv6\tools\compiler\ti-cgt-arm_5.2.5\lib\</path>
         <kind>archive</kind>
         <file>rtsv7M4_T_le_v4SPD16_eabi.lib</file>
         <name>fd_add_t2.obj</name>
      </input_file>
      <input_file id="fl-13e">
         <path>C:\ti\ccsv6\tools\compiler\ti-cgt-arm_5.2.5\lib\</path>
         <kind>archive</kind>
         <file>rtsv7M4_T_le_v4SPD16_eabi.lib</file>
         <name>fd_cmp_t2.obj</name>
      </input_file>
      <input_file id="fl-13f">
         <path>C:\ti\ccsv6\tools\compiler\ti-cgt-arm_5.2.5\lib\</path>
         <kind>archive</kind>
         <file>rtsv7M4_T_le_v4SPD16_eabi.lib</file>
         <name>fd_div_t2.obj</name>
      </input_file>
      <input_file id="fl-140">
         <path>C:\ti\ccsv6\tools\compiler\ti-cgt-arm_5.2.5\lib\</path>
         <kind>archive</kind>
         <file>rtsv7M4_T_le_v4SPD16_eabi.lib</file>
         <name>fd_mul_t2.obj</name>
      </input_file>
      <input_file id="fl-141">
         <path>C:\ti\ccsv6\tools\compiler\ti-cgt-arm_5.2.5\lib\</path>
         <kind>archive</kind>
         <file>rtsv7M4_T_le_v4SPD16_eabi.lib</file>
         <name>i_tofd_t2.obj</name>
      </input_file>
      <input_file id="fl-142">
         <path>C:\ti\ccsv6\tools\compiler\ti-cgt-arm_5.2.5\lib\</path>
         <kind>archive</kind>
         <file>rtsv7M4_T_le_v4SPD16_eabi.lib</file>
         <name>memcpy_t2.obj</name>
      </input_file>
      <input_file id="fl-143">
         <path>C:\ti\ccsv6\tools\compiler\ti-cgt-arm_5.2.5\lib\</path>
         <kind>archive</kind>
         <file>rtsv7M4_T_le_v4SPD16_eabi.lib</file>
         <name>memset_t2.obj</name>
      </input_file>
      <input_file id="fl-144">
         <path>C:\ti\ccsv6\tools\compiler\ti-cgt-arm_5.2.5\lib\</path>
         <kind>archive</kind>
         <file>rtsv7M4_T_le_v4SPD16_eabi.lib</file>
         <name>pre_init.obj</name>
      </input_file>
      <input_file id="fl-145">
         <path>C:\ti\ccsv6\tools\compiler\ti-cgt-arm_5.2.5\lib\</path>
         <kind>archive</kind>
         <file>rtsv7M4_T_le_v4SPD16_eabi.lib</file>
         <name>printf.obj</name>
      </input_file>
      <input_file id="fl-146">
         <path>C:\ti\ccsv6\tools\compiler\ti-cgt-arm_5.2.5\lib\</path>
         <kind>archive</kind>
         <file>rtsv7M4_T_le_v4SPD16_eabi.lib</file>
         <name>sqrt.obj</name>
      </input_file>
      <input_file id="fl-147">
         <path>C:\ti\ccsv6\tools\compiler\ti-cgt-arm_5.2.5\lib\</path>
         <kind>archive</kind>
         <file>rtsv7M4_T_le_v4SPD16_eabi.lib</file>
         <name>stkdepth_vars.obj</name>
      </input_file>
      <input_file id="fl-148">
         <path>C:\ti\ccsv6\tools\compiler\ti-cgt-arm_5.2.5\lib\</path>
         <kind>archive</kind>
         <file>rtsv7M4_T_le_v4SPD16_eabi.lib</file>
         <name>strlen.obj</name>
      </input_file>
      <input_file id="fl-149">
         <path>C:\ti\ccsv6\tools\compiler\ti-cgt-arm_5.2.5\lib\</path>
         <kind>archive</kind>
         <file>rtsv7M4_T_le_v4SPD16_eabi.lib</file>
         <name>xatan.obj</name>
      </input_file>
      <input_file id="fl-14a">
         <path>C:\ti\ccsv6\tools\compiler\ti-cgt-arm_5.2.5\lib\</path>
         <kind>archive</kind>
         <file>rtsv7M4_T_le_v4SPD16_eabi.lib</file>
         <name>xdscale.obj</name>
      </input_file>
      <input_file id="fl-14b">
         <path>C:\ti\ccsv6\tools\compiler\ti-cgt-arm_5.2.5\lib\</path>
         <kind>archive</kind>
         <file>rtsv7M4_T_le_v4SPD16_eabi.lib</file>
         <name>xdunscal.obj</name>
      </input_file>
      <input_file id="fl-14c">
         <path>C:\ti\ccsv6\tools\compiler\ti-cgt-arm_5.2.5\lib\</path>
         <kind>archive</kind>
         <file>rtsv7M4_T_le_v4SPD16_eabi.lib</file>
         <name>xferaise.obj</name>
      </input_file>
      <input_file id="fl-14d">
         <path>C:\ti\ccsv6\tools\compiler\ti-cgt-arm_5.2.5\lib\</path>
         <kind>archive</kind>
         <file>rtsv7M4_T_le_v4SPD16_eabi.lib</file>
         <name>xvalues.obj</name>
      </input_file>
      <input_file id="fl-14e">
         <path>C:\ti\ccsv6\tools\compiler\ti-cgt-arm_5.2.5\lib\</path>
         <kind>archive</kind>
         <file>rtsv7M4_T_le_v4SPD16_eabi.lib</file>
         <name>_lock.obj</name>
      </input_file>
      <input_file id="fl-14f">
         <path>C:\ti\ccsv6\tools\compiler\ti-cgt-arm_5.2.5\lib\</path>
         <kind>archive</kind>
         <file>rtsv7M4_T_le_v4SPD16_eabi.lib</file>
         <name>_printfi.obj</name>
      </input_file>
      <input_file id="fl-150">
         <path>C:\ti\ccsv6\tools\compiler\ti-cgt-arm_5.2.5\lib\</path>
         <kind>archive</kind>
         <file>rtsv7M4_T_le_v4SPD16_eabi.lib</file>
         <name>args_main.obj</name>
      </input_file>
      <input_file id="fl-151">
         <path>C:\ti\ccsv6\tools\compiler\ti-cgt-arm_5.2.5\lib\</path>
         <kind>archive</kind>
         <file>rtsv7M4_T_le_v4SPD16_eabi.lib</file>
         <name>atoi.obj</name>
      </input_file>
      <input_file id="fl-152">
         <path>C:\ti\ccsv6\tools\compiler\ti-cgt-arm_5.2.5\lib\</path>
         <kind>archive</kind>
         <file>rtsv7M4_T_le_v4SPD16_eabi.lib</file>
         <name>autoinit.obj</name>
      </input_file>
      <input_file id="fl-153">
         <path>C:\ti\ccsv6\tools\compiler\ti-cgt-arm_5.2.5\lib\</path>
         <kind>archive</kind>
         <file>rtsv7M4_T_le_v4SPD16_eabi.lib</file>
         <name>cpy_tbl.obj</name>
      </input_file>
      <input_file id="fl-154">
         <path>C:\ti\ccsv6\tools\compiler\ti-cgt-arm_5.2.5\lib\</path>
         <kind>archive</kind>
         <file>rtsv7M4_T_le_v4SPD16_eabi.lib</file>
         <name>ctype.obj</name>
      </input_file>
      <input_file id="fl-155">
         <path>C:\ti\ccsv6\tools\compiler\ti-cgt-arm_5.2.5\lib\</path>
         <kind>archive</kind>
         <file>rtsv7M4_T_le_v4SPD16_eabi.lib</file>
         <name>defs.obj</name>
      </input_file>
      <input_file id="fl-156">
         <path>C:\ti\ccsv6\tools\compiler\ti-cgt-arm_5.2.5\lib\</path>
         <kind>archive</kind>
         <file>rtsv7M4_T_le_v4SPD16_eabi.lib</file>
         <name>errno.obj</name>
      </input_file>
      <input_file id="fl-157">
         <path>C:\ti\ccsv6\tools\compiler\ti-cgt-arm_5.2.5\lib\</path>
         <kind>archive</kind>
         <file>rtsv7M4_T_le_v4SPD16_eabi.lib</file>
         <name>fd_toi_t2.obj</name>
      </input_file>
      <input_file id="fl-158">
         <path>C:\ti\ccsv6\tools\compiler\ti-cgt-arm_5.2.5\lib\</path>
         <kind>archive</kind>
         <file>rtsv7M4_T_le_v4SPD16_eabi.lib</file>
         <name>feraiseexcept.obj</name>
      </input_file>
      <input_file id="fl-159">
         <path>C:\ti\ccsv6\tools\compiler\ti-cgt-arm_5.2.5\lib\</path>
         <kind>archive</kind>
         <file>rtsv7M4_T_le_v4SPD16_eabi.lib</file>
         <name>fputc.obj</name>
      </input_file>
      <input_file id="fl-15a">
         <path>C:\ti\ccsv6\tools\compiler\ti-cgt-arm_5.2.5\lib\</path>
         <kind>archive</kind>
         <file>rtsv7M4_T_le_v4SPD16_eabi.lib</file>
         <name>fputs.obj</name>
      </input_file>
      <input_file id="fl-15b">
         <path>C:\ti\ccsv6\tools\compiler\ti-cgt-arm_5.2.5\lib\</path>
         <kind>archive</kind>
         <file>rtsv7M4_T_le_v4SPD16_eabi.lib</file>
         <name>frexp.obj</name>
      </input_file>
      <input_file id="fl-15c">
         <path>C:\ti\ccsv6\tools\compiler\ti-cgt-arm_5.2.5\lib\</path>
         <kind>archive</kind>
         <file>rtsv7M4_T_le_v4SPD16_eabi.lib</file>
         <name>ldexp.obj</name>
      </input_file>
      <input_file id="fl-15d">
         <path>C:\ti\ccsv6\tools\compiler\ti-cgt-arm_5.2.5\lib\</path>
         <kind>archive</kind>
         <file>rtsv7M4_T_le_v4SPD16_eabi.lib</file>
         <name>lowlev.obj</name>
      </input_file>
      <input_file id="fl-15e">
         <path>C:\ti\ccsv6\tools\compiler\ti-cgt-arm_5.2.5\lib\</path>
         <kind>archive</kind>
         <file>rtsv7M4_T_le_v4SPD16_eabi.lib</file>
         <name>ltoa.obj</name>
      </input_file>
      <input_file id="fl-15f">
         <path>C:\ti\ccsv6\tools\compiler\ti-cgt-arm_5.2.5\lib\</path>
         <kind>archive</kind>
         <file>rtsv7M4_T_le_v4SPD16_eabi.lib</file>
         <name>memccpy.obj</name>
      </input_file>
      <input_file id="fl-160">
         <path>C:\ti\ccsv6\tools\compiler\ti-cgt-arm_5.2.5\lib\</path>
         <kind>archive</kind>
         <file>rtsv7M4_T_le_v4SPD16_eabi.lib</file>
         <name>memchr.obj</name>
      </input_file>
      <input_file id="fl-161">
         <path>C:\ti\ccsv6\tools\compiler\ti-cgt-arm_5.2.5\lib\</path>
         <kind>archive</kind>
         <file>rtsv7M4_T_le_v4SPD16_eabi.lib</file>
         <name>raise.obj</name>
      </input_file>
      <input_file id="fl-162">
         <path>C:\ti\ccsv6\tools\compiler\ti-cgt-arm_5.2.5\lib\</path>
         <kind>archive</kind>
         <file>rtsv7M4_T_le_v4SPD16_eabi.lib</file>
         <name>signal.obj</name>
      </input_file>
      <input_file id="fl-163">
         <path>C:\ti\ccsv6\tools\compiler\ti-cgt-arm_5.2.5\lib\</path>
         <kind>archive</kind>
         <file>rtsv7M4_T_le_v4SPD16_eabi.lib</file>
         <name>strchr.obj</name>
      </input_file>
      <input_file id="fl-164">
         <path>C:\ti\ccsv6\tools\compiler\ti-cgt-arm_5.2.5\lib\</path>
         <kind>archive</kind>
         <file>rtsv7M4_T_le_v4SPD16_eabi.lib</file>
         <name>strcmp.obj</name>
      </input_file>
      <input_file id="fl-165">
         <path>C:\ti\ccsv6\tools\compiler\ti-cgt-arm_5.2.5\lib\</path>
         <kind>archive</kind>
         <file>rtsv7M4_T_le_v4SPD16_eabi.lib</file>
         <name>strncpy.obj</name>
      </input_file>
      <input_file id="fl-166">
         <path>C:\ti\ccsv6\tools\compiler\ti-cgt-arm_5.2.5\lib\</path>
         <kind>archive</kind>
         <file>rtsv7M4_T_le_v4SPD16_eabi.lib</file>
         <name>trgdrv.obj</name>
      </input_file>
      <input_file id="fl-167">
         <path>C:\ti\ccsv6\tools\compiler\ti-cgt-arm_5.2.5\lib\</path>
         <kind>archive</kind>
         <file>rtsv7M4_T_le_v4SPD16_eabi.lib</file>
         <name>trgmsg.obj</name>
      </input_file>
      <input_file id="fl-168">
         <path>C:\ti\ccsv6\tools\compiler\ti-cgt-arm_5.2.5\lib\</path>
         <kind>archive</kind>
         <file>rtsv7M4_T_le_v4SPD16_eabi.lib</file>
         <name>ull_div_t2.obj</name>
      </input_file>
      <input_file id="fl-169">
         <path>C:\ti\ccsv6\tools\compiler\ti-cgt-arm_5.2.5\lib\</path>
         <kind>archive</kind>
         <file>rtsv7M4_T_le_v4SPD16_eabi.lib</file>
         <name>xdclass.obj</name>
      </input_file>
      <input_file id="fl-16a">
         <path>C:\ti\ccsv6\tools\compiler\ti-cgt-arm_5.2.5\lib\</path>
         <kind>archive</kind>
         <file>rtsv7M4_T_le_v4SPD16_eabi.lib</file>
         <name>xdnorm.obj</name>
      </input_file>
      <input_file id="fl-16b">
         <path>C:\ti\ccsv6\tools\compiler\ti-cgt-arm_5.2.5\lib\</path>
         <kind>archive</kind>
         <file>rtsv7M4_T_le_v4SPD16_eabi.lib</file>
         <name>_io_perm.obj</name>
      </input_file>
      <input_file id="fl-16c">
         <path>C:\ti\ccsv6\tools\compiler\ti-cgt-arm_5.2.5\lib\</path>
         <kind>archive</kind>
         <file>rtsv7M4_T_le_v4SPD16_eabi.lib</file>
         <name>fflush.obj</name>
      </input_file>
      <input_file id="fl-16d">
         <path>C:\ti\ccsv6\tools\compiler\ti-cgt-arm_5.2.5\lib\</path>
         <kind>archive</kind>
         <file>rtsv7M4_T_le_v4SPD16_eabi.lib</file>
         <name>fseek.obj</name>
      </input_file>
      <input_file id="fl-16e">
         <path>C:\ti\ccsv6\tools\compiler\ti-cgt-arm_5.2.5\lib\</path>
         <kind>archive</kind>
         <file>rtsv7M4_T_le_v4SPD16_eabi.lib</file>
         <name>setvbuf.obj</name>
      </input_file>
      <input_file id="fl-16f">
         <path>C:\ti\ccsv6\tools\compiler\ti-cgt-arm_5.2.5\lib\</path>
         <kind>archive</kind>
         <file>rtsv7M4_T_le_v4SPD16_eabi.lib</file>
         <name>strcpy.obj</name>
      </input_file>
      <input_file id="fl-170">
         <path>C:\ti\ccsv6\tools\compiler\ti-cgt-arm_5.2.5\lib\</path>
         <kind>archive</kind>
         <file>rtsv7M4_T_le_v4SPD16_eabi.lib</file>
         <name>fopen.obj</name>
      </input_file>
      <input_file id="fl-171">
         <path>C:\ti\ccsv6\tools\compiler\ti-cgt-arm_5.2.5\lib\</path>
         <kind>archive</kind>
         <file>rtsv7M4_T_le_v4SPD16_eabi.lib</file>
         <name>memory.obj</name>
      </input_file>
      <input_file id="fl-172">
         <path>C:\ti\ccsv6\tools\compiler\ti-cgt-arm_5.2.5\lib\</path>
         <kind>archive</kind>
         <file>rtsv7M4_T_le_v4SPD16_eabi.lib</file>
         <name>fclose.obj</name>
      </input_file>
      <input_file id="fl-173">
         <path>C:\ti\ccsv6\tools\compiler\ti-cgt-arm_5.2.5\lib\</path>
         <kind>archive</kind>
         <file>rtsv7M4_T_le_v4SPD16_eabi.lib</file>
         <name>remove.obj</name>
      </input_file>
   </input_file_list>
   <object_component_list>
      <object_component id="oc-f">
         <name>.intvecs</name>
         <load_address>0x0</load_address>
         <run_address>0x0</run_address>
         <size>0x26c</size>
         <input_file_ref idref="fl-9"/>
      </object_component>
      <object_component id="oc-178">
         <name>.text</name>
         <load_address>0x26c</load_address>
         <run_address>0x26c</run_address>
         <size>0x10ba</size>
         <input_file_ref idref="fl-14f"/>
      </object_component>
      <object_component id="oc-33">
         <name>.text</name>
         <load_address>0x1328</load_address>
         <run_address>0x1328</run_address>
         <size>0x7f8</size>
         <input_file_ref idref="fl-6"/>
      </object_component>
      <object_component id="oc-e3">
         <name>.text</name>
         <load_address>0x1b20</load_address>
         <run_address>0x1b20</run_address>
         <size>0x650</size>
         <input_file_ref idref="fl-7"/>
      </object_component>
      <object_component id="oc-32e">
         <name>.text</name>
         <load_address>0x2170</load_address>
         <run_address>0x2170</run_address>
         <size>0x3dc</size>
         <input_file_ref idref="fl-171"/>
      </object_component>
      <object_component id="oc-21e">
         <name>.text</name>
         <load_address>0x254c</load_address>
         <run_address>0x254c</run_address>
         <size>0x30c</size>
         <input_file_ref idref="fl-15d"/>
      </object_component>
      <object_component id="oc-34b">
         <name>.text</name>
         <load_address>0x2858</load_address>
         <run_address>0x2858</run_address>
         <size>0x2d4</size>
         <input_file_ref idref="fl-166"/>
      </object_component>
      <object_component id="oc-d7">
         <name>.text</name>
         <load_address>0x2b2c</load_address>
         <run_address>0x2b2c</run_address>
         <size>0x25c</size>
         <input_file_ref idref="fl-8"/>
      </object_component>
      <object_component id="oc-dd">
         <name>.text</name>
         <load_address>0x2d88</load_address>
         <run_address>0x2d88</run_address>
         <size>0x1fc</size>
         <input_file_ref idref="fl-5"/>
      </object_component>
      <object_component id="oc-22e">
         <name>.text</name>
         <load_address>0x2f84</load_address>
         <run_address>0x2f84</run_address>
         <size>0x1f4</size>
         <input_file_ref idref="fl-168"/>
      </object_component>
      <object_component id="oc-d1">
         <name>.text</name>
         <load_address>0x3178</load_address>
         <run_address>0x3178</run_address>
         <size>0x1dc</size>
         <input_file_ref idref="fl-a"/>
      </object_component>
      <object_component id="oc-334">
         <name>.text</name>
         <load_address>0x3354</load_address>
         <run_address>0x3354</run_address>
         <size>0x1c4</size>
         <input_file_ref idref="fl-170"/>
      </object_component>
      <object_component id="oc-146">
         <name>.text</name>
         <load_address>0x3518</load_address>
         <run_address>0x3518</run_address>
         <size>0x1b6</size>
         <input_file_ref idref="fl-13d"/>
      </object_component>
      <object_component id="oc-151">
         <name>.text</name>
         <load_address>0x36d0</load_address>
         <run_address>0x36d0</run_address>
         <size>0x18c</size>
         <input_file_ref idref="fl-149"/>
      </object_component>
      <object_component id="oc-13a">
         <name>.text</name>
         <load_address>0x385c</load_address>
         <run_address>0x385c</run_address>
         <size>0x168</size>
         <input_file_ref idref="fl-4"/>
      </object_component>
      <object_component id="oc-14b">
         <name>.text</name>
         <load_address>0x39c4</load_address>
         <run_address>0x39c4</run_address>
         <size>0x148</size>
         <input_file_ref idref="fl-146"/>
      </object_component>
      <object_component id="oc-9d">
         <name>.text</name>
         <load_address>0x3b0c</load_address>
         <run_address>0x3b0c</run_address>
         <size>0x136</size>
         <input_file_ref idref="fl-13f"/>
      </object_component>
      <object_component id="oc-172">
         <name>.text</name>
         <load_address>0x3c44</load_address>
         <run_address>0x3c44</run_address>
         <size>0x134</size>
         <input_file_ref idref="fl-15a"/>
      </object_component>
      <object_component id="oc-a2">
         <name>.text</name>
         <load_address>0x3d78</load_address>
         <run_address>0x3d78</run_address>
         <size>0x11c</size>
         <input_file_ref idref="fl-137"/>
      </object_component>
      <object_component id="oc-e9">
         <name>.text:SysCtlClockGet</name>
         <load_address>0x3e94</load_address>
         <run_address>0x3e94</run_address>
         <size>0x110</size>
         <input_file_ref idref="fl-11"/>
      </object_component>
      <object_component id="oc-1f4">
         <name>.text</name>
         <load_address>0x3fa4</load_address>
         <run_address>0x3fa4</run_address>
         <size>0x110</size>
         <input_file_ref idref="fl-14a"/>
      </object_component>
      <object_component id="oc-98">
         <name>.text</name>
         <load_address>0x40b4</load_address>
         <run_address>0x40b4</run_address>
         <size>0xfc</size>
         <input_file_ref idref="fl-140"/>
      </object_component>
      <object_component id="oc-88">
         <name>.text</name>
         <load_address>0x41b0</load_address>
         <run_address>0x41b0</run_address>
         <size>0xde</size>
         <input_file_ref idref="fl-3"/>
      </object_component>
      <object_component id="oc-2c2">
         <name>.text</name>
         <load_address>0x4290</load_address>
         <run_address>0x4290</run_address>
         <size>0xdc</size>
         <input_file_ref idref="fl-16e"/>
      </object_component>
      <object_component id="oc-218">
         <name>.text</name>
         <load_address>0x436c</load_address>
         <run_address>0x436c</run_address>
         <size>0xc8</size>
         <input_file_ref idref="fl-16c"/>
      </object_component>
      <object_component id="oc-2a2">
         <name>.text</name>
         <load_address>0x4434</load_address>
         <run_address>0x4434</run_address>
         <size>0xbe</size>
         <input_file_ref idref="fl-16a"/>
      </object_component>
      <object_component id="oc-212">
         <name>.text</name>
         <load_address>0x44f2</load_address>
         <run_address>0x44f2</run_address>
         <size>0xac</size>
         <input_file_ref idref="fl-16b"/>
      </object_component>
      <object_component id="oc-3c">
         <name>.text</name>
         <load_address>0x459e</load_address>
         <run_address>0x459e</run_address>
         <size>0x9c</size>
         <input_file_ref idref="fl-142"/>
      </object_component>
      <object_component id="oc-383">
         <name>.text</name>
         <load_address>0x463c</load_address>
         <run_address>0x463c</run_address>
         <size>0x98</size>
         <input_file_ref idref="fl-172"/>
      </object_component>
      <object_component id="oc-16c">
         <name>.text</name>
         <load_address>0x46d4</load_address>
         <run_address>0x46d4</run_address>
         <size>0x98</size>
         <input_file_ref idref="fl-159"/>
      </object_component>
      <object_component id="oc-93">
         <name>.text:__aeabi_cdcmple</name>
         <load_address>0x476c</load_address>
         <run_address>0x476c</run_address>
         <size>0x86</size>
         <input_file_ref idref="fl-13e"/>
      </object_component>
      <object_component id="oc-a8">
         <name>.text:__aeabi_cdrcmple</name>
         <load_address>0x47f2</load_address>
         <run_address>0x47f2</run_address>
         <size>0x86</size>
         <input_file_ref idref="fl-13e"/>
      </object_component>
      <object_component id="oc-55">
         <name>.text</name>
         <load_address>0x4878</load_address>
         <run_address>0x4878</run_address>
         <size>0x7a</size>
         <input_file_ref idref="fl-143"/>
      </object_component>
      <object_component id="oc-b3">
         <name>.text</name>
         <load_address>0x48f4</load_address>
         <run_address>0x48f4</run_address>
         <size>0x70</size>
         <input_file_ref idref="fl-145"/>
      </object_component>
      <object_component id="oc-67">
         <name>.text</name>
         <load_address>0x4964</load_address>
         <run_address>0x4964</run_address>
         <size>0x6c</size>
         <input_file_ref idref="fl-152"/>
      </object_component>
      <object_component id="oc-48">
         <name>.text</name>
         <load_address>0x49d0</load_address>
         <run_address>0x49d0</run_address>
         <size>0x6a</size>
         <input_file_ref idref="fl-13a"/>
      </object_component>
      <object_component id="oc-392">
         <name>.text</name>
         <load_address>0x4a3c</load_address>
         <run_address>0x4a3c</run_address>
         <size>0x68</size>
         <input_file_ref idref="fl-167"/>
      </object_component>
      <object_component id="oc-1ee">
         <name>.text</name>
         <load_address>0x4aa4</load_address>
         <run_address>0x4aa4</run_address>
         <size>0x66</size>
         <input_file_ref idref="fl-14b"/>
      </object_component>
      <object_component id="oc-2bc">
         <name>.text</name>
         <load_address>0x4b0c</load_address>
         <run_address>0x4b0c</run_address>
         <size>0x64</size>
         <input_file_ref idref="fl-16d"/>
      </object_component>
      <object_component id="oc-238">
         <name>.text</name>
         <load_address>0x4b70</load_address>
         <run_address>0x4b70</run_address>
         <size>0x56</size>
         <input_file_ref idref="fl-15e"/>
      </object_component>
      <object_component id="oc-244">
         <name>.text</name>
         <load_address>0x4bc6</load_address>
         <run_address>0x4bc6</run_address>
         <size>0x52</size>
         <input_file_ref idref="fl-15c"/>
      </object_component>
      <object_component id="oc-24">
         <name>.text</name>
         <load_address>0x4c18</load_address>
         <run_address>0x4c18</run_address>
         <size>0x50</size>
         <input_file_ref idref="fl-138"/>
      </object_component>
      <object_component id="oc-25c">
         <name>.text</name>
         <load_address>0x4c68</load_address>
         <run_address>0x4c68</run_address>
         <size>0x4c</size>
         <input_file_ref idref="fl-151"/>
      </object_component>
      <object_component id="oc-117">
         <name>.text</name>
         <load_address>0x4cb4</load_address>
         <run_address>0x4cb4</run_address>
         <size>0x4c</size>
         <input_file_ref idref="fl-153"/>
      </object_component>
      <object_component id="oc-233">
         <name>.text</name>
         <load_address>0x4d00</load_address>
         <run_address>0x4d00</run_address>
         <size>0x48</size>
         <input_file_ref idref="fl-157"/>
      </object_component>
      <object_component id="oc-73">
         <name>.text</name>
         <load_address>0x4d48</load_address>
         <run_address>0x4d48</run_address>
         <size>0x44</size>
         <input_file_ref idref="fl-13c"/>
      </object_component>
      <object_component id="oc-31b">
         <name>.text</name>
         <load_address>0x4d8c</load_address>
         <run_address>0x4d8c</run_address>
         <size>0x40</size>
         <input_file_ref idref="fl-162"/>
      </object_component>
      <object_component id="oc-1ff">
         <name>.text</name>
         <load_address>0x4dcc</load_address>
         <run_address>0x4dcc</run_address>
         <size>0x34</size>
         <input_file_ref idref="fl-158"/>
      </object_component>
      <object_component id="oc-2d5">
         <name>.text</name>
         <load_address>0x4e00</load_address>
         <run_address>0x4e00</run_address>
         <size>0x30</size>
         <input_file_ref idref="fl-165"/>
      </object_component>
      <object_component id="oc-250">
         <name>.text</name>
         <load_address>0x4e30</load_address>
         <run_address>0x4e30</run_address>
         <size>0x30</size>
         <input_file_ref idref="fl-169"/>
      </object_component>
      <object_component id="oc-157">
         <name>.text</name>
         <load_address>0x4e60</load_address>
         <run_address>0x4e60</run_address>
         <size>0x30</size>
         <input_file_ref idref="fl-14c"/>
      </object_component>
      <object_component id="oc-8e">
         <name>.text</name>
         <load_address>0x4e90</load_address>
         <run_address>0x4e90</run_address>
         <size>0x2e</size>
         <input_file_ref idref="fl-141"/>
      </object_component>
      <object_component id="oc-2b0">
         <name>.text</name>
         <load_address>0x4ebe</load_address>
         <run_address>0x4ebe</run_address>
         <size>0x2e</size>
         <input_file_ref idref="fl-161"/>
      </object_component>
      <object_component id="oc-23e">
         <name>.text</name>
         <load_address>0x4eec</load_address>
         <run_address>0x4eec</run_address>
         <size>0x2a</size>
         <input_file_ref idref="fl-15b"/>
      </object_component>
      <object_component id="oc-1a2">
         <name>.text:PWMGenConfigure</name>
         <load_address>0x4f16</load_address>
         <run_address>0x4f16</run_address>
         <size>0x22</size>
         <input_file_ref idref="fl-10"/>
      </object_component>
      <object_component id="oc-226">
         <name>.text</name>
         <load_address>0x4f38</load_address>
         <run_address>0x4f38</run_address>
         <size>0x20</size>
         <input_file_ref idref="fl-160"/>
      </object_component>
      <object_component id="oc-256">
         <name>.text</name>
         <load_address>0x4f58</load_address>
         <run_address>0x4f58</run_address>
         <size>0x1c</size>
         <input_file_ref idref="fl-15f"/>
      </object_component>
      <object_component id="oc-6d">
         <name>.text</name>
         <load_address>0x4f74</load_address>
         <run_address>0x4f74</run_address>
         <size>0x18</size>
         <input_file_ref idref="fl-150"/>
      </object_component>
      <object_component id="oc-2cf">
         <name>.text</name>
         <load_address>0x4f8c</load_address>
         <run_address>0x4f8c</run_address>
         <size>0x18</size>
         <input_file_ref idref="fl-164"/>
      </object_component>
      <object_component id="oc-24a">
         <name>.text</name>
         <load_address>0x4fa4</load_address>
         <run_address>0x4fa4</run_address>
         <size>0x16</size>
         <input_file_ref idref="fl-163"/>
      </object_component>
      <object_component id="oc-1da">
         <name>.text</name>
         <load_address>0x4fbc</load_address>
         <run_address>0x4fbc</run_address>
         <size>0x14</size>
         <input_file_ref idref="fl-14e"/>
      </object_component>
      <object_component id="oc-398">
         <name>.text</name>
         <load_address>0x4fd0</load_address>
         <run_address>0x4fd0</run_address>
         <size>0x14</size>
         <input_file_ref idref="fl-16f"/>
      </object_component>
      <object_component id="oc-193">
         <name>.text</name>
         <load_address>0x4fe4</load_address>
         <run_address>0x4fe4</run_address>
         <size>0x14</size>
         <input_file_ref idref="fl-148"/>
      </object_component>
      <object_component id="oc-1a8">
         <name>.text:PWMGenPeriodSet</name>
         <load_address>0x4ff8</load_address>
         <run_address>0x4ff8</run_address>
         <size>0x10</size>
         <input_file_ref idref="fl-10"/>
      </object_component>
      <object_component id="oc-c5">
         <name>.text:UARTCharGetNonBlocking</name>
         <load_address>0x5008</load_address>
         <run_address>0x5008</run_address>
         <size>0xe</size>
         <input_file_ref idref="fl-13"/>
      </object_component>
      <object_component id="oc-199">
         <name>.text:UARTCharPutNonBlocking</name>
         <load_address>0x5016</load_address>
         <run_address>0x5016</run_address>
         <size>0xe</size>
         <input_file_ref idref="fl-13"/>
      </object_component>
      <object_component id="oc-cb">
         <name>.text:UARTCharsAvail</name>
         <load_address>0x5024</load_address>
         <run_address>0x5024</run_address>
         <size>0xe</size>
         <input_file_ref idref="fl-13"/>
      </object_component>
      <object_component id="oc-12">
         <name>.text:decompress:none</name>
         <load_address>0x5032</load_address>
         <run_address>0x5032</run_address>
         <size>0xe</size>
         <input_file_ref idref="fl-139"/>
      </object_component>
      <object_component id="oc-1e">
         <name>.text:decompress:ZI</name>
         <load_address>0x5040</load_address>
         <run_address>0x5040</run_address>
         <size>0xc</size>
         <input_file_ref idref="fl-13b"/>
      </object_component>
      <object_component id="oc-2d">
         <name>.text</name>
         <load_address>0x504c</load_address>
         <run_address>0x504c</run_address>
         <size>0xc</size>
         <input_file_ref idref="fl-9"/>
      </object_component>
      <object_component id="oc-18d">
         <name>.text:UARTCharPut</name>
         <load_address>0x5058</load_address>
         <run_address>0x5058</run_address>
         <size>0xa</size>
         <input_file_ref idref="fl-13"/>
      </object_component>
      <object_component id="oc-b9">
         <name>.text:UARTIntStatus</name>
         <load_address>0x5062</load_address>
         <run_address>0x5062</run_address>
         <size>0xa</size>
         <input_file_ref idref="fl-13"/>
      </object_component>
      <object_component id="oc-ef">
         <name>.text:SysCtlDelay</name>
         <load_address>0x506c</load_address>
         <run_address>0x506c</run_address>
         <size>0x6</size>
         <input_file_ref idref="fl-11"/>
      </object_component>
      <object_component id="oc-18">
         <name>.text:decompress:rle24</name>
         <load_address>0x5072</load_address>
         <run_address>0x5072</run_address>
         <size>0x6</size>
         <input_file_ref idref="fl-13a"/>
      </object_component>
      <object_component id="oc-82">
         <name>.text:TimerIntClear</name>
         <load_address>0x5078</load_address>
         <run_address>0x5078</run_address>
         <size>0x4</size>
         <input_file_ref idref="fl-12"/>
      </object_component>
      <object_component id="oc-bf">
         <name>.text:UARTIntClear</name>
         <load_address>0x507c</load_address>
         <run_address>0x507c</run_address>
         <size>0x4</size>
         <input_file_ref idref="fl-13"/>
      </object_component>
      <object_component id="oc-61">
         <name>.text</name>
         <load_address>0x5080</load_address>
         <run_address>0x5080</run_address>
         <size>0x4</size>
         <input_file_ref idref="fl-144"/>
      </object_component>
      <object_component id="oc-2fa">
         <name>.const:.string:_ctypes_</name>
         <load_address>0x5088</load_address>
         <run_address>0x5088</run_address>
         <size>0x101</size>
         <input_file_ref idref="fl-154"/>
      </object_component>
      <object_component id="oc-1fb">
         <name>.const</name>
         <load_address>0x5190</load_address>
         <run_address>0x5190</run_address>
         <size>0x88</size>
         <input_file_ref idref="fl-149"/>
      </object_component>
      <object_component id="oc-1c1">
         <name>.const:g_pui32Xtals</name>
         <load_address>0x5218</load_address>
         <run_address>0x5218</run_address>
         <size>0x6c</size>
         <input_file_ref idref="fl-11"/>
      </object_component>
      <object_component id="oc-3ec">
         <name>.cinit..data.load</name>
         <load_address>0x5288</load_address>
         <run_address>0x5288</run_address>
         <size>0xb1</size>
      </object_component>
      <object_component id="oc-3ea">
         <name>__TI_handler_table</name>
         <load_address>0x533c</load_address>
         <run_address>0x533c</run_address>
         <size>0xc</size>
      </object_component>
      <object_component id="oc-3ed">
         <name>.cinit..bss.load</name>
         <load_address>0x5348</load_address>
         <run_address>0x5348</run_address>
         <size>0x8</size>
      </object_component>
      <object_component id="oc-3eb">
         <name>__TI_cinit_table</name>
         <load_address>0x5350</load_address>
         <run_address>0x5350</run_address>
         <size>0x10</size>
      </object_component>
      <object_component id="oc-2a">
         <name>.sysmem</name>
         <uninitialized>true</uninitialized>
         <run_address>0x20001000</run_address>
         <size>0x8</size>
         <input_file_ref idref="fl-171"/>
      </object_component>
      <object_component id="oc-3ef">
         <name>.sysmem</name>
         <uninitialized>true</uninitialized>
         <run_address>0x20001000</run_address>
         <size>0x0</size>
      </object_component>
      <object_component id="oc-29">
         <name>.stack</name>
         <uninitialized>true</uninitialized>
         <run_address>0x20000000</run_address>
         <size>0x0</size>
         <input_file_ref idref="fl-138"/>
      </object_component>
      <object_component id="oc-3ee">
         <name>.stack</name>
         <uninitialized>true</uninitialized>
         <run_address>0x20000000</run_address>
         <size>0x0</size>
      </object_component>
      <object_component id="oc-3af">
         <name>.bss:__TI_tmpnams</name>
         <uninitialized>true</uninitialized>
         <run_address>0x20002474</run_address>
         <size>0xa0</size>
         <input_file_ref idref="fl-155"/>
      </object_component>
      <object_component id="oc-3b6">
         <name>.bss:__CIOBUF_</name>
         <uninitialized>true</uninitialized>
         <run_address>0x20002354</run_address>
         <size>0x120</size>
         <input_file_ref idref="fl-167"/>
      </object_component>
      <object_component id="oc-1b8">
         <name>.common:ui32Load</name>
         <uninitialized>true</uninitialized>
         <run_address>0x20002540</run_address>
         <size>0x4</size>
      </object_component>
      <object_component id="oc-1b7">
         <name>.common:ui32PWMClock</name>
         <uninitialized>true</uninitialized>
         <run_address>0x20002544</run_address>
         <size>0x4</size>
      </object_component>
      <object_component id="oc-1ae">
         <name>.common:ui8Adjust</name>
         <uninitialized>true</uninitialized>
         <run_address>0x2000254a</run_address>
         <size>0x2</size>
      </object_component>
      <object_component id="oc-1bb">
         <name>.common:brightness</name>
         <uninitialized>true</uninitialized>
         <run_address>0x2000253c</run_address>
         <size>0x4</size>
      </object_component>
      <object_component id="oc-1ba">
         <name>.common:lightlevel</name>
         <uninitialized>true</uninitialized>
         <run_address>0x20002548</run_address>
         <size>0x2</size>
      </object_component>
      <object_component id="oc-f0">
         <name>.common:data</name>
         <uninitialized>true</uninitialized>
         <run_address>0x20002514</run_address>
         <size>0x14</size>
      </object_component>
      <object_component id="oc-1be">
         <name>.common:ui8PulseAdjust_1</name>
         <uninitialized>true</uninitialized>
         <run_address>0x2000254c</run_address>
         <size>0x2</size>
      </object_component>
      <object_component id="oc-1bf">
         <name>.common:ui8PulseAdjust_2</name>
         <uninitialized>true</uninitialized>
         <run_address>0x2000254e</run_address>
         <size>0x2</size>
      </object_component>
      <object_component id="oc-1bd">
         <name>.common:ui8PulseAdjust_3</name>
         <uninitialized>true</uninitialized>
         <run_address>0x20002550</run_address>
         <size>0x2</size>
      </object_component>
      <object_component id="oc-ad">
         <name>.common:accel</name>
         <uninitialized>true</uninitialized>
         <run_address>0x20002528</run_address>
         <size>0xc</size>
      </object_component>
      <object_component id="oc-39e">
         <name>.common:parmbuf</name>
         <uninitialized>true</uninitialized>
         <run_address>0x20002534</run_address>
         <size>0x8</size>
      </object_component>
      <object_component id="oc-b0">
         <name>.data</name>
         <load_address>0x200022f0</load_address>
         <run_address>0x200022f0</run_address>
         <size>0x22</size>
         <input_file_ref idref="fl-6"/>
      </object_component>
      <object_component id="oc-124">
         <name>.data</name>
         <load_address>0x20002338</load_address>
         <run_address>0x20002338</run_address>
         <size>0x8</size>
         <input_file_ref idref="fl-13c"/>
      </object_component>
      <object_component id="oc-79">
         <name>.data</name>
         <load_address>0x20002350</load_address>
         <run_address>0x20002350</run_address>
         <size>0x4</size>
         <input_file_ref idref="fl-147"/>
      </object_component>
      <object_component id="oc-15d">
         <name>.data</name>
         <load_address>0x20002270</load_address>
         <run_address>0x20002270</run_address>
         <size>0x80</size>
         <input_file_ref idref="fl-14d"/>
      </object_component>
      <object_component id="oc-121">
         <name>.data</name>
         <load_address>0x20002330</load_address>
         <run_address>0x20002330</run_address>
         <size>0x8</size>
         <input_file_ref idref="fl-14e"/>
      </object_component>
      <object_component id="oc-17e">
         <name>.data:_ftable</name>
         <load_address>0x20002000</load_address>
         <run_address>0x20002000</run_address>
         <size>0xf0</size>
         <input_file_ref idref="fl-155"/>
      </object_component>
      <object_component id="oc-2ca">
         <name>.data</name>
         <load_address>0x20002314</load_address>
         <run_address>0x20002314</run_address>
         <size>0x10</size>
         <input_file_ref idref="fl-155"/>
      </object_component>
      <object_component id="oc-205">
         <name>.data</name>
         <load_address>0x20002348</load_address>
         <run_address>0x20002348</run_address>
         <size>0x4</size>
         <input_file_ref idref="fl-156"/>
      </object_component>
      <object_component id="oc-2b6">
         <name>.data</name>
         <load_address>0x20002340</load_address>
         <run_address>0x20002340</run_address>
         <size>0x8</size>
         <input_file_ref idref="fl-158"/>
      </object_component>
      <object_component id="oc-2db">
         <name>.data</name>
         <load_address>0x200020f0</load_address>
         <run_address>0x200020f0</run_address>
         <size>0xd0</size>
         <input_file_ref idref="fl-15d"/>
      </object_component>
      <object_component id="oc-36f">
         <name>.data:sigtable</name>
         <load_address>0x200021c0</load_address>
         <run_address>0x200021c0</run_address>
         <size>0xb0</size>
         <input_file_ref idref="fl-162"/>
      </object_component>
      <object_component id="oc-389">
         <name>.data</name>
         <load_address>0x2000234c</load_address>
         <run_address>0x2000234c</run_address>
         <size>0x4</size>
         <input_file_ref idref="fl-170"/>
      </object_component>
      <object_component id="oc-37f">
         <name>.data</name>
         <load_address>0x20002324</load_address>
         <run_address>0x20002324</run_address>
         <size>0xc</size>
         <input_file_ref idref="fl-171"/>
      </object_component>
      <object_component id="oc-1af">
         <name>.debug_info</name>
         <load_address>0x0</load_address>
         <run_address>0x0</run_address>
         <size>0x134</size>
         <input_file_ref idref="fl-2"/>
      </object_component>
      <object_component id="oc-285">
         <name>.debug_info</name>
         <load_address>0x134</load_address>
         <run_address>0x134</run_address>
         <size>0xc8</size>
         <input_file_ref idref="fl-2"/>
      </object_component>
      <object_component id="oc-fe">
         <name>.debug_info</name>
         <load_address>0x1fc</load_address>
         <run_address>0x1fc</run_address>
         <size>0x84</size>
         <input_file_ref idref="fl-2"/>
      </object_component>
      <object_component id="oc-f7">
         <name>.debug_info</name>
         <load_address>0x280</load_address>
         <run_address>0x280</run_address>
         <size>0x18b</size>
         <input_file_ref idref="fl-2"/>
      </object_component>
      <object_component id="oc-183">
         <name>.debug_info</name>
         <load_address>0x40b</load_address>
         <run_address>0x40b</run_address>
         <size>0x4e</size>
         <input_file_ref idref="fl-2"/>
      </object_component>
      <object_component id="oc-141">
         <name>.debug_info</name>
         <load_address>0x459</load_address>
         <run_address>0x459</run_address>
         <size>0x14b</size>
         <input_file_ref idref="fl-3"/>
      </object_component>
      <object_component id="oc-89">
         <name>.debug_info</name>
         <load_address>0x5a4</load_address>
         <run_address>0x5a4</run_address>
         <size>0x3ba</size>
         <input_file_ref idref="fl-3"/>
      </object_component>
      <object_component id="oc-165">
         <name>.debug_info</name>
         <load_address>0x95e</load_address>
         <run_address>0x95e</run_address>
         <size>0xee</size>
         <input_file_ref idref="fl-3"/>
      </object_component>
      <object_component id="oc-13b">
         <name>.debug_info</name>
         <load_address>0xa4c</load_address>
         <run_address>0xa4c</run_address>
         <size>0x317</size>
         <input_file_ref idref="fl-4"/>
      </object_component>
      <object_component id="oc-1b1">
         <name>.debug_info</name>
         <load_address>0xd63</load_address>
         <run_address>0xd63</run_address>
         <size>0x21a</size>
         <input_file_ref idref="fl-5"/>
      </object_component>
      <object_component id="oc-de">
         <name>.debug_info</name>
         <load_address>0xf7d</load_address>
         <run_address>0xf7d</run_address>
         <size>0x2a2</size>
         <input_file_ref idref="fl-5"/>
      </object_component>
      <object_component id="oc-f2">
         <name>.debug_info</name>
         <load_address>0x121f</load_address>
         <run_address>0x121f</run_address>
         <size>0x8b</size>
         <input_file_ref idref="fl-5"/>
      </object_component>
      <object_component id="oc-ae">
         <name>.debug_info</name>
         <load_address>0x12aa</load_address>
         <run_address>0x12aa</run_address>
         <size>0x5fb</size>
         <input_file_ref idref="fl-6"/>
      </object_component>
      <object_component id="oc-b1">
         <name>.debug_info</name>
         <load_address>0x18a5</load_address>
         <run_address>0x18a5</run_address>
         <size>0xe8</size>
         <input_file_ref idref="fl-6"/>
      </object_component>
      <object_component id="oc-34">
         <name>.debug_info</name>
         <load_address>0x198d</load_address>
         <run_address>0x198d</run_address>
         <size>0xc6b</size>
         <input_file_ref idref="fl-6"/>
      </object_component>
      <object_component id="oc-1b3">
         <name>.debug_info</name>
         <load_address>0x25f8</load_address>
         <run_address>0x25f8</run_address>
         <size>0x265</size>
         <input_file_ref idref="fl-7"/>
      </object_component>
      <object_component id="oc-e4">
         <name>.debug_info</name>
         <load_address>0x285d</load_address>
         <run_address>0x285d</run_address>
         <size>0x4a3</size>
         <input_file_ref idref="fl-7"/>
      </object_component>
      <object_component id="oc-1b5">
         <name>.debug_info</name>
         <load_address>0x2d00</load_address>
         <run_address>0x2d00</run_address>
         <size>0x1d8</size>
         <input_file_ref idref="fl-8"/>
      </object_component>
      <object_component id="oc-d8">
         <name>.debug_info</name>
         <load_address>0x2ed8</load_address>
         <run_address>0x2ed8</run_address>
         <size>0x3a3</size>
         <input_file_ref idref="fl-8"/>
      </object_component>
      <object_component id="oc-3b">
         <name>.debug_info</name>
         <load_address>0x327b</load_address>
         <run_address>0x327b</run_address>
         <size>0x176</size>
         <input_file_ref idref="fl-9"/>
      </object_component>
      <object_component id="oc-10">
         <name>.debug_info</name>
         <load_address>0x33f1</load_address>
         <run_address>0x33f1</run_address>
         <size>0xe7</size>
         <input_file_ref idref="fl-9"/>
      </object_component>
      <object_component id="oc-2e">
         <name>.debug_info</name>
         <load_address>0x34d8</load_address>
         <run_address>0x34d8</run_address>
         <size>0x261</size>
         <input_file_ref idref="fl-9"/>
      </object_component>
      <object_component id="oc-1a0">
         <name>.debug_info</name>
         <load_address>0x3739</load_address>
         <run_address>0x3739</run_address>
         <size>0x230</size>
         <input_file_ref idref="fl-a"/>
      </object_component>
      <object_component id="oc-d2">
         <name>.debug_info</name>
         <load_address>0x3969</load_address>
         <run_address>0x3969</run_address>
         <size>0x31e</size>
         <input_file_ref idref="fl-a"/>
      </object_component>
      <object_component id="oc-28b">
         <name>.debug_info</name>
         <load_address>0x3c87</load_address>
         <run_address>0x3c87</run_address>
         <size>0x1ed</size>
         <input_file_ref idref="fl-10"/>
      </object_component>
      <object_component id="oc-1ab">
         <name>.debug_info</name>
         <load_address>0x3e74</load_address>
         <run_address>0x3e74</run_address>
         <size>0x2b6</size>
         <input_file_ref idref="fl-10"/>
      </object_component>
      <object_component id="oc-1a6">
         <name>.debug_info</name>
         <load_address>0x412a</load_address>
         <run_address>0x412a</run_address>
         <size>0x2b3</size>
         <input_file_ref idref="fl-10"/>
      </object_component>
      <object_component id="oc-297">
         <name>.debug_info</name>
         <load_address>0x43dd</load_address>
         <run_address>0x43dd</run_address>
         <size>0x27f</size>
         <input_file_ref idref="fl-11"/>
      </object_component>
      <object_component id="oc-1c2">
         <name>.debug_info</name>
         <load_address>0x465c</load_address>
         <run_address>0x465c</run_address>
         <size>0x14d</size>
         <input_file_ref idref="fl-11"/>
      </object_component>
      <object_component id="oc-ea">
         <name>.debug_info</name>
         <load_address>0x47a9</load_address>
         <run_address>0x47a9</run_address>
         <size>0x2b5</size>
         <input_file_ref idref="fl-11"/>
      </object_component>
      <object_component id="oc-30e">
         <name>.debug_info</name>
         <load_address>0x4a5e</load_address>
         <run_address>0x4a5e</run_address>
         <size>0x5f</size>
         <input_file_ref idref="fl-11"/>
      </object_component>
      <object_component id="oc-139">
         <name>.debug_info</name>
         <load_address>0x4abd</load_address>
         <run_address>0x4abd</run_address>
         <size>0x223</size>
         <input_file_ref idref="fl-12"/>
      </object_component>
      <object_component id="oc-84">
         <name>.debug_info</name>
         <load_address>0x4ce0</load_address>
         <run_address>0x4ce0</run_address>
         <size>0x292</size>
         <input_file_ref idref="fl-12"/>
      </object_component>
      <object_component id="oc-189">
         <name>.debug_info</name>
         <load_address>0x4f72</load_address>
         <run_address>0x4f72</run_address>
         <size>0x227</size>
         <input_file_ref idref="fl-13"/>
      </object_component>
      <object_component id="oc-ba">
         <name>.debug_info</name>
         <load_address>0x5199</load_address>
         <run_address>0x5199</run_address>
         <size>0x27f</size>
         <input_file_ref idref="fl-13"/>
      </object_component>
      <object_component id="oc-c0">
         <name>.debug_info</name>
         <load_address>0x5418</load_address>
         <run_address>0x5418</run_address>
         <size>0x28d</size>
         <input_file_ref idref="fl-13"/>
      </object_component>
      <object_component id="oc-cd">
         <name>.debug_info</name>
         <load_address>0x56a5</load_address>
         <run_address>0x56a5</run_address>
         <size>0x253</size>
         <input_file_ref idref="fl-13"/>
      </object_component>
      <object_component id="oc-19b">
         <name>.debug_info</name>
         <load_address>0x58f8</load_address>
         <run_address>0x58f8</run_address>
         <size>0x28d</size>
         <input_file_ref idref="fl-13"/>
      </object_component>
      <object_component id="oc-18f">
         <name>.debug_info</name>
         <load_address>0x5b85</load_address>
         <run_address>0x5b85</run_address>
         <size>0x273</size>
         <input_file_ref idref="fl-13"/>
      </object_component>
      <object_component id="oc-c7">
         <name>.debug_info</name>
         <load_address>0x5df8</load_address>
         <run_address>0x5df8</run_address>
         <size>0x263</size>
         <input_file_ref idref="fl-13"/>
      </object_component>
      <object_component id="oc-161">
         <name>.debug_info</name>
         <load_address>0x605b</load_address>
         <run_address>0x605b</run_address>
         <size>0x178</size>
         <input_file_ref idref="fl-137"/>
      </object_component>
      <object_component id="oc-a3">
         <name>.debug_info</name>
         <load_address>0x61d3</load_address>
         <run_address>0x61d3</run_address>
         <size>0x247</size>
         <input_file_ref idref="fl-137"/>
      </object_component>
      <object_component id="oc-20b">
         <name>.debug_info</name>
         <load_address>0x641a</load_address>
         <run_address>0x641a</run_address>
         <size>0x86</size>
         <input_file_ref idref="fl-137"/>
      </object_component>
      <object_component id="oc-25">
         <name>.debug_info</name>
         <load_address>0x64a0</load_address>
         <run_address>0x64a0</run_address>
         <size>0x134</size>
         <input_file_ref idref="fl-138"/>
      </object_component>
      <object_component id="oc-47">
         <name>.debug_info</name>
         <load_address>0x65d4</load_address>
         <run_address>0x65d4</run_address>
         <size>0x121</size>
         <input_file_ref idref="fl-139"/>
      </object_component>
      <object_component id="oc-13">
         <name>.debug_info</name>
         <load_address>0x66f5</load_address>
         <run_address>0x66f5</run_address>
         <size>0x1c0</size>
         <input_file_ref idref="fl-139"/>
      </object_component>
      <object_component id="oc-42">
         <name>.debug_info</name>
         <load_address>0x68b5</load_address>
         <run_address>0x68b5</run_address>
         <size>0x46</size>
         <input_file_ref idref="fl-139"/>
      </object_component>
      <object_component id="oc-104">
         <name>.debug_info</name>
         <load_address>0x68fb</load_address>
         <run_address>0x68fb</run_address>
         <size>0x2c</size>
         <input_file_ref idref="fl-139"/>
      </object_component>
      <object_component id="oc-4f">
         <name>.debug_info</name>
         <load_address>0x6927</load_address>
         <run_address>0x6927</run_address>
         <size>0x115</size>
         <input_file_ref idref="fl-13a"/>
      </object_component>
      <object_component id="oc-49">
         <name>.debug_info</name>
         <load_address>0x6a3c</load_address>
         <run_address>0x6a3c</run_address>
         <size>0x228</size>
         <input_file_ref idref="fl-13a"/>
      </object_component>
      <object_component id="oc-19">
         <name>.debug_info</name>
         <load_address>0x6c64</load_address>
         <run_address>0x6c64</run_address>
         <size>0x192</size>
         <input_file_ref idref="fl-13a"/>
      </object_component>
      <object_component id="oc-50">
         <name>.debug_info</name>
         <load_address>0x6df6</load_address>
         <run_address>0x6df6</run_address>
         <size>0x39</size>
         <input_file_ref idref="fl-13a"/>
      </object_component>
      <object_component id="oc-10e">
         <name>.debug_info</name>
         <load_address>0x6e2f</load_address>
         <run_address>0x6e2f</run_address>
         <size>0x2c</size>
         <input_file_ref idref="fl-13a"/>
      </object_component>
      <object_component id="oc-60">
         <name>.debug_info</name>
         <load_address>0x6e5b</load_address>
         <run_address>0x6e5b</run_address>
         <size>0x110</size>
         <input_file_ref idref="fl-13b"/>
      </object_component>
      <object_component id="oc-1f">
         <name>.debug_info</name>
         <load_address>0x6f6b</load_address>
         <run_address>0x6f6b</run_address>
         <size>0x18b</size>
         <input_file_ref idref="fl-13b"/>
      </object_component>
      <object_component id="oc-5b">
         <name>.debug_info</name>
         <load_address>0x70f6</load_address>
         <run_address>0x70f6</run_address>
         <size>0x46</size>
         <input_file_ref idref="fl-13b"/>
      </object_component>
      <object_component id="oc-128">
         <name>.debug_info</name>
         <load_address>0x713c</load_address>
         <run_address>0x713c</run_address>
         <size>0x172</size>
         <input_file_ref idref="fl-13c"/>
      </object_component>
      <object_component id="oc-125">
         <name>.debug_info</name>
         <load_address>0x72ae</load_address>
         <run_address>0x72ae</run_address>
         <size>0x117</size>
         <input_file_ref idref="fl-13c"/>
      </object_component>
      <object_component id="oc-76">
         <name>.debug_info</name>
         <load_address>0x73c5</load_address>
         <run_address>0x73c5</run_address>
         <size>0x1ee</size>
         <input_file_ref idref="fl-13c"/>
      </object_component>
      <object_component id="oc-148">
         <name>.debug_info</name>
         <load_address>0x75b3</load_address>
         <run_address>0x75b3</run_address>
         <size>0x129</size>
         <input_file_ref idref="fl-13d"/>
      </object_component>
      <object_component id="oc-94">
         <name>.debug_info</name>
         <load_address>0x76dc</load_address>
         <run_address>0x76dc</run_address>
         <size>0x105</size>
         <input_file_ref idref="fl-13e"/>
      </object_component>
      <object_component id="oc-a9">
         <name>.debug_info</name>
         <load_address>0x77e1</load_address>
         <run_address>0x77e1</run_address>
         <size>0x107</size>
         <input_file_ref idref="fl-13e"/>
      </object_component>
      <object_component id="oc-9e">
         <name>.debug_info</name>
         <load_address>0x78e8</load_address>
         <run_address>0x78e8</run_address>
         <size>0x117</size>
         <input_file_ref idref="fl-13f"/>
      </object_component>
      <object_component id="oc-99">
         <name>.debug_info</name>
         <load_address>0x79ff</load_address>
         <run_address>0x79ff</run_address>
         <size>0x117</size>
         <input_file_ref idref="fl-140"/>
      </object_component>
      <object_component id="oc-8f">
         <name>.debug_info</name>
         <load_address>0x7b16</load_address>
         <run_address>0x7b16</run_address>
         <size>0x109</size>
         <input_file_ref idref="fl-141"/>
      </object_component>
      <object_component id="oc-3d">
         <name>.debug_info</name>
         <load_address>0x7c1f</load_address>
         <run_address>0x7c1f</run_address>
         <size>0xf6</size>
         <input_file_ref idref="fl-142"/>
      </object_component>
      <object_component id="oc-56">
         <name>.debug_info</name>
         <load_address>0x7d15</load_address>
         <run_address>0x7d15</run_address>
         <size>0x124</size>
         <input_file_ref idref="fl-143"/>
      </object_component>
      <object_component id="oc-62">
         <name>.debug_info</name>
         <load_address>0x7e39</load_address>
         <run_address>0x7e39</run_address>
         <size>0x129</size>
         <input_file_ref idref="fl-144"/>
      </object_component>
      <object_component id="oc-182">
         <name>.debug_info</name>
         <load_address>0x7f62</load_address>
         <run_address>0x7f62</run_address>
         <size>0x20d</size>
         <input_file_ref idref="fl-145"/>
      </object_component>
      <object_component id="oc-b4">
         <name>.debug_info</name>
         <load_address>0x816f</load_address>
         <run_address>0x816f</run_address>
         <size>0x265</size>
         <input_file_ref idref="fl-145"/>
      </object_component>
      <object_component id="oc-278">
         <name>.debug_info</name>
         <load_address>0x83d4</load_address>
         <run_address>0x83d4</run_address>
         <size>0xae</size>
         <input_file_ref idref="fl-145"/>
      </object_component>
      <object_component id="oc-14c">
         <name>.debug_info</name>
         <load_address>0x8482</load_address>
         <run_address>0x8482</run_address>
         <size>0x263</size>
         <input_file_ref idref="fl-146"/>
      </object_component>
      <object_component id="oc-7a">
         <name>.debug_info</name>
         <load_address>0x86e5</load_address>
         <run_address>0x86e5</run_address>
         <size>0xea</size>
         <input_file_ref idref="fl-147"/>
      </object_component>
      <object_component id="oc-281">
         <name>.debug_info</name>
         <load_address>0x87cf</load_address>
         <run_address>0x87cf</run_address>
         <size>0xcb</size>
         <input_file_ref idref="fl-148"/>
      </object_component>
      <object_component id="oc-194">
         <name>.debug_info</name>
         <load_address>0x889a</load_address>
         <run_address>0x889a</run_address>
         <size>0x1f7</size>
         <input_file_ref idref="fl-148"/>
      </object_component>
      <object_component id="oc-2ae">
         <name>.debug_info</name>
         <load_address>0x8a91</load_address>
         <run_address>0x8a91</run_address>
         <size>0x146</size>
         <input_file_ref idref="fl-149"/>
      </object_component>
      <object_component id="oc-1fc">
         <name>.debug_info</name>
         <load_address>0x8bd7</load_address>
         <run_address>0x8bd7</run_address>
         <size>0x11e</size>
         <input_file_ref idref="fl-149"/>
      </object_component>
      <object_component id="oc-152">
         <name>.debug_info</name>
         <load_address>0x8cf5</load_address>
         <run_address>0x8cf5</run_address>
         <size>0x32c</size>
         <input_file_ref idref="fl-149"/>
      </object_component>
      <object_component id="oc-2ab">
         <name>.debug_info</name>
         <load_address>0x9021</load_address>
         <run_address>0x9021</run_address>
         <size>0x111</size>
         <input_file_ref idref="fl-14a"/>
      </object_component>
      <object_component id="oc-1f5">
         <name>.debug_info</name>
         <load_address>0x9132</load_address>
         <run_address>0x9132</run_address>
         <size>0x192</size>
         <input_file_ref idref="fl-14a"/>
      </object_component>
      <object_component id="oc-2a9">
         <name>.debug_info</name>
         <load_address>0x92c4</load_address>
         <run_address>0x92c4</run_address>
         <size>0xfb</size>
         <input_file_ref idref="fl-14b"/>
      </object_component>
      <object_component id="oc-1f0">
         <name>.debug_info</name>
         <load_address>0x93bf</load_address>
         <run_address>0x93bf</run_address>
         <size>0x173</size>
         <input_file_ref idref="fl-14b"/>
      </object_component>
      <object_component id="oc-158">
         <name>.debug_info</name>
         <load_address>0x9532</load_address>
         <run_address>0x9532</run_address>
         <size>0x153</size>
         <input_file_ref idref="fl-14c"/>
      </object_component>
      <object_component id="oc-15e">
         <name>.debug_info</name>
         <load_address>0x9685</load_address>
         <run_address>0x9685</run_address>
         <size>0x1b5</size>
         <input_file_ref idref="fl-14d"/>
      </object_component>
      <object_component id="oc-1e2">
         <name>.debug_info</name>
         <load_address>0x983a</load_address>
         <run_address>0x983a</run_address>
         <size>0x105</size>
         <input_file_ref idref="fl-14e"/>
      </object_component>
      <object_component id="oc-122">
         <name>.debug_info</name>
         <load_address>0x993f</load_address>
         <run_address>0x993f</run_address>
         <size>0xf4</size>
         <input_file_ref idref="fl-14e"/>
      </object_component>
      <object_component id="oc-1dd">
         <name>.debug_info</name>
         <load_address>0x9a33</load_address>
         <run_address>0x9a33</run_address>
         <size>0x200</size>
         <input_file_ref idref="fl-14e"/>
      </object_component>
      <object_component id="oc-263">
         <name>.debug_info</name>
         <load_address>0x9c33</load_address>
         <run_address>0x9c33</run_address>
         <size>0x338</size>
         <input_file_ref idref="fl-14f"/>
      </object_component>
      <object_component id="oc-179">
         <name>.debug_info</name>
         <load_address>0x9f6b</load_address>
         <run_address>0x9f6b</run_address>
         <size>0x17ea</size>
         <input_file_ref idref="fl-14f"/>
      </object_component>
      <object_component id="oc-264">
         <name>.debug_info</name>
         <load_address>0xb755</load_address>
         <run_address>0xb755</run_address>
         <size>0x86</size>
         <input_file_ref idref="fl-14f"/>
      </object_component>
      <object_component id="oc-269">
         <name>.debug_info</name>
         <load_address>0xb7db</load_address>
         <run_address>0xb7db</run_address>
         <size>0x2c</size>
         <input_file_ref idref="fl-14f"/>
      </object_component>
      <object_component id="oc-301">
         <name>.debug_info</name>
         <load_address>0xb807</load_address>
         <run_address>0xb807</run_address>
         <size>0x46</size>
         <input_file_ref idref="fl-14f"/>
      </object_component>
      <object_component id="oc-26e">
         <name>.debug_info</name>
         <load_address>0xb84d</load_address>
         <run_address>0xb84d</run_address>
         <size>0x39</size>
         <input_file_ref idref="fl-14f"/>
      </object_component>
      <object_component id="oc-120">
         <name>.debug_info</name>
         <load_address>0xb886</load_address>
         <run_address>0xb886</run_address>
         <size>0x147</size>
         <input_file_ref idref="fl-150"/>
      </object_component>
      <object_component id="oc-6e">
         <name>.debug_info</name>
         <load_address>0xb9cd</load_address>
         <run_address>0xb9cd</run_address>
         <size>0x148</size>
         <input_file_ref idref="fl-150"/>
      </object_component>
      <object_component id="oc-1d5">
         <name>.debug_info</name>
         <load_address>0xbb15</load_address>
         <run_address>0xbb15</run_address>
         <size>0x5e</size>
         <input_file_ref idref="fl-150"/>
      </object_component>
      <object_component id="oc-2fe">
         <name>.debug_info</name>
         <load_address>0xbb73</load_address>
         <run_address>0xbb73</run_address>
         <size>0xf5</size>
         <input_file_ref idref="fl-151"/>
      </object_component>
      <object_component id="oc-25d">
         <name>.debug_info</name>
         <load_address>0xbc68</load_address>
         <run_address>0xbc68</run_address>
         <size>0x152</size>
         <input_file_ref idref="fl-151"/>
      </object_component>
      <object_component id="oc-11e">
         <name>.debug_info</name>
         <load_address>0xbdba</load_address>
         <run_address>0xbdba</run_address>
         <size>0x29e</size>
         <input_file_ref idref="fl-152"/>
      </object_component>
      <object_component id="oc-68">
         <name>.debug_info</name>
         <load_address>0xc058</load_address>
         <run_address>0xc058</run_address>
         <size>0x158</size>
         <input_file_ref idref="fl-152"/>
      </object_component>
      <object_component id="oc-1c9">
         <name>.debug_info</name>
         <load_address>0xc1b0</load_address>
         <run_address>0xc1b0</run_address>
         <size>0x39</size>
         <input_file_ref idref="fl-152"/>
      </object_component>
      <object_component id="oc-1ce">
         <name>.debug_info</name>
         <load_address>0xc1e9</load_address>
         <run_address>0xc1e9</run_address>
         <size>0xcd</size>
         <input_file_ref idref="fl-152"/>
      </object_component>
      <object_component id="oc-1c6">
         <name>.debug_info</name>
         <load_address>0xc2b6</load_address>
         <run_address>0xc2b6</run_address>
         <size>0x1c1</size>
         <input_file_ref idref="fl-153"/>
      </object_component>
      <object_component id="oc-118">
         <name>.debug_info</name>
         <load_address>0xc477</load_address>
         <run_address>0xc477</run_address>
         <size>0x164</size>
         <input_file_ref idref="fl-153"/>
      </object_component>
      <object_component id="oc-29a">
         <name>.debug_info</name>
         <load_address>0xc5db</load_address>
         <run_address>0xc5db</run_address>
         <size>0x2c</size>
         <input_file_ref idref="fl-153"/>
      </object_component>
      <object_component id="oc-36a">
         <name>.debug_info</name>
         <load_address>0xc607</load_address>
         <run_address>0xc607</run_address>
         <size>0xcf</size>
         <input_file_ref idref="fl-154"/>
      </object_component>
      <object_component id="oc-2fb">
         <name>.debug_info</name>
         <load_address>0xc6d6</load_address>
         <run_address>0xc6d6</run_address>
         <size>0xdb</size>
         <input_file_ref idref="fl-154"/>
      </object_component>
      <object_component id="oc-275">
         <name>.debug_info</name>
         <load_address>0xc7b1</load_address>
         <run_address>0xc7b1</run_address>
         <size>0xf1</size>
         <input_file_ref idref="fl-155"/>
      </object_component>
      <object_component id="oc-17f">
         <name>.debug_info</name>
         <load_address>0xc8a2</load_address>
         <run_address>0xc8a2</run_address>
         <size>0xd8</size>
         <input_file_ref idref="fl-155"/>
      </object_component>
      <object_component id="oc-3b0">
         <name>.debug_info</name>
         <load_address>0xc97a</load_address>
         <run_address>0xc97a</run_address>
         <size>0xe2</size>
         <input_file_ref idref="fl-155"/>
      </object_component>
      <object_component id="oc-2cb">
         <name>.debug_info</name>
         <load_address>0xca5c</load_address>
         <run_address>0xca5c</run_address>
         <size>0x165</size>
         <input_file_ref idref="fl-155"/>
      </object_component>
      <object_component id="oc-206">
         <name>.debug_info</name>
         <load_address>0xcbc1</load_address>
         <run_address>0xcbc1</run_address>
         <size>0xd6</size>
         <input_file_ref idref="fl-156"/>
      </object_component>
      <object_component id="oc-235">
         <name>.debug_info</name>
         <load_address>0xcc97</load_address>
         <run_address>0xcc97</run_address>
         <size>0x10b</size>
         <input_file_ref idref="fl-157"/>
      </object_component>
      <object_component id="oc-32a">
         <name>.debug_info</name>
         <load_address>0xcda2</load_address>
         <run_address>0xcda2</run_address>
         <size>0x13e</size>
         <input_file_ref idref="fl-158"/>
      </object_component>
      <object_component id="oc-2b7">
         <name>.debug_info</name>
         <load_address>0xcee0</load_address>
         <run_address>0xcee0</run_address>
         <size>0x10e</size>
         <input_file_ref idref="fl-158"/>
      </object_component>
      <object_component id="oc-200">
         <name>.debug_info</name>
         <load_address>0xcfee</load_address>
         <run_address>0xcfee</run_address>
         <size>0x16f</size>
         <input_file_ref idref="fl-158"/>
      </object_component>
      <object_component id="oc-325">
         <name>.debug_info</name>
         <load_address>0xd15d</load_address>
         <run_address>0xd15d</run_address>
         <size>0x6f</size>
         <input_file_ref idref="fl-158"/>
      </object_component>
      <object_component id="oc-225">
         <name>.debug_info</name>
         <load_address>0xd1cc</load_address>
         <run_address>0xd1cc</run_address>
         <size>0x1bf</size>
         <input_file_ref idref="fl-159"/>
      </object_component>
      <object_component id="oc-16d">
         <name>.debug_info</name>
         <load_address>0xd38b</load_address>
         <run_address>0xd38b</run_address>
         <size>0x220</size>
         <input_file_ref idref="fl-159"/>
      </object_component>
      <object_component id="oc-22d">
         <name>.debug_info</name>
         <load_address>0xd5ab</load_address>
         <run_address>0xd5ab</run_address>
         <size>0x283</size>
         <input_file_ref idref="fl-15a"/>
      </object_component>
      <object_component id="oc-174">
         <name>.debug_info</name>
         <load_address>0xd82e</load_address>
         <run_address>0xd82e</run_address>
         <size>0x33a</size>
         <input_file_ref idref="fl-15a"/>
      </object_component>
      <object_component id="oc-2f1">
         <name>.debug_info</name>
         <load_address>0xdb68</load_address>
         <run_address>0xdb68</run_address>
         <size>0xfe</size>
         <input_file_ref idref="fl-15b"/>
      </object_component>
      <object_component id="oc-240">
         <name>.debug_info</name>
         <load_address>0xdc66</load_address>
         <run_address>0xdc66</run_address>
         <size>0x16e</size>
         <input_file_ref idref="fl-15b"/>
      </object_component>
      <object_component id="oc-2f3">
         <name>.debug_info</name>
         <load_address>0xddd4</load_address>
         <run_address>0xddd4</run_address>
         <size>0x142</size>
         <input_file_ref idref="fl-15c"/>
      </object_component>
      <object_component id="oc-245">
         <name>.debug_info</name>
         <load_address>0xdf16</load_address>
         <run_address>0xdf16</run_address>
         <size>0x165</size>
         <input_file_ref idref="fl-15c"/>
      </object_component>
      <object_component id="oc-2df">
         <name>.debug_info</name>
         <load_address>0xe07b</load_address>
         <run_address>0xe07b</run_address>
         <size>0x481</size>
         <input_file_ref idref="fl-15d"/>
      </object_component>
      <object_component id="oc-2dc">
         <name>.debug_info</name>
         <load_address>0xe4fc</load_address>
         <run_address>0xe4fc</run_address>
         <size>0xf7</size>
         <input_file_ref idref="fl-15d"/>
      </object_component>
      <object_component id="oc-21f">
         <name>.debug_info</name>
         <load_address>0xe5f3</load_address>
         <run_address>0xe5f3</run_address>
         <size>0xaec</size>
         <input_file_ref idref="fl-15d"/>
      </object_component>
      <object_component id="oc-355">
         <name>.debug_info</name>
         <load_address>0xf0df</load_address>
         <run_address>0xf0df</run_address>
         <size>0x120</size>
         <input_file_ref idref="fl-15d"/>
      </object_component>
      <object_component id="oc-2e1">
         <name>.debug_info</name>
         <load_address>0xf1ff</load_address>
         <run_address>0xf1ff</run_address>
         <size>0x2c</size>
         <input_file_ref idref="fl-15d"/>
      </object_component>
      <object_component id="oc-2ef">
         <name>.debug_info</name>
         <load_address>0xf22b</load_address>
         <run_address>0xf22b</run_address>
         <size>0x12d</size>
         <input_file_ref idref="fl-15e"/>
      </object_component>
      <object_component id="oc-239">
         <name>.debug_info</name>
         <load_address>0xf358</load_address>
         <run_address>0xf358</run_address>
         <size>0x1a3</size>
         <input_file_ref idref="fl-15e"/>
      </object_component>
      <object_component id="oc-2f9">
         <name>.debug_info</name>
         <load_address>0xf4fb</load_address>
         <run_address>0xf4fb</run_address>
         <size>0xd2</size>
         <input_file_ref idref="fl-15f"/>
      </object_component>
      <object_component id="oc-25a">
         <name>.debug_info</name>
         <load_address>0xf5cd</load_address>
         <run_address>0xf5cd</run_address>
         <size>0x18c</size>
[...]
      </symbol>
      <symbol id="sm-2f1">
         <name>__TI_decompress_rle24</name>
         <value>0x5073</value>
         <object_component_ref idref="oc-18"/>
      </symbol>
      <symbol id="sm-303">
         <name>__TI_zero_init</name>
         <value>0x5041</value>
         <object_component_ref idref="oc-1e"/>
      </symbol>
      <symbol id="sm-322">
         <name>C$$EXIT</name>
         <value>0x4d49</value>
         <object_component_ref idref="oc-73"/>
      </symbol>
      <symbol id="sm-323">
         <name>abort</name>
         <value>0x4d4d</value>
         <object_component_ref idref="oc-73"/>
      </symbol>
      <symbol id="sm-324">
         <name>exit</name>
         <value>0x4d55</value>
         <object_component_ref idref="oc-73"/>
      </symbol>
      <symbol id="sm-325">
         <name>__TI_dtors_ptr</name>
         <value>0x2000233c</value>
         <object_component_ref idref="oc-124"/>
      </symbol>
      <symbol id="sm-326">
         <name>__TI_cleanup_ptr</name>
         <value>0x20002338</value>
         <object_component_ref idref="oc-124"/>
      </symbol>
      <symbol id="sm-34a">
         <name>__aeabi_dsub</name>
         <value>0x3519</value>
         <object_component_ref idref="oc-146"/>
      </symbol>
      <symbol id="sm-34b">
         <name>__aeabi_dadd</name>
         <value>0x3523</value>
         <object_component_ref idref="oc-146"/>
      </symbol>
      <symbol id="sm-372">
         <name>__aeabi_cdcmpeq</name>
         <value>0x476d</value>
         <object_component_ref idref="oc-93"/>
      </symbol>
      <symbol id="sm-373">
         <name>__aeabi_cdcmple</name>
         <value>0x476d</value>
         <object_component_ref idref="oc-93"/>
      </symbol>
      <symbol id="sm-374">
         <name>__aeabi_cdrcmple</name>
         <value>0x47f3</value>
         <object_component_ref idref="oc-a8"/>
      </symbol>
      <symbol id="sm-394">
         <name>__aeabi_ddiv</name>
         <value>0x3b0d</value>
         <object_component_ref idref="oc-9d"/>
      </symbol>
      <symbol id="sm-3ab">
         <name>__aeabi_dmul</name>
         <value>0x40b5</value>
         <object_component_ref idref="oc-98"/>
      </symbol>
      <symbol id="sm-3b7">
         <name>__aeabi_i2d</name>
         <value>0x4e91</value>
         <object_component_ref idref="oc-8e"/>
      </symbol>
      <symbol id="sm-3d2">
         <name>memcpy</name>
         <value>0x459f</value>
         <object_component_ref idref="oc-3c"/>
      </symbol>
      <symbol id="sm-3d3">
         <name>__aeabi_memcpy</name>
         <value>0x459f</value>
         <object_component_ref idref="oc-3c"/>
      </symbol>
      <symbol id="sm-3d4">
         <name>__aeabi_memcpy8</name>
         <value>0x459f</value>
         <object_component_ref idref="oc-3c"/>
      </symbol>
      <symbol id="sm-3d5">
         <name>__aeabi_memcpy4</name>
         <value>0x459f</value>
         <object_component_ref idref="oc-3c"/>
      </symbol>
      <symbol id="sm-3e4">
         <name>__aeabi_memset</name>
         <value>0x487b</value>
         <object_component_ref idref="oc-55"/>
      </symbol>
      <symbol id="sm-3e5">
         <name>memset</name>
         <value>0x4881</value>
         <object_component_ref idref="oc-55"/>
      </symbol>
      <symbol id="sm-3e6">
         <name>__aeabi_memset8</name>
         <value>0x487b</value>
         <object_component_ref idref="oc-55"/>
      </symbol>
      <symbol id="sm-3e7">
         <name>__aeabi_memset4</name>
         <value>0x487b</value>
         <object_component_ref idref="oc-55"/>
      </symbol>
      <symbol id="sm-3e8">
         <name>__aeabi_memclr8</name>
         <value>0x4879</value>
         <object_component_ref idref="oc-55"/>
      </symbol>
      <symbol id="sm-3e9">
         <name>__aeabi_memclr4</name>
         <value>0x4879</value>
         <object_component_ref idref="oc-55"/>
      </symbol>
      <symbol id="sm-3ea">
         <name>__aeabi_memclr</name>
         <value>0x4879</value>
         <object_component_ref idref="oc-55"/>
      </symbol>
      <symbol id="sm-3f4">
         <name>_system_pre_init</name>
         <value>0x5081</value>
         <object_component_ref idref="oc-61"/>
      </symbol>
      <symbol id="sm-412">
         <name>printf</name>
         <value>0x48fd</value>
         <object_component_ref idref="oc-b3"/>
      </symbol>
      <symbol id="sm-429">
         <name>sqrt</name>
         <value>0x39c5</value>
         <object_component_ref idref="oc-14b"/>
      </symbol>
      <symbol id="sm-431">
         <name>main_func_sp</name>
         <value>0x20002350</value>
         <object_component_ref idref="oc-79"/>
      </symbol>
      <symbol id="sm-43f">
         <name>strlen</name>
         <value>0x4fe5</value>
         <object_component_ref idref="oc-193"/>
      </symbol>
      <symbol id="sm-465">
         <name>_Atan</name>
         <value>0x36d1</value>
         <object_component_ref idref="oc-151"/>
      </symbol>
      <symbol id="sm-481">
         <name>_Dscale</name>
         <value>0x3fa5</value>
         <object_component_ref idref="oc-1f4"/>
      </symbol>
      <symbol id="sm-495">
         <name>_Dunscale</name>
         <value>0x4aa5</value>
         <object_component_ref idref="oc-1ee"/>
      </symbol>
      <symbol id="sm-4a4">
         <name>_Feraise</name>
         <value>0x4e61</value>
         <object_component_ref idref="oc-157"/>
      </symbol>
      <symbol id="sm-4b4">
         <name>_Rteps</name>
         <value>0x200022d0</value>
         <object_component_ref idref="oc-15d"/>
      </symbol>
      <symbol id="sm-4b5">
         <name>_Zero</name>
         <value>0x200022e8</value>
         <object_component_ref idref="oc-15d"/>
      </symbol>
      <symbol id="sm-4b6">
         <name>_Hugeval</name>
         <value>0x20002290</value>
         <object_component_ref idref="oc-15d"/>
      </symbol>
      <symbol id="sm-4b7">
         <name>_Snan</name>
         <value>0x200022c0</value>
         <object_component_ref idref="oc-15d"/>
      </symbol>
      <symbol id="sm-4b8">
         <name>_Nan</name>
         <value>0x200022b0</value>
         <object_component_ref idref="oc-15d"/>
      </symbol>
      <symbol id="sm-4b9">
         <name>_Inf</name>
         <value>0x200022a0</value>
         <object_component_ref idref="oc-15d"/>
      </symbol>
      <symbol id="sm-4ba">
         <name>_Xbig</name>
         <value>0x200022e0</value>
         <object_component_ref idref="oc-15d"/>
      </symbol>
      <symbol id="sm-4bb">
         <name>_Eps</name>
         <value>0x20002280</value>
         <object_component_ref idref="oc-15d"/>
      </symbol>
      <symbol id="sm-4bc">
         <name>_Denorm</name>
         <value>0x20002270</value>
         <object_component_ref idref="oc-15d"/>
      </symbol>
      <symbol id="sm-4d5">
         <name>_nop</name>
         <value>0x4fcb</value>
         <object_component_ref idref="oc-1da"/>
      </symbol>
      <symbol id="sm-4d6">
         <name>_lock</name>
         <value>0x20002330</value>
         <object_component_ref idref="oc-121"/>
      </symbol>
      <symbol id="sm-4d7">
         <name>_unlock</name>
         <value>0x20002334</value>
         <object_component_ref idref="oc-121"/>
      </symbol>
      <symbol id="sm-4d8">
         <name>_register_lock</name>
         <value>0x4fc3</value>
         <object_component_ref idref="oc-1da"/>
      </symbol>
      <symbol id="sm-4d9">
         <name>_register_unlock</name>
         <value>0x4fbd</value>
         <object_component_ref idref="oc-1da"/>
      </symbol>
      <symbol id="sm-5e3">
         <name>__TI_printfi</name>
         <value>0x1021</value>
         <object_component_ref idref="oc-178"/>
      </symbol>
      <symbol id="sm-5f8">
         <name>_args_main</name>
         <value>0x4f75</value>
         <object_component_ref idref="oc-6d"/>
      </symbol>
      <symbol id="sm-60e">
         <name>atoi</name>
         <value>0x4c69</value>
         <object_component_ref idref="oc-25c"/>
      </symbol>
      <symbol id="sm-634">
         <name>__TI_auto_init</name>
         <value>0x4965</value>
         <object_component_ref idref="oc-67"/>
      </symbol>
      <symbol id="sm-64e">
         <name>copy_in</name>
         <value>0x4cb5</value>
         <object_component_ref idref="oc-117"/>
      </symbol>
      <symbol id="sm-659">
         <name>_ctypes_</name>
         <value>0x5088</value>
         <object_component_ref idref="oc-2fa"/>
      </symbol>
      <symbol id="sm-672">
         <name>__aeabi_stdout</name>
         <value>0x2000231c</value>
         <object_component_ref idref="oc-2ca"/>
      </symbol>
      <symbol id="sm-673">
         <name>__TI_tmpnams</name>
         <value>0x20002474</value>
         <object_component_ref idref="oc-3af"/>
      </symbol>
      <symbol id="sm-674">
         <name>__aeabi_stderr</name>
         <value>0x20002320</value>
         <object_component_ref idref="oc-2ca"/>
      </symbol>
      <symbol id="sm-675">
         <name>__aeabi_stdin</name>
         <value>0x20002318</value>
         <object_component_ref idref="oc-2ca"/>
      </symbol>
      <symbol id="sm-676">
         <name>_ftable</name>
         <value>0x20002000</value>
         <object_component_ref idref="oc-17e"/>
      </symbol>
      <symbol id="sm-677">
         <name>__TI_ft_end</name>
         <value>0x20002314</value>
         <object_component_ref idref="oc-2ca"/>
      </symbol>
      <symbol id="sm-67f">
         <name>_Errno</name>
         <value>0x20002348</value>
         <object_component_ref idref="oc-205"/>
      </symbol>
      <symbol id="sm-68d">
         <name>__aeabi_d2iz</name>
         <value>0x4d01</value>
         <object_component_ref idref="oc-233"/>
      </symbol>
      <symbol id="sm-6ab">
         <name>feraiseexcept</name>
         <value>0x4dcd</value>
         <object_component_ref idref="oc-1ff"/>
      </symbol>
      <symbol id="sm-6ac">
         <name>_Tls_setup__Fenv</name>
         <value>0x20002344</value>
         <object_component_ref idref="oc-2b6"/>
      </symbol>
      <symbol id="sm-6ad">
         <name>_Fenv</name>
         <value>0x20002340</value>
         <object_component_ref idref="oc-2b6"/>
      </symbol>
      <symbol id="sm-6c4">
         <name>putc</name>
         <value>0x46d5</value>
         <object_component_ref idref="oc-16c"/>
      </symbol>
      <symbol id="sm-6c5">
         <name>fputc</name>
         <value>0x46d5</value>
         <object_component_ref idref="oc-16c"/>
      </symbol>
      <symbol id="sm-6c6">
         <name>putchar</name>
         <value>0x4759</value>
         <object_component_ref idref="oc-16c"/>
      </symbol>
      <symbol id="sm-6e8">
         <name>puts</name>
         <value>0x3d51</value>
         <object_component_ref idref="oc-172"/>
      </symbol>
      <symbol id="sm-6e9">
         <name>fputs</name>
         <value>0x3c45</value>
         <object_component_ref idref="oc-172"/>
      </symbol>
      <symbol id="sm-6f6">
         <name>frexp</name>
         <value>0x4eed</value>
         <object_component_ref idref="oc-23e"/>
      </symbol>
      <symbol id="sm-707">
         <name>ldexp</name>
         <value>0x4bc7</value>
         <object_component_ref idref="oc-244"/>
      </symbol>
      <symbol id="sm-759">
         <name>open</name>
         <value>0x268b</value>
         <object_component_ref idref="oc-21e"/>
      </symbol>
      <symbol id="sm-75a">
         <name>add_device</name>
         <value>0x27ad</value>
         <object_component_ref idref="oc-21e"/>
      </symbol>
      <symbol id="sm-75b">
         <name>remove_device</name>
         <value>0x263f</value>
         <object_component_ref idref="oc-21e"/>
      </symbol>
      <symbol id="sm-75c">
         <name>lseek</name>
         <value>0x2739</value>
         <object_component_ref idref="oc-21e"/>
      </symbol>
      <symbol id="sm-75d">
         <name>read</name>
         <value>0x2667</value>
         <object_component_ref idref="oc-21e"/>
      </symbol>
      <symbol id="sm-75e">
         <name>rename</name>
         <value>0x2601</value>
         <object_component_ref idref="oc-21e"/>
      </symbol>
      <symbol id="sm-75f">
         <name>write</name>
         <value>0x254d</value>
         <object_component_ref idref="oc-21e"/>
      </symbol>
      <symbol id="sm-760">
         <name>close</name>
         <value>0x275d</value>
         <object_component_ref idref="oc-21e"/>
      </symbol>
      <symbol id="sm-761">
         <name>unlink</name>
         <value>0x25dd</value>
         <object_component_ref idref="oc-21e"/>
      </symbol>
      <symbol id="sm-770">
         <name>ltoa</name>
         <value>0x4b71</value>
         <object_component_ref idref="oc-238"/>
      </symbol>
      <symbol id="sm-780">
         <name>memccpy</name>
         <value>0x4f59</value>
         <object_component_ref idref="oc-256"/>
      </symbol>
      <symbol id="sm-790">
         <name>memchr</name>
         <value>0x4f39</value>
         <object_component_ref idref="oc-226"/>
      </symbol>
      <symbol id="sm-7a4">
         <name>raise</name>
         <value>0x4ebf</value>
         <object_component_ref idref="oc-2b0"/>
      </symbol>
      <symbol id="sm-7be">
         <name>signal</name>
         <value>0x4d8d</value>
         <object_component_ref idref="oc-31b"/>
      </symbol>
      <symbol id="sm-7ce">
         <name>strchr</name>
         <value>0x4fa5</value>
         <object_component_ref idref="oc-24a"/>
      </symbol>
      <symbol id="sm-7dd">
         <name>strcmp</name>
         <value>0x4f8d</value>
         <object_component_ref idref="oc-2cf"/>
      </symbol>
      <symbol id="sm-7ed">
         <name>strncpy</name>
         <value>0x4e01</value>
         <object_component_ref idref="oc-2d5"/>
      </symbol>
      <symbol id="sm-80e">
         <name>HOSTgetenv</name>
         <value>0x2a6f</value>
         <object_component_ref idref="oc-34b"/>
      </symbol>
      <symbol id="sm-80f">
         <name>HOSTrename</name>
         <value>0x2917</value>
         <object_component_ref idref="oc-34b"/>
      </symbol>
      <symbol id="sm-810">
         <name>HOSTclose</name>
         <value>0x2aad</value>
         <object_component_ref idref="oc-34b"/>
      </symbol>
      <symbol id="sm-811">
         <name>HOSTunlink</name>
         <value>0x28a5</value>
         <object_component_ref idref="oc-34b"/>
      </symbol>
      <symbol id="sm-812">
         <name>HOSTlseek</name>
         <value>0x2a13</value>
         <object_component_ref idref="oc-34b"/>
      </symbol>
      <symbol id="sm-813">
         <name>HOSTopen</name>
         <value>0x29c1</value>
         <object_component_ref idref="oc-34b"/>
      </symbol>
      <symbol id="sm-814">
         <name>HOSTclock</name>
         <value>0x2ae5</value>
         <object_component_ref idref="oc-34b"/>
      </symbol>
      <symbol id="sm-815">
         <name>HOSTwrite</name>
         <value>0x2859</value>
         <object_component_ref idref="oc-34b"/>
      </symbol>
      <symbol id="sm-816">
         <name>HOSTread</name>
         <value>0x2975</value>
         <object_component_ref idref="oc-34b"/>
      </symbol>
      <symbol id="sm-817">
         <name>HOSTtime</name>
         <value>0x28dd</value>
         <object_component_ref idref="oc-34b"/>
      </symbol>
      <symbol id="sm-832">
         <name>__TI_readmsg</name>
         <value>0x4a6f</value>
         <object_component_ref idref="oc-392"/>
      </symbol>
      <symbol id="sm-833">
         <name>C$$IO$$</name>
         <value>0x4a6b</value>
         <object_component_ref idref="oc-392"/>
      </symbol>
      <symbol id="sm-834">
         <name>__CIOBUF_</name>
         <value>0x20002354</value>
         <object_component_ref idref="oc-3b6"/>
      </symbol>
      <symbol id="sm-835">
         <name>__TI_writemsg</name>
         <value>0x4a3d</value>
         <object_component_ref idref="oc-392"/>
      </symbol>
      <symbol id="sm-85f">
         <name>__aeabi_uldivmod</name>
         <value>0x2f85</value>
         <object_component_ref idref="oc-22e"/>
      </symbol>
      <symbol id="sm-86d">
         <name>_Dclass</name>
         <value>0x4e31</value>
         <object_component_ref idref="oc-250"/>
      </symbol>
      <symbol id="sm-882">
         <name>_Dnorm</name>
         <value>0x4435</value>
         <object_component_ref idref="oc-2a2"/>
      </symbol>
      <symbol id="sm-8a0">
         <name>__TI_wrt_ok</name>
         <value>0x44f3</value>
         <object_component_ref idref="oc-212"/>
      </symbol>
      <symbol id="sm-8a1">
         <name>__TI_rd_ok</name>
         <value>0x4555</value>
         <object_component_ref idref="oc-212"/>
      </symbol>
      <symbol id="sm-8bb">
         <name>__TI_doflush</name>
         <value>0x436d</value>
         <object_component_ref idref="oc-218"/>
      </symbol>
      <symbol id="sm-8bc">
         <name>fflush</name>
         <value>0x43b9</value>
         <object_component_ref idref="oc-218"/>
      </symbol>
      <symbol id="sm-8ce">
         <name>fseek</name>
         <value>0x4b0d</value>
         <object_component_ref idref="oc-2bc"/>
      </symbol>
      <symbol id="sm-8ea">
         <name>setvbuf</name>
         <value>0x4291</value>
         <object_component_ref idref="oc-2c2"/>
      </symbol>
      <symbol id="sm-8f8">
         <name>strcpy</name>
         <value>0x4fd1</value>
         <object_component_ref idref="oc-398"/>
      </symbol>
      <symbol id="sm-92f">
         <name>__TI_cleanup</name>
         <value>0x341d</value>
         <object_component_ref idref="oc-334"/>
      </symbol>
      <symbol id="sm-930">
         <name>freopen</name>
         <value>0x3449</value>
         <object_component_ref idref="oc-334"/>
      </symbol>
      <symbol id="sm-931">
         <name>fopen</name>
         <value>0x3473</value>
         <object_component_ref idref="oc-334"/>
      </symbol>
      <symbol id="sm-9a3">
         <name>_sys_memory</name>
         <value>0x20001000</value>
         <object_component_ref idref="oc-2a"/>
      </symbol>
      <symbol id="sm-9a4">
         <name>free</name>
         <value>0x2267</value>
         <object_component_ref idref="oc-32e"/>
      </symbol>
      <symbol id="sm-9a5">
         <name>realloc</name>
         <value>0x2329</value>
         <object_component_ref idref="oc-32e"/>
      </symbol>
      <symbol id="sm-9a6">
         <name>memalign</name>
         <value>0x2435</value>
         <object_component_ref idref="oc-32e"/>
      </symbol>
      <symbol id="sm-9a7">
         <name>calloc</name>
         <value>0x2519</value>
         <object_component_ref idref="oc-32e"/>
      </symbol>
      <symbol id="sm-9a8">
         <name>malloc</name>
         <value>0x21ff</value>
         <object_component_ref idref="oc-32e"/>
      </symbol>
      <symbol id="sm-9a9">
         <name>minit</name>
         <value>0x2171</value>
         <object_component_ref idref="oc-32e"/>
      </symbol>
      <symbol id="sm-9bf">
         <name>__TI_closefile</name>
         <value>0x463d</value>
         <object_component_ref idref="oc-383"/>
      </symbol>
      <symbol id="sm-9c0">
         <name>fclose</name>
         <value>0x46a3</value>
         <object_component_ref idref="oc-383"/>
      </symbol>
      <symbol id="sm-9c2">
         <name>__TI_static_base__</name>
         <value>0x0</value>
      </symbol>
      <symbol id="sm-9c5">
         <name>SHT$$INIT_ARRAY$$Limit</name>
         <value>0x0</value>
      </symbol>
      <symbol id="sm-9c6">
         <name>SHT$$INIT_ARRAY$$Base</name>
         <value>0x0</value>
      </symbol>
      <symbol id="sm-9c7">
         <name>remove</name>
         <value>0x25dd</value>
      </symbol>
   </symbol_table>
   <title>Link successful</title>
</link_info>
