******************************************************************************
                  TI ARM Linker PC v5.2.5                      
******************************************************************************
>> Linked Sat Apr 30 09:37:41 2016

OUTPUT FILE NAME:   <UartForControls2.out>
ENTRY POINT SYMBOL: "_c_int00"  address: 0000525d


MEMORY CONFIGURATION

         name            origin    length      used     unused   attr    fill
----------------------  --------  ---------  --------  --------  ----  --------
  FLASH                 00000000   00040000  000059be  0003a642  R  X
  SRAM                  20000000   00008000  0000157e  00006a82  RW X


SEGMENT ALLOCATION MAP

run origin  load origin   length   init length attrs members
----------  ----------- ---------- ----------- ----- -------
00000000    00000000    000059c8   000059c8    r-x
  00000000    00000000    0000026c   0000026c    r-- .intvecs
  0000026c    0000026c    0000547e   0000547e    r-x .text
  000056f0    000056f0    000001fc   000001fc    r-- .const
  000058f0    000058f0    000000d8   000000d8    r-- .cinit
20000000    20000000    0000157e   00000000    rw-
  20000000    20000000    00000808   00000000    rw- .stack
  20000808    20000808    00000808   00000000    rw- .sysmem
  20001010    20001010    0000033c   00000000    rw- .data
  2000134c    2000134c    00000232   00000000    rw- .bss


SECTION ALLOCATION MAP

 output                                  attributes/
section   page    origin      length       input sections
--------  ----  ----------  ----------   ----------------
.intvecs   0    00000000    0000026c     
                  00000000    0000026c     tm4c123gh6pm_startup_ccs.obj (.intvecs)

.text      0    0000026c    0000547e     
                  0000026c    000010ba     rtsv7M4_T_le_v4SPD16_eabi.lib : _printfi.obj (.text)
                  00001326    00000002     --HOLE-- [fill = 0]
                  00001328    00000650     motors.obj (.text)
                  00001978    00000614     main.obj (.text)
                  00001f8c    000004fc     pressure.obj (.text)
                  00002488    000003dc     rtsv7M4_T_le_v4SPD16_eabi.lib : memory.obj (.text)
                  00002864    000003c4     accelerometer.obj (.text)
                  00002c28    0000030c     rtsv7M4_T_le_v4SPD16_eabi.lib : lowlev.obj (.text)
                  00002f34    000002d4                                   : trgdrv.obj (.text)
                  00003208    0000025c     servoControl.obj (.text)
                  00003464    000001f4     rtsv7M4_T_le_v4SPD16_eabi.lib : ull_div_t2.obj (.text)
                  00003658    000001e0     uart.obj (.text)
                  00003838    000001c8     leds.obj (.text)
                  00003a00    000001c4     rtsv7M4_T_le_v4SPD16_eabi.lib : fopen.obj (.text)
                  00003bc4    000001b6                                   : fd_add_t2.obj (.text)
                  00003d7a    00000002     --HOLE-- [fill = 0]
                  00003d7c    0000018c                                   : xatan.obj (.text)
                  00003f08    0000015c     i2c.obj (.text)
                  00004064    00000148     rtsv7M4_T_le_v4SPD16_eabi.lib : sqrt.obj (.text)
                  000041ac    00000136                                   : fd_div_t2.obj (.text)
                  000042e2    00000002     --HOLE-- [fill = 0]
                  000042e4    00000134                                   : fputs.obj (.text)
                  00004418    0000011c                                   : asin.obj (.text)
                  00004534    00000110     driverlib.lib : sysctl.obj (.text:SysCtlClockGet)
                  00004644    00000110     rtsv7M4_T_le_v4SPD16_eabi.lib : xdscale.obj (.text)
                  00004754    000000fc                                   : fd_mul_t2.obj (.text)
                  00004850    000000dc                                   : setvbuf.obj (.text)
                  0000492c    000000c8                                   : fflush.obj (.text)
                  000049f4    000000be                                   : xdnorm.obj (.text)
                  00004ab2    000000ac                                   : _io_perm.obj (.text)
                  00004b5e    0000009c                                   : memcpy_t2.obj (.text)
                  00004bfa    00000002     --HOLE-- [fill = 0]
                  00004bfc    00000098                                   : fclose.obj (.text)
                  00004c94    00000098                                   : fputc.obj (.text)
                  00004d2c    00000086                                   : fd_cmp_t2.obj (.text:__aeabi_cdcmple)
                  00004db2    00000086                                   : fd_cmp_t2.obj (.text:__aeabi_cdrcmple)
                  00004e38    00000084     Timer.obj (.text)
                  00004ebc    0000007a     rtsv7M4_T_le_v4SPD16_eabi.lib : memset_t2.obj (.text)
                  00004f36    00000002     --HOLE-- [fill = 0]
                  00004f38    00000070                                   : printf.obj (.text)
                  00004fa8    0000006c                                   : autoinit.obj (.text)
                  00005014    0000006a                                   : copy_decompress_rle.obj (.text)
                  0000507e    00000002     --HOLE-- [fill = 0]
                  00005080    00000068                                   : trgmsg.obj (.text)
                  000050e8    00000066                                   : xdunscal.obj (.text)
                  0000514e    00000002     --HOLE-- [fill = 0]
                  00005150    00000064                                   : fseek.obj (.text)
                  000051b4    00000056                                   : ltoa.obj (.text)
                  0000520a    00000052                                   : ldexp.obj (.text)
                  0000525c    00000050                                   : boot.obj (.text)
                  000052ac    0000004c                                   : atoi.obj (.text)
                  000052f8    0000004c                                   : cpy_tbl.obj (.text)
                  00005344    00000048                                   : fd_toi_t2.obj (.text)
                  0000538c    00000044                                   : exit.obj (.text)
                  000053d0    00000040                                   : signal.obj (.text)
                  00005410    00000034                                   : feraiseexcept.obj (.text)
                  00005444    00000030                                   : strncpy.obj (.text)
                  00005474    00000030                                   : xdclass.obj (.text)
                  000054a4    00000030                                   : xferaise.obj (.text)
                  000054d4    0000002e                                   : i_tofd_t2.obj (.text)
                  00005502    0000002e                                   : raise.obj (.text)
                  00005530    0000002a                                   : frexp.obj (.text)
                  0000555a    00000022     driverlib.lib : pwm.obj (.text:PWMGenConfigure)
                  0000557c    00000020     rtsv7M4_T_le_v4SPD16_eabi.lib : memchr.obj (.text)
                  0000559c    0000001c                                   : memccpy.obj (.text)
                  000055b8    00000018                                   : args_main.obj (.text)
                  000055d0    00000018                                   : ll_mul_t2.obj (.text)
                  000055e8    00000018                                   : strcmp.obj (.text)
                  00005600    00000016                                   : strchr.obj (.text)
                  00005616    00000002     --HOLE-- [fill = 0]
                  00005618    00000014                                   : _lock.obj (.text)
                  0000562c    00000014                                   : strcpy.obj (.text)
                  00005640    00000014                                   : strlen.obj (.text)
                  00005654    00000010     driverlib.lib : pwm.obj (.text:PWMGenPeriodSet)
                  00005664    0000000e                   : uart.obj (.text:UARTCharGetNonBlocking)
                  00005672    0000000e                   : uart.obj (.text:UARTCharPutNonBlocking)
                  00005680    0000000e                   : uart.obj (.text:UARTCharsAvail)
                  0000568e    0000000e     rtsv7M4_T_le_v4SPD16_eabi.lib : copy_decompress_none.obj (.text:decompress:none)
                  0000569c    0000000c                                   : copy_zero_init.obj (.text:decompress:ZI)
                  000056a8    0000000c     tm4c123gh6pm_startup_ccs.obj (.text)
                  000056b4    0000000a     driverlib.lib : uart.obj (.text:UARTCharGet)
                  000056be    0000000a                   : uart.obj (.text:UARTCharPut)
                  000056c8    0000000a                   : uart.obj (.text:UARTIntStatus)
                  000056d2    00000006                   : sysctl.obj (.text:SysCtlDelay)
                  000056d8    00000006     rtsv7M4_T_le_v4SPD16_eabi.lib : copy_decompress_rle.obj (.text:decompress:rle24)
                  000056de    00000004     driverlib.lib : timer.obj (.text:TimerIntClear)
                  000056e2    00000004                   : uart.obj (.text:UARTIntClear)
                  000056e6    00000004     rtsv7M4_T_le_v4SPD16_eabi.lib : pre_init.obj (.text)

.const     0    000056f0    000001fc     
                  000056f0    00000101     rtsv7M4_T_le_v4SPD16_eabi.lib : ctype.obj (.const:.string:_ctypes_)
                  000057f1    00000007     --HOLE-- [fill = 0]
                  000057f8    00000088                                   : xatan.obj (.const)
                  00005880    0000006c     driverlib.lib : sysctl.obj (.const:g_pui32Xtals)

.cinit     0    000058f0    000000d8     
                  000058f0    000000ad     (.cinit..data.load) [load image, compression = rle]
                  0000599d    00000003     --HOLE-- [fill = 0]
                  000059a0    0000000c     (__TI_handler_table)
                  000059ac    00000004     --HOLE-- [fill = 0]
                  000059b0    00000008     (.cinit..bss.load) [load image, compression = zero_init]
                  000059b8    00000010     (__TI_cinit_table)

.init_array 
*          0    00000000    00000000     UNINITIALIZED

.stack     0    20000000    00000808     UNINITIALIZED
                  20000000    00000808     --HOLE--

.sysmem    0    20000808    00000808     UNINITIALIZED
                  20000808    00000008     rtsv7M4_T_le_v4SPD16_eabi.lib : memory.obj (.sysmem)
                  20000810    00000800     --HOLE--

.data      0    20001010    0000033c     UNINITIALIZED
                  20001010    000000f0     rtsv7M4_T_le_v4SPD16_eabi.lib : defs.obj (.data:_ftable)
                  20001100    000000d0                                   : lowlev.obj (.data)
                  200011d0    000000b0                                   : signal.obj (.data:sigtable)
                  20001280    00000080                                   : xvalues.obj (.data)
                  20001300    00000010                                   : defs.obj (.data)
                  20001310    0000000c                                   : memory.obj (.data)
                  2000131c    00000009     main.obj (.data)
                  20001325    00000003     --HOLE--
                  20001328    00000008     rtsv7M4_T_le_v4SPD16_eabi.lib : _lock.obj (.data)
                  20001330    00000008                                   : exit.obj (.data)
                  20001338    00000008                                   : feraiseexcept.obj (.data)
                  20001340    00000004                                   : errno.obj (.data)
                  20001344    00000004                                   : fopen.obj (.data)
                  20001348    00000004                                   : stkdepth_vars.obj (.data)

.TI.persistent 
*          0    20001010    00000000     UNINITIALIZED

.bss       0    2000134c    00000232     UNINITIALIZED
                  2000134c    00000120     rtsv7M4_T_le_v4SPD16_eabi.lib : trgmsg.obj (.bss:__CIOBUF_)
                  2000146c    000000a0                                   : defs.obj (.bss:__TI_tmpnams)
                  2000150c    00000028     main.obj (.bss:data)
                  20001534    00000020     (.common:p)
                  20001554    0000000c     (.common:accel)
                  20001560    00000008     (.common:parmbuf)
                  20001568    00000004     (.common:brightness)
                  2000156c    00000004     (.common:ui32Load)
                  20001570    00000004     (.common:ui32PWMClock)
                  20001574    00000002     (.common:lightlevel)
                  20001576    00000002     (.common:ui8Adjust)
                  20001578    00000002     (.common:ui8PulseAdjust_1)
                  2000157a    00000002     (.common:ui8PulseAdjust_2)
                  2000157c    00000002     (.common:ui8PulseAdjust_3)

.TI.noinit 
*          0    2000134c    00000000     UNINITIALIZED


LINKER GENERATED COPY TABLES

__TI_cinit_table @ 000059b8 records: 2, size/record: 8, table size: 16
	.data: load addr=000058f0, load size=000000ad bytes, run addr=20001010, run size=0000033c bytes, compression=rle
	.bss: load addr=000059b0, load size=00000008 bytes, run addr=2000134c, run size=00000232 bytes, compression=zero_init


LINKER GENERATED HANDLER TABLE

__TI_handler_table @ 000059a0 records: 3, size/record: 4, table size: 12
	index: 0, handler: __TI_decompress_rle24
	index: 1, handler: __TI_decompress_none
	index: 2, handler: __TI_zero_init


GLOBAL SYMBOLS: SORTED ALPHABETICALLY BY Name 

address   name                    
-------   ----                    
0000538d  C$$EXIT                 
000050af  C$$IO$$                 
000031c1  HOSTclock               
00003189  HOSTclose               
0000314b  HOSTgetenv              
000030ef  HOSTlseek               
0000309d  HOSTopen                
00003051  HOSTread                
00002ff3  HOSTrename              
00002fb9  HOSTtime                
00002f81  HOSTunlink              
00002f35  HOSTwrite               
0000555b  PWMGenConfigure         
00005655  PWMGenPeriodSet         
000037a5  PutString               
000037d1  PutStringNonBlocking    
000056a9  ResetISR                
UNDEFED   SHT$$INIT_ARRAY$$Base   
UNDEFED   SHT$$INIT_ARRAY$$Limit  
00001f49  SetBitCount             
00004535  SysCtlClockGet          
000056d3  SysCtlDelay             
00001979  Timer0IntHandler        
000056df  TimerIntClear           
00001ac9  UART0IntHandler         
00001b17  UART7IntHandler         
000056b5  UARTCharGet             
00005665  UARTCharGetNonBlocking  
000056bf  UARTCharPut             
00005673  UARTCharPutNonBlocking  
00005681  UARTCharsAvail          
000056e3  UARTIntClear            
000056c9  UARTIntStatus           
00003d7d  _Atan                   
00005475  _Dclass                 
20001280  _Denorm                 
000049f5  _Dnorm                  
00004645  _Dscale                 
000050e9  _Dunscale               
20001290  _Eps                    
20001340  _Errno                  
20001338  _Fenv                   
000054a5  _Feraise                
200012a0  _Hugeval                
200012b0  _Inf                    
200012c0  _Nan                    
200012e0  _Rteps                  
200012d0  _Snan                   
2000133c  _Tls_setup__Fenv        
200012f0  _Xbig                   
200012f8  _Zero                   
2000134c  __CIOBUF_               
20000808  __STACK_END             
00000808  __STACK_SIZE            
20000200  __STACK_TOP             
00000808  __SYSMEM_SIZE           
000059b8  __TI_CINIT_Base         
000059c8  __TI_CINIT_Limit        
000059a0  __TI_Handler_Table_Base 
000059ac  __TI_Handler_Table_Limit
00004fa9  __TI_auto_init          
00003ac9  __TI_cleanup            
20001330  __TI_cleanup_ptr        
00004bfd  __TI_closefile          
0000568f  __TI_decompress_none    
000056d9  __TI_decompress_rle24   
0000492d  __TI_doflush            
20001334  __TI_dtors_ptr          
20001300  __TI_ft_end             
00001021  __TI_printfi            
00004b15  __TI_rd_ok              
000050b3  __TI_readmsg            
00000000  __TI_static_base__      
2000146c  __TI_tmpnams            
00005081  __TI_writemsg           
00004ab3  __TI_wrt_ok             
0000569d  __TI_zero_init          
00004d2d  __aeabi_cdcmpeq         
00004d2d  __aeabi_cdcmple         
00004db3  __aeabi_cdrcmple        
00005345  __aeabi_d2iz            
00003bcf  __aeabi_dadd            
000041ad  __aeabi_ddiv            
00004755  __aeabi_dmul            
00003bc5  __aeabi_dsub            
000054d5  __aeabi_i2d             
000055d1  __aeabi_lmul            
00004ebd  __aeabi_memclr          
00004ebd  __aeabi_memclr4         
00004ebd  __aeabi_memclr8         
00004b5f  __aeabi_memcpy          
00004b5f  __aeabi_memcpy4         
00004b5f  __aeabi_memcpy8         
00004ebf  __aeabi_memset          
00004ebf  __aeabi_memset4         
00004ebf  __aeabi_memset8         
2000130c  __aeabi_stderr          
20001304  __aeabi_stdin           
20001308  __aeabi_stdout          
00003465  __aeabi_uldivmod        
ffffffff  __binit__               
ffffffff  __c_args__              
20000000  __stack                 
000055b9  _args_main              
0000525d  _c_int00                
000056f0  _ctypes_                
20001010  _ftable                 
20001328  _lock                   
00005627  _nop                    
0000561f  _register_lock          
00005619  _register_unlock        
20000808  _sys_memory             
000056e7  _system_pre_init        
2000132c  _unlock                 
00005391  abort                   
20001554  accel                   
00002865  accelerometer_data_get  
00002e89  add_device              
00004419  asin                    
000052ad  atoi                    
ffffffff  binit                   
20001568  brightness              
0000215d  calculatePress          
00002831  calloc                  
00002e39  close                   
000052f9  copy_in                 
000023d5  crc4                    
00005399  exit                    
00004c63  fclose                  
00005411  feraiseexcept           
00004979  fflush                  
00003b1f  fopen                   
00004c95  fputc                   
000042e5  fputs                   
0000257f  free                    
00003af5  freopen                 
00005531  frexp                   
00005151  fseek                   
00000000  g_pfnVectors            
000028f1  initialize_accelerometer
00003f31  initialize_i2c          
0000520b  ldexp                   
000038ad  ledsBright              
00003839  ledsInit                
000039a1  ledsMax                 
0000396d  ledsOff                 
20001574  lightlevel              
00002e15  lseek                   
000051b5  ltoa                    
00001bd9  main                    
20001348  main_func_sp            
00002517  malloc                  
0000274d  memalign                
0000559d  memccpy                 
0000557d  memchr                  
00004b5f  memcpy                  
00004ec5  memset                  
00002489  minit                   
00001749  motorStop               
00001329  motorsInit              
00001509  motorsSetPulseWidth     
00001813  motorsVariable          
00002d67  open                    
20001534  p                       
00001f8d  pressure_init           
000020b1  pressure_read           
00004f41  printf                  
00004c95  putc                    
00004d19  putchar                 
000043f1  puts                    
00005503  raise                   
00002d43  read                    
00003fab  read_byte               
00002641  realloc                 
00002cb9  remove                  
00002d1b  remove_device           
00002cdd  rename                  
00003209  servoInit               
000033ef  servoSetCenter          
0000335b  servoSetMax             
000033a5  servoSetMin             
000032c3  servoSetPulseWidth      
00003f09  set_rw                  
00003f83  set_slave_address       
00004851  setvbuf                 
000053d1  signal                  
00004065  sqrt                    
00005601  strchr                  
000055e9  strcmp                  
0000562d  strcpy                  
00005641  strlen                  
00005445  strncpy                 
00004e39  timerInit               
0000294b  to_degrees              
00003659  uartInit                
2000156c  ui32Load                
20001570  ui32PWMClock            
20001576  ui8Adjust               
20001578  ui8PulseAdjust_1        
2000157a  ui8PulseAdjust_2        
2000157c  ui8PulseAdjust_3        
00002cb9  unlink                  
00002c29  write                   
0000292b  write_accelerometer     
00003feb  write_byte              


GLOBAL SYMBOLS: SORTED BY Symbol Address 

address   name                    
-------   ----                    
00000000  __TI_static_base__      
00000000  g_pfnVectors            
00000808  __STACK_SIZE            
00000808  __SYSMEM_SIZE           
00001021  __TI_printfi            
00001329  motorsInit              
00001509  motorsSetPulseWidth     
00001749  motorStop               
00001813  motorsVariable          
00001979  Timer0IntHandler        
00001ac9  UART0IntHandler         
00001b17  UART7IntHandler         
00001bd9  main                    
00001f49  SetBitCount             
00001f8d  pressure_init           
000020b1  pressure_read           
0000215d  calculatePress          
000023d5  crc4                    
00002489  minit                   
00002517  malloc                  
0000257f  free                    
00002641  realloc                 
0000274d  memalign                
00002831  calloc                  
00002865  accelerometer_data_get  
000028f1  initialize_accelerometer
0000292b  write_accelerometer     
0000294b  to_degrees              
00002c29  write                   
00002cb9  remove                  
00002cb9  unlink                  
00002cdd  rename                  
00002d1b  remove_device           
00002d43  read                    
00002d67  open                    
00002e15  lseek                   
00002e39  close                   
00002e89  add_device              
00002f35  HOSTwrite               
00002f81  HOSTunlink              
00002fb9  HOSTtime                
00002ff3  HOSTrename              
00003051  HOSTread                
0000309d  HOSTopen                
000030ef  HOSTlseek               
0000314b  HOSTgetenv              
00003189  HOSTclose               
000031c1  HOSTclock               
00003209  servoInit               
000032c3  servoSetPulseWidth      
0000335b  servoSetMax             
000033a5  servoSetMin             
000033ef  servoSetCenter          
00003465  __aeabi_uldivmod        
00003659  uartInit                
000037a5  PutString               
000037d1  PutStringNonBlocking    
00003839  ledsInit                
000038ad  ledsBright              
0000396d  ledsOff                 
000039a1  ledsMax                 
00003ac9  __TI_cleanup            
00003af5  freopen                 
00003b1f  fopen                   
00003bc5  __aeabi_dsub            
00003bcf  __aeabi_dadd            
00003d7d  _Atan                   
00003f09  set_rw                  
00003f31  initialize_i2c          
00003f83  set_slave_address       
00003fab  read_byte               
00003feb  write_byte              
00004065  sqrt                    
000041ad  __aeabi_ddiv            
000042e5  fputs                   
000043f1  puts                    
00004419  asin                    
00004535  SysCtlClockGet          
00004645  _Dscale                 
00004755  __aeabi_dmul            
00004851  setvbuf                 
0000492d  __TI_doflush            
00004979  fflush                  
000049f5  _Dnorm                  
00004ab3  __TI_wrt_ok             
00004b15  __TI_rd_ok              
00004b5f  __aeabi_memcpy          
00004b5f  __aeabi_memcpy4         
00004b5f  __aeabi_memcpy8         
00004b5f  memcpy                  
00004bfd  __TI_closefile          
00004c63  fclose                  
00004c95  fputc                   
00004c95  putc                    
00004d19  putchar                 
00004d2d  __aeabi_cdcmpeq         
00004d2d  __aeabi_cdcmple         
00004db3  __aeabi_cdrcmple        
00004e39  timerInit               
00004ebd  __aeabi_memclr          
00004ebd  __aeabi_memclr4         
00004ebd  __aeabi_memclr8         
00004ebf  __aeabi_memset          
00004ebf  __aeabi_memset4         
00004ebf  __aeabi_memset8         
00004ec5  memset                  
00004f41  printf                  
00004fa9  __TI_auto_init          
00005081  __TI_writemsg           
000050af  C$$IO$$                 
000050b3  __TI_readmsg            
000050e9  _Dunscale               
00005151  fseek                   
000051b5  ltoa                    
0000520b  ldexp                   
0000525d  _c_int00                
000052ad  atoi                    
000052f9  copy_in                 
00005345  __aeabi_d2iz            
0000538d  C$$EXIT                 
00005391  abort                   
00005399  exit                    
000053d1  signal                  
00005411  feraiseexcept           
00005445  strncpy                 
00005475  _Dclass                 
000054a5  _Feraise                
000054d5  __aeabi_i2d             
00005503  raise                   
00005531  frexp                   
0000555b  PWMGenConfigure         
0000557d  memchr                  
0000559d  memccpy                 
000055b9  _args_main              
000055d1  __aeabi_lmul            
000055e9  strcmp                  
00005601  strchr                  
00005619  _register_unlock        
0000561f  _register_lock          
00005627  _nop                    
0000562d  strcpy                  
00005641  strlen                  
00005655  PWMGenPeriodSet         
00005665  UARTCharGetNonBlocking  
00005673  UARTCharPutNonBlocking  
00005681  UARTCharsAvail          
0000568f  __TI_decompress_none    
0000569d  __TI_zero_init          
000056a9  ResetISR                
000056b5  UARTCharGet             
000056bf  UARTCharPut             
000056c9  UARTIntStatus           
000056d3  SysCtlDelay             
000056d9  __TI_decompress_rle24   
000056df  TimerIntClear           
000056e3  UARTIntClear            
000056e7  _system_pre_init        
000056f0  _ctypes_                
000059a0  __TI_Handler_Table_Base 
000059ac  __TI_Handler_Table_Limit
000059b8  __TI_CINIT_Base         
000059c8  __TI_CINIT_Limit        
20000000  __stack                 
20000200  __STACK_TOP             
20000808  __STACK_END             
20000808  _sys_memory             
20001010  _ftable                 
20001280  _Denorm                 
20001290  _Eps                    
200012a0  _Hugeval                
200012b0  _Inf                    
200012c0  _Nan                    
200012d0  _Snan                   
200012e0  _Rteps                  
200012f0  _Xbig                   
200012f8  _Zero                   
20001300  __TI_ft_end             
20001304  __aeabi_stdin           
20001308  __aeabi_stdout          
2000130c  __aeabi_stderr          
20001328  _lock                   
2000132c  _unlock                 
20001330  __TI_cleanup_ptr        
20001334  __TI_dtors_ptr          
20001338  _Fenv                   
2000133c  _Tls_setup__Fenv        
20001340  _Errno                  
20001348  main_func_sp            
2000134c  __CIOBUF_               
2000146c  __TI_tmpnams            
20001534  p                       
20001554  accel                   
20001568  brightness              
2000156c  ui32Load                
20001570  ui32PWMClock            
20001574  lightlevel              
20001576  ui8Adjust               
20001578  ui8PulseAdjust_1        
2000157a  ui8PulseAdjust_2        
2000157c  ui8PulseAdjust_3        
ffffffff  __binit__               
ffffffff  __c_args__              
ffffffff  binit                   
UNDEFED   SHT$$INIT_ARRAY$$Base   
UNDEFED   SHT$$INIT_ARRAY$$Limit  

[205 symbols]
