<?xml version="1.0"?>
<link_info>
   <banner>TI ARM Linker PC v5.2.5</banner>
   <copyright>Copyright (c) 1996-2015 Texas Instruments Incorporated</copyright>
   <link_time>0x57589c30</link_time>
   <link_errors>0x0</link_errors>
   <output_file>UartForControls2.out</output_file>
   <entry_point>
      <name>_c_int00</name>
      <address>0x33e1</address>
   </entry_point>
   <input_file_list>
      <input_file id="fl-2">
         <path>.\</path>
         <kind>object</kind>
         <file>ReadBattery.obj</file>
         <name>ReadBattery.obj</name>
      </input_file>
      <input_file id="fl-3">
         <path>.\</path>
         <kind>object</kind>
         <file>Timer.obj</file>
         <name>Timer.obj</name>
      </input_file>
      <input_file id="fl-4">
         <path>.\</path>
         <kind>object</kind>
         <file>accelerometer.obj</file>
         <name>accelerometer.obj</name>
      </input_file>
      <input_file id="fl-5">
         <path>.\</path>
         <kind>object</kind>
         <file>i2c.obj</file>
         <name>i2c.obj</name>
      </input_file>
      <input_file id="fl-6">
         <path>.\</path>
         <kind>object</kind>
         <file>leds.obj</file>
         <name>leds.obj</name>
      </input_file>
      <input_file id="fl-7">
         <path>.\</path>
         <kind>object</kind>
         <file>main.obj</file>
         <name>main.obj</name>
      </input_file>
      <input_file id="fl-8">
         <path>.\</path>
         <kind>object</kind>
         <file>motors.obj</file>
         <name>motors.obj</name>
      </input_file>
      <input_file id="fl-9">
         <path>.\</path>
         <kind>object</kind>
         <file>pressure.obj</file>
         <name>pressure.obj</name>
      </input_file>
      <input_file id="fl-a">
         <path>.\</path>
         <kind>object</kind>
         <file>servoControl.obj</file>
         <name>servoControl.obj</name>
      </input_file>
      <input_file id="fl-b">
         <path>.\</path>
         <kind>object</kind>
         <file>tm4c123gh6pm_startup_ccs.obj</file>
         <name>tm4c123gh6pm_startup_ccs.obj</name>
      </input_file>
      <input_file id="fl-c">
         <path>.\</path>
         <kind>object</kind>
         <file>uart.obj</file>
         <name>uart.obj</name>
      </input_file>
      <input_file id="fl-d">
         <path>.\</path>
         <kind>object</kind>
         <file>uartstdio.obj</file>
         <name>uartstdio.obj</name>
      </input_file>
      <input_file id="fl-13">
         <path>C:\ti\TivaWare_C_Series-2.1.2.111\driverlib\ccs\Debug\</path>
         <kind>archive</kind>
         <file>driverlib.lib</file>
         <name>adc.obj</name>
      </input_file>
      <input_file id="fl-14">
         <path>C:\ti\TivaWare_C_Series-2.1.2.111\driverlib\ccs\Debug\</path>
         <kind>archive</kind>
         <file>driverlib.lib</file>
         <name>flash.obj</name>
      </input_file>
      <input_file id="fl-15">
         <path>C:\ti\TivaWare_C_Series-2.1.2.111\driverlib\ccs\Debug\</path>
         <kind>archive</kind>
         <file>driverlib.lib</file>
         <name>gpio.obj</name>
      </input_file>
      <input_file id="fl-16">
         <path>C:\ti\TivaWare_C_Series-2.1.2.111\driverlib\ccs\Debug\</path>
         <kind>archive</kind>
         <file>driverlib.lib</file>
         <name>interrupt.obj</name>
      </input_file>
      <input_file id="fl-17">
         <path>C:\ti\TivaWare_C_Series-2.1.2.111\driverlib\ccs\Debug\</path>
         <kind>archive</kind>
         <file>driverlib.lib</file>
         <name>pwm.obj</name>
      </input_file>
      <input_file id="fl-18">
         <path>C:\ti\TivaWare_C_Series-2.1.2.111\driverlib\ccs\Debug\</path>
         <kind>archive</kind>
         <file>driverlib.lib</file>
         <name>sysctl.obj</name>
      </input_file>
      <input_file id="fl-19">
         <path>C:\ti\TivaWare_C_Series-2.1.2.111\driverlib\ccs\Debug\</path>
         <kind>archive</kind>
         <file>driverlib.lib</file>
         <name>timer.obj</name>
      </input_file>
      <input_file id="fl-1a">
         <path>C:\ti\TivaWare_C_Series-2.1.2.111\driverlib\ccs\Debug\</path>
         <kind>archive</kind>
         <file>driverlib.lib</file>
         <name>uart.obj</name>
      </input_file>
      <input_file id="fl-1b">
         <path>C:\ti\TivaWare_C_Series-2.1.2.111\driverlib\ccs\Debug\</path>
         <kind>archive</kind>
         <file>driverlib.lib</file>
         <name>cpu.obj</name>
      </input_file>
      <input_file id="fl-13d">
         <path>C:\ti\ccsv6\tools\compiler\ti-cgt-arm_5.2.5\lib\</path>
         <kind>archive</kind>
         <file>rtsv7M4_T_le_v4SPD16_eabi.lib</file>
         <name>asin.obj</name>
      </input_file>
      <input_file id="fl-13e">
         <path>C:\ti\ccsv6\tools\compiler\ti-cgt-arm_5.2.5\lib\</path>
         <kind>archive</kind>
         <file>rtsv7M4_T_le_v4SPD16_eabi.lib</file>
         <name>boot.obj</name>
      </input_file>
      <input_file id="fl-13f">
         <path>C:\ti\ccsv6\tools\compiler\ti-cgt-arm_5.2.5\lib\</path>
         <kind>archive</kind>
         <file>rtsv7M4_T_le_v4SPD16_eabi.lib</file>
         <name>copy_decompress_none.obj</name>
      </input_file>
      <input_file id="fl-140">
         <path>C:\ti\ccsv6\tools\compiler\ti-cgt-arm_5.2.5\lib\</path>
         <kind>archive</kind>
         <file>rtsv7M4_T_le_v4SPD16_eabi.lib</file>
         <name>copy_decompress_rle.obj</name>
      </input_file>
      <input_file id="fl-141">
         <path>C:\ti\ccsv6\tools\compiler\ti-cgt-arm_5.2.5\lib\</path>
         <kind>archive</kind>
         <file>rtsv7M4_T_le_v4SPD16_eabi.lib</file>
         <name>copy_zero_init.obj</name>
      </input_file>
      <input_file id="fl-142">
         <path>C:\ti\ccsv6\tools\compiler\ti-cgt-arm_5.2.5\lib\</path>
         <kind>archive</kind>
         <file>rtsv7M4_T_le_v4SPD16_eabi.lib</file>
         <name>exit.obj</name>
      </input_file>
      <input_file id="fl-143">
         <path>C:\ti\ccsv6\tools\compiler\ti-cgt-arm_5.2.5\lib\</path>
         <kind>archive</kind>
         <file>rtsv7M4_T_le_v4SPD16_eabi.lib</file>
         <name>fd_add_t2.obj</name>
      </input_file>
      <input_file id="fl-144">
         <path>C:\ti\ccsv6\tools\compiler\ti-cgt-arm_5.2.5\lib\</path>
         <kind>archive</kind>
         <file>rtsv7M4_T_le_v4SPD16_eabi.lib</file>
         <name>fd_cmp_t2.obj</name>
      </input_file>
      <input_file id="fl-145">
         <path>C:\ti\ccsv6\tools\compiler\ti-cgt-arm_5.2.5\lib\</path>
         <kind>archive</kind>
         <file>rtsv7M4_T_le_v4SPD16_eabi.lib</file>
         <name>fd_div_t2.obj</name>
      </input_file>
      <input_file id="fl-146">
         <path>C:\ti\ccsv6\tools\compiler\ti-cgt-arm_5.2.5\lib\</path>
         <kind>archive</kind>
         <file>rtsv7M4_T_le_v4SPD16_eabi.lib</file>
         <name>fd_mul_t2.obj</name>
      </input_file>
      <input_file id="fl-147">
         <path>C:\ti\ccsv6\tools\compiler\ti-cgt-arm_5.2.5\lib\</path>
         <kind>archive</kind>
         <file>rtsv7M4_T_le_v4SPD16_eabi.lib</file>
         <name>fd_toi_t2.obj</name>
      </input_file>
      <input_file id="fl-148">
         <path>C:\ti\ccsv6\tools\compiler\ti-cgt-arm_5.2.5\lib\</path>
         <kind>archive</kind>
         <file>rtsv7M4_T_le_v4SPD16_eabi.lib</file>
         <name>i_tofd_t2.obj</name>
      </input_file>
      <input_file id="fl-149">
         <path>C:\ti\ccsv6\tools\compiler\ti-cgt-arm_5.2.5\lib\</path>
         <kind>archive</kind>
         <file>rtsv7M4_T_le_v4SPD16_eabi.lib</file>
         <name>ll_mul_t2.obj</name>
      </input_file>
      <input_file id="fl-14a">
         <path>C:\ti\ccsv6\tools\compiler\ti-cgt-arm_5.2.5\lib\</path>
         <kind>archive</kind>
         <file>rtsv7M4_T_le_v4SPD16_eabi.lib</file>
         <name>memcpy_t2.obj</name>
      </input_file>
      <input_file id="fl-14b">
         <path>C:\ti\ccsv6\tools\compiler\ti-cgt-arm_5.2.5\lib\</path>
         <kind>archive</kind>
         <file>rtsv7M4_T_le_v4SPD16_eabi.lib</file>
         <name>memset_t2.obj</name>
      </input_file>
      <input_file id="fl-14c">
         <path>C:\ti\ccsv6\tools\compiler\ti-cgt-arm_5.2.5\lib\</path>
         <kind>archive</kind>
         <file>rtsv7M4_T_le_v4SPD16_eabi.lib</file>
         <name>pre_init.obj</name>
      </input_file>
      <input_file id="fl-14d">
         <path>C:\ti\ccsv6\tools\compiler\ti-cgt-arm_5.2.5\lib\</path>
         <kind>archive</kind>
         <file>rtsv7M4_T_le_v4SPD16_eabi.lib</file>
         <name>sqrt.obj</name>
      </input_file>
      <input_file id="fl-14e">
         <path>C:\ti\ccsv6\tools\compiler\ti-cgt-arm_5.2.5\lib\</path>
         <kind>archive</kind>
         <file>rtsv7M4_T_le_v4SPD16_eabi.lib</file>
         <name>stkdepth_vars.obj</name>
      </input_file>
      <input_file id="fl-14f">
         <path>C:\ti\ccsv6\tools\compiler\ti-cgt-arm_5.2.5\lib\</path>
         <kind>archive</kind>
         <file>rtsv7M4_T_le_v4SPD16_eabi.lib</file>
         <name>strlen.obj</name>
      </input_file>
      <input_file id="fl-150">
         <path>C:\ti\ccsv6\tools\compiler\ti-cgt-arm_5.2.5\lib\</path>
         <kind>archive</kind>
         <file>rtsv7M4_T_le_v4SPD16_eabi.lib</file>
         <name>u_divt2.obj</name>
      </input_file>
      <input_file id="fl-151">
         <path>C:\ti\ccsv6\tools\compiler\ti-cgt-arm_5.2.5\lib\</path>
         <kind>archive</kind>
         <file>rtsv7M4_T_le_v4SPD16_eabi.lib</file>
         <name>xatan.obj</name>
      </input_file>
      <input_file id="fl-152">
         <path>C:\ti\ccsv6\tools\compiler\ti-cgt-arm_5.2.5\lib\</path>
         <kind>archive</kind>
         <file>rtsv7M4_T_le_v4SPD16_eabi.lib</file>
         <name>xdscale.obj</name>
      </input_file>
      <input_file id="fl-153">
         <path>C:\ti\ccsv6\tools\compiler\ti-cgt-arm_5.2.5\lib\</path>
         <kind>archive</kind>
         <file>rtsv7M4_T_le_v4SPD16_eabi.lib</file>
         <name>xdunscal.obj</name>
      </input_file>
      <input_file id="fl-154">
         <path>C:\ti\ccsv6\tools\compiler\ti-cgt-arm_5.2.5\lib\</path>
         <kind>archive</kind>
         <file>rtsv7M4_T_le_v4SPD16_eabi.lib</file>
         <name>xferaise.obj</name>
      </input_file>
      <input_file id="fl-155">
         <path>C:\ti\ccsv6\tools\compiler\ti-cgt-arm_5.2.5\lib\</path>
         <kind>archive</kind>
         <file>rtsv7M4_T_le_v4SPD16_eabi.lib</file>
         <name>xvalues.obj</name>
      </input_file>
      <input_file id="fl-156">
         <path>C:\ti\ccsv6\tools\compiler\ti-cgt-arm_5.2.5\lib\</path>
         <kind>archive</kind>
         <file>rtsv7M4_T_le_v4SPD16_eabi.lib</file>
         <name>_lock.obj</name>
      </input_file>
      <input_file id="fl-157">
         <path>C:\ti\ccsv6\tools\compiler\ti-cgt-arm_5.2.5\lib\</path>
         <kind>archive</kind>
         <file>rtsv7M4_T_le_v4SPD16_eabi.lib</file>
         <name>args_main.obj</name>
      </input_file>
      <input_file id="fl-158">
         <path>C:\ti\ccsv6\tools\compiler\ti-cgt-arm_5.2.5\lib\</path>
         <kind>archive</kind>
         <file>rtsv7M4_T_le_v4SPD16_eabi.lib</file>
         <name>autoinit.obj</name>
      </input_file>
      <input_file id="fl-159">
         <path>C:\ti\ccsv6\tools\compiler\ti-cgt-arm_5.2.5\lib\</path>
         <kind>archive</kind>
         <file>rtsv7M4_T_le_v4SPD16_eabi.lib</file>
         <name>cpy_tbl.obj</name>
      </input_file>
      <input_file id="fl-15a">
         <path>C:\ti\ccsv6\tools\compiler\ti-cgt-arm_5.2.5\lib\</path>
         <kind>archive</kind>
         <file>rtsv7M4_T_le_v4SPD16_eabi.lib</file>
         <name>errno.obj</name>
      </input_file>
      <input_file id="fl-15b">
         <path>C:\ti\ccsv6\tools\compiler\ti-cgt-arm_5.2.5\lib\</path>
         <kind>archive</kind>
         <file>rtsv7M4_T_le_v4SPD16_eabi.lib</file>
         <name>feraiseexcept.obj</name>
      </input_file>
      <input_file id="fl-15c">
         <path>C:\ti\ccsv6\tools\compiler\ti-cgt-arm_5.2.5\lib\</path>
         <kind>archive</kind>
         <file>rtsv7M4_T_le_v4SPD16_eabi.lib</file>
         <name>i_div0.obj</name>
      </input_file>
      <input_file id="fl-15d">
         <path>C:\ti\ccsv6\tools\compiler\ti-cgt-arm_5.2.5\lib\</path>
         <kind>archive</kind>
         <file>rtsv7M4_T_le_v4SPD16_eabi.lib</file>
         <name>raise.obj</name>
      </input_file>
      <input_file id="fl-15e">
         <path>C:\ti\ccsv6\tools\compiler\ti-cgt-arm_5.2.5\lib\</path>
         <kind>archive</kind>
         <file>rtsv7M4_T_le_v4SPD16_eabi.lib</file>
         <name>signal.obj</name>
      </input_file>
      <input_file id="fl-15f">
         <path>C:\ti\ccsv6\tools\compiler\ti-cgt-arm_5.2.5\lib\</path>
         <kind>archive</kind>
         <file>rtsv7M4_T_le_v4SPD16_eabi.lib</file>
         <name>xdnorm.obj</name>
      </input_file>
   </input_file_list>
   <object_component_list>
      <object_component id="oc-f">
         <name>.intvecs</name>
         <load_address>0x0</load_address>
         <run_address>0x0</run_address>
         <size>0x26c</size>
         <input_file_ref idref="fl-b"/>
      </object_component>
      <object_component id="oc-30">
         <name>.text</name>
         <load_address>0x26c</load_address>
         <run_address>0x26c</run_address>
         <size>0x6fc</size>
         <input_file_ref idref="fl-7"/>
      </object_component>
      <object_component id="oc-99">
         <name>.text</name>
         <load_address>0x968</load_address>
         <run_address>0x968</run_address>
         <size>0x650</size>
         <input_file_ref idref="fl-8"/>
      </object_component>
      <object_component id="oc-a5">
         <name>.text</name>
         <load_address>0xfb8</load_address>
         <run_address>0xfb8</run_address>
         <size>0x4fc</size>
         <input_file_ref idref="fl-9"/>
      </object_component>
      <object_component id="oc-ab">
         <name>.text</name>
         <load_address>0x14b4</load_address>
         <run_address>0x14b4</run_address>
         <size>0x3c4</size>
         <input_file_ref idref="fl-4"/>
      </object_component>
      <object_component id="oc-36">
         <name>.text</name>
         <load_address>0x1878</load_address>
         <run_address>0x1878</run_address>
         <size>0x2b8</size>
         <input_file_ref idref="fl-2"/>
      </object_component>
      <object_component id="oc-e8">
         <name>.text</name>
         <load_address>0x1b30</load_address>
         <run_address>0x1b30</run_address>
         <size>0x25c</size>
         <input_file_ref idref="fl-a"/>
      </object_component>
      <object_component id="oc-e2">
         <name>.text</name>
         <load_address>0x1d8c</load_address>
         <run_address>0x1d8c</run_address>
         <size>0x1d0</size>
         <input_file_ref idref="fl-c"/>
      </object_component>
      <object_component id="oc-ee">
         <name>.text</name>
         <load_address>0x1f5c</load_address>
         <run_address>0x1f5c</run_address>
         <size>0x1c8</size>
         <input_file_ref idref="fl-6"/>
      </object_component>
      <object_component id="oc-272">
         <name>.text</name>
         <load_address>0x2124</load_address>
         <run_address>0x2124</run_address>
         <size>0x1b6</size>
         <input_file_ref idref="fl-143"/>
      </object_component>
      <object_component id="oc-27d">
         <name>.text</name>
         <load_address>0x22dc</load_address>
         <run_address>0x22dc</run_address>
         <size>0x18c</size>
         <input_file_ref idref="fl-151"/>
      </object_component>
      <object_component id="oc-f4">
         <name>.text</name>
         <load_address>0x2468</load_address>
         <run_address>0x2468</run_address>
         <size>0x15c</size>
         <input_file_ref idref="fl-5"/>
      </object_component>
      <object_component id="oc-277">
         <name>.text</name>
         <load_address>0x25c4</load_address>
         <run_address>0x25c4</run_address>
         <size>0x148</size>
         <input_file_ref idref="fl-14d"/>
      </object_component>
      <object_component id="oc-1c9">
         <name>.text</name>
         <load_address>0x270c</load_address>
         <run_address>0x270c</run_address>
         <size>0x136</size>
         <input_file_ref idref="fl-145"/>
      </object_component>
      <object_component id="oc-127">
         <name>.text:GPIOPadConfigSet</name>
         <load_address>0x2842</load_address>
         <run_address>0x2842</run_address>
         <size>0x132</size>
         <input_file_ref idref="fl-15"/>
      </object_component>
      <object_component id="oc-1ce">
         <name>.text</name>
         <load_address>0x2974</load_address>
         <run_address>0x2974</run_address>
         <size>0x11c</size>
         <input_file_ref idref="fl-13d"/>
      </object_component>
      <object_component id="oc-100">
         <name>.text:SysCtlClockGet</name>
         <load_address>0x2a90</load_address>
         <run_address>0x2a90</run_address>
         <size>0x110</size>
         <input_file_ref idref="fl-18"/>
      </object_component>
      <object_component id="oc-2c2">
         <name>.text</name>
         <load_address>0x2ba0</load_address>
         <run_address>0x2ba0</run_address>
         <size>0x110</size>
         <input_file_ref idref="fl-152"/>
      </object_component>
      <object_component id="oc-1c4">
         <name>.text</name>
         <load_address>0x2cb0</load_address>
         <run_address>0x2cb0</run_address>
         <size>0xfc</size>
         <input_file_ref idref="fl-146"/>
      </object_component>
      <object_component id="oc-fa">
         <name>.text</name>
         <load_address>0x2dac</load_address>
         <run_address>0x2dac</run_address>
         <size>0xf0</size>
         <input_file_ref idref="fl-3"/>
      </object_component>
      <object_component id="oc-2e2">
         <name>.text</name>
         <load_address>0x2e9c</load_address>
         <run_address>0x2e9c</run_address>
         <size>0xbe</size>
         <input_file_ref idref="fl-15f"/>
      </object_component>
      <object_component id="oc-3f">
         <name>.text</name>
         <load_address>0x2f5a</load_address>
         <run_address>0x2f5a</run_address>
         <size>0x9c</size>
         <input_file_ref idref="fl-14a"/>
      </object_component>
      <object_component id="oc-26d">
         <name>.text:__aeabi_cdcmple</name>
         <load_address>0x2ff6</load_address>
         <run_address>0x2ff6</run_address>
         <size>0x86</size>
         <input_file_ref idref="fl-144"/>
      </object_component>
      <object_component id="oc-1d9">
         <name>.text:__aeabi_cdrcmple</name>
         <load_address>0x307c</load_address>
         <run_address>0x307c</run_address>
         <size>0x86</size>
         <input_file_ref idref="fl-144"/>
      </object_component>
      <object_component id="oc-58">
         <name>.text</name>
         <load_address>0x3102</load_address>
         <run_address>0x3102</run_address>
         <size>0x7a</size>
         <input_file_ref idref="fl-14b"/>
      </object_component>
      <object_component id="oc-6a">
         <name>.text</name>
         <load_address>0x317c</load_address>
         <run_address>0x317c</run_address>
         <size>0x6c</size>
         <input_file_ref idref="fl-158"/>
      </object_component>
      <object_component id="oc-4b">
         <name>.text</name>
         <load_address>0x31e8</load_address>
         <run_address>0x31e8</run_address>
         <size>0x6a</size>
         <input_file_ref idref="fl-140"/>
      </object_component>
      <object_component id="oc-139">
         <name>.text:FlashProgram</name>
         <load_address>0x3254</load_address>
         <run_address>0x3254</run_address>
         <size>0x68</size>
         <input_file_ref idref="fl-14"/>
      </object_component>
      <object_component id="oc-18e">
         <name>.text:IntEnable</name>
         <load_address>0x32bc</load_address>
         <run_address>0x32bc</run_address>
         <size>0x68</size>
         <input_file_ref idref="fl-16"/>
      </object_component>
      <object_component id="oc-2bc">
         <name>.text</name>
         <load_address>0x3324</load_address>
         <run_address>0x3324</run_address>
         <size>0x66</size>
         <input_file_ref idref="fl-153"/>
      </object_component>
      <object_component id="oc-8d">
         <name>.text:GPIOIntTypeSet</name>
         <load_address>0x338a</load_address>
         <run_address>0x338a</run_address>
         <size>0x56</size>
         <input_file_ref idref="fl-15"/>
      </object_component>
      <object_component id="oc-24">
         <name>.text</name>
         <load_address>0x33e0</load_address>
         <run_address>0x33e0</run_address>
         <size>0x50</size>
         <input_file_ref idref="fl-13e"/>
      </object_component>
      <object_component id="oc-16d">
         <name>.text</name>
         <load_address>0x3430</load_address>
         <run_address>0x3430</run_address>
         <size>0x4c</size>
         <input_file_ref idref="fl-159"/>
      </object_component>
      <object_component id="oc-1d4">
         <name>.text</name>
         <load_address>0x347c</load_address>
         <run_address>0x347c</run_address>
         <size>0x48</size>
         <input_file_ref idref="fl-147"/>
      </object_component>
      <object_component id="oc-76">
         <name>.text</name>
         <load_address>0x34c4</load_address>
         <run_address>0x34c4</run_address>
         <size>0x44</size>
         <input_file_ref idref="fl-142"/>
      </object_component>
      <object_component id="oc-182">
         <name>.text:_GPIOIntNumberGet</name>
         <load_address>0x3508</load_address>
         <run_address>0x3508</run_address>
         <size>0x40</size>
         <input_file_ref idref="fl-15"/>
      </object_component>
      <object_component id="oc-304">
         <name>.text</name>
         <load_address>0x3548</load_address>
         <run_address>0x3548</run_address>
         <size>0x40</size>
         <input_file_ref idref="fl-15e"/>
      </object_component>
      <object_component id="oc-188">
         <name>.text:IntRegister</name>
         <load_address>0x3588</load_address>
         <run_address>0x3588</run_address>
         <size>0x34</size>
         <input_file_ref idref="fl-16"/>
      </object_component>
      <object_component id="oc-115">
         <name>.text:SysCtlPeripheralEnable</name>
         <load_address>0x35bc</load_address>
         <run_address>0x35bc</run_address>
         <size>0x34</size>
         <input_file_ref idref="fl-18"/>
      </object_component>
      <object_component id="oc-2cd">
         <name>.text</name>
         <load_address>0x35f0</load_address>
         <run_address>0x35f0</run_address>
         <size>0x34</size>
         <input_file_ref idref="fl-15b"/>
      </object_component>
      <object_component id="oc-133">
         <name>.text:FlashErase</name>
         <load_address>0x3624</load_address>
         <run_address>0x3624</run_address>
         <size>0x30</size>
         <input_file_ref idref="fl-14"/>
      </object_component>
      <object_component id="oc-283">
         <name>.text</name>
         <load_address>0x3654</load_address>
         <run_address>0x3654</run_address>
         <size>0x30</size>
         <input_file_ref idref="fl-154"/>
      </object_component>
      <object_component id="oc-12d">
         <name>.text:ADCIntStatus</name>
         <load_address>0x3684</load_address>
         <run_address>0x3684</run_address>
         <size>0x2e</size>
         <input_file_ref idref="fl-13"/>
      </object_component>
      <object_component id="oc-1bf">
         <name>.text</name>
         <load_address>0x36b2</load_address>
         <run_address>0x36b2</run_address>
         <size>0x2e</size>
         <input_file_ref idref="fl-148"/>
      </object_component>
      <object_component id="oc-2f0">
         <name>.text</name>
         <load_address>0x36e0</load_address>
         <run_address>0x36e0</run_address>
         <size>0x2e</size>
         <input_file_ref idref="fl-15d"/>
      </object_component>
      <object_component id="oc-121">
         <name>.text:GPIODirModeSet</name>
         <load_address>0x370e</load_address>
         <run_address>0x370e</run_address>
         <size>0x2a</size>
         <input_file_ref idref="fl-15"/>
      </object_component>
      <object_component id="oc-199">
         <name>.text:PWMGenConfigure</name>
         <load_address>0x3738</load_address>
         <run_address>0x3738</run_address>
         <size>0x22</size>
         <input_file_ref idref="fl-17"/>
      </object_component>
      <object_component id="oc-81">
         <name>.text:GPIOIntRegister</name>
         <load_address>0x375a</load_address>
         <run_address>0x375a</run_address>
         <size>0x18</size>
         <input_file_ref idref="fl-15"/>
      </object_component>
      <object_component id="oc-11b">
         <name>.text:GPIOPinTypeGPIOOutput</name>
         <load_address>0x3772</load_address>
         <run_address>0x3772</run_address>
         <size>0x18</size>
         <input_file_ref idref="fl-15"/>
      </object_component>
      <object_component id="oc-70">
         <name>.text</name>
         <load_address>0x378c</load_address>
         <run_address>0x378c</run_address>
         <size>0x18</size>
         <input_file_ref idref="fl-157"/>
      </object_component>
      <object_component id="oc-1b8">
         <name>.text</name>
         <load_address>0x37a4</load_address>
         <run_address>0x37a4</run_address>
         <size>0x18</size>
         <input_file_ref idref="fl-149"/>
      </object_component>
      <object_component id="oc-233">
         <name>.text</name>
         <load_address>0x37bc</load_address>
         <run_address>0x37bc</run_address>
         <size>0x14</size>
         <input_file_ref idref="fl-156"/>
      </object_component>
      <object_component id="oc-1f6">
         <name>.text</name>
         <load_address>0x37d0</load_address>
         <run_address>0x37d0</run_address>
         <size>0x14</size>
         <input_file_ref idref="fl-14f"/>
      </object_component>
      <object_component id="oc-87">
         <name>.text:GPIOPinTypeGPIOInput</name>
         <load_address>0x37e4</load_address>
         <run_address>0x37e4</run_address>
         <size>0x12</size>
         <input_file_ref idref="fl-15"/>
      </object_component>
      <object_component id="oc-19f">
         <name>.text:PWMGenPeriodSet</name>
         <load_address>0x37f6</load_address>
         <run_address>0x37f6</run_address>
         <size>0x10</size>
         <input_file_ref idref="fl-17"/>
      </object_component>
      <object_component id="oc-c3">
         <name>.text:UARTCharGetNonBlocking</name>
         <load_address>0x3806</load_address>
         <run_address>0x3806</run_address>
         <size>0xe</size>
         <input_file_ref idref="fl-1a"/>
      </object_component>
      <object_component id="oc-1fc">
         <name>.text:UARTCharPutNonBlocking</name>
         <load_address>0x3814</load_address>
         <run_address>0x3814</run_address>
         <size>0xe</size>
         <input_file_ref idref="fl-1a"/>
      </object_component>
      <object_component id="oc-c9">
         <name>.text:UARTCharsAvail</name>
         <load_address>0x3822</load_address>
         <run_address>0x3822</run_address>
         <size>0xe</size>
         <input_file_ref idref="fl-1a"/>
      </object_component>
      <object_component id="oc-12">
         <name>.text:decompress:none</name>
         <load_address>0x3830</load_address>
         <run_address>0x3830</run_address>
         <size>0xe</size>
         <input_file_ref idref="fl-13f"/>
      </object_component>
      <object_component id="oc-93">
         <name>.text:GPIOIntEnable</name>
         <load_address>0x383e</load_address>
         <run_address>0x383e</run_address>
         <size>0xc</size>
         <input_file_ref idref="fl-15"/>
      </object_component>
      <object_component id="oc-1e">
         <name>.text:decompress:ZI</name>
         <load_address>0x384a</load_address>
         <run_address>0x384a</run_address>
         <size>0xc</size>
         <input_file_ref idref="fl-141"/>
      </object_component>
      <object_component id="oc-2a">
         <name>.text</name>
         <load_address>0x3856</load_address>
         <run_address>0x3856</run_address>
         <size>0xc</size>
         <input_file_ref idref="fl-b"/>
      </object_component>
      <object_component id="oc-cf">
         <name>.text:UARTCharGet</name>
         <load_address>0x3862</load_address>
         <run_address>0x3862</run_address>
         <size>0xa</size>
         <input_file_ref idref="fl-1a"/>
      </object_component>
      <object_component id="oc-b1">
         <name>.text:UARTCharPut</name>
         <load_address>0x386c</load_address>
         <run_address>0x386c</run_address>
         <size>0xa</size>
         <input_file_ref idref="fl-1a"/>
      </object_component>
      <object_component id="oc-b7">
         <name>.text:UARTIntStatus</name>
         <load_address>0x3876</load_address>
         <run_address>0x3876</run_address>
         <size>0xa</size>
         <input_file_ref idref="fl-1a"/>
      </object_component>
      <object_component id="oc-d5">
         <name>.text:GPIOIntClear</name>
         <load_address>0x3880</load_address>
         <run_address>0x3880</run_address>
         <size>0x6</size>
         <input_file_ref idref="fl-15"/>
      </object_component>
      <object_component id="oc-145">
         <name>.text:GPIOPinRead</name>
         <load_address>0x3886</load_address>
         <run_address>0x3886</run_address>
         <size>0x6</size>
         <input_file_ref idref="fl-15"/>
      </object_component>
      <object_component id="oc-13f">
         <name>.text:GPIOPinWrite</name>
         <load_address>0x388c</load_address>
         <run_address>0x388c</run_address>
         <size>0x6</size>
         <input_file_ref idref="fl-15"/>
      </object_component>
      <object_component id="oc-106">
         <name>.text:SysCtlDelay</name>
         <load_address>0x3892</load_address>
         <run_address>0x3892</run_address>
         <size>0x6</size>
         <input_file_ref idref="fl-18"/>
      </object_component>
      <object_component id="oc-18">
         <name>.text:decompress:rle24</name>
         <load_address>0x3898</load_address>
         <run_address>0x3898</run_address>
         <size>0x6</size>
         <input_file_ref idref="fl-140"/>
      </object_component>
      <object_component id="oc-9f">
         <name>.text:TimerIntClear</name>
         <load_address>0x389e</load_address>
         <run_address>0x389e</run_address>
         <size>0x4</size>
         <input_file_ref idref="fl-19"/>
      </object_component>
      <object_component id="oc-bd">
         <name>.text:UARTIntClear</name>
         <load_address>0x38a2</load_address>
         <run_address>0x38a2</run_address>
         <size>0x4</size>
         <input_file_ref idref="fl-1a"/>
      </object_component>
      <object_component id="oc-64">
         <name>.text</name>
         <load_address>0x38a6</load_address>
         <run_address>0x38a6</run_address>
         <size>0x4</size>
         <input_file_ref idref="fl-14c"/>
      </object_component>
      <object_component id="oc-241">
         <name>.const:g_ppui32GPIOIntMapBlizzard</name>
         <load_address>0x38b0</load_address>
         <run_address>0x38b0</run_address>
         <size>0xc0</size>
         <input_file_ref idref="fl-15"/>
      </object_component>
      <object_component id="oc-244">
         <name>.const:g_ppui32GPIOIntMapSnowflake</name>
         <load_address>0x3970</load_address>
         <run_address>0x3970</run_address>
         <size>0xc0</size>
         <input_file_ref idref="fl-15"/>
      </object_component>
      <object_component id="oc-2c9">
         <name>.const</name>
         <load_address>0x3a30</load_address>
         <run_address>0x3a30</run_address>
         <size>0x88</size>
         <input_file_ref idref="fl-151"/>
      </object_component>
      <object_component id="oc-24d">
         <name>.const</name>
         <load_address>0x3ab8</load_address>
         <run_address>0x3ab8</run_address>
         <size>0x70</size>
         <input_file_ref idref="fl-16"/>
      </object_component>
      <object_component id="oc-209">
         <name>.const:g_pui32Xtals</name>
         <load_address>0x3b28</load_address>
         <run_address>0x3b28</run_address>
         <size>0x6c</size>
         <input_file_ref idref="fl-18"/>
      </object_component>
      <object_component id="oc-34d">
         <name>.cinit..data.load</name>
         <load_address>0x3b98</load_address>
         <run_address>0x3b98</run_address>
         <size>0x4d</size>
      </object_component>
      <object_component id="oc-34a">
         <name>__TI_handler_table</name>
         <load_address>0x3be8</load_address>
         <run_address>0x3be8</run_address>
         <size>0xc</size>
      </object_component>
      <object_component id="oc-34e">
         <name>.cinit..bss.load</name>
         <load_address>0x3bf8</load_address>
         <run_address>0x3bf8</run_address>
         <size>0x8</size>
      </object_component>
      <object_component id="oc-34c">
         <name>.cinit..vtable.load</name>
         <load_address>0x3c00</load_address>
         <run_address>0x3c00</run_address>
         <size>0x8</size>
      </object_component>
      <object_component id="oc-34b">
         <name>__TI_cinit_table</name>
         <load_address>0x3c08</load_address>
         <run_address>0x3c08</run_address>
         <size>0x18</size>
      </object_component>
      <object_component id="oc-248">
         <name>.vtable</name>
         <uninitialized>true</uninitialized>
         <run_address>0x20000000</run_address>
         <size>0x26c</size>
         <input_file_ref idref="fl-16"/>
      </object_component>
      <object_component id="oc-29">
         <name>.stack</name>
         <uninitialized>true</uninitialized>
         <run_address>0x2000026c</run_address>
         <size>0x0</size>
         <input_file_ref idref="fl-13e"/>
      </object_component>
      <object_component id="oc-34f">
         <name>.stack</name>
         <uninitialized>true</uninitialized>
         <run_address>0x2000026c</run_address>
         <size>0x0</size>
      </object_component>
      <object_component id="oc-107">
         <name>.bss:data</name>
         <uninitialized>true</uninitialized>
         <run_address>0x20000be4</run_address>
         <size>0x28</size>
         <input_file_ref idref="fl-7"/>
      </object_component>
      <object_component id="oc-14e">
         <name>.common:ui32ADC0Value</name>
         <uninitialized>true</uninitialized>
         <run_address>0x20000c2c</run_address>
         <size>0x10</size>
      </object_component>
      <object_component id="oc-14b">
         <name>.common:ui32TempAvg</name>
         <uninitialized>true</uninitialized>
         <run_address>0x20000c58</run_address>
         <size>0x4</size>
      </object_component>
      <object_component id="oc-14f">
         <name>.common:ui32OldAvg</name>
         <uninitialized>true</uninitialized>
         <run_address>0x20000c50</run_address>
         <size>0x4</size>
      </object_component>
      <object_component id="oc-1b4">
         <name>.common:ui32Load</name>
         <uninitialized>true</uninitialized>
         <run_address>0x20000c4c</run_address>
         <size>0x4</size>
      </object_component>
      <object_component id="oc-1b1">
         <name>.common:ui32PWMClock</name>
         <uninitialized>true</uninitialized>
         <run_address>0x20000c54</run_address>
         <size>0x4</size>
      </object_component>
      <object_component id="oc-1a5">
         <name>.common:ui8Adjust</name>
         <uninitialized>true</uninitialized>
         <run_address>0x20000c5e</run_address>
         <size>0x2</size>
      </object_component>
      <object_component id="oc-205">
         <name>.common:brightness</name>
         <uninitialized>true</uninitialized>
         <run_address>0x20000c48</run_address>
         <size>0x4</size>
      </object_component>
      <object_component id="oc-204">
         <name>.common:lightlevel</name>
         <uninitialized>true</uninitialized>
         <run_address>0x20000c5c</run_address>
         <size>0x2</size>
      </object_component>
      <object_component id="oc-1b2">
         <name>.common:ui8PulseAdjust_1</name>
         <uninitialized>true</uninitialized>
         <run_address>0x20000c60</run_address>
         <size>0x2</size>
      </object_component>
      <object_component id="oc-1b3">
         <name>.common:ui8PulseAdjust_2</name>
         <uninitialized>true</uninitialized>
         <run_address>0x20000c62</run_address>
         <size>0x2</size>
      </object_component>
      <object_component id="oc-1b0">
         <name>.common:ui8PulseAdjust_3</name>
         <uninitialized>true</uninitialized>
         <run_address>0x20000c64</run_address>
         <size>0x2</size>
      </object_component>
      <object_component id="oc-de">
         <name>.common:accel</name>
         <uninitialized>true</uninitialized>
         <run_address>0x20000c3c</run_address>
         <size>0xc</size>
      </object_component>
      <object_component id="oc-e1">
         <name>.common:p</name>
         <uninitialized>true</uninitialized>
         <run_address>0x20000c0c</run_address>
         <size>0x20</size>
      </object_component>
      <object_component id="oc-150">
         <name>.data</name>
         <load_address>0x20000be0</load_address>
         <run_address>0x20000be0</run_address>
         <size>0x1</size>
         <input_file_ref idref="fl-2"/>
      </object_component>
      <object_component id="oc-db">
         <name>.data</name>
         <load_address>0x20000ba8</load_address>
         <run_address>0x20000ba8</run_address>
         <size>0x18</size>
         <input_file_ref idref="fl-7"/>
      </object_component>
      <object_component id="oc-17a">
         <name>.data</name>
         <load_address>0x20000bc8</load_address>
         <run_address>0x20000bc8</run_address>
         <size>0x8</size>
         <input_file_ref idref="fl-142"/>
      </object_component>
      <object_component id="oc-7c">
         <name>.data</name>
         <load_address>0x20000bdc</load_address>
         <run_address>0x20000bdc</run_address>
         <size>0x4</size>
         <input_file_ref idref="fl-14e"/>
      </object_component>
      <object_component id="oc-289">
         <name>.data</name>
         <load_address>0x20000b28</load_address>
         <run_address>0x20000b28</run_address>
         <size>0x80</size>
         <input_file_ref idref="fl-155"/>
      </object_component>
      <object_component id="oc-177">
         <name>.data</name>
         <load_address>0x20000bc0</load_address>
         <run_address>0x20000bc0</run_address>
         <size>0x8</size>
         <input_file_ref idref="fl-156"/>
      </object_component>
      <object_component id="oc-2d3">
         <name>.data</name>
         <load_address>0x20000bd8</load_address>
         <run_address>0x20000bd8</run_address>
         <size>0x4</size>
         <input_file_ref idref="fl-15a"/>
      </object_component>
      <object_component id="oc-2f6">
         <name>.data</name>
         <load_address>0x20000bd0</load_address>
         <run_address>0x20000bd0</run_address>
         <size>0x8</size>
         <input_file_ref idref="fl-15b"/>
      </object_component>
      <object_component id="oc-317">
         <name>.data:sigtable</name>
         <load_address>0x20000a78</load_address>
         <run_address>0x20000a78</run_address>
         <size>0xb0</size>
         <input_file_ref idref="fl-15e"/>
      </object_component>
      <object_component id="oc-14c">
         <name>.debug_info</name>
         <load_address>0x0</load_address>
         <run_address>0x0</run_address>
         <size>0x35b</size>
         <input_file_ref idref="fl-2"/>
      </object_component>
      <object_component id="oc-37">
         <name>.debug_info</name>
         <load_address>0x35b</load_address>
         <run_address>0x35b</run_address>
         <size>0x6d9</size>
         <input_file_ref idref="fl-2"/>
      </object_component>
      <object_component id="oc-260">
         <name>.debug_info</name>
         <load_address>0xa34</load_address>
         <run_address>0xa34</run_address>
         <size>0xc8</size>
         <input_file_ref idref="fl-2"/>
      </object_component>
      <object_component id="oc-110">
         <name>.debug_info</name>
         <load_address>0xafc</load_address>
         <run_address>0xafc</run_address>
         <size>0x8b</size>
         <input_file_ref idref="fl-2"/>
      </object_component>
      <object_component id="oc-10b">
         <name>.debug_info</name>
         <load_address>0xb87</load_address>
         <run_address>0xb87</run_address>
         <size>0x18b</size>
         <input_file_ref idref="fl-2"/>
      </object_component>
      <object_component id="oc-1a6">
         <name>.debug_info</name>
         <load_address>0xd12</load_address>
         <run_address>0xd12</run_address>
         <size>0x134</size>
         <input_file_ref idref="fl-3"/>
      </object_component>
      <object_component id="oc-fb">
         <name>.debug_info</name>
         <load_address>0xe46</load_address>
         <run_address>0xe46</run_address>
         <size>0x1e2</size>
         <input_file_ref idref="fl-3"/>
      </object_component>
      <object_component id="oc-154">
         <name>.debug_info</name>
         <load_address>0x1028</load_address>
         <run_address>0x1028</run_address>
         <size>0x84</size>
         <input_file_ref idref="fl-3"/>
      </object_component>
      <object_component id="oc-1df">
         <name>.debug_info</name>
         <load_address>0x10ac</load_address>
         <run_address>0x10ac</run_address>
         <size>0x17e</size>
         <input_file_ref idref="fl-4"/>
      </object_component>
      <object_component id="oc-ac">
         <name>.debug_info</name>
         <load_address>0x122a</load_address>
         <run_address>0x122a</run_address>
         <size>0x8f2</size>
         <input_file_ref idref="fl-4"/>
      </object_component>
      <object_component id="oc-1ec">
         <name>.debug_info</name>
         <load_address>0x1b1c</load_address>
         <run_address>0x1b1c</run_address>
         <size>0xee</size>
         <input_file_ref idref="fl-4"/>
      </object_component>
      <object_component id="oc-f5">
         <name>.debug_info</name>
         <load_address>0x1c0a</load_address>
         <run_address>0x1c0a</run_address>
         <size>0x327</size>
         <input_file_ref idref="fl-5"/>
      </object_component>
      <object_component id="oc-1a8">
         <name>.debug_info</name>
         <load_address>0x1f31</load_address>
         <run_address>0x1f31</run_address>
         <size>0x17d</size>
         <input_file_ref idref="fl-6"/>
      </object_component>
      <object_component id="oc-ef">
         <name>.debug_info</name>
         <load_address>0x20ae</load_address>
         <run_address>0x20ae</run_address>
         <size>0x25a</size>
         <input_file_ref idref="fl-6"/>
      </object_component>
      <object_component id="oc-df">
         <name>.debug_info</name>
         <load_address>0x2308</load_address>
         <run_address>0x2308</run_address>
         <size>0x9a9</size>
         <input_file_ref idref="fl-7"/>
      </object_component>
      <object_component id="oc-108">
         <name>.debug_info</name>
         <load_address>0x2cb1</load_address>
         <run_address>0x2cb1</run_address>
         <size>0xc2</size>
         <input_file_ref idref="fl-7"/>
      </object_component>
      <object_component id="oc-dc">
         <name>.debug_info</name>
         <load_address>0x2d73</load_address>
         <run_address>0x2d73</run_address>
         <size>0x104</size>
         <input_file_ref idref="fl-7"/>
      </object_component>
      <object_component id="oc-31">
         <name>.debug_info</name>
         <load_address>0x2e77</load_address>
         <run_address>0x2e77</run_address>
         <size>0xb44</size>
         <input_file_ref idref="fl-7"/>
      </object_component>
      <object_component id="oc-1f1">
         <name>.debug_info</name>
         <load_address>0x39bb</load_address>
         <run_address>0x39bb</run_address>
         <size>0x9e</size>
         <input_file_ref idref="fl-7"/>
      </object_component>
      <object_component id="oc-1aa">
         <name>.debug_info</name>
         <load_address>0x3a59</load_address>
         <run_address>0x3a59</run_address>
         <size>0x265</size>
         <input_file_ref idref="fl-8"/>
      </object_component>
      <object_component id="oc-9a">
         <name>.debug_info</name>
         <load_address>0x3cbe</load_address>
         <run_address>0x3cbe</run_address>
         <size>0x4a3</size>
         <input_file_ref idref="fl-8"/>
      </object_component>
      <object_component id="oc-1be">
         <name>.debug_info</name>
         <load_address>0x4161</load_address>
         <run_address>0x4161</run_address>
         <size>0x19c</size>
         <input_file_ref idref="fl-9"/>
      </object_component>
      <object_component id="oc-a6">
         <name>.debug_info</name>
         <load_address>0x42fd</load_address>
         <run_address>0x42fd</run_address>
         <size>0x636</size>
         <input_file_ref idref="fl-9"/>
      </object_component>
      <object_component id="oc-1ac">
         <name>.debug_info</name>
         <load_address>0x4933</load_address>
         <run_address>0x4933</run_address>
         <size>0x1d8</size>
         <input_file_ref idref="fl-a"/>
      </object_component>
      <object_component id="oc-e9">
         <name>.debug_info</name>
         <load_address>0x4b0b</load_address>
         <run_address>0x4b0b</run_address>
         <size>0x3a3</size>
         <input_file_ref idref="fl-a"/>
      </object_component>
      <object_component id="oc-3e">
         <name>.debug_info</name>
         <load_address>0x4eae</load_address>
         <run_address>0x4eae</run_address>
         <size>0x1c2</size>
         <input_file_ref idref="fl-b"/>
      </object_component>
      <object_component id="oc-10">
         <name>.debug_info</name>
         <load_address>0x5070</load_address>
         <run_address>0x5070</run_address>
         <size>0xe7</size>
         <input_file_ref idref="fl-b"/>
      </object_component>
      <object_component id="oc-2b">
         <name>.debug_info</name>
         <load_address>0x5157</load_address>
         <run_address>0x5157</run_address>
         <size>0x261</size>
         <input_file_ref idref="fl-b"/>
      </object_component>
      <object_component id="oc-1ae">
         <name>.debug_info</name>
         <load_address>0x53b8</load_address>
         <run_address>0x53b8</run_address>
         <size>0x230</size>
         <input_file_ref idref="fl-c"/>
      </object_component>
      <object_component id="oc-e3">
         <name>.debug_info</name>
         <load_address>0x55e8</load_address>
         <run_address>0x55e8</run_address>
         <size>0x34a</size>
         <input_file_ref idref="fl-c"/>
      </object_component>
      <object_component id="oc-215">
         <name>.debug_info</name>
         <load_address>0x5932</load_address>
         <run_address>0x5932</run_address>
         <size>0x23d</size>
         <input_file_ref idref="fl-13"/>
      </object_component>
      <object_component id="oc-131">
         <name>.debug_info</name>
         <load_address>0x5b6f</load_address>
         <run_address>0x5b6f</run_address>
         <size>0x2e7</size>
         <input_file_ref idref="fl-13"/>
      </object_component>
      <object_component id="oc-218">
         <name>.debug_info</name>
         <load_address>0x5e56</load_address>
         <run_address>0x5e56</run_address>
         <size>0x203</size>
         <input_file_ref idref="fl-14"/>
      </object_component>
      <object_component id="oc-13a">
         <name>.debug_info</name>
         <load_address>0x6059</load_address>
         <run_address>0x6059</run_address>
         <size>0x2c8</size>
         <input_file_ref idref="fl-14"/>
      </object_component>
      <object_component id="oc-134">
         <name>.debug_info</name>
         <load_address>0x6321</load_address>
         <run_address>0x6321</run_address>
         <size>0x257</size>
         <input_file_ref idref="fl-14"/>
      </object_component>
      <object_component id="oc-195">
         <name>.debug_info</name>
         <load_address>0x6578</load_address>
         <run_address>0x6578</run_address>
         <size>0x230</size>
         <input_file_ref idref="fl-15"/>
      </object_component>
      <object_component id="oc-242">
         <name>.debug_info</name>
         <load_address>0x67a8</load_address>
         <run_address>0x67a8</run_address>
         <size>0x167</size>
         <input_file_ref idref="fl-15"/>
      </object_component>
      <object_component id="oc-245">
         <name>.debug_info</name>
         <load_address>0x690f</load_address>
         <run_address>0x690f</run_address>
         <size>0x169</size>
         <input_file_ref idref="fl-15"/>
      </object_component>
      <object_component id="oc-140">
         <name>.debug_info</name>
         <load_address>0x6a78</load_address>
         <run_address>0x6a78</run_address>
         <size>0x2a3</size>
         <input_file_ref idref="fl-15"/>
      </object_component>
      <object_component id="oc-122">
         <name>.debug_info</name>
         <load_address>0x6d1b</load_address>
         <run_address>0x6d1b</run_address>
         <size>0x2b3</size>
         <input_file_ref idref="fl-15"/>
      </object_component>
      <object_component id="oc-128">
         <name>.debug_info</name>
         <load_address>0x6fce</load_address>
         <run_address>0x6fce</run_address>
         <size>0x316</size>
         <input_file_ref idref="fl-15"/>
      </object_component>
      <object_component id="oc-11c">
         <name>.debug_info</name>
         <load_address>0x72e4</load_address>
         <run_address>0x72e4</run_address>
         <size>0x2b7</size>
         <input_file_ref idref="fl-15"/>
      </object_component>
      <object_component id="oc-88">
         <name>.debug_info</name>
         <load_address>0x759b</load_address>
         <run_address>0x759b</run_address>
         <size>0x285</size>
         <input_file_ref idref="fl-15"/>
      </object_component>
      <object_component id="oc-146">
         <name>.debug_info</name>
         <load_address>0x7820</load_address>
         <run_address>0x7820</run_address>
         <size>0x27b</size>
         <input_file_ref idref="fl-15"/>
      </object_component>
      <object_component id="oc-183">
         <name>.debug_info</name>
         <load_address>0x7a9b</load_address>
         <run_address>0x7a9b</run_address>
         <size>0x27e</size>
         <input_file_ref idref="fl-15"/>
      </object_component>
      <object_component id="oc-8e">
         <name>.debug_info</name>
         <load_address>0x7d19</load_address>
         <run_address>0x7d19</run_address>
         <size>0x2bb</size>
         <input_file_ref idref="fl-15"/>
      </object_component>
      <object_component id="oc-82">
         <name>.debug_info</name>
         <load_address>0x7fd4</load_address>
         <run_address>0x7fd4</run_address>
         <size>0x2cf</size>
         <input_file_ref idref="fl-15"/>
      </object_component>
      <object_component id="oc-94">
         <name>.debug_info</name>
         <load_address>0x82a3</load_address>
         <run_address>0x82a3</run_address>
         <size>0x28f</size>
         <input_file_ref idref="fl-15"/>
      </object_component>
      <object_component id="oc-d6">
         <name>.debug_info</name>
         <load_address>0x8532</load_address>
         <run_address>0x8532</run_address>
         <size>0x28d</size>
         <input_file_ref idref="fl-15"/>
      </object_component>
      <object_component id="oc-24c">
         <name>.debug_info</name>
         <load_address>0x87bf</load_address>
         <run_address>0x87bf</run_address>
         <size>0x20e</size>
         <input_file_ref idref="fl-16"/>
      </object_component>
      <object_component id="oc-24e">
         <name>.debug_info</name>
         <load_address>0x89cd</load_address>
         <run_address>0x89cd</run_address>
         <size>0x210</size>
         <input_file_ref idref="fl-16"/>
      </object_component>
      <object_component id="oc-249">
         <name>.debug_info</name>
         <load_address>0x8bdd</load_address>
         <run_address>0x8bdd</run_address>
         <size>0x157</size>
         <input_file_ref idref="fl-16"/>
      </object_component>
      <object_component id="oc-189">
         <name>.debug_info</name>
         <load_address>0x8d34</load_address>
         <run_address>0x8d34</run_address>
         <size>0x2c1</size>
         <input_file_ref idref="fl-16"/>
      </object_component>
      <object_component id="oc-18f">
         <name>.debug_info</name>
         <load_address>0x8ff5</load_address>
         <run_address>0x8ff5</run_address>
         <size>0x268</size>
         <input_file_ref idref="fl-16"/>
      </object_component>
      <object_component id="oc-254">
         <name>.debug_info</name>
         <load_address>0x925d</load_address>
         <run_address>0x925d</run_address>
         <size>0x1ed</size>
         <input_file_ref idref="fl-17"/>
      </object_component>
      <object_component id="oc-1a1">
         <name>.debug_info</name>
         <load_address>0x944a</load_address>
         <run_address>0x944a</run_address>
         <size>0x2b6</size>
         <input_file_ref idref="fl-17"/>
      </object_component>
      <object_component id="oc-19b">
         <name>.debug_info</name>
         <load_address>0x9700</load_address>
         <run_address>0x9700</run_address>
         <size>0x2b3</size>
         <input_file_ref idref="fl-17"/>
      </object_component>
      <object_component id="oc-210">
         <name>.debug_info</name>
         <load_address>0x99b3</load_address>
         <run_address>0x99b3</run_address>
         <size>0x27f</size>
         <input_file_ref idref="fl-18"/>
      </object_component>
      <object_component id="oc-20a">
         <name>.debug_info</name>
         <load_address>0x9c32</load_address>
         <run_address>0x9c32</run_address>
         <size>0x14d</size>
         <input_file_ref idref="fl-18"/>
      </object_component>
      <object_component id="oc-116">
         <name>.debug_info</name>
         <load_address>0x9d7f</load_address>
         <run_address>0x9d7f</run_address>
         <size>0x27d</size>
         <input_file_ref idref="fl-18"/>
      </object_component>
      <object_component id="oc-101">
         <name>.debug_info</name>
         <load_address>0x9ffc</load_address>
         <run_address>0x9ffc</run_address>
         <size>0x2b5</size>
         <input_file_ref idref="fl-18"/>
      </object_component>
      <object_component id="oc-29b">
         <name>.debug_info</name>
         <load_address>0xa2b1</load_address>
         <run_address>0xa2b1</run_address>
         <size>0x5f</size>
         <input_file_ref idref="fl-18"/>
      </object_component>
      <object_component id="oc-1b7">
         <name>.debug_info</name>
         <load_address>0xa310</load_address>
         <run_address>0xa310</run_address>
         <size>0x223</size>
         <input_file_ref idref="fl-19"/>
      </object_component>
      <object_component id="oc-a0">
         <name>.debug_info</name>
         <load_address>0xa533</load_address>
         <run_address>0xa533</run_address>
         <size>0x292</size>
         <input_file_ref idref="fl-19"/>
      </object_component>
      <object_component id="oc-1e1">
         <name>.debug_info</name>
         <load_address>0xa7c5</load_address>
         <run_address>0xa7c5</run_address>
         <size>0x227</size>
         <input_file_ref idref="fl-1a"/>
      </object_component>
      <object_component id="oc-b8">
         <name>.debug_info</name>
         <load_address>0xa9ec</load_address>
         <run_address>0xa9ec</run_address>
         <size>0x27f</size>
         <input_file_ref idref="fl-1a"/>
      </object_component>
      <object_component id="oc-be">
         <name>.debug_info</name>
         <load_address>0xac6b</load_address>
         <run_address>0xac6b</run_address>
         <size>0x28d</size>
         <input_file_ref idref="fl-1a"/>
      </object_component>
      <object_component id="oc-ca">
         <name>.debug_info</name>
         <load_address>0xaef8</load_address>
         <run_address>0xaef8</run_address>
         <size>0x253</size>
         <input_file_ref idref="fl-1a"/>
      </object_component>
      <object_component id="oc-1fd">
         <name>.debug_info</name>
         <load_address>0xb14b</load_address>
         <run_address>0xb14b</run_address>
         <size>0x28d</size>
         <input_file_ref idref="fl-1a"/>
      </object_component>
      <object_component id="oc-b2">
         <name>.debug_info</name>
         <load_address>0xb3d8</load_address>
         <run_address>0xb3d8</run_address>
         <size>0x273</size>
         <input_file_ref idref="fl-1a"/>
      </object_component>
      <object_component id="oc-c4">
         <name>.debug_info</name>
         <load_address>0xb64b</load_address>
         <run_address>0xb64b</run_address>
         <size>0x263</size>
         <input_file_ref idref="fl-1a"/>
      </object_component>
      <object_component id="oc-d0">
         <name>.debug_info</name>
         <load_address>0xb8ae</load_address>
         <run_address>0xb8ae</run_address>
         <size>0x24d</size>
         <input_file_ref idref="fl-1a"/>
      </object_component>
      <object_component id="oc-28d">
         <name>.debug_info</name>
         <load_address>0xbafb</load_address>
         <run_address>0xbafb</run_address>
         <size>0x178</size>
         <input_file_ref idref="fl-13d"/>
      </object_component>
      <object_component id="oc-1cf">
         <name>.debug_info</name>
         <load_address>0xbc73</load_address>
         <run_address>0xbc73</run_address>
         <size>0x247</size>
         <input_file_ref idref="fl-13d"/>
      </object_component>
      <object_component id="oc-2d9">
         <name>.debug_info</name>
         <load_address>0xbeba</load_address>
         <run_address>0xbeba</run_address>
         <size>0x86</size>
         <input_file_ref idref="fl-13d"/>
      </object_component>
      <object_component id="oc-25">
         <name>.debug_info</name>
         <load_address>0xbf40</load_address>
         <run_address>0xbf40</run_address>
         <size>0x134</size>
         <input_file_ref idref="fl-13e"/>
      </object_component>
      <object_component id="oc-4a">
         <name>.debug_info</name>
         <load_address>0xc074</load_address>
         <run_address>0xc074</run_address>
         <size>0x121</size>
         <input_file_ref idref="fl-13f"/>
      </object_component>
      <object_component id="oc-13">
         <name>.debug_info</name>
         <load_address>0xc195</load_address>
         <run_address>0xc195</run_address>
         <size>0x1c0</size>
         <input_file_ref idref="fl-13f"/>
      </object_component>
      <object_component id="oc-45">
         <name>.debug_info</name>
         <load_address>0xc355</load_address>
         <run_address>0xc355</run_address>
         <size>0x46</size>
         <input_file_ref idref="fl-13f"/>
      </object_component>
      <object_component id="oc-15a">
         <name>.debug_info</name>
         <load_address>0xc39b</load_address>
         <run_address>0xc39b</run_address>
         <size>0x2c</size>
         <input_file_ref idref="fl-13f"/>
      </object_component>
      <object_component id="oc-52">
         <name>.debug_info</name>
         <load_address>0xc3c7</load_address>
         <run_address>0xc3c7</run_address>
         <size>0x115</size>
         <input_file_ref idref="fl-140"/>
      </object_component>
      <object_component id="oc-4c">
         <name>.debug_info</name>
         <load_address>0xc4dc</load_address>
         <run_address>0xc4dc</run_address>
         <size>0x228</size>
         <input_file_ref idref="fl-140"/>
      </object_component>
      <object_component id="oc-19">
         <name>.debug_info</name>
         <load_address>0xc704</load_address>
         <run_address>0xc704</run_address>
         <size>0x192</size>
         <input_file_ref idref="fl-140"/>
      </object_component>
      <object_component id="oc-53">
         <name>.debug_info</name>
         <load_address>0xc896</load_address>
         <run_address>0xc896</run_address>
         <size>0x39</size>
         <input_file_ref idref="fl-140"/>
      </object_component>
      <object_component id="oc-164">
         <name>.debug_info</name>
         <load_address>0xc8cf</load_address>
         <run_address>0xc8cf</run_address>
         <size>0x2c</size>
         <input_file_ref idref="fl-140"/>
      </object_component>
      <object_component id="oc-63">
         <name>.debug_info</name>
         <load_address>0xc8fb</load_address>
         <run_address>0xc8fb</run_address>
         <size>0x110</size>
         <input_file_ref idref="fl-141"/>
      </object_component>
      <object_component id="oc-1f">
         <name>.debug_info</name>
         <load_address>0xca0b</load_address>
         <run_address>0xca0b</run_address>
         <size>0x18b</size>
         <input_file_ref idref="fl-141"/>
      </object_component>
      <object_component id="oc-5e">
         <name>.debug_info</name>
         <load_address>0xcb96</load_address>
         <run_address>0xcb96</run_address>
         <size>0x46</size>
         <input_file_ref idref="fl-141"/>
      </object_component>
      <object_component id="oc-17e">
         <name>.debug_info</name>
         <load_address>0xcbdc</load_address>
         <run_address>0xcbdc</run_address>
         <size>0x172</size>
         <input_file_ref idref="fl-142"/>
      </object_component>
      <object_component id="oc-17b">
         <name>.debug_info</name>
         <load_address>0xcd4e</load_address>
         <run_address>0xcd4e</run_address>
         <size>0x117</size>
         <input_file_ref idref="fl-142"/>
      </object_component>
      <object_component id="oc-79">
         <name>.debug_info</name>
         <load_address>0xce65</load_address>
         <run_address>0xce65</run_address>
         <size>0x1ee</size>
         <input_file_ref idref="fl-142"/>
      </object_component>
      <object_component id="oc-274">
         <name>.debug_info</name>
         <load_address>0xd053</load_address>
         <run_address>0xd053</run_address>
         <size>0x129</size>
         <input_file_ref idref="fl-143"/>
      </object_component>
      <object_component id="oc-26e">
         <name>.debug_info</name>
         <load_address>0xd17c</load_address>
         <run_address>0xd17c</run_address>
         <size>0x105</size>
         <input_file_ref idref="fl-144"/>
      </object_component>
      <object_component id="oc-1da">
         <name>.debug_info</name>
         <load_address>0xd281</load_address>
         <run_address>0xd281</run_address>
         <size>0x107</size>
         <input_file_ref idref="fl-144"/>
      </object_component>
      <object_component id="oc-1ca">
         <name>.debug_info</name>
         <load_address>0xd388</load_address>
         <run_address>0xd388</run_address>
         <size>0x117</size>
         <input_file_ref idref="fl-145"/>
      </object_component>
      <object_component id="oc-1c5">
         <name>.debug_info</name>
         <load_address>0xd49f</load_address>
         <run_address>0xd49f</run_address>
         <size>0x117</size>
         <input_file_ref idref="fl-146"/>
      </object_component>
      <object_component id="oc-1d5">
         <name>.debug_info</name>
         <load_address>0xd5b6</load_address>
         <run_address>0xd5b6</run_address>
         <size>0x10b</size>
         <input_file_ref idref="fl-147"/>
      </object_component>
      <object_component id="oc-1c0">
         <name>.debug_info</name>
         <load_address>0xd6c1</load_address>
         <run_address>0xd6c1</run_address>
         <size>0x109</size>
         <input_file_ref idref="fl-148"/>
      </object_component>
      <object_component id="oc-1b9">
         <name>.debug_info</name>
         <load_address>0xd7ca</load_address>
         <run_address>0xd7ca</run_address>
         <size>0xff</size>
         <input_file_ref idref="fl-149"/>
      </object_component>
      <object_component id="oc-40">
         <name>.debug_info</name>
         <load_address>0xd8c9</load_address>
         <run_address>0xd8c9</run_address>
         <size>0xf6</size>
         <input_file_ref idref="fl-14a"/>
      </object_component>
      <object_component id="oc-59">
         <name>.debug_info</name>
         <load_address>0xd9bf</load_address>
         <run_address>0xd9bf</run_address>
         <size>0x124</size>
         <input_file_ref idref="fl-14b"/>
      </object_component>
      <object_component id="oc-65">
         <name>.debug_info</name>
         <load_address>0xdae3</load_address>
         <run_address>0xdae3</run_address>
         <size>0x129</size>
         <input_file_ref idref="fl-14c"/>
      </object_component>
      <object_component id="oc-278">
         <name>.debug_info</name>
         <load_address>0xdc0c</load_address>
         <run_address>0xdc0c</run_address>
         <size>0x263</size>
         <input_file_ref idref="fl-14d"/>
      </object_component>
      <object_component id="oc-7d">
         <name>.debug_info</name>
         <load_address>0xde6f</load_address>
         <run_address>0xde6f</run_address>
         <size>0xea</size>
         <input_file_ref idref="fl-14e"/>
      </object_component>
      <object_component id="oc-295">
         <name>.debug_info</name>
         <load_address>0xdf59</load_address>
         <run_address>0xdf59</run_address>
         <size>0xcb</size>
         <input_file_ref idref="fl-14f"/>
      </object_component>
      <object_component id="oc-1f7">
         <name>.debug_info</name>
         <load_address>0xe024</load_address>
         <run_address>0xe024</run_address>
         <size>0x1f7</size>
         <input_file_ref idref="fl-14f"/>
      </object_component>
      <object_component id="oc-2ee">
         <name>.debug_info</name>
         <load_address>0xe21b</load_address>
         <run_address>0xe21b</run_address>
         <size>0x146</size>
         <input_file_ref idref="fl-151"/>
      </object_component>
      <object_component id="oc-2ca">
         <name>.debug_info</name>
         <load_address>0xe361</load_address>
         <run_address>0xe361</run_address>
         <size>0x11e</size>
         <input_file_ref idref="fl-151"/>
      </object_component>
      <object_component id="oc-27e">
         <name>.debug_info</name>
         <load_address>0xe47f</load_address>
         <run_address>0xe47f</run_address>
         <size>0x32c</size>
         <input_file_ref idref="fl-151"/>
      </object_component>
      <object_component id="oc-2eb">
         <name>.debug_info</name>
         <load_address>0xe7ab</load_address>
         <run_address>0xe7ab</run_address>
         <size>0x111</size>
         <input_file_ref idref="fl-152"/>
      </object_component>
      <object_component id="oc-2c3">
         <name>.debug_info</name>
         <load_address>0xe8bc</load_address>
         <run_address>0xe8bc</run_address>
         <size>0x192</size>
         <input_file_ref idref="fl-152"/>
      </object_component>
      <object_component id="oc-2e9">
         <name>.debug_info</name>
         <load_address>0xea4e</load_address>
         <run_address>0xea4e</run_address>
         <size>0xfb</size>
         <input_file_ref idref="fl-153"/>
      </object_component>
      <object_component id="oc-2be">
         <name>.debug_info</name>
         <load_address>0xeb49</load_address>
         <run_address>0xeb49</run_address>
         <size>0x173</size>
         <input_file_ref idref="fl-153"/>
      </object_component>
      <object_component id="oc-284">
         <name>.debug_info</name>
         <load_address>0xecbc</load_address>
         <run_address>0xecbc</run_address>
         <size>0x153</size>
         <input_file_ref idref="fl-154"/>
      </object_component>
      <object_component id="oc-28a">
         <name>.debug_info</name>
         <load_address>0xee0f</load_address>
         <run_address>0xee0f</run_address>
         <size>0x1b5</size>
         <input_file_ref idref="fl-155"/>
      </object_component>
      <object_component id="oc-23b">
         <name>.debug_info</name>
         <load_address>0xefc4</load_address>
         <run_address>0xefc4</run_address>
         <size>0x105</size>
         <input_file_ref idref="fl-156"/>
      </object_component>
      <object_component id="oc-178">
         <name>.debug_info</name>
         <load_address>0xf0c9</load_address>
         <run_address>0xf0c9</run_address>
         <size>0xf4</size>
         <input_file_ref idref="fl-156"/>
      </object_component>
      <object_component id="oc-236">
         <name>.debug_info</name>
         <load_address>0xf1bd</load_address>
         <run_address>0xf1bd</run_address>
         <size>0x200</size>
         <input_file_ref idref="fl-156"/>
      </object_component>
      <object_component id="oc-176">
         <name>.debug_info</name>
         <load_address>0xf3bd</load_address>
         <run_address>0xf3bd</run_address>
         <size>0x147</size>
         <input_file_ref idref="fl-157"/>
      </object_component>
      <object_component id="oc-71">
         <name>.debug_info</name>
         <load_address>0xf504</load_address>
         <run_address>0xf504</run_address>
         <size>0x148</size>
         <input_file_ref idref="fl-157"/>
      </object_component>
      <object_component id="oc-22e">
         <name>.debug_info</name>
         <load_address>0xf64c</load_address>
         <run_address>0xf64c</run_address>
         <size>0x5e</size>
         <input_file_ref idref="fl-157"/>
      </object_component>
      <object_component id="oc-174">
         <name>.debug_info</name>
         <load_address>0xf6aa</load_address>
         <run_address>0xf6aa</run_address>
         <size>0x29e</size>
         <input_file_ref idref="fl-158"/>
      </object_component>
      <object_component id="oc-6b">
         <name>.debug_info</name>
         <load_address>0xf948</load_address>
         <run_address>0xf948</run_address>
         <size>0x158</size>
         <input_file_ref idref="fl-158"/>
      </object_component>
      <object_component id="oc-222">
         <name>.debug_info</name>
         <load_address>0xfaa0</load_address>
         <run_address>0xfaa0</run_address>
         <size>0x39</size>
         <input_file_ref idref="fl-158"/>
      </object_component>
      <object_component id="oc-227">
         <name>.debug_info</name>
         <load_address>0xfad9</load_address>
         <run_address>0xfad9</run_address>
         <size>0xcd</size>
         <input_file_ref idref="fl-158"/>
      </object_component>
      <object_component id="oc-21f">
         <name>.debug_info</name>
         <load_address>0xfba6</load_address>
         <run_address>0xfba6</run_address>
         <size>0x1c1</size>
         <input_file_ref idref="fl-159"/>
      </object_component>
      <object_component id="oc-16e">
         <name>.debug_info</name>
         <load_address>0xfd67</load_address>
         <run_address>0xfd67</run_address>
         <size>0x164</size>
         <input_file_ref idref="fl-159"/>
      </object_component>
      <object_component id="oc-2a6">
         <name>.debug_info</name>
         <load_address>0xfecb</load_address>
         <run_address>0xfecb</run_address>
         <size>0x2c</size>
         <input_file_ref idref="fl-159"/>
      </object_component>
      <object_component id="oc-2d4">
         <name>.debug_info</name>
         <load_address>0xfef7</load_address>
         <run_address>0xfef7</run_address>
         <size>0xd6</size>
         <input_file_ref idref="fl-15a"/>
      </object_component>
      <object_component id="oc-313">
         <name>.debug_info</name>
         <load_address>0xffcd</load_address>
         <run_address>0xffcd</run_address>
         <size>0x13e</size>
         <input_file_ref idref="fl-15b"/>
      </object_component>
      <object_component id="oc-2f7">
         <name>.debug_info</name>
         <load_address>0x1010b</load_address>
         <run_address>0x1010b</run_address>
         <size>0x10e</size>
         <input_file_ref idref="fl-15b"/>
      </object_component>
      <object_component id="oc-2ce">
         <name>.debug_info</name>
         <load_address>0x10219</load_address>
         <run_address>0x10219</run_address>
         <size>0x16f</size>
         <input_file_ref idref="fl-15b"/>
      </object_component>
      <object_component id="oc-30e">
         <name>.debug_info</name>
         <load_address>0x10388</load_address>
         <run_address>0x10388</run_address>
         <size>0x6f</size>
         <input_file_ref idref="fl-15b"/>
      </object_component>
      <object_component id="oc-30b">
         <name>.debug_info</name>
         <load_address>0x103f7</load_address>
         <run_address>0x103f7</run_address>
         <size>0xfd</size>
         <input_file_ref idref="fl-15d"/>
      </object_component>
      <object_component id="oc-2f1">
         <name>.debug_info</name>
         <load_address>0x104f4</load_address>
         <run_address>0x104f4</run_address>
         <size>0x154</size>
         <input_file_ref idref="fl-15d"/>
      </object_component>
      <object_component id="oc-31e">
         <name>.debug_info</name>
         <load_address>0x10648</load_address>
         <run_address>0x10648</run_address>
         <size>0x2c</size>
         <input_file_ref idref="fl-15d"/>
      </object_component>
      <object_component id="oc-31b">
         <name>.debug_info</name>
         <load_address>0x10674</load_address>
         <run_address>0x10674</run_address>
         <size>0x11d</size>
         <input_file_ref idref="fl-15e"/>
      </object_component>
      <object_component id="oc-318">
         <name>.debug_info</name>
         <load_address>0x10791</load_address>
         <run_address>0x10791</run_address>
         <size>0xdb</size>
         <input_file_ref idref="fl-15e"/>
      </object_component>
      <object_component id="oc-305">
         <name>.debug_info</name>
         <load_address>0x1086c</load_address>
         <run_address>0x1086c</run_address>
         <size>0x16a</size>
         <input_file_ref idref="fl-15e"/>
      </object_component>
      <object_component id="oc-2fd">
         <name>.debug_info</name>
         <load_address>0x109d6</load_address>
         <run_address>0x109d6</run_address>
         <size>0xc6</size>
         <input_file_ref idref="fl-15f"/>
      </object_component>
      <object_component id="oc-2e4">
         <name>.debug_info</name>
         <load_address>0x10a9c</load_address>
         <run_address>0x10a9c</run_address>
         <size>0x14d</size>
         <input_file_ref idref="fl-15f"/>
      </object_component>
      <object_component id="oc-350">
         <name>.debug_info</name>
         <load_address>0x10be9</load_address>
         <run_address>0x10be9</run_address>
         <size>0xa1</size>
      </object_component>
      <object_component id="oc-21d">
         <name>.debug_line</name>
         <load_address>0x0</load_address>
         <run_address>0x0</run_address>
         <size>0x10e</size>
         <input_file_ref idref="fl-2"/>
      </object_component>
      <object_component id="oc-3a">
         <name>.debug_line</name>
         <load_address>0x10e</load_address>
         <run_address>0x10e</run_address>
         <size>0x18e</size>
         <input_file_ref idref="fl-2"/>
      </object_component>
      <object_component id="oc-263">
         <name>.debug_line</name>
         <load_address>0x29c</load_address>
         <run_address>0x29c</run_address>
         <size>0x5f</size>
         <input_file_ref idref="fl-2"/>
      </object_component>
      <object_component id="oc-113">
         <name>.debug_line</name>
         <load_address>0x2fb</load_address>
         <run_address>0x2fb</run_address>
         <size>0x20</size>
         <input_file_ref idref="fl-2"/>
      </object_component>
      <object_component id="oc-10e">
         <name>.debug_line</name>
         <load_address>0x31b</load_address>
         <run_address>0x31b</run_address>
         <size>0x60</size>
         <input_file_ref idref="fl-2"/>
      </object_component>
      <object_component id="oc-257">
         <name>.debug_line</name>
         <load_address>0x37b</load_address>
         <run_address>0x37b</run_address>
         <size>0x35</size>
         <input_file_ref idref="fl-3"/>
      </object_component>
      <object_component id="oc-fe">
         <name>.debug_line</name>
         <load_address>0x3b0</load_address>
         <run_address>0x3b0</run_address>
         <size>0x6c</size>
         <input_file_ref idref="fl-3"/>
      </object_component>
      <object_component id="oc-157">
         <name>.debug_line</name>
[...]
      <symbol id="sm-1a0">
         <name>ui8PulseAdjust_3</name>
         <value>0x20000c64</value>
      </symbol>
      <symbol id="sm-1a1">
         <name>accel</name>
         <value>0x20000c3c</value>
      </symbol>
      <symbol id="sm-1a2">
         <name>p</name>
         <value>0x20000c0c</value>
      </symbol>
      <symbol id="sm-1a3">
         <name>gpioInterruptInit</name>
         <value>0x26d</value>
         <object_component_ref idref="oc-30"/>
      </symbol>
      <symbol id="sm-1a4">
         <name>UART7IntHandler</name>
         <value>0x439</value>
         <object_component_ref idref="oc-30"/>
      </symbol>
      <symbol id="sm-1a5">
         <name>UART0IntHandler</name>
         <value>0x3eb</value>
         <object_component_ref idref="oc-30"/>
      </symbol>
      <symbol id="sm-1a6">
         <name>main</name>
         <value>0x515</value>
         <object_component_ref idref="oc-30"/>
      </symbol>
      <symbol id="sm-1a7">
         <name>PortAIntHandler</name>
         <value>0x4b1</value>
         <object_component_ref idref="oc-30"/>
      </symbol>
      <symbol id="sm-1a8">
         <name>SetBitCount</name>
         <value>0x927</value>
         <object_component_ref idref="oc-30"/>
      </symbol>
      <symbol id="sm-1a9">
         <name>Timer0IntHandler</name>
         <value>0x2c7</value>
         <object_component_ref idref="oc-30"/>
      </symbol>
      <symbol id="sm-1aa">
         <name>Timer1IntHandler</name>
         <value>0x29b</value>
         <object_component_ref idref="oc-30"/>
      </symbol>
      <symbol id="sm-1fe">
         <name>motorsSetPulseWidth</name>
         <value>0xb49</value>
         <object_component_ref idref="oc-99"/>
      </symbol>
      <symbol id="sm-1ff">
         <name>motorsVariable</name>
         <value>0xe53</value>
         <object_component_ref idref="oc-99"/>
      </symbol>
      <symbol id="sm-200">
         <name>motorsInit</name>
         <value>0x969</value>
         <object_component_ref idref="oc-99"/>
      </symbol>
      <symbol id="sm-201">
         <name>motorStop</name>
         <value>0xd89</value>
         <object_component_ref idref="oc-99"/>
      </symbol>
      <symbol id="sm-21d">
         <name>pressure_init</name>
         <value>0xfb9</value>
         <object_component_ref idref="oc-a5"/>
      </symbol>
      <symbol id="sm-21e">
         <name>calculatePress</name>
         <value>0x1189</value>
         <object_component_ref idref="oc-a5"/>
      </symbol>
      <symbol id="sm-21f">
         <name>pressure_read</name>
         <value>0x10dd</value>
         <object_component_ref idref="oc-a5"/>
      </symbol>
      <symbol id="sm-220">
         <name>crc4</name>
         <value>0x1401</value>
         <object_component_ref idref="oc-a5"/>
      </symbol>
      <symbol id="sm-243">
         <name>servoSetPulseWidth</name>
         <value>0x1beb</value>
         <object_component_ref idref="oc-e8"/>
      </symbol>
      <symbol id="sm-244">
         <name>servoInit</name>
         <value>0x1b31</value>
         <object_component_ref idref="oc-e8"/>
      </symbol>
      <symbol id="sm-245">
         <name>servoSetCenter</name>
         <value>0x1d17</value>
         <object_component_ref idref="oc-e8"/>
      </symbol>
      <symbol id="sm-246">
         <name>servoSetMin</name>
         <value>0x1ccd</value>
         <object_component_ref idref="oc-e8"/>
      </symbol>
      <symbol id="sm-247">
         <name>servoSetMax</name>
         <value>0x1c83</value>
         <object_component_ref idref="oc-e8"/>
      </symbol>
      <symbol id="sm-263">
         <name>ResetISR</name>
         <value>0x3857</value>
         <object_component_ref idref="oc-2a"/>
      </symbol>
      <symbol id="sm-264">
         <name>g_pfnVectors</name>
         <value>0x0</value>
         <object_component_ref idref="oc-f"/>
      </symbol>
      <symbol id="sm-287">
         <name>PutString</name>
         <value>0x1ecd</value>
         <object_component_ref idref="oc-e2"/>
      </symbol>
      <symbol id="sm-288">
         <name>PutStringNonBlocking</name>
         <value>0x1ef9</value>
         <object_component_ref idref="oc-e2"/>
      </symbol>
      <symbol id="sm-289">
         <name>uartInit</name>
         <value>0x1d8d</value>
         <object_component_ref idref="oc-e2"/>
      </symbol>
      <symbol id="sm-29a">
         <name>ADCIntStatus</name>
         <value>0x3685</value>
         <object_component_ref idref="oc-12d"/>
      </symbol>
      <symbol id="sm-2bd">
         <name>FlashErase</name>
         <value>0x3625</value>
         <object_component_ref idref="oc-133"/>
      </symbol>
      <symbol id="sm-2be">
         <name>FlashProgram</name>
         <value>0x3255</value>
         <object_component_ref idref="oc-139"/>
      </symbol>
      <symbol id="sm-334">
         <name>GPIOIntRegister</name>
         <value>0x375b</value>
         <object_component_ref idref="oc-81"/>
      </symbol>
      <symbol id="sm-335">
         <name>GPIOIntEnable</name>
         <value>0x383f</value>
         <object_component_ref idref="oc-93"/>
      </symbol>
      <symbol id="sm-336">
         <name>GPIOIntTypeSet</name>
         <value>0x338b</value>
         <object_component_ref idref="oc-8d"/>
      </symbol>
      <symbol id="sm-337">
         <name>GPIOPinTypeGPIOInput</name>
         <value>0x37e5</value>
         <object_component_ref idref="oc-87"/>
      </symbol>
      <symbol id="sm-338">
         <name>GPIOIntClear</name>
         <value>0x3881</value>
         <object_component_ref idref="oc-d5"/>
      </symbol>
      <symbol id="sm-339">
         <name>GPIOPinTypeGPIOOutput</name>
         <value>0x3773</value>
         <object_component_ref idref="oc-11b"/>
      </symbol>
      <symbol id="sm-33a">
         <name>GPIOPinRead</name>
         <value>0x3887</value>
         <object_component_ref idref="oc-145"/>
      </symbol>
      <symbol id="sm-33b">
         <name>GPIODirModeSet</name>
         <value>0x370f</value>
         <object_component_ref idref="oc-121"/>
      </symbol>
      <symbol id="sm-33c">
         <name>GPIOPinWrite</name>
         <value>0x388d</value>
         <object_component_ref idref="oc-13f"/>
      </symbol>
      <symbol id="sm-33d">
         <name>GPIOPadConfigSet</name>
         <value>0x2843</value>
         <object_component_ref idref="oc-127"/>
      </symbol>
      <symbol id="sm-376">
         <name>IntEnable</name>
         <value>0x32bd</value>
         <object_component_ref idref="oc-18e"/>
      </symbol>
      <symbol id="sm-377">
         <name>IntRegister</name>
         <value>0x3589</value>
         <object_component_ref idref="oc-188"/>
      </symbol>
      <symbol id="sm-378">
         <name>g_pfnRAMVectors</name>
         <value>0x20000000</value>
         <object_component_ref idref="oc-248"/>
      </symbol>
      <symbol id="sm-38d">
         <name>PWMGenPeriodSet</name>
         <value>0x37f7</value>
         <object_component_ref idref="oc-19f"/>
      </symbol>
      <symbol id="sm-38e">
         <name>PWMGenConfigure</name>
         <value>0x3739</value>
         <object_component_ref idref="oc-199"/>
      </symbol>
      <symbol id="sm-3ca">
         <name>SysCtlDelay</name>
         <value>0x3893</value>
         <object_component_ref idref="oc-106"/>
      </symbol>
      <symbol id="sm-3cb">
         <name>SysCtlPeripheralEnable</name>
         <value>0x35bd</value>
         <object_component_ref idref="oc-115"/>
      </symbol>
      <symbol id="sm-3cc">
         <name>SysCtlClockGet</name>
         <value>0x2a91</value>
         <object_component_ref idref="oc-100"/>
      </symbol>
      <symbol id="sm-3d9">
         <name>TimerIntClear</name>
         <value>0x389f</value>
         <object_component_ref idref="oc-9f"/>
      </symbol>
      <symbol id="sm-418">
         <name>UARTCharPutNonBlocking</name>
         <value>0x3815</value>
         <object_component_ref idref="oc-1fc"/>
      </symbol>
      <symbol id="sm-419">
         <name>UARTCharsAvail</name>
         <value>0x3823</value>
         <object_component_ref idref="oc-c9"/>
      </symbol>
      <symbol id="sm-41a">
         <name>UARTCharGetNonBlocking</name>
         <value>0x3807</value>
         <object_component_ref idref="oc-c3"/>
      </symbol>
      <symbol id="sm-41b">
         <name>UARTCharPut</name>
         <value>0x386d</value>
         <object_component_ref idref="oc-b1"/>
      </symbol>
      <symbol id="sm-41c">
         <name>UARTIntClear</name>
         <value>0x38a3</value>
         <object_component_ref idref="oc-bd"/>
      </symbol>
      <symbol id="sm-41d">
         <name>UARTIntStatus</name>
         <value>0x3877</value>
         <object_component_ref idref="oc-b7"/>
      </symbol>
      <symbol id="sm-41e">
         <name>UARTCharGet</name>
         <value>0x3863</value>
         <object_component_ref idref="oc-cf"/>
      </symbol>
      <symbol id="sm-43d">
         <name>asin</name>
         <value>0x2975</value>
         <object_component_ref idref="oc-1ce"/>
      </symbol>
      <symbol id="sm-44f">
         <name>_c_int00</name>
         <value>0x33e1</value>
         <object_component_ref idref="oc-24"/>
      </symbol>
      <symbol id="sm-450">
         <name>__stack</name>
         <value>0x2000026c</value>
         <object_component_ref idref="oc-29"/>
      </symbol>
      <symbol id="sm-467">
         <name>__TI_decompress_none</name>
         <value>0x3831</value>
         <object_component_ref idref="oc-12"/>
      </symbol>
      <symbol id="sm-48f">
         <name>__TI_decompress_rle24</name>
         <value>0x3899</value>
         <object_component_ref idref="oc-18"/>
      </symbol>
      <symbol id="sm-4a1">
         <name>__TI_zero_init</name>
         <value>0x384b</value>
         <object_component_ref idref="oc-1e"/>
      </symbol>
      <symbol id="sm-4c0">
         <name>C$$EXIT</name>
         <value>0x34c5</value>
         <object_component_ref idref="oc-76"/>
      </symbol>
      <symbol id="sm-4c1">
         <name>abort</name>
         <value>0x34c9</value>
         <object_component_ref idref="oc-76"/>
      </symbol>
      <symbol id="sm-4c2">
         <name>exit</name>
         <value>0x34d1</value>
         <object_component_ref idref="oc-76"/>
      </symbol>
      <symbol id="sm-4c3">
         <name>__TI_dtors_ptr</name>
         <value>0x20000bcc</value>
         <object_component_ref idref="oc-17a"/>
      </symbol>
      <symbol id="sm-4c4">
         <name>__TI_cleanup_ptr</name>
         <value>0x20000bc8</value>
         <object_component_ref idref="oc-17a"/>
      </symbol>
      <symbol id="sm-4e8">
         <name>__aeabi_dsub</name>
         <value>0x2125</value>
         <object_component_ref idref="oc-272"/>
      </symbol>
      <symbol id="sm-4e9">
         <name>__aeabi_dadd</name>
         <value>0x212f</value>
         <object_component_ref idref="oc-272"/>
      </symbol>
      <symbol id="sm-510">
         <name>__aeabi_cdcmpeq</name>
         <value>0x2ff7</value>
         <object_component_ref idref="oc-26d"/>
      </symbol>
      <symbol id="sm-511">
         <name>__aeabi_cdcmple</name>
         <value>0x2ff7</value>
         <object_component_ref idref="oc-26d"/>
      </symbol>
      <symbol id="sm-512">
         <name>__aeabi_cdrcmple</name>
         <value>0x307d</value>
         <object_component_ref idref="oc-1d9"/>
      </symbol>
      <symbol id="sm-532">
         <name>__aeabi_ddiv</name>
         <value>0x270d</value>
         <object_component_ref idref="oc-1c9"/>
      </symbol>
      <symbol id="sm-549">
         <name>__aeabi_dmul</name>
         <value>0x2cb1</value>
         <object_component_ref idref="oc-1c4"/>
      </symbol>
      <symbol id="sm-557">
         <name>__aeabi_d2iz</name>
         <value>0x347d</value>
         <object_component_ref idref="oc-1d4"/>
      </symbol>
      <symbol id="sm-563">
         <name>__aeabi_i2d</name>
         <value>0x36b3</value>
         <object_component_ref idref="oc-1bf"/>
      </symbol>
      <symbol id="sm-570">
         <name>__aeabi_lmul</name>
         <value>0x37a5</value>
         <object_component_ref idref="oc-1b8"/>
      </symbol>
      <symbol id="sm-58b">
         <name>memcpy</name>
         <value>0x2f5b</value>
         <object_component_ref idref="oc-3f"/>
      </symbol>
      <symbol id="sm-58c">
         <name>__aeabi_memcpy</name>
         <value>0x2f5b</value>
         <object_component_ref idref="oc-3f"/>
      </symbol>
      <symbol id="sm-58d">
         <name>__aeabi_memcpy8</name>
         <value>0x2f5b</value>
         <object_component_ref idref="oc-3f"/>
      </symbol>
      <symbol id="sm-58e">
         <name>__aeabi_memcpy4</name>
         <value>0x2f5b</value>
         <object_component_ref idref="oc-3f"/>
      </symbol>
      <symbol id="sm-59d">
         <name>__aeabi_memset</name>
         <value>0x3105</value>
         <object_component_ref idref="oc-58"/>
      </symbol>
      <symbol id="sm-59e">
         <name>memset</name>
         <value>0x310b</value>
         <object_component_ref idref="oc-58"/>
      </symbol>
      <symbol id="sm-59f">
         <name>__aeabi_memset8</name>
         <value>0x3105</value>
         <object_component_ref idref="oc-58"/>
      </symbol>
      <symbol id="sm-5a0">
         <name>__aeabi_memset4</name>
         <value>0x3105</value>
         <object_component_ref idref="oc-58"/>
      </symbol>
      <symbol id="sm-5a1">
         <name>__aeabi_memclr8</name>
         <value>0x3103</value>
         <object_component_ref idref="oc-58"/>
      </symbol>
      <symbol id="sm-5a2">
         <name>__aeabi_memclr4</name>
         <value>0x3103</value>
         <object_component_ref idref="oc-58"/>
      </symbol>
      <symbol id="sm-5a3">
         <name>__aeabi_memclr</name>
         <value>0x3103</value>
         <object_component_ref idref="oc-58"/>
      </symbol>
      <symbol id="sm-5ad">
         <name>_system_pre_init</name>
         <value>0x38a7</value>
         <object_component_ref idref="oc-64"/>
      </symbol>
      <symbol id="sm-5c4">
         <name>sqrt</name>
         <value>0x25c5</value>
         <object_component_ref idref="oc-277"/>
      </symbol>
      <symbol id="sm-5cc">
         <name>main_func_sp</name>
         <value>0x20000bdc</value>
         <object_component_ref idref="oc-7c"/>
      </symbol>
      <symbol id="sm-5da">
         <name>strlen</name>
         <value>0x37d1</value>
         <object_component_ref idref="oc-1f6"/>
      </symbol>
      <symbol id="sm-604">
         <name>_Atan</name>
         <value>0x22dd</value>
         <object_component_ref idref="oc-27d"/>
      </symbol>
      <symbol id="sm-620">
         <name>_Dscale</name>
         <value>0x2ba1</value>
         <object_component_ref idref="oc-2c2"/>
      </symbol>
      <symbol id="sm-634">
         <name>_Dunscale</name>
         <value>0x3325</value>
         <object_component_ref idref="oc-2bc"/>
      </symbol>
      <symbol id="sm-643">
         <name>_Feraise</name>
         <value>0x3655</value>
         <object_component_ref idref="oc-283"/>
      </symbol>
      <symbol id="sm-653">
         <name>_Rteps</name>
         <value>0x20000b88</value>
         <object_component_ref idref="oc-289"/>
      </symbol>
      <symbol id="sm-654">
         <name>_Zero</name>
         <value>0x20000ba0</value>
         <object_component_ref idref="oc-289"/>
      </symbol>
      <symbol id="sm-655">
         <name>_Hugeval</name>
         <value>0x20000b48</value>
         <object_component_ref idref="oc-289"/>
      </symbol>
      <symbol id="sm-656">
         <name>_Snan</name>
         <value>0x20000b78</value>
         <object_component_ref idref="oc-289"/>
      </symbol>
      <symbol id="sm-657">
         <name>_Nan</name>
         <value>0x20000b68</value>
         <object_component_ref idref="oc-289"/>
      </symbol>
      <symbol id="sm-658">
         <name>_Inf</name>
         <value>0x20000b58</value>
         <object_component_ref idref="oc-289"/>
      </symbol>
      <symbol id="sm-659">
         <name>_Xbig</name>
         <value>0x20000b98</value>
         <object_component_ref idref="oc-289"/>
      </symbol>
      <symbol id="sm-65a">
         <name>_Eps</name>
         <value>0x20000b38</value>
         <object_component_ref idref="oc-289"/>
      </symbol>
      <symbol id="sm-65b">
         <name>_Denorm</name>
         <value>0x20000b28</value>
         <object_component_ref idref="oc-289"/>
      </symbol>
      <symbol id="sm-674">
         <name>_nop</name>
         <value>0x37cb</value>
         <object_component_ref idref="oc-233"/>
      </symbol>
      <symbol id="sm-675">
         <name>_lock</name>
         <value>0x20000bc0</value>
         <object_component_ref idref="oc-177"/>
      </symbol>
      <symbol id="sm-676">
         <name>_unlock</name>
         <value>0x20000bc4</value>
         <object_component_ref idref="oc-177"/>
      </symbol>
      <symbol id="sm-677">
         <name>_register_lock</name>
         <value>0x37c3</value>
         <object_component_ref idref="oc-233"/>
      </symbol>
      <symbol id="sm-678">
         <name>_register_unlock</name>
         <value>0x37bd</value>
         <object_component_ref idref="oc-233"/>
      </symbol>
      <symbol id="sm-68d">
         <name>_args_main</name>
         <value>0x378d</value>
         <object_component_ref idref="oc-70"/>
      </symbol>
      <symbol id="sm-6b3">
         <name>__TI_auto_init</name>
         <value>0x317d</value>
         <object_component_ref idref="oc-6a"/>
      </symbol>
      <symbol id="sm-6cd">
         <name>copy_in</name>
         <value>0x3431</value>
         <object_component_ref idref="oc-16d"/>
      </symbol>
      <symbol id="sm-6d5">
         <name>_Errno</name>
         <value>0x20000bd8</value>
         <object_component_ref idref="oc-2d3"/>
      </symbol>
      <symbol id="sm-6f3">
         <name>feraiseexcept</name>
         <value>0x35f1</value>
         <object_component_ref idref="oc-2cd"/>
      </symbol>
      <symbol id="sm-6f4">
         <name>_Tls_setup__Fenv</name>
         <value>0x20000bd4</value>
         <object_component_ref idref="oc-2f6"/>
      </symbol>
      <symbol id="sm-6f5">
         <name>_Fenv</name>
         <value>0x20000bd0</value>
         <object_component_ref idref="oc-2f6"/>
      </symbol>
      <symbol id="sm-70a">
         <name>raise</name>
         <value>0x36e1</value>
         <object_component_ref idref="oc-2f0"/>
      </symbol>
      <symbol id="sm-724">
         <name>signal</name>
         <value>0x3549</value>
         <object_component_ref idref="oc-304"/>
      </symbol>
      <symbol id="sm-739">
         <name>_Dnorm</name>
         <value>0x2e9d</value>
         <object_component_ref idref="oc-2e2"/>
      </symbol>
      <symbol id="sm-73a">
         <name>__TI_static_base__</name>
         <value>0x0</value>
      </symbol>
      <symbol id="sm-73d">
         <name>SHT$$INIT_ARRAY$$Limit</name>
         <value>0x0</value>
      </symbol>
      <symbol id="sm-73e">
         <name>SHT$$INIT_ARRAY$$Base</name>
         <value>0x0</value>
      </symbol>
   </symbol_table>
   <title>Link successful</title>
</link_info>
